Component: ARM Compiler 5.06 update 6 (build 750) Tool: armlink [4d35ed]

==============================================================================

Section Cross References

    startup_stm32f103xb.o(RESET) refers to startup_stm32f103xb.o(STACK) for __initial_sp
    startup_stm32f103xb.o(RESET) refers to startup_stm32f103xb.o(.text) for Reset_Handler
    startup_stm32f103xb.o(RESET) refers to stm32f1xx_it.o(i.NMI_Handler) for NMI_Handler
    startup_stm32f103xb.o(RESET) refers to stm32f1xx_it.o(i.HardFault_Handler) for HardFault_Handler
    startup_stm32f103xb.o(RESET) refers to stm32f1xx_it.o(i.MemManage_Handler) for MemManage_Handler
    startup_stm32f103xb.o(RESET) refers to stm32f1xx_it.o(i.BusFault_Handler) for BusFault_Handler
    startup_stm32f103xb.o(RESET) refers to stm32f1xx_it.o(i.UsageFault_Handler) for UsageFault_Handler
    startup_stm32f103xb.o(RESET) refers to stm32f1xx_it.o(i.SVC_Handler) for SVC_Handler
    startup_stm32f103xb.o(RESET) refers to stm32f1xx_it.o(i.DebugMon_Handler) for DebugMon_Handler
    startup_stm32f103xb.o(RESET) refers to stm32f1xx_it.o(i.PendSV_Handler) for PendSV_Handler
    startup_stm32f103xb.o(RESET) refers to stm32f1xx_it.o(i.SysTick_Handler) for SysTick_Handler
    startup_stm32f103xb.o(RESET) refers to stm32f1xx_it.o(i.EXTI4_IRQHandler) for EXTI4_IRQHandler
    startup_stm32f103xb.o(RESET) refers to stm32f1xx_it.o(i.EXTI9_5_IRQHandler) for EXTI9_5_IRQHandler
    startup_stm32f103xb.o(RESET) refers to stm32f1xx_it.o(i.TIM1_UP_IRQHandler) for TIM1_UP_IRQHandler
    startup_stm32f103xb.o(.text) refers to system_stm32f1xx.o(i.SystemInit) for SystemInit
    startup_stm32f103xb.o(.text) refers to entry.o(.ARM.Collect$$$$00000000) for __main
    lcd20x4_i2c.o(i.lcd20x4_i2c_1stLine) refers to lcd20x4_i2c.o(i.lcd20x4_i2c_setCursor) for lcd20x4_i2c_setCursor
    lcd20x4_i2c.o(i.lcd20x4_i2c_2ndLine) refers to lcd20x4_i2c.o(i.lcd20x4_i2c_setCursor) for lcd20x4_i2c_setCursor
    lcd20x4_i2c.o(i.lcd20x4_i2c_3rdLine) refers to lcd20x4_i2c.o(i.lcd20x4_i2c_setCursor) for lcd20x4_i2c_setCursor
    lcd20x4_i2c.o(i.lcd20x4_i2c_4thLine) refers to lcd20x4_i2c.o(i.lcd20x4_i2c_setCursor) for lcd20x4_i2c_setCursor
    lcd20x4_i2c.o(i.lcd20x4_i2c_OneLine) refers to lcd20x4_i2c.o(i.lcd20x4_i2c_sendCommand) for lcd20x4_i2c_sendCommand
    lcd20x4_i2c.o(i.lcd20x4_i2c_TwoLines) refers to lcd20x4_i2c.o(i.lcd20x4_i2c_sendCommand) for lcd20x4_i2c_sendCommand
    lcd20x4_i2c.o(i.lcd20x4_i2c_clear) refers to lcd20x4_i2c.o(i.lcd20x4_i2c_sendCommand) for lcd20x4_i2c_sendCommand
    lcd20x4_i2c.o(i.lcd20x4_i2c_clear) refers to stm32f1xx_hal.o(i.HAL_Delay) for HAL_Delay
    lcd20x4_i2c.o(i.lcd20x4_i2c_cursorShow) refers to lcd20x4_i2c.o(i.lcd20x4_i2c_sendCommand) for lcd20x4_i2c_sendCommand
    lcd20x4_i2c.o(i.lcd20x4_i2c_display) refers to lcd20x4_i2c.o(i.lcd20x4_i2c_sendCommand) for lcd20x4_i2c_sendCommand
    lcd20x4_i2c.o(i.lcd20x4_i2c_init) refers to stm32f1xx_hal.o(i.HAL_Delay) for HAL_Delay
    lcd20x4_i2c.o(i.lcd20x4_i2c_init) refers to stm32f1xx_hal_i2c.o(i.HAL_I2C_IsDeviceReady) for HAL_I2C_IsDeviceReady
    lcd20x4_i2c.o(i.lcd20x4_i2c_init) refers to lcd20x4_i2c.o(i.lcd20x4_i2c_sendCommand) for lcd20x4_i2c_sendCommand
    lcd20x4_i2c.o(i.lcd20x4_i2c_init) refers to lcd20x4_i2c.o(.data) for lcd20x4_i2cHandle
    lcd20x4_i2c.o(i.lcd20x4_i2c_printf) refers to printfa.o(i.__0vsprintf) for vsprintf
    lcd20x4_i2c.o(i.lcd20x4_i2c_printf) refers to lcd20x4_i2c.o(i.lcd20x4_i2c_sendData) for lcd20x4_i2c_sendData
    lcd20x4_i2c.o(i.lcd20x4_i2c_printf) refers to strlen.o(.text) for strlen
    lcd20x4_i2c.o(i.lcd20x4_i2c_sendCommand) refers to stm32f1xx_hal_i2c.o(i.HAL_I2C_Master_Transmit) for HAL_I2C_Master_Transmit
    lcd20x4_i2c.o(i.lcd20x4_i2c_sendCommand) refers to lcd20x4_i2c.o(.data) for LCD_I2C_SLAVE_ADDRESS
    lcd20x4_i2c.o(i.lcd20x4_i2c_sendData) refers to stm32f1xx_hal_i2c.o(i.HAL_I2C_Master_Transmit) for HAL_I2C_Master_Transmit
    lcd20x4_i2c.o(i.lcd20x4_i2c_sendData) refers to lcd20x4_i2c.o(.data) for LCD_I2C_SLAVE_ADDRESS
    lcd20x4_i2c.o(i.lcd20x4_i2c_setCursor) refers to lcd20x4_i2c.o(i.lcd20x4_i2c_sendCommand) for lcd20x4_i2c_sendCommand
    lcd20x4_i2c.o(i.lcd20x4_i2c_shiftLeft) refers to lcd20x4_i2c.o(i.lcd20x4_i2c_sendCommand) for lcd20x4_i2c_sendCommand
    lcd20x4_i2c.o(i.lcd20x4_i2c_shiftRight) refers to lcd20x4_i2c.o(i.lcd20x4_i2c_sendCommand) for lcd20x4_i2c_sendCommand
    mpr121.o(i.mpr121_init) refers to mpr121.o(i.mpr121_write) for mpr121_write
    mpr121.o(i.mpr121_init) refers to stm32f1xx_hal.o(i.HAL_Delay) for HAL_Delay
    mpr121.o(i.mpr121_keyPad) refers to mpr121.o(i.mpr121_touch) for mpr121_touch
    mpr121.o(i.mpr121_read) refers to stm32f1xx_hal_i2c.o(i.HAL_I2C_Mem_Read) for HAL_I2C_Mem_Read
    mpr121.o(i.mpr121_touch) refers to mpr121.o(i.mpr121_read) for mpr121_read
    mpr121.o(i.mpr121_wheel) refers to mpr121.o(i.mpr121_touch) for mpr121_touch
    mpr121.o(i.mpr121_wheelKey) refers to mpr121.o(i.mpr121_touch) for mpr121_touch
[...]
    .text                                    0x08000538   Section        0  dfixul.o(.text)
    .text                                    0x08000568   Section       48  cdrcmple.o(.text)
    .text                                    0x08000598   Section       36  init.o(.text)
    .text                                    0x080005bc   Section        0  llshl.o(.text)
    .text                                    0x080005da   Section        0  llsshr.o(.text)
    .text                                    0x080005fe   Section        0  depilogue.o(.text)
    .text                                    0x080006b8   Section        0  __dczerorl2.o(.text)
    i.ActiveAnimationMenuInit                0x08000710   Section        0  menu_system.o(i.ActiveAnimationMenuInit)
    i.AnimationMenuInit                      0x080007b8   Section        0  menu_system.o(i.AnimationMenuInit)
    i.BusFault_Handler                       0x08000908   Section        0  stm32f1xx_it.o(i.BusFault_Handler)
    i.DebugMon_Handler                       0x0800090c   Section        0  stm32f1xx_it.o(i.DebugMon_Handler)
    i.EXTI4_IRQHandler                       0x0800090e   Section        0  stm32f1xx_it.o(i.EXTI4_IRQHandler)
    i.EXTI9_5_IRQHandler                     0x08000918   Section        0  stm32f1xx_it.o(i.EXTI9_5_IRQHandler)
    i.Error_Handler                          0x08000922   Section        0  main.o(i.Error_Handler)
    i.HAL_Delay                              0x08000928   Section        0  stm32f1xx_hal.o(i.HAL_Delay)
    i.HAL_GPIO_EXTI_Callback                 0x08000950   Section        0  main.o(i.HAL_GPIO_EXTI_Callback)
    i.HAL_GPIO_EXTI_IRQHandler               0x08000a10   Section        0  stm32f1xx_hal_gpio.o(i.HAL_GPIO_EXTI_IRQHandler)
    i.HAL_GPIO_Init                          0x08000a2c   Section        0  stm32f1xx_hal_gpio.o(i.HAL_GPIO_Init)
    i.HAL_GPIO_TogglePin                     0x08000d4c   Section        0  stm32f1xx_hal_gpio.o(i.HAL_GPIO_TogglePin)
    i.HAL_GPIO_WritePin                      0x08000d5a   Section        0  stm32f1xx_hal_gpio.o(i.HAL_GPIO_WritePin)
    i.HAL_GetTick                            0x08000d68   Section        0  stm32f1xx_hal.o(i.HAL_GetTick)
    i.HAL_I2C_GetState                       0x08000d74   Section        0  stm32f1xx_hal_i2c.o(i.HAL_I2C_GetState)
    i.HAL_I2C_Init                           0x08000d7c   Section        0  stm32f1xx_hal_i2c.o(i.HAL_I2C_Init)
    i.HAL_I2C_IsDeviceReady                  0x08000f34   Section        0  stm32f1xx_hal_i2c.o(i.HAL_I2C_IsDeviceReady)
    i.HAL_I2C_Master_Transmit                0x080010d8   Section        0  stm32f1xx_hal_i2c.o(i.HAL_I2C_Master_Transmit)
    i.HAL_I2C_Mem_Read                       0x08001248   Section        0  stm32f1xx_hal_i2c.o(i.HAL_I2C_Mem_Read)
    i.HAL_I2C_MspInit                        0x08001558   Section        0  stm32f1xx_hal_msp.o(i.HAL_I2C_MspInit)
    i.HAL_IncTick                            0x080015cc   Section        0  stm32f1xx_hal.o(i.HAL_IncTick)
    i.HAL_Init                               0x080015e4   Section        0  stm32f1xx_hal.o(i.HAL_Init)
    i.HAL_InitTick                           0x0800160c   Section        0  stm32f1xx_hal.o(i.HAL_InitTick)
    i.HAL_MspInit                            0x08001658   Section        0  stm32f1xx_hal_msp.o(i.HAL_MspInit)
    i.HAL_NVIC_EnableIRQ                     0x080016ac   Section        0  stm32f1xx_hal_cortex.o(i.HAL_NVIC_EnableIRQ)
    i.HAL_NVIC_SetPriority                   0x080016cc   Section        0  stm32f1xx_hal_cortex.o(i.HAL_NVIC_SetPriority)
    i.HAL_NVIC_SetPriorityGrouping           0x08001748   Section        0  stm32f1xx_hal_cortex.o(i.HAL_NVIC_SetPriorityGrouping)
    i.HAL_PWR_EnableBkUpAccess               0x08001770   Section        0  stm32f1xx_hal_pwr.o(i.HAL_PWR_EnableBkUpAccess)
    i.HAL_RCCEx_GetPeriphCLKFreq             0x0800177c   Section        0  stm32f1xx_hal_rcc_ex.o(i.HAL_RCCEx_GetPeriphCLKFreq)
    i.HAL_RCCEx_PeriphCLKConfig              0x08001890   Section        0  stm32f1xx_hal_rcc_ex.o(i.HAL_RCCEx_PeriphCLKConfig)
    i.HAL_RCC_ClockConfig                    0x080019c0   Section        0  stm32f1xx_hal_rcc.o(i.HAL_RCC_ClockConfig)
    i.HAL_RCC_GetHCLKFreq                    0x08001b4c   Section        0  stm32f1xx_hal_rcc.o(i.HAL_RCC_GetHCLKFreq)
    i.HAL_RCC_GetPCLK1Freq                   0x08001b58   Section        0  stm32f1xx_hal_rcc.o(i.HAL_RCC_GetPCLK1Freq)
    i.HAL_RCC_GetPCLK2Freq                   0x08001b78   Section        0  stm32f1xx_hal_rcc.o(i.HAL_RCC_GetPCLK2Freq)
    i.HAL_RCC_GetSysClockFreq                0x08001b98   Section        0  stm32f1xx_hal_rcc.o(i.HAL_RCC_GetSysClockFreq)
    i.HAL_RCC_OscConfig                      0x08001c2c   Section        0  stm32f1xx_hal_rcc.o(i.HAL_RCC_OscConfig)
    i.HAL_RTC_Init                           0x08002090   Section        0  stm32f1xx_hal_rtc.o(i.HAL_RTC_Init)
    i.HAL_RTC_MspInit                        0x08002160   Section        0  stm32f1xx_hal_msp.o(i.HAL_RTC_MspInit)
    i.HAL_RTC_WaitForSynchro                 0x080021a0   Section        0  stm32f1xx_hal_rtc.o(i.HAL_RTC_WaitForSynchro)
    i.HAL_SPI_Init                           0x080021e0   Section        0  stm32f1xx_hal_spi.o(i.HAL_SPI_Init)
    i.HAL_SPI_MspInit                        0x08002268   Section        0  stm32f1xx_hal_msp.o(i.HAL_SPI_MspInit)
    i.HAL_SPI_Transmit                       0x080022ec   Section        0  stm32f1xx_hal_spi.o(i.HAL_SPI_Transmit)
    i.HAL_SYSTICK_Config                     0x0800248e   Section        0  stm32f1xx_hal_cortex.o(i.HAL_SYSTICK_Config)
    i.HAL_TIMEx_BreakCallback                0x080024c2   Section        0  stm32f1xx_hal_tim_ex.o(i.HAL_TIMEx_BreakCallback)
    i.HAL_TIMEx_CommutCallback               0x080024c4   Section        0  stm32f1xx_hal_tim_ex.o(i.HAL_TIMEx_CommutCallback)
    i.HAL_TIMEx_ConfigBreakDeadTime          0x080024c6   Section        0  stm32f1xx_hal_tim_ex.o(i.HAL_TIMEx_ConfigBreakDeadTime)
    i.HAL_TIMEx_MasterConfigSynchronization  0x0800253a   Section        0  stm32f1xx_hal_tim_ex.o(i.HAL_TIMEx_MasterConfigSynchronization)
    i.HAL_TIM_Base_Start_IT                  0x0800258e   Section        0  stm32f1xx_hal_tim.o(i.HAL_TIM_Base_Start_IT)
    i.HAL_TIM_IC_CaptureCallback             0x080025b8   Section        0  stm32f1xx_hal_tim.o(i.HAL_TIM_IC_CaptureCallback)
    i.HAL_TIM_IRQHandler                     0x080025ba   Section        0  stm32f1xx_hal_tim.o(i.HAL_TIM_IRQHandler)
    i.HAL_TIM_MspPostInit                    0x08002750   Section        0  stm32f1xx_hal_msp.o(i.HAL_TIM_MspPostInit)
    i.HAL_TIM_OC_ConfigChannel               0x080027dc   Section        0  stm32f1xx_hal_tim.o(i.HAL_TIM_OC_ConfigChannel)
    i.HAL_TIM_OC_DelayElapsedCallback        0x08002850   Section        0  stm32f1xx_hal_tim.o(i.HAL_TIM_OC_DelayElapsedCallback)
    i.HAL_TIM_OC_Init                        0x08002852   Section        0  stm32f1xx_hal_tim.o(i.HAL_TIM_OC_Init)
    i.HAL_TIM_OC_MspInit                     0x08002888   Section        0  stm32f1xx_hal_msp.o(i.HAL_TIM_OC_MspInit)
    i.HAL_TIM_OC_Start                       0x080028b4   Section        0  stm32f1xx_hal_tim.o(i.HAL_TIM_OC_Start)
    i.HAL_TIM_PWM_ConfigChannel              0x08002900   Section        0  stm32f1xx_hal_tim.o(i.HAL_TIM_PWM_ConfigChannel)
    i.HAL_TIM_PWM_Init                       0x08002a08   Section        0  stm32f1xx_hal_tim.o(i.HAL_TIM_PWM_Init)
    i.HAL_TIM_PWM_MspInit                    0x08002a3c   Section        0  stm32f1xx_hal_msp.o(i.HAL_TIM_PWM_MspInit)
    i.HAL_TIM_PWM_PulseFinishedCallback      0x08002a80   Section        0  stm32f1xx_hal_tim.o(i.HAL_TIM_PWM_PulseFinishedCallback)
    i.HAL_TIM_PeriodElapsedCallback          0x08002a84   Section        0  main.o(i.HAL_TIM_PeriodElapsedCallback)
    i.HAL_TIM_TriggerCallback                0x08002b68   Section        0  stm32f1xx_hal_tim.o(i.HAL_TIM_TriggerCallback)
    i.HAL_UART_Init                          0x08002b6a   Section        0  stm32f1xx_hal_uart.o(i.HAL_UART_Init)
    i.HAL_UART_MspInit                       0x08002bdc   Section        0  stm32f1xx_hal_msp.o(i.HAL_UART_MspInit)
    i.HardFault_Handler                      0x08002c64   Section        0  stm32f1xx_it.o(i.HardFault_Handler)
    i.I2C_IsAcknowledgeFailed                0x08002c68   Section        0  stm32f1xx_hal_i2c.o(i.I2C_IsAcknowledgeFailed)
    I2C_IsAcknowledgeFailed                  0x08002c69   Thumb Code    62  stm32f1xx_hal_i2c.o(i.I2C_IsAcknowledgeFailed)
    i.I2C_MasterRequestWrite                 0x08002ca8   Section        0  stm32f1xx_hal_i2c.o(i.I2C_MasterRequestWrite)
    I2C_MasterRequestWrite                   0x08002ca9   Thumb Code   166  stm32f1xx_hal_i2c.o(i.I2C_MasterRequestWrite)
    i.I2C_RequestMemoryRead                  0x08002d54   Section        0  stm32f1xx_hal_i2c.o(i.I2C_RequestMemoryRead)
    I2C_RequestMemoryRead                    0x08002d55   Thumb Code   308  stm32f1xx_hal_i2c.o(i.I2C_RequestMemoryRead)
    i.I2C_WaitOnBTFFlagUntilTimeout          0x08002e8c   Section        0  stm32f1xx_hal_i2c.o(i.I2C_WaitOnBTFFlagUntilTimeout)
    I2C_WaitOnBTFFlagUntilTimeout            0x08002e8d   Thumb Code    92  stm32f1xx_hal_i2c.o(i.I2C_WaitOnBTFFlagUntilTimeout)
    i.I2C_WaitOnFlagUntilTimeout             0x08002ee8   Section        0  stm32f1xx_hal_i2c.o(i.I2C_WaitOnFlagUntilTimeout)
    I2C_WaitOnFlagUntilTimeout               0x08002ee9   Thumb Code   134  stm32f1xx_hal_i2c.o(i.I2C_WaitOnFlagUntilTimeout)
    i.I2C_WaitOnMasterAddressFlagUntilTimeout 0x08002f6e   Section        0  stm32f1xx_hal_i2c.o(i.I2C_WaitOnMasterAddressFlagUntilTimeout)
    I2C_WaitOnMasterAddressFlagUntilTimeout  0x08002f6f   Thumb Code   196  stm32f1xx_hal_i2c.o(i.I2C_WaitOnMasterAddressFlagUntilTimeout)
    i.I2C_WaitOnRXNEFlagUntilTimeout         0x08003032   Section        0  stm32f1xx_hal_i2c.o(i.I2C_WaitOnRXNEFlagUntilTimeout)
    I2C_WaitOnRXNEFlagUntilTimeout           0x08003033   Thumb Code   128  stm32f1xx_hal_i2c.o(i.I2C_WaitOnRXNEFlagUntilTimeout)
    i.I2C_WaitOnTXEFlagUntilTimeout          0x080030b2   Section        0  stm32f1xx_hal_i2c.o(i.I2C_WaitOnTXEFlagUntilTimeout)
    I2C_WaitOnTXEFlagUntilTimeout            0x080030b3   Thumb Code    92  stm32f1xx_hal_i2c.o(i.I2C_WaitOnTXEFlagUntilTimeout)
    i.MX_GPIO_Init                           0x08003110   Section        0  main.o(i.MX_GPIO_Init)
    MX_GPIO_Init                             0x08003111   Thumb Code   246  main.o(i.MX_GPIO_Init)
    i.MX_I2C1_Init                           0x08003218   Section        0  main.o(i.MX_I2C1_Init)
    MX_I2C1_Init                             0x08003219   Thumb Code    48  main.o(i.MX_I2C1_Init)
    i.MX_RTC_Init                            0x08003254   Section        0  main.o(i.MX_RTC_Init)
    MX_RTC_Init                              0x08003255   Thumb Code    34  main.o(i.MX_RTC_Init)
    i.MX_SPI1_Init                           0x08003280   Section        0  main.o(i.MX_SPI1_Init)
    MX_SPI1_Init                             0x08003281   Thumb Code    58  main.o(i.MX_SPI1_Init)
    i.MX_TIM1_Init                           0x080032c4   Section        0  main.o(i.MX_TIM1_Init)
    MX_TIM1_Init                             0x080032c5   Thumb Code   170  main.o(i.MX_TIM1_Init)
    i.MX_TIM2_Init                           0x08003378   Section        0  main.o(i.MX_TIM2_Init)
    MX_TIM2_Init                             0x08003379   Thumb Code   120  main.o(i.MX_TIM2_Init)
    i.MX_USART1_UART_Init                    0x080033f4   Section        0  main.o(i.MX_USART1_UART_Init)
    MX_USART1_UART_Init                      0x080033f5   Thumb Code    46  main.o(i.MX_USART1_UART_Init)
    i.MainMenuInit                           0x0800342c   Section        0  menu_system.o(i.MainMenuInit)
    i.MemManage_Handler                      0x080034f0   Section        0  stm32f1xx_it.o(i.MemManage_Handler)
    i.MenuButtonPressed                      0x080034f4   Section        0  menu_system.o(i.MenuButtonPressed)
    i.MenuDisplayUpdate                      0x08003678   Section        0  menu_system.o(i.MenuDisplayUpdate)
    i.MenuScrollDown                         0x08003722   Section        0  menu_system.o(i.MenuScrollDown)
    i.MenuScrollUp                           0x0800378a   Section        0  menu_system.o(i.MenuScrollUp)
    i.MenuSetRowText                         0x080037f2   Section        0  menu_system.o(i.MenuSetRowText)
    i.MenuStrCpy                             0x0800382a   Section        0  menu_system.o(i.MenuStrCpy)
    i.MenuSystemInit                         0x08003840   Section        0  menu_system.o(i.MenuSystemInit)
    i.Menu_Read_MPR121                       0x080039a8   Section        0  menu_system.o(i.Menu_Read_MPR121)
    i.NMI_Handler                            0x08003e10   Section        0  stm32f1xx_it.o(i.NMI_Handler)
    i.PendSV_Handler                         0x08003e12   Section        0  stm32f1xx_it.o(i.PendSV_Handler)
    i.PinMappingMenuInit                     0x08003e14   Section        0  menu_system.o(i.PinMappingMenuInit)
    i.RCC_Delay                              0x08003eec   Section        0  stm32f1xx_hal_rcc.o(i.RCC_Delay)
    RCC_Delay                                0x08003eed   Thumb Code    36  stm32f1xx_hal_rcc.o(i.RCC_Delay)
    i.RTC_EnterInitMode                      0x08003f14   Section        0  stm32f1xx_hal_rtc.o(i.RTC_EnterInitMode)
    RTC_EnterInitMode                        0x08003f15   Thumb Code    58  stm32f1xx_hal_rtc.o(i.RTC_EnterInitMode)
    i.RTC_ExitInitMode                       0x08003f4e   Section        0  stm32f1xx_hal_rtc.o(i.RTC_ExitInitMode)
    RTC_ExitInitMode                         0x08003f4f   Thumb Code    58  stm32f1xx_hal_rtc.o(i.RTC_ExitInitMode)
    i.SPI_EndRxTxTransaction                 0x08003f88   Section        0  stm32f1xx_hal_spi.o(i.SPI_EndRxTxTransaction)
    SPI_EndRxTxTransaction                   0x08003f89   Thumb Code    40  stm32f1xx_hal_spi.o(i.SPI_EndRxTxTransaction)
    i.SPI_WaitFlagStateUntilTimeout          0x08003fb0   Section        0  stm32f1xx_hal_spi.o(i.SPI_WaitFlagStateUntilTimeout)
    SPI_WaitFlagStateUntilTimeout            0x08003fb1   Thumb Code   168  stm32f1xx_hal_spi.o(i.SPI_WaitFlagStateUntilTimeout)
    i.SVC_Handler                            0x08004058   Section        0  stm32f1xx_it.o(i.SVC_Handler)
    i.SysTick_Handler                        0x0800405a   Section        0  stm32f1xx_it.o(i.SysTick_Handler)
    i.SystemClock_Config                     0x08004062   Section        0  main.o(i.SystemClock_Config)
    i.SystemInit                             0x080040d4   Section        0  system_stm32f1xx.o(i.SystemInit)
    i.TIM1_UP_IRQHandler                     0x0800412c   Section        0  stm32f1xx_it.o(i.TIM1_UP_IRQHandler)
    i.TIM_Base_SetConfig                     0x0800413c   Section        0  stm32f1xx_hal_tim.o(i.TIM_Base_SetConfig)
    i.TIM_CCxChannelCmd                      0x080041b0   Section        0  stm32f1xx_hal_tim.o(i.TIM_CCxChannelCmd)
    i.TIM_OC1_SetConfig                      0x080041d4   Section        0  stm32f1xx_hal_tim.o(i.TIM_OC1_SetConfig)
    TIM_OC1_SetConfig                        0x080041d5   Thumb Code    90  stm32f1xx_hal_tim.o(i.TIM_OC1_SetConfig)
    i.TIM_OC2_SetConfig                      0x08004234   Section        0  stm32f1xx_hal_tim.o(i.TIM_OC2_SetConfig)
    i.TIM_OC3_SetConfig                      0x0800429c   Section        0  stm32f1xx_hal_tim.o(i.TIM_OC3_SetConfig)
    TIM_OC3_SetConfig                        0x0800429d   Thumb Code    98  stm32f1xx_hal_tim.o(i.TIM_OC3_SetConfig)
    i.TIM_OC4_SetConfig                      0x08004304   Section        0  stm32f1xx_hal_tim.o(i.TIM_OC4_SetConfig)
    TIM_OC4_SetConfig                        0x08004305   Thumb Code    68  stm32f1xx_hal_tim.o(i.TIM_OC4_SetConfig)
    i.UART_SetConfig                         0x0800434c   Section        0  stm32f1xx_hal_uart.o(i.UART_SetConfig)
    UART_SetConfig                           0x0800434d   Thumb Code   412  stm32f1xx_hal_uart.o(i.UART_SetConfig)
    i.UsageFault_Handler                     0x080044ec   Section        0  stm32f1xx_it.o(i.UsageFault_Handler)
    i.__0vsprintf                            0x080044f0   Section        0  printfa.o(i.__0vsprintf)
    i.__NVIC_GetPriorityGrouping             0x08004514   Section        0  stm32f1xx_hal_cortex.o(i.__NVIC_GetPriorityGrouping)
    __NVIC_GetPriorityGrouping               0x08004515   Thumb Code    10  stm32f1xx_hal_cortex.o(i.__NVIC_GetPriorityGrouping)
    i.__NVIC_SetPriority                     0x08004524   Section        0  stm32f1xx_hal_cortex.o(i.__NVIC_SetPriority)
    __NVIC_SetPriority                       0x08004525   Thumb Code    32  stm32f1xx_hal_cortex.o(i.__NVIC_SetPriority)
    i.__scatterload_copy                     0x0800454c   Section       14  handlers.o(i.__scatterload_copy)
    i.__scatterload_null                     0x0800455a   Section        2  handlers.o(i.__scatterload_null)
    i.__scatterload_zeroinit                 0x0800455c   Section       14  handlers.o(i.__scatterload_zeroinit)
    i._fp_digits                             0x0800456c   Section        0  printfa.o(i._fp_digits)
    _fp_digits                               0x0800456d   Thumb Code   366  printfa.o(i._fp_digits)
    i._printf_core                           0x080046f0   Section        0  printfa.o(i._printf_core)
    _printf_core                             0x080046f1   Thumb Code  1744  printfa.o(i._printf_core)
    i._printf_post_padding                   0x08004dcc   Section        0  printfa.o(i._printf_post_padding)
    _printf_post_padding                     0x08004dcd   Thumb Code    36  printfa.o(i._printf_post_padding)
    i._printf_pre_padding                    0x08004df0   Section        0  printfa.o(i._printf_pre_padding)
    _printf_pre_padding                      0x08004df1   Thumb Code    46  printfa.o(i._printf_pre_padding)
    i._sputc                                 0x08004e1e   Section        0  printfa.o(i._sputc)
    _sputc                                   0x08004e1f   Thumb Code    10  printfa.o(i._sputc)
    i.animation_delay                        0x08004e28   Section        0  animations.o(i.animation_delay)
    i.animation_stretch_in                   0x08004e48   Section        0  animations.o(i.animation_stretch_in)
    i.animation_stretch_out                  0x08004e50   Section        0  animations.o(i.animation_stretch_out)
    i.array_8x8_set_col_segment              0x08004ff0   Section        0  array_8x8.o(i.array_8x8_set_col_segment)
    i.array_8x8_set_row_segment              0x0800500e   Section        0  array_8x8.o(i.array_8x8_set_row_segment)
    i.array_8x8_set_single                   0x0800502a   Section        0  array_8x8.o(i.array_8x8_set_single)
    i.array_8x8_set_square                   0x08005030   Section        0  array_8x8.o(i.array_8x8_set_square)
    i.array_8x8_shift_column                 0x0800511e   Section        0  array_8x8.o(i.array_8x8_shift_column)
    i.array_8x8_shift_row                    0x08005240   Section        0  array_8x8.o(i.array_8x8_shift_row)
    i.bool_mask_copy                         0x08005352   Section        0  bool_mask.o(i.bool_mask_copy)
    i.bool_mask_decode                       0x08005366   Section        0  bool_mask.o(i.bool_mask_decode)
    i.configurable_text                      0x080053ac   Section        0  animations.o(i.configurable_text)
    i.current_lyr_on                         0x08005608   Section        0  main.o(i.current_lyr_on)
    i.fade_in_color                          0x08005688   Section        0  animations.o(i.fade_in_color)
    i.fade_out_color                         0x080057e8   Section        0  animations.o(i.fade_out_color)
    i.halloween                              0x08005954   Section        0  animations.o(i.halloween)
    i.joel_mode                              0x08005aa8   Section        0  animations.o(i.joel_mode)
    i.lcd20x4_i2c_1stLine                    0x08005bf8   Section        0  lcd20x4_i2c.o(i.lcd20x4_i2c_1stLine)
    i.lcd20x4_i2c_2ndLine                    0x08005c04   Section        0  lcd20x4_i2c.o(i.lcd20x4_i2c_2ndLine)
    i.lcd20x4_i2c_3rdLine                    0x08005c10   Section        0  lcd20x4_i2c.o(i.lcd20x4_i2c_3rdLine)
    i.lcd20x4_i2c_4thLine                    0x08005c1c   Section        0  lcd20x4_i2c.o(i.lcd20x4_i2c_4thLine)
    i.lcd20x4_i2c_clear                      0x08005c28   Section        0  lcd20x4_i2c.o(i.lcd20x4_i2c_clear)
    i.lcd20x4_i2c_cursorShow                 0x08005c38   Section        0  lcd20x4_i2c.o(i.lcd20x4_i2c_cursorShow)
    i.lcd20x4_i2c_init                       0x08005c50   Section        0  lcd20x4_i2c.o(i.lcd20x4_i2c_init)
    i.lcd20x4_i2c_printf                     0x08005d10   Section        0  lcd20x4_i2c.o(i.lcd20x4_i2c_printf)
    i.lcd20x4_i2c_sendCommand                0x08005d50   Section        0  lcd20x4_i2c.o(i.lcd20x4_i2c_sendCommand)
    lcd20x4_i2c_sendCommand                  0x08005d51   Thumb Code    68  lcd20x4_i2c.o(i.lcd20x4_i2c_sendCommand)
    i.lcd20x4_i2c_sendData                   0x08005d9c   Section        0  lcd20x4_i2c.o(i.lcd20x4_i2c_sendData)
    lcd20x4_i2c_sendData                     0x08005d9d   Thumb Code    68  lcd20x4_i2c.o(i.lcd20x4_i2c_sendData)
    i.lcd20x4_i2c_setCursor                  0x08005de8   Section        0  lcd20x4_i2c.o(i.lcd20x4_i2c_setCursor)
    i.lyr_frame_clear_all                    0x08005e2a   Section        0  lyrframe.o(i.lyr_frame_clear_all)
    i.lyr_frame_convert                      0x08005e50   Section        0  lyrframe.o(i.lyr_frame_convert)
    i.lyr_frame_set_color                    0x08005ea4   Section        0  lyrframe.o(i.lyr_frame_set_color)
    i.lyr_frame_set_single_color             0x08005ee0   Section        0  lyrframe.o(i.lyr_frame_set_single_color)
    i.lyr_frame_set_single_rgb               0x08005f0c   Section        0  lyrframe.o(i.lyr_frame_set_single_rgb)
    i.lyr_frame_shift_column                 0x08005f26   Section        0  lyrframe.o(i.lyr_frame_shift_column)
    i.lyr_frame_shift_row                    0x08005f52   Section        0  lyrframe.o(i.lyr_frame_shift_row)
    i.lyrframe_set_square                    0x08005f7e   Section        0  lyrframe.o(i.lyrframe_set_square)
    i.main                                   0x08005fc8   Section        0  main.o(i.main)
    i.merry_christmas                        0x0800630c   Section        0  animations.o(i.merry_christmas)
    i.modify_color_single_rgb_value          0x080063a8   Section        0  animations.o(i.modify_color_single_rgb_value)
    i.mpr121_init                            0x080064e4   Section        0  mpr121.o(i.mpr121_init)
    i.mpr121_keyPad                          0x080066b0   Section        0  mpr121.o(i.mpr121_keyPad)
    i.mpr121_read                            0x08006730   Section        0  mpr121.o(i.mpr121_read)
    i.mpr121_touch                           0x08006758   Section        0  mpr121.o(i.mpr121_touch)
    i.mpr121_wheel                           0x08006786   Section        0  mpr121.o(i.mpr121_wheel)
    i.mpr121_write                           0x0800687a   Section        0  mpr121.o(i.mpr121_write)
    i.original_fade                          0x080068a4   Section        0  animations.o(i.original_fade)
    i.previous_lyr_off                       0x08006bfc   Section        0  main.o(i.previous_lyr_off)
    i.rand_32bit_modulus                     0x08006c70   Section        0  rng.o(i.rand_32bit_modulus)
    i.sliding_cubes                          0x08006c80   Section        0  animations.o(i.sliding_cubes)
    i.stretchy_cube                          0x080074f4   Section        0  animations.o(i.stretchy_cube)
    i.tlc_clear                              0x08007608   Section        0  tlc5940.o(i.tlc_clear)
    i.tlc_spi_convert                        0x0800761e   Section        0  tlc5940.o(i.tlc_spi_convert)
    i.transition_punch                       0x08007680   Section        0  animations.o(i.transition_punch)
    .constdata                               0x08007788   Section      304  bool_mask.o(.constdata)
    .constdata                               0x080078b8   Section       24  system_stm32f1xx.o(.constdata)
    .data                                    0x20000000   Section        5  lcd20x4_i2c.o(.data)
    lcd20x4_i2cHandle                        0x20000000   Data           4  lcd20x4_i2c.o(.data)
    LCD_I2C_SLAVE_ADDRESS                    0x20000004   Data           1  lcd20x4_i2c.o(.data)
    .data                                    0x20000008   Section      144  animations.o(.data)
    .data                                    0x20000098   Section      704  bool_mask.o(.data)
    .data                                    0x20000358   Section       32  menu_system.o(.data)
    mpr121_i2cHandle                         0x20000358   Data           4  menu_system.o(.data)
    lcd20x4_i2cHandle                        0x2000035c   Data           4  menu_system.o(.data)
    LCD_I2C_SLAVE_ADDRESS                    0x20000360   Data           1  menu_system.o(.data)
    .data                                    0x20000378   Section        4  rng.o(.data)
    .data                                    0x2000037c   Section      790  main.o(.data)
    mpr121_i2cHandle                         0x2000037c   Data           4  main.o(.data)
    lcd20x4_i2cHandle                        0x20000380   Data           4  main.o(.data)
    LCD_I2C_SLAVE_ADDRESS                    0x20000384   Data           1  main.o(.data)
    .data                                    0x20000694   Section        9  stm32f1xx_hal.o(.data)
    .data                                    0x200006a0   Section        4  system_stm32f1xx.o(.data)
    .bss                                     0x200006a4   Section       64  bool_mask.o(.bss)
    .bss                                     0x200006e4   Section     1088  menu_system.o(.bss)
    .bss                                     0x20000b24   Section     4224  main.o(.bss)
    STACK                                    0x20001ba8   Section     8192  startup_stm32f103xb.o(STACK)

    Global Symbols

    Symbol Name                              Value     Ov Type        Size  Object(Section)

    BuildAttributes$$THM_ISAv4$P$D$K$B$S$PE$A:L22UL41UL21$X:L11$S22US41US21$IEEE1$IW$USESV6$~STKCKD$USESV7$~SHL$OSPACE$ROPI$EBA8$MICROLIB$REQ8$PRES8$EABIv2 0x00000000   Number         0  anon$$obj.o ABSOLUTE
    __ARM_use_no_argv                        0x00000000   Number         0  main.o ABSOLUTE
    __cpp_initialize__aeabi_                  - Undefined Weak Reference
    __cxa_finalize                            - Undefined Weak Reference
    _clock_init                               - Undefined Weak Reference
    _microlib_exit                            - Undefined Weak Reference
    __Vectors_Size                           0x000000ec   Number         0  startup_stm32f103xb.o ABSOLUTE
    __Vectors                                0x08000000   Data           4  startup_stm32f103xb.o(RESET)
    __Vectors_End                            0x080000ec   Data           0  startup_stm32f103xb.o(RESET)
    __main                                   0x080000ed   Thumb Code     0  entry.o(.ARM.Collect$$$$00000000)
    _main_stk                                0x080000ed   Thumb Code     0  entry2.o(.ARM.Collect$$$$00000001)
    _main_scatterload                        0x080000f1   Thumb Code     0  entry5.o(.ARM.Collect$$$$00000004)
    __main_after_scatterload                 0x080000f5   Thumb Code     0  entry5.o(.ARM.Collect$$$$00000004)
    _main_clock                              0x080000f5   Thumb Code     0  entry7b.o(.ARM.Collect$$$$00000008)
    _main_cpp_init                           0x080000f5   Thumb Code     0  entry8b.o(.ARM.Collect$$$$0000000A)
    _main_init                               0x080000f5   Thumb Code     0  entry9a.o(.ARM.Collect$$$$0000000B)
    __rt_final_cpp                           0x080000fd   Thumb Code     0  entry10a.o(.ARM.Collect$$$$0000000D)
    __rt_final_exit                          0x080000fd   Thumb Code     0  entry11a.o(.ARM.Collect$$$$0000000F)
    Reset_Handler                            0x08000101   Thumb Code     8  startup_stm32f103xb.o(.text)
    ADC1_2_IRQHandler                        0x0800011b   Thumb Code     0  startup_stm32f103xb.o(.text)
    CAN1_RX1_IRQHandler                      0x0800011b   Thumb Code     0  startup_stm32f103xb.o(.text)
    CAN1_SCE_IRQHandler                      0x0800011b   Thumb Code     0  startup_stm32f103xb.o(.text)
    DMA1_Channel1_IRQHandler                 0x0800011b   Thumb Code     0  startup_stm32f103xb.o(.text)
    DMA1_Channel2_IRQHandler                 0x0800011b   Thumb Code     0  startup_stm32f103xb.o(.text)
    DMA1_Channel3_IRQHandler                 0x0800011b   Thumb Code     0  startup_stm32f103xb.o(.text)
    DMA1_Channel4_IRQHandler                 0x0800011b   Thumb Code     0  startup_stm32f103xb.o(.text)
    DMA1_Channel5_IRQHandler                 0x0800011b   Thumb Code     0  startup_stm32f103xb.o(.text)
    DMA1_Channel6_IRQHandler                 0x0800011b   Thumb Code     0  startup_stm32f103xb.o(.text)
    DMA1_Channel7_IRQHandler                 0x0800011b   Thumb Code     0  startup_stm32f103xb.o(.text)
    EXTI0_IRQHandler                         0x0800011b   Thumb Code     0  startup_stm32f103xb.o(.text)
    EXTI15_10_IRQHandler                     0x0800011b   Thumb Code     0  startup_stm32f103xb.o(.text)
    EXTI1_IRQHandler                         0x0800011b   Thumb Code     0  startup_stm32f103xb.o(.text)
    EXTI2_IRQHandler                         0x0800011b   Thumb Code     0  startup_stm32f103xb.o(.text)
    EXTI3_IRQHandler                         0x0800011b   Thumb Code     0  startup_stm32f103xb.o(.text)
    FLASH_IRQHandler                         0x0800011b   Thumb Code     0  startup_stm32f103xb.o(.text)
    I2C1_ER_IRQHandler                       0x0800011b   Thumb Code     0  startup_stm32f103xb.o(.text)
    I2C1_EV_IRQHandler                       0x0800011b   Thumb Code     0  startup_stm32f103xb.o(.text)
    I2C2_ER_IRQHandler                       0x0800011b   Thumb Code     0  startup_stm32f103xb.o(.text)
    I2C2_EV_IRQHandler                       0x0800011b   Thumb Code     0  startup_stm32f103xb.o(.text)
    PVD_IRQHandler                           0x0800011b   Thumb Code     0  startup_stm32f103xb.o(.text)
    RCC_IRQHandler                           0x0800011b   Thumb Code     0  startup_stm32f103xb.o(.text)
    RTC_Alarm_IRQHandler                     0x0800011b   Thumb Code     0  startup_stm32f103xb.o(.text)
    RTC_IRQHandler                           0x0800011b   Thumb Code     0  startup_stm32f103xb.o(.text)
    SPI1_IRQHandler                          0x0800011b   Thumb Code     0  startup_stm32f103xb.o(.text)
    SPI2_IRQHandler                          0x0800011b   Thumb Code     0  startup_stm32f103xb.o(.text)
    TAMPER_IRQHandler                        0x0800011b   Thumb Code     0  startup_stm32f103xb.o(.text)
    TIM1_BRK_IRQHandler                      0x0800011b   Thumb Code     0  startup_stm32f103xb.o(.text)
    TIM1_CC_IRQHandler                       0x0800011b   Thumb Code     0  startup_stm32f103xb.o(.text)
    TIM1_TRG_COM_IRQHandler                  0x0800011b   Thumb Code     0  startup_stm32f103xb.o(.text)
    TIM2_IRQHandler                          0x0800011b   Thumb Code     0  startup_stm32f103xb.o(.text)
    TIM3_IRQHandler                          0x0800011b   Thumb Code     0  startup_stm32f103xb.o(.text)
    TIM4_IRQHandler                          0x0800011b   Thumb Code     0  startup_stm32f103xb.o(.text)
    USART1_IRQHandler                        0x0800011b   Thumb Code     0  startup_stm32f103xb.o(.text)
    USART2_IRQHandler                        0x0800011b   Thumb Code     0  startup_stm32f103xb.o(.text)
    USART3_IRQHandler                        0x0800011b   Thumb Code     0  startup_stm32f103xb.o(.text)
    USBWakeUp_IRQHandler                     0x0800011b   Thumb Code     0  startup_stm32f103xb.o(.text)
    USB_HP_CAN1_TX_IRQHandler                0x0800011b   Thumb Code     0  startup_stm32f103xb.o(.text)
    USB_LP_CAN1_RX0_IRQHandler               0x0800011b   Thumb Code     0  startup_stm32f103xb.o(.text)
    WWDG_IRQHandler                          0x0800011b   Thumb Code     0  startup_stm32f103xb.o(.text)
    __aeabi_llsr                             0x08000125   Thumb Code    32  llushr.o(.text)
    _ll_ushift_r                             0x08000125   Thumb Code     0  llushr.o(.text)
    __aeabi_memcpy                           0x08000145   Thumb Code    36  memcpya.o(.text)
    __aeabi_memcpy4                          0x08000145   Thumb Code     0  memcpya.o(.text)
    __aeabi_memcpy8                          0x08000145   Thumb Code     0  memcpya.o(.text)
    __aeabi_memset                           0x08000169   Thumb Code    14  memseta.o(.text)
    __aeabi_memset4                          0x08000169   Thumb Code     0  memseta.o(.text)
    __aeabi_memset8                          0x08000169   Thumb Code     0  memseta.o(.text)
    __aeabi_memclr                           0x08000177   Thumb Code     4  memseta.o(.text)
    __aeabi_memclr4                          0x08000177   Thumb Code     0  memseta.o(.text)
    __aeabi_memclr8                          0x08000177   Thumb Code     0  memseta.o(.text)
    _memset$wrapper                          0x0800017b   Thumb Code    18  memseta.o(.text)
    strlen                                   0x0800018d   Thumb Code    14  strlen.o(.text)
    __aeabi_uidiv                            0x0800019b   Thumb Code     0  uidiv.o(.text)
    __aeabi_uidivmod                         0x0800019b   Thumb Code    44  uidiv.o(.text)
    __aeabi_uldivmod                         0x080001c7   Thumb Code    98  uldiv.o(.text)
    __I$use$fp                               0x08000229   Thumb Code     0  iusefp.o(.text)
    __aeabi_dadd                             0x08000229   Thumb Code   322  dadd.o(.text)
    __aeabi_dsub                             0x0800036b   Thumb Code     6  dadd.o(.text)
    __aeabi_drsub                            0x08000371   Thumb Code     6  dadd.o(.text)
    __aeabi_dmul                             0x08000377   Thumb Code   228  dmul.o(.text)
    __aeabi_ddiv                             0x0800045b   Thumb Code   222  ddiv.o(.text)
    __aeabi_d2ulz                            0x08000539   Thumb Code    48  dfixul.o(.text)
    __aeabi_cdrcmple                         0x08000569   Thumb Code    48  cdrcmple.o(.text)
    __scatterload                            0x08000599   Thumb Code    28  init.o(.text)
    __scatterload_rt2                        0x08000599   Thumb Code     0  init.o(.text)
    __aeabi_llsl                             0x080005bd   Thumb Code    30  llshl.o(.text)
    _ll_shift_l                              0x080005bd   Thumb Code     0  llshl.o(.text)
    __aeabi_lasr                             0x080005db   Thumb Code    36  llsshr.o(.text)
    _ll_sshift_r                             0x080005db   Thumb Code     0  llsshr.o(.text)
    _double_round                            0x080005ff   Thumb Code    30  depilogue.o(.text)
    _double_epilogue                         0x0800061d   Thumb Code   156  depilogue.o(.text)
    __decompress                             0x080006b9   Thumb Code     0  __dczerorl2.o(.text)
    __decompress1                            0x080006b9   Thumb Code    86  __dczerorl2.o(.text)
    ActiveAnimationMenuInit                  0x08000711   Thumb Code   100  menu_system.o(i.ActiveAnimationMenuInit)
    AnimationMenuInit                        0x080007b9   Thumb Code   176  menu_system.o(i.AnimationMenuInit)
    BusFault_Handler                         0x08000909   Thumb Code     4  stm32f1xx_it.o(i.BusFault_Handler)
    DebugMon_Handler                         0x0800090d   Thumb Code     2  stm32f1xx_it.o(i.DebugMon_Handler)
    EXTI4_IRQHandler                         0x0800090f   Thumb Code    10  stm32f1xx_it.o(i.EXTI4_IRQHandler)
    EXTI9_5_IRQHandler                       0x08000919   Thumb Code    10  stm32f1xx_it.o(i.EXTI9_5_IRQHandler)
    Error_Handler                            0x08000923   Thumb Code     4  main.o(i.Error_Handler)
    HAL_Delay                                0x08000929   Thumb Code    36  stm32f1xx_hal.o(i.HAL_Delay)
    HAL_GPIO_EXTI_Callback                   0x08000951   Thumb Code   174  main.o(i.HAL_GPIO_EXTI_Callback)
    HAL_GPIO_EXTI_IRQHandler                 0x08000a11   Thumb Code    24  stm32f1xx_hal_gpio.o(i.HAL_GPIO_EXTI_IRQHandler)
    HAL_GPIO_Init                            0x08000a2d   Thumb Code   766  stm32f1xx_hal_gpio.o(i.HAL_GPIO_Init)
    HAL_GPIO_TogglePin                       0x08000d4d   Thumb Code    14  stm32f1xx_hal_gpio.o(i.HAL_GPIO_TogglePin)
    HAL_GPIO_WritePin                        0x08000d5b   Thumb Code    12  stm32f1xx_hal_gpio.o(i.HAL_GPIO_WritePin)
    HAL_GetTick                              0x08000d69   Thumb Code     6  stm32f1xx_hal.o(i.HAL_GetTick)
    HAL_I2C_GetState                         0x08000d75   Thumb Code     8  stm32f1xx_hal_i2c.o(i.HAL_I2C_GetState)
    HAL_I2C_Init                             0x08000d7d   Thumb Code   422  stm32f1xx_hal_i2c.o(i.HAL_I2C_Init)
    HAL_I2C_IsDeviceReady                    0x08000f35   Thumb Code   410  stm32f1xx_hal_i2c.o(i.HAL_I2C_IsDeviceReady)
    HAL_I2C_Master_Transmit                  0x080010d9   Thumb Code   360  stm32f1xx_hal_i2c.o(i.HAL_I2C_Master_Transmit)
    HAL_I2C_Mem_Read                         0x08001249   Thumb Code   772  stm32f1xx_hal_i2c.o(i.HAL_I2C_Mem_Read)
    HAL_I2C_MspInit                          0x08001559   Thumb Code   104  stm32f1xx_hal_msp.o(i.HAL_I2C_MspInit)
    HAL_IncTick                              0x080015cd   Thumb Code    16  stm32f1xx_hal.o(i.HAL_IncTick)
    HAL_Init                                 0x080015e5   Thumb Code    34  stm32f1xx_hal.o(i.HAL_Init)
    HAL_InitTick                             0x0800160d   Thumb Code    64  stm32f1xx_hal.o(i.HAL_InitTick)
    HAL_MspInit                              0x08001659   Thumb Code    76  stm32f1xx_hal_msp.o(i.HAL_MspInit)
    HAL_NVIC_EnableIRQ                       0x080016ad   Thumb Code    32  stm32f1xx_hal_cortex.o(i.HAL_NVIC_EnableIRQ)
    HAL_NVIC_SetPriority                     0x080016cd   Thumb Code   124  stm32f1xx_hal_cortex.o(i.HAL_NVIC_SetPriority)
    HAL_NVIC_SetPriorityGrouping             0x08001749   Thumb Code    32  stm32f1xx_hal_cortex.o(i.HAL_NVIC_SetPriorityGrouping)
    HAL_PWR_EnableBkUpAccess                 0x08001771   Thumb Code     8  stm32f1xx_hal_pwr.o(i.HAL_PWR_EnableBkUpAccess)
    HAL_RCCEx_GetPeriphCLKFreq               0x0800177d   Thumb Code   248  stm32f1xx_hal_rcc_ex.o(i.HAL_RCCEx_GetPeriphCLKFreq)
    HAL_RCCEx_PeriphCLKConfig                0x08001891   Thumb Code   290  stm32f1xx_hal_rcc_ex.o(i.HAL_RCCEx_PeriphCLKConfig)
    HAL_RCC_ClockConfig                      0x080019c1   Thumb Code   376  stm32f1xx_hal_rcc.o(i.HAL_RCC_ClockConfig)
    HAL_RCC_GetHCLKFreq                      0x08001b4d   Thumb Code     6  stm32f1xx_hal_rcc.o(i.HAL_RCC_GetHCLKFreq)
    HAL_RCC_GetPCLK1Freq                     0x08001b59   Thumb Code    22  stm32f1xx_hal_rcc.o(i.HAL_RCC_GetPCLK1Freq)
    HAL_RCC_GetPCLK2Freq                     0x08001b79   Thumb Code    22  stm32f1xx_hal_rcc.o(i.HAL_RCC_GetPCLK2Freq)
    HAL_RCC_GetSysClockFreq                  0x08001b99   Thumb Code   116  stm32f1xx_hal_rcc.o(i.HAL_RCC_GetSysClockFreq)
    HAL_RCC_OscConfig                        0x08001c2d   Thumb Code  1114  stm32f1xx_hal_rcc.o(i.HAL_RCC_OscConfig)
    HAL_RTC_Init                             0x08002091   Thumb Code   202  stm32f1xx_hal_rtc.o(i.HAL_RTC_Init)
    HAL_RTC_MspInit                          0x08002161   Thumb Code    52  stm32f1xx_hal_msp.o(i.HAL_RTC_MspInit)
    HAL_RTC_WaitForSynchro                   0x080021a1   Thumb Code    64  stm32f1xx_hal_rtc.o(i.HAL_RTC_WaitForSynchro)
    HAL_SPI_Init                             0x080021e1   Thumb Code   136  stm32f1xx_hal_spi.o(i.HAL_SPI_Init)
    HAL_SPI_MspInit                          0x08002269   Thumb Code   120  stm32f1xx_hal_msp.o(i.HAL_SPI_MspInit)
    HAL_SPI_Transmit                         0x080022ed   Thumb Code   418  stm32f1xx_hal_spi.o(i.HAL_SPI_Transmit)
    HAL_SYSTICK_Config                       0x0800248f   Thumb Code    52  stm32f1xx_hal_cortex.o(i.HAL_SYSTICK_Config)
    HAL_TIMEx_BreakCallback                  0x080024c3   Thumb Code     2  stm32f1xx_hal_tim_ex.o(i.HAL_TIMEx_BreakCallback)
    HAL_TIMEx_CommutCallback                 0x080024c5   Thumb Code     2  stm32f1xx_hal_tim_ex.o(i.HAL_TIMEx_CommutCallback)
    HAL_TIMEx_ConfigBreakDeadTime            0x080024c7   Thumb Code   116  stm32f1xx_hal_tim_ex.o(i.HAL_TIMEx_ConfigBreakDeadTime)
    HAL_TIMEx_MasterConfigSynchronization    0x0800253b   Thumb Code    84  stm32f1xx_hal_tim_ex.o(i.HAL_TIMEx_MasterConfigSynchronization)
    HAL_TIM_Base_Start_IT                    0x0800258f   Thumb Code    42  stm32f1xx_hal_tim.o(i.HAL_TIM_Base_Start_IT)
    HAL_TIM_IC_CaptureCallback               0x080025b9   Thumb Code     2  stm32f1xx_hal_tim.o(i.HAL_TIM_IC_CaptureCallback)
    HAL_TIM_IRQHandler                       0x080025bb   Thumb Code   406  stm32f1xx_hal_tim.o(i.HAL_TIM_IRQHandler)
    HAL_TIM_MspPostInit                      0x08002751   Thumb Code   128  stm32f1xx_hal_msp.o(i.HAL_TIM_MspPostInit)
    HAL_TIM_OC_ConfigChannel                 0x080027dd   Thumb Code   116  stm32f1xx_hal_tim.o(i.HAL_TIM_OC_ConfigChannel)
    HAL_TIM_OC_DelayElapsedCallback          0x08002851   Thumb Code     2  stm32f1xx_hal_tim.o(i.HAL_TIM_OC_DelayElapsedCallback)
    HAL_TIM_OC_Init                          0x08002853   Thumb Code    52  stm32f1xx_hal_tim.o(i.HAL_TIM_OC_Init)
    HAL_TIM_OC_MspInit                       0x08002889   Thumb Code    40  stm32f1xx_hal_msp.o(i.HAL_TIM_OC_MspInit)
    HAL_TIM_OC_Start                         0x080028b5   Thumb Code    72  stm32f1xx_hal_tim.o(i.HAL_TIM_OC_Start)
    HAL_TIM_PWM_ConfigChannel                0x08002901   Thumb Code   264  stm32f1xx_hal_tim.o(i.HAL_TIM_PWM_ConfigChannel)
    HAL_TIM_PWM_Init                         0x08002a09   Thumb Code    52  stm32f1xx_hal_tim.o(i.HAL_TIM_PWM_Init)
    HAL_TIM_PWM_MspInit                      0x08002a3d   Thumb Code    58  stm32f1xx_hal_msp.o(i.HAL_TIM_PWM_MspInit)
    HAL_TIM_PWM_PulseFinishedCallback        0x08002a81   Thumb Code     2  stm32f1xx_hal_tim.o(i.HAL_TIM_PWM_PulseFinishedCallback)
    HAL_TIM_PeriodElapsedCallback            0x08002a85   Thumb Code   198  main.o(i.HAL_TIM_PeriodElapsedCallback)
    HAL_TIM_TriggerCallback                  0x08002b69   Thumb Code     2  stm32f1xx_hal_tim.o(i.HAL_TIM_TriggerCallback)
    HAL_UART_Init                            0x08002b6b   Thumb Code   114  stm32f1xx_hal_uart.o(i.HAL_UART_Init)
    HAL_UART_MspInit                         0x08002bdd   Thumb Code   122  stm32f1xx_hal_msp.o(i.HAL_UART_MspInit)
    HardFault_Handler                        0x08002c65   Thumb Code     4  stm32f1xx_it.o(i.HardFault_Handler)
    MainMenuInit                             0x0800342d   Thumb Code   136  menu_system.o(i.MainMenuInit)
    MemManage_Handler                        0x080034f1   Thumb Code     4  stm32f1xx_it.o(i.MemManage_Handler)
    MenuButtonPressed                        0x080034f5   Thumb Code   372  menu_system.o(i.MenuButtonPressed)
    MenuDisplayUpdate                        0x08003679   Thumb Code   170  menu_system.o(i.MenuDisplayUpdate)
    MenuScrollDown                           0x08003723   Thumb Code   104  menu_system.o(i.MenuScrollDown)
    MenuScrollUp                             0x0800378b   Thumb Code   104  menu_system.o(i.MenuScrollUp)
    MenuSetRowText                           0x080037f3   Thumb Code    56  menu_system.o(i.MenuSetRowText)
    MenuStrCpy                               0x0800382b   Thumb Code    22  menu_system.o(i.MenuStrCpy)
    MenuSystemInit                           0x08003841   Thumb Code   208  menu_system.o(i.MenuSystemInit)
    Menu_Read_MPR121                         0x080039a9   Thumb Code  1120  menu_system.o(i.Menu_Read_MPR121)
    NMI_Handler                              0x08003e11   Thumb Code     2  stm32f1xx_it.o(i.NMI_Handler)
    PendSV_Handler                           0x08003e13   Thumb Code     2  stm32f1xx_it.o(i.PendSV_Handler)
    PinMappingMenuInit                       0x08003e15   Thumb Code   136  menu_system.o(i.PinMappingMenuInit)
    SVC_Handler                              0x08004059   Thumb Code     2  stm32f1xx_it.o(i.SVC_Handler)
    SysTick_Handler                          0x0800405b   Thumb Code     8  stm32f1xx_it.o(i.SysTick_Handler)
    SystemClock_Config                       0x08004063   Thumb Code   114  main.o(i.SystemClock_Config)
    SystemInit                               0x080040d5   Thumb Code    70  system_stm32f1xx.o(i.SystemInit)
    TIM1_UP_IRQHandler                       0x0800412d   Thumb Code    10  stm32f1xx_it.o(i.TIM1_UP_IRQHandler)
    TIM_Base_SetConfig                       0x0800413d   Thumb Code   104  stm32f1xx_hal_tim.o(i.TIM_Base_SetConfig)
    TIM_CCxChannelCmd                        0x080041b1   Thumb Code    34  stm32f1xx_hal_tim.o(i.TIM_CCxChannelCmd)
    TIM_OC2_SetConfig                        0x08004235   Thumb Code   100  stm32f1xx_hal_tim.o(i.TIM_OC2_SetConfig)
    UsageFault_Handler                       0x080044ed   Thumb Code     4  stm32f1xx_it.o(i.UsageFault_Handler)
    __0vsprintf                              0x080044f1   Thumb Code    30  printfa.o(i.__0vsprintf)
    __1vsprintf                              0x080044f1   Thumb Code     0  printfa.o(i.__0vsprintf)
    __2vsprintf                              0x080044f1   Thumb Code     0  printfa.o(i.__0vsprintf)
    __c89vsprintf                            0x080044f1   Thumb Code     0  printfa.o(i.__0vsprintf)
    vsprintf                                 0x080044f1   Thumb Code     0  printfa.o(i.__0vsprintf)
    __scatterload_copy                       0x0800454d   Thumb Code    14  handlers.o(i.__scatterload_copy)
    __scatterload_null                       0x0800455b   Thumb Code     2  handlers.o(i.__scatterload_null)
    __scatterload_zeroinit                   0x0800455d   Thumb Code    14  handlers.o(i.__scatterload_zeroinit)
    animation_delay                          0x08004e29   Thumb Code    28  animations.o(i.animation_delay)
    animation_stretch_in                     0x08004e49   Thumb Code     8  animations.o(i.animation_stretch_in)
    animation_stretch_out                    0x08004e51   Thumb Code   404  animations.o(i.animation_stretch_out)
    array_8x8_set_col_segment                0x08004ff1   Thumb Code    30  array_8x8.o(i.array_8x8_set_col_segment)
    array_8x8_set_row_segment                0x0800500f   Thumb Code    28  array_8x8.o(i.array_8x8_set_row_segment)
    array_8x8_set_single                     0x0800502b   Thumb Code     6  array_8x8.o(i.array_8x8_set_single)
    array_8x8_set_square                     0x08005031   Thumb Code   238  array_8x8.o(i.array_8x8_set_square)
    array_8x8_shift_column                   0x0800511f   Thumb Code   290  array_8x8.o(i.array_8x8_shift_column)
    array_8x8_shift_row                      0x08005241   Thumb Code   274  array_8x8.o(i.array_8x8_shift_row)
    bool_mask_copy                           0x08005353   Thumb Code    20  bool_mask.o(i.bool_mask_copy)
    bool_mask_decode                         0x08005367   Thumb Code    70  bool_mask.o(i.bool_mask_decode)
    configurable_text                        0x080053ad   Thumb Code   482  animations.o(i.configurable_text)
    current_lyr_on                           0x08005609   Thumb Code   122  main.o(i.current_lyr_on)
    fade_in_color                            0x08005689   Thumb Code   336  animations.o(i.fade_in_color)
    fade_out_color                           0x080057e9   Thumb Code   346  animations.o(i.fade_out_color)
    halloween                                0x08005955   Thumb Code   310  animations.o(i.halloween)
    joel_mode                                0x08005aa9   Thumb Code   302  animations.o(i.joel_mode)
    lcd20x4_i2c_1stLine                      0x08005bf9   Thumb Code    12  lcd20x4_i2c.o(i.lcd20x4_i2c_1stLine)
    lcd20x4_i2c_2ndLine                      0x08005c05   Thumb Code    12  lcd20x4_i2c.o(i.lcd20x4_i2c_2ndLine)
    lcd20x4_i2c_3rdLine                      0x08005c11   Thumb Code    12  lcd20x4_i2c.o(i.lcd20x4_i2c_3rdLine)
    lcd20x4_i2c_4thLine                      0x08005c1d   Thumb Code    12  lcd20x4_i2c.o(i.lcd20x4_i2c_4thLine)
    lcd20x4_i2c_clear                        0x08005c29   Thumb Code    16  lcd20x4_i2c.o(i.lcd20x4_i2c_clear)
    lcd20x4_i2c_cursorShow                   0x08005c39   Thumb Code    22  lcd20x4_i2c.o(i.lcd20x4_i2c_cursorShow)
    lcd20x4_i2c_init                         0x08005c51   Thumb Code   184  lcd20x4_i2c.o(i.lcd20x4_i2c_init)
    lcd20x4_i2c_printf                       0x08005d11   Thumb Code    62  lcd20x4_i2c.o(i.lcd20x4_i2c_printf)
    lcd20x4_i2c_setCursor                    0x08005de9   Thumb Code    66  lcd20x4_i2c.o(i.lcd20x4_i2c_setCursor)
    lyr_frame_clear_all                      0x08005e2b   Thumb Code    36  lyrframe.o(i.lyr_frame_clear_all)
    lyr_frame_convert                        0x08005e51   Thumb Code    70  lyrframe.o(i.lyr_frame_convert)
    lyr_frame_set_color                      0x08005ea5   Thumb Code    60  lyrframe.o(i.lyr_frame_set_color)
    lyr_frame_set_single_color               0x08005ee1   Thumb Code    44  lyrframe.o(i.lyr_frame_set_single_color)
    lyr_frame_set_single_rgb                 0x08005f0d   Thumb Code    26  lyrframe.o(i.lyr_frame_set_single_rgb)
    lyr_frame_shift_column                   0x08005f27   Thumb Code    44  lyrframe.o(i.lyr_frame_shift_column)
    lyr_frame_shift_row                      0x08005f53   Thumb Code    44  lyrframe.o(i.lyr_frame_shift_row)
    lyrframe_set_square                      0x08005f7f   Thumb Code    72  lyrframe.o(i.lyrframe_set_square)
    main                                     0x08005fc9   Thumb Code   782  main.o(i.main)
    merry_christmas                          0x0800630d   Thumb Code   144  animations.o(i.merry_christmas)
    modify_color_single_rgb_value            0x080063a9   Thumb Code   316  animations.o(i.modify_color_single_rgb_value)
    mpr121_init                              0x080064e5   Thumb Code   460  mpr121.o(i.mpr121_init)
    mpr121_keyPad                            0x080066b1   Thumb Code   128  mpr121.o(i.mpr121_keyPad)
    mpr121_read                              0x08006731   Thumb Code    40  mpr121.o(i.mpr121_read)
    mpr121_touch                             0x08006759   Thumb Code    46  mpr121.o(i.mpr121_touch)
    mpr121_wheel                             0x08006787   Thumb Code   244  mpr121.o(i.mpr121_wheel)
    mpr121_write                             0x0800687b   Thumb Code    40  mpr121.o(i.mpr121_write)
    original_fade                            0x080068a5   Thumb Code   774  animations.o(i.original_fade)
    previous_lyr_off                         0x08006bfd   Thumb Code   110  main.o(i.previous_lyr_off)
    rand_32bit_modulus                       0x08006c71   Thumb Code    16  rng.o(i.rand_32bit_modulus)
    sliding_cubes                            0x08006c81   Thumb Code  2158  animations.o(i.sliding_cubes)
    stretchy_cube                            0x080074f5   Thumb Code   266  animations.o(i.stretchy_cube)
    tlc_clear                                0x08007609   Thumb Code    22  tlc5940.o(i.tlc_clear)
    tlc_spi_convert                          0x0800761f   Thumb Code    98  tlc5940.o(i.tlc_spi_convert)
    transition_punch                         0x08007681   Thumb Code   242  animations.o(i.transition_punch)
    mask0Encoded                             0x08007788   Data           8  bool_mask.o(.constdata)
    mask1Encoded                             0x08007790   Data           8  bool_mask.o(.constdata)
    mask2Encoded                             0x08007798   Data           8  bool_mask.o(.constdata)
    mask3Encoded                             0x080077a0   Data           8  bool_mask.o(.constdata)
    maskAllEncoded                           0x080077a8   Data           8  bool_mask.o(.constdata)
    maskChessBoardWEncoded                   0x080077b0   Data           8  bool_mask.o(.constdata)
    maskChessBoardBEncoded                   0x080077b8   Data           8  bool_mask.o(.constdata)
    maskLetterJEncoded                       0x080077c0   Data           8  bool_mask.o(.constdata)
    maskLetterOEncoded                       0x080077c8   Data           8  bool_mask.o(.constdata)
    maskLetterEEncoded                       0x080077d0   Data           8  bool_mask.o(.constdata)
    maskLetterLEncoded                       0x080077d8   Data           8  bool_mask.o(.constdata)
    maskEmptyEncoded                         0x080077e0   Data           8  bool_mask.o(.constdata)
    maskEncLetterA                           0x080077e8   Data           8  bool_mask.o(.constdata)
    maskEncLetterB                           0x080077f0   Data           8  bool_mask.o(.constdata)
    maskEncLetterC                           0x080077f8   Data           8  bool_mask.o(.constdata)
    maskEncLetterD                           0x08007800   Data           8  bool_mask.o(.constdata)
    maskEncLetterE                           0x08007808   Data           8  bool_mask.o(.constdata)
    maskEncLetterF                           0x08007810   Data           8  bool_mask.o(.constdata)
    maskEncLetterG                           0x08007818   Data           8  bool_mask.o(.constdata)
    maskEncLetterH                           0x08007820   Data           8  bool_mask.o(.constdata)
    maskEncLetterI                           0x08007828   Data           8  bool_mask.o(.constdata)
    maskEncLetterJ                           0x08007830   Data           8  bool_mask.o(.constdata)
    maskEncLetterK                           0x08007838   Data           8  bool_mask.o(.constdata)
    maskEncLetterL                           0x08007840   Data           8  bool_mask.o(.constdata)
    maskEncLetterM                           0x08007848   Data           8  bool_mask.o(.constdata)
    maskEncLetterN                           0x08007850   Data           8  bool_mask.o(.constdata)
    maskEncLetterO                           0x08007858   Data           8  bool_mask.o(.constdata)
    maskEncLetterP                           0x08007860   Data           8  bool_mask.o(.constdata)
    maskEncLetterQ                           0x08007868   Data           8  bool_mask.o(.constdata)
    maskEncLetterR                           0x08007870   Data           8  bool_mask.o(.constdata)
    maskEncLetterS                           0x08007878   Data           8  bool_mask.o(.constdata)
    maskEncLetterT                           0x08007880   Data           8  bool_mask.o(.constdata)
    maskEncLetterU                           0x08007888   Data           8  bool_mask.o(.constdata)
    maskEncLetterV                           0x08007890   Data           8  bool_mask.o(.constdata)
    maskEncLetterW                           0x08007898   Data           8  bool_mask.o(.constdata)
    maskEncLetterX                           0x080078a0   Data           8  bool_mask.o(.constdata)
    maskEncLetterY                           0x080078a8   Data           8  bool_mask.o(.constdata)
    maskEncLetterZ                           0x080078b0   Data           8  bool_mask.o(.constdata)
    AHBPrescTable                            0x080078b8   Data          16  system_stm32f1xx.o(.constdata)
    APBPrescTable                            0x080078c8   Data           8  system_stm32f1xx.o(.constdata)
    Region$$Table$$Base                      0x080078d0   Number         0  anon$$obj.o(Region$$Table)
    Region$$Table$$Limit                     0x080078f0   Number         0  anon$$obj.o(Region$$Table)
    HALT_ANIMATION                           0x20000008   Data           1  animations.o(.data)
    PAUSE_ANIMATION                          0x20000009   Data           1  animations.o(.data)
    null                                     0x20000010   Data           8  animations.o(.data)
    red                                      0x20000018   Data           8  animations.o(.data)
    yellow                                   0x20000020   Data           8  animations.o(.data)
    green                                    0x20000028   Data           8  animations.o(.data)
    cyan                                     0x20000030   Data           8  animations.o(.data)
    blue                                     0x20000038   Data           8  animations.o(.data)
    purple                                   0x20000040   Data           8  animations.o(.data)
    white                                    0x20000048   Data           8  animations.o(.data)
    orange                                   0x20000050   Data           8  animations.o(.data)
    yelgrn                                   0x20000058   Data           8  animations.o(.data)
    seafoam                                  0x20000060   Data           8  animations.o(.data)
    lightblu                                 0x20000068   Data           8  animations.o(.data)
    indigo                                   0x20000070   Data           8  animations.o(.data)
    pink                                     0x20000078   Data           8  animations.o(.data)
    whiteRed                                 0x20000080   Data           8  animations.o(.data)
    whiteGrn                                 0x20000088   Data           8  animations.o(.data)
    whiteBlu                                 0x20000090   Data           8  animations.o(.data)
    mask0                                    0x20000098   Data          64  bool_mask.o(.data)
    mask1                                    0x200000d8   Data          64  bool_mask.o(.data)
    mask2                                    0x20000118   Data          64  bool_mask.o(.data)
    mask3                                    0x20000158   Data          64  bool_mask.o(.data)
    maskAll                                  0x20000198   Data          64  bool_mask.o(.data)
    maskChessBoardW                          0x200001d8   Data          64  bool_mask.o(.data)
    maskChessBoardB                          0x20000218   Data          64  bool_mask.o(.data)
    letterJ                                  0x20000258   Data          64  bool_mask.o(.data)
    letterO                                  0x20000298   Data          64  bool_mask.o(.data)
    letterE                                  0x200002d8   Data          64  bool_mask.o(.data)
    letterL                                  0x20000318   Data          64  bool_mask.o(.data)
    mpr121ReadDelayms                        0x20000361   Data           1  menu_system.o(.data)
    lastWheelDir                             0x20000362   Data           1  menu_system.o(.data)
    wheelDir                                 0x20000363   Data           1  menu_system.o(.data)
    Keypad_IRQ                               0x20000364   Data           1  menu_system.o(.data)
    Wheel_IRQ                                0x20000365   Data           1  menu_system.o(.data)
    initNumPM                                0x20000366   Data           1  menu_system.o(.data)
    initValPM                                0x20000368   Data           2  menu_system.o(.data)
    stepSizePM                               0x2000036a   Data           2  menu_system.o(.data)
    minValPM                                 0x2000036c   Data           2  menu_system.o(.data)
    maxValPM                                 0x2000036e   Data           2  menu_system.o(.data)
    ledNumPM                                 0x20000370   Data           2  menu_system.o(.data)
    redValPM                                 0x20000372   Data           2  menu_system.o(.data)
    bluValPM                                 0x20000374   Data           2  menu_system.o(.data)
    grnValPM                                 0x20000376   Data           2  menu_system.o(.data)
    rngCount                                 0x20000378   Data           4  rng.o(.data)
    UPDATE_FRAME                             0x20000385   Data           1  main.o(.data)
    activeLyr                                0x20000386   Data           1  main.o(.data)
    data16Ptr                                0x20000388   Data           4  main.o(.data)
    data8Ptr                                 0x2000038c   Data           4  main.o(.data)
    redMap                                   0x20000390   Data         256  main.o(.data)
    grnMap                                   0x20000490   Data         256  main.o(.data)
    bluMap                                   0x20000590   Data         256  main.o(.data)
    currentAction                            0x20000690   Data           2  main.o(.data)
    uwTick                                   0x20000694   Data           4  stm32f1xx_hal.o(.data)
    uwTickPrio                               0x20000698   Data           4  stm32f1xx_hal.o(.data)
    uwTickFreq                               0x2000069c   Data           1  stm32f1xx_hal.o(.data)
    SystemCoreClock                          0x200006a0   Data           4  system_stm32f1xx.o(.data)
    maskEmpty                                0x200006a4   Data          64  bool_mask.o(.bss)
    MainMenu                                 0x200006e4   Data         272  menu_system.o(.bss)
    AnimationMenu                            0x200007f4   Data         272  menu_system.o(.bss)
    PinMappingMenu                           0x20000904   Data         272  menu_system.o(.bss)
    ActiveAnimationMenu                      0x20000a14   Data         272  menu_system.o(.bss)
    hi2c1                                    0x20000b24   Data          84  main.o(.bss)
    hrtc                                     0x20000b78   Data          20  main.o(.bss)
    hspi1                                    0x20000b8c   Data          88  main.o(.bss)
    htim1                                    0x20000be4   Data          64  main.o(.bss)
    htim2                                    0x20000c24   Data          64  main.o(.bss)
    huart1                                   0x20000c64   Data          64  main.o(.bss)
    frame0                                   0x20000ca4   Data        3168  main.o(.bss)
    data16                                   0x20001904   Data         384  main.o(.bss)
    data8                                    0x20001a84   Data         288  main.o(.bss)
    __initial_sp                             0x20003ba8   Data           0  startup_stm32f103xb.o(STACK)



==============================================================================

Memory Map of the image

  Image Entry point : 0x080000ed

  Load Region LR_IROM1 (Base: 0x08000000, Size: 0x00007f94, Max: 0x00010000, ABSOLUTE, COMPRESSED[0x00007b18])

    Execution Region ER_IROM1 (Exec base: 0x08000000, Load base: 0x08000000, Size: 0x000078f0, Max: 0x00010000, ABSOLUTE)

    Exec Addr    Load Addr    Size         Type   Attr      Idx    E Section Name        Object

    0x08000000   0x08000000   0x000000ec   Data   RO            3    RESET               startup_stm32f103xb.o
    0x080000ec   0x080000ec   0x00000000   Code   RO         4675  * .ARM.Collect$$$$00000000  mc_w.l(entry.o)
    0x080000ec   0x080000ec   0x00000004   Code   RO         4716    .ARM.Collect$$$$00000001  mc_w.l(entry2.o)
    0x080000f0   0x080000f0   0x00000004   Code   RO         4719    .ARM.Collect$$$$00000004  mc_w.l(entry5.o)
    0x080000f4   0x080000f4   0x00000000   Code   RO         4721    .ARM.Collect$$$$00000008  mc_w.l(entry7b.o)
    0x080000f4   0x080000f4   0x00000000   Code   RO         4723    .ARM.Collect$$$$0000000A  mc_w.l(entry8b.o)
    0x080000f4   0x080000f4   0x00000008   Code   RO         4724    .ARM.Collect$$$$0000000B  mc_w.l(entry9a.o)
    0x080000fc   0x080000fc   0x00000000   Code   RO         4726    .ARM.Collect$$$$0000000D  mc_w.l(entry10a.o)
    0x080000fc   0x080000fc   0x00000000   Code   RO         4728    .ARM.Collect$$$$0000000F  mc_w.l(entry11a.o)
    0x080000fc   0x080000fc   0x00000004   Code   RO         4717    .ARM.Collect$$$$00002712  mc_w.l(entry2.o)
    0x08000100   0x08000100   0x00000024   Code   RO            4    .text               startup_stm32f103xb.o
    0x08000124   0x08000124   0x00000020   Code   RO         4678    .text               mc_w.l(llushr.o)
    0x08000144   0x08000144   0x00000024   Code   RO         4680    .text               mc_w.l(memcpya.o)
    0x08000168   0x08000168   0x00000024   Code   RO         4682    .text               mc_w.l(memseta.o)
    0x0800018c   0x0800018c   0x0000000e   Code   RO         4684    .text               mc_w.l(strlen.o)
    0x0800019a   0x0800019a   0x0000002c   Code   RO         4733    .text               mc_w.l(uidiv.o)
    0x080001c6   0x080001c6   0x00000062   Code   RO         4735    .text               mc_w.l(uldiv.o)
    0x08000228   0x08000228   0x00000000   Code   RO         4737    .text               mc_w.l(iusefp.o)
    0x08000228   0x08000228   0x0000014e   Code   RO         4738    .text               mf_w.l(dadd.o)
    0x08000376   0x08000376   0x000000e4   Code   RO         4740    .text               mf_w.l(dmul.o)
    0x0800045a   0x0800045a   0x000000de   Code   RO         4742    .text               mf_w.l(ddiv.o)
    0x08000538   0x08000538   0x00000030   Code   RO         4744    .text               mf_w.l(dfixul.o)
    0x08000568   0x08000568   0x00000030   Code   RO         4746    .text               mf_w.l(cdrcmple.o)
    0x08000598   0x08000598   0x00000024   Code   RO         4748    .text               mc_w.l(init.o)
    0x080005bc   0x080005bc   0x0000001e   Code   RO         4751    .text               mc_w.l(llshl.o)
    0x080005da   0x080005da   0x00000024   Code   RO         4753    .text               mc_w.l(llsshr.o)
    0x080005fe   0x080005fe   0x000000ba   Code   RO         4756    .text               mf_w.l(depilogue.o)
    0x080006b8   0x080006b8   0x00000056   Code   RO         4766    .text               mc_w.l(__dczerorl2.o)
    0x0800070e   0x0800070e   0x00000002   PAD
    0x08000710   0x08000710   0x000000a8   Code   RO          808    i.ActiveAnimationMenuInit  menu_system.o
    0x080007b8   0x080007b8   0x00000150   Code   RO          809    i.AnimationMenuInit  menu_system.o
    0x08000908   0x08000908   0x00000004   Code   RO         1060    i.BusFault_Handler  stm32f1xx_it.o
    0x0800090c   0x0800090c   0x00000002   Code   RO         1061    i.DebugMon_Handler  stm32f1xx_it.o
    0x0800090e   0x0800090e   0x0000000a   Code   RO         1062    i.EXTI4_IRQHandler  stm32f1xx_it.o
    0x08000918   0x08000918   0x0000000a   Code   RO         1063    i.EXTI9_5_IRQHandler  stm32f1xx_it.o
    0x08000922   0x08000922   0x00000004   Code   RO          941    i.Error_Handler     main.o
    0x08000926   0x08000926   0x00000002   PAD
    0x08000928   0x08000928   0x00000028   Code   RO         1773    i.HAL_Delay         stm32f1xx_hal.o
    0x08000950   0x08000950   0x000000c0   Code   RO          942    i.HAL_GPIO_EXTI_Callback  main.o
    0x08000a10   0x08000a10   0x0000001c   Code   RO         2085    i.HAL_GPIO_EXTI_IRQHandler  stm32f1xx_hal_gpio.o
    0x08000a2c   0x08000a2c   0x00000320   Code   RO         2086    i.HAL_GPIO_Init     stm32f1xx_hal_gpio.o
    0x08000d4c   0x08000d4c   0x0000000e   Code   RO         2089    i.HAL_GPIO_TogglePin  stm32f1xx_hal_gpio.o
    0x08000d5a   0x08000d5a   0x0000000c   Code   RO         2090    i.HAL_GPIO_WritePin  stm32f1xx_hal_gpio.o
    0x08000d66   0x08000d66   0x00000002   PAD
    0x08000d68   0x08000d68   0x0000000c   Code   RO         1777    i.HAL_GetTick       stm32f1xx_hal.o
    0x08000d74   0x08000d74   0x00000008   Code   RO         1314    i.HAL_I2C_GetState  stm32f1xx_hal_i2c.o
    0x08000d7c   0x08000d7c   0x000001b8   Code   RO         1315    i.HAL_I2C_Init      stm32f1xx_hal_i2c.o
    0x08000f34   0x08000f34   0x000001a4   Code   RO         1316    i.HAL_I2C_IsDeviceReady  stm32f1xx_hal_i2c.o
    0x080010d8   0x080010d8   0x00000170   Code   RO         1328    i.HAL_I2C_Master_Transmit  stm32f1xx_hal_i2c.o
    0x08001248   0x08001248   0x00000310   Code   RO         1333    i.HAL_I2C_Mem_Read  stm32f1xx_hal_i2c.o
    0x08001558   0x08001558   0x00000074   Code   RO         1165    i.HAL_I2C_MspInit   stm32f1xx_hal_msp.o
    0x080015cc   0x080015cc   0x00000018   Code   RO         1783    i.HAL_IncTick       stm32f1xx_hal.o
    0x080015e4   0x080015e4   0x00000028   Code   RO         1784    i.HAL_Init          stm32f1xx_hal.o
    0x0800160c   0x0800160c   0x0000004c   Code   RO         1785    i.HAL_InitTick      stm32f1xx_hal.o
    0x08001658   0x08001658   0x00000054   Code   RO         1166    i.HAL_MspInit       stm32f1xx_hal_msp.o
    0x080016ac   0x080016ac   0x00000020   Code   RO         2246    i.HAL_NVIC_EnableIRQ  stm32f1xx_hal_cortex.o
    0x080016cc   0x080016cc   0x0000007c   Code   RO         2252    i.HAL_NVIC_SetPriority  stm32f1xx_hal_cortex.o
    0x08001748   0x08001748   0x00000028   Code   RO         2253    i.HAL_NVIC_SetPriorityGrouping  stm32f1xx_hal_cortex.o
    0x08001770   0x08001770   0x0000000c   Code   RO         2373    i.HAL_PWR_EnableBkUpAccess  stm32f1xx_hal_pwr.o
    0x0800177c   0x0800177c   0x00000114   Code   RO         2048    i.HAL_RCCEx_GetPeriphCLKFreq  stm32f1xx_hal_rcc_ex.o
    0x08001890   0x08001890   0x00000130   Code   RO         2049    i.HAL_RCCEx_PeriphCLKConfig  stm32f1xx_hal_rcc_ex.o
    0x080019c0   0x080019c0   0x0000018c   Code   RO         1941    i.HAL_RCC_ClockConfig  stm32f1xx_hal_rcc.o
    0x08001b4c   0x08001b4c   0x0000000c   Code   RO         1946    i.HAL_RCC_GetHCLKFreq  stm32f1xx_hal_rcc.o
    0x08001b58   0x08001b58   0x00000020   Code   RO         1948    i.HAL_RCC_GetPCLK1Freq  stm32f1xx_hal_rcc.o
    0x08001b78   0x08001b78   0x00000020   Code   RO         1949    i.HAL_RCC_GetPCLK2Freq  stm32f1xx_hal_rcc.o
    0x08001b98   0x08001b98   0x00000094   Code   RO         1950    i.HAL_RCC_GetSysClockFreq  stm32f1xx_hal_rcc.o
    0x08001c2c   0x08001c2c   0x00000464   Code   RO         1953    i.HAL_RCC_OscConfig  stm32f1xx_hal_rcc.o
    0x08002090   0x08002090   0x000000d0   Code   RO         2780    i.HAL_RTC_Init      stm32f1xx_hal_rtc.o
    0x08002160   0x08002160   0x00000040   Code   RO         1168    i.HAL_RTC_MspInit   stm32f1xx_hal_msp.o
    0x080021a0   0x080021a0   0x00000040   Code   RO         2788    i.HAL_RTC_WaitForSynchro  stm32f1xx_hal_rtc.o
    0x080021e0   0x080021e0   0x00000088   Code   RO         3060    i.HAL_SPI_Init      stm32f1xx_hal_spi.o
    0x08002268   0x08002268   0x00000084   Code   RO         1170    i.HAL_SPI_MspInit   stm32f1xx_hal_msp.o
    0x080022ec   0x080022ec   0x000001a2   Code   RO         3068    i.HAL_SPI_Transmit  stm32f1xx_hal_spi.o
    0x0800248e   0x0800248e   0x00000034   Code   RO         2257    i.HAL_SYSTICK_Config  stm32f1xx_hal_cortex.o
    0x080024c2   0x080024c2   0x00000002   Code   RO         4059    i.HAL_TIMEx_BreakCallback  stm32f1xx_hal_tim_ex.o
    0x080024c4   0x080024c4   0x00000002   Code   RO         4060    i.HAL_TIMEx_CommutCallback  stm32f1xx_hal_tim_ex.o
    0x080024c6   0x080024c6   0x00000074   Code   RO         4062    i.HAL_TIMEx_ConfigBreakDeadTime  stm32f1xx_hal_tim_ex.o
    0x0800253a   0x0800253a   0x00000054   Code   RO         4077    i.HAL_TIMEx_MasterConfigSynchronization  stm32f1xx_hal_tim_ex.o
    0x0800258e   0x0800258e   0x0000002a   Code   RO         3378    i.HAL_TIM_Base_Start_IT  stm32f1xx_hal_tim.o
    0x080025b8   0x080025b8   0x00000002   Code   RO         3402    i.HAL_TIM_IC_CaptureCallback  stm32f1xx_hal_tim.o
    0x080025ba   0x080025ba   0x00000196   Code   RO         3416    i.HAL_TIM_IRQHandler  stm32f1xx_hal_tim.o
    0x08002750   0x08002750   0x0000008c   Code   RO         1171    i.HAL_TIM_MspPostInit  stm32f1xx_hal_msp.o
    0x080027dc   0x080027dc   0x00000074   Code   RO         3417    i.HAL_TIM_OC_ConfigChannel  stm32f1xx_hal_tim.o
    0x08002850   0x08002850   0x00000002   Code   RO         3419    i.HAL_TIM_OC_DelayElapsedCallback  stm32f1xx_hal_tim.o
    0x08002852   0x08002852   0x00000034   Code   RO         3421    i.HAL_TIM_OC_Init   stm32f1xx_hal_tim.o
    0x08002886   0x08002886   0x00000002   PAD
    0x08002888   0x08002888   0x0000002c   Code   RO         1173    i.HAL_TIM_OC_MspInit  stm32f1xx_hal_msp.o
    0x080028b4   0x080028b4   0x0000004c   Code   RO         3424    i.HAL_TIM_OC_Start  stm32f1xx_hal_tim.o
    0x08002900   0x08002900   0x00000108   Code   RO         3440    i.HAL_TIM_PWM_ConfigChannel  stm32f1xx_hal_tim.o
    0x08002a08   0x08002a08   0x00000034   Code   RO         3443    i.HAL_TIM_PWM_Init  stm32f1xx_hal_tim.o
    0x08002a3c   0x08002a3c   0x00000044   Code   RO         1175    i.HAL_TIM_PWM_MspInit  stm32f1xx_hal_msp.o
    0x08002a80   0x08002a80   0x00000002   Code   RO         3446    i.HAL_TIM_PWM_PulseFinishedCallback  stm32f1xx_hal_tim.o
    0x08002a82   0x08002a82   0x00000002   PAD
    0x08002a84   0x08002a84   0x000000e4   Code   RO          943    i.HAL_TIM_PeriodElapsedCallback  main.o
    0x08002b68   0x08002b68   0x00000002   Code   RO         3459    i.HAL_TIM_TriggerCallback  stm32f1xx_hal_tim.o
    0x08002b6a   0x08002b6a   0x00000072   Code   RO         4335    i.HAL_UART_Init     stm32f1xx_hal_uart.o
    0x08002bdc   0x08002bdc   0x00000088   Code   RO         1177    i.HAL_UART_MspInit  stm32f1xx_hal_msp.o
    0x08002c64   0x08002c64   0x00000004   Code   RO         1064    i.HardFault_Handler  stm32f1xx_it.o
    0x08002c68   0x08002c68   0x0000003e   Code   RO         1358    i.I2C_IsAcknowledgeFailed  stm32f1xx_hal_i2c.o
    0x08002ca6   0x08002ca6   0x00000002   PAD
    0x08002ca8   0x08002ca8   0x000000ac   Code   RO         1362    i.I2C_MasterRequestWrite  stm32f1xx_hal_i2c.o
    0x08002d54   0x08002d54   0x00000138   Code   RO         1368    i.I2C_RequestMemoryRead  stm32f1xx_hal_i2c.o
    0x08002e8c   0x08002e8c   0x0000005c   Code   RO         1377    i.I2C_WaitOnBTFFlagUntilTimeout  stm32f1xx_hal_i2c.o
    0x08002ee8   0x08002ee8   0x00000086   Code   RO         1378    i.I2C_WaitOnFlagUntilTimeout  stm32f1xx_hal_i2c.o
    0x08002f6e   0x08002f6e   0x000000c4   Code   RO         1379    i.I2C_WaitOnMasterAddressFlagUntilTimeout  stm32f1xx_hal_i2c.o
    0x08003032   0x08003032   0x00000080   Code   RO         1380    i.I2C_WaitOnRXNEFlagUntilTimeout  stm32f1xx_hal_i2c.o
    0x080030b2   0x080030b2   0x0000005c   Code   RO         1382    i.I2C_WaitOnTXEFlagUntilTimeout  stm32f1xx_hal_i2c.o
    0x0800310e   0x0800310e   0x00000002   PAD
    0x08003110   0x08003110   0x00000108   Code   RO          944    i.MX_GPIO_Init      main.o
    0x08003218   0x08003218   0x0000003c   Code   RO          945    i.MX_I2C1_Init      main.o
    0x08003254   0x08003254   0x0000002c   Code   RO          946    i.MX_RTC_Init       main.o
    0x08003280   0x08003280   0x00000044   Code   RO          947    i.MX_SPI1_Init      main.o
    0x080032c4   0x080032c4   0x000000b4   Code   RO          948    i.MX_TIM1_Init      main.o
    0x08003378   0x08003378   0x0000007c   Code   RO          949    i.MX_TIM2_Init      main.o
    0x080033f4   0x080033f4   0x00000038   Code   RO          950    i.MX_USART1_UART_Init  main.o
    0x0800342c   0x0800342c   0x000000c4   Code   RO          810    i.MainMenuInit      menu_system.o
    0x080034f0   0x080034f0   0x00000004   Code   RO         1065    i.MemManage_Handler  stm32f1xx_it.o
    0x080034f4   0x080034f4   0x00000184   Code   RO          811    i.MenuButtonPressed  menu_system.o
    0x08003678   0x08003678   0x000000aa   Code   RO          812    i.MenuDisplayUpdate  menu_system.o
    0x08003722   0x08003722   0x00000068   Code   RO          813    i.MenuScrollDown    menu_system.o
    0x0800378a   0x0800378a   0x00000068   Code   RO          814    i.MenuScrollUp      menu_system.o
    0x080037f2   0x080037f2   0x00000038   Code   RO          815    i.MenuSetRowText    menu_system.o
    0x0800382a   0x0800382a   0x00000016   Code   RO          816    i.MenuStrCpy        menu_system.o
    0x08003840   0x08003840   0x00000168   Code   RO          817    i.MenuSystemInit    menu_system.o
    0x080039a8   0x080039a8   0x00000468   Code   RO          819    i.Menu_Read_MPR121  menu_system.o
    0x08003e10   0x08003e10   0x00000002   Code   RO         1066    i.NMI_Handler       stm32f1xx_it.o
    0x08003e12   0x08003e12   0x00000002   Code   RO         1067    i.PendSV_Handler    stm32f1xx_it.o
    0x08003e14   0x08003e14   0x000000d8   Code   RO          820    i.PinMappingMenuInit  menu_system.o
    0x08003eec   0x08003eec   0x00000028   Code   RO         1954    i.RCC_Delay         stm32f1xx_hal_rcc.o
    0x08003f14   0x08003f14   0x0000003a   Code   RO         2792    i.RTC_EnterInitMode  stm32f1xx_hal_rtc.o
    0x08003f4e   0x08003f4e   0x0000003a   Code   RO         2793    i.RTC_ExitInitMode  stm32f1xx_hal_rtc.o
    0x08003f88   0x08003f88   0x00000028   Code   RO         3098    i.SPI_EndRxTxTransaction  stm32f1xx_hal_spi.o
    0x08003fb0   0x08003fb0   0x000000a8   Code   RO         3103    i.SPI_WaitFlagStateUntilTimeout  stm32f1xx_hal_spi.o
    0x08004058   0x08004058   0x00000002   Code   RO         1068    i.SVC_Handler       stm32f1xx_it.o
    0x0800405a   0x0800405a   0x00000008   Code   RO         1069    i.SysTick_Handler   stm32f1xx_it.o
    0x08004062   0x08004062   0x00000072   Code   RO          951    i.SystemClock_Config  main.o
    0x080040d4   0x080040d4   0x00000058   Code   RO         4642    i.SystemInit        system_stm32f1xx.o
    0x0800412c   0x0800412c   0x00000010   Code   RO         1070    i.TIM1_UP_IRQHandler  stm32f1xx_it.o
    0x0800413c   0x0800413c   0x00000074   Code   RO         3461    i.TIM_Base_SetConfig  stm32f1xx_hal_tim.o
    0x080041b0   0x080041b0   0x00000022   Code   RO         3462    i.TIM_CCxChannelCmd  stm32f1xx_hal_tim.o
    0x080041d2   0x080041d2   0x00000002   PAD
    0x080041d4   0x080041d4   0x00000060   Code   RO         3474    i.TIM_OC1_SetConfig  stm32f1xx_hal_tim.o
    0x08004234   0x08004234   0x00000068   Code   RO         3475    i.TIM_OC2_SetConfig  stm32f1xx_hal_tim.o
    0x0800429c   0x0800429c   0x00000068   Code   RO         3476    i.TIM_OC3_SetConfig  stm32f1xx_hal_tim.o
    0x08004304   0x08004304   0x00000048   Code   RO         3477    i.TIM_OC4_SetConfig  stm32f1xx_hal_tim.o
    0x0800434c   0x0800434c   0x000001a0   Code   RO         4362    i.UART_SetConfig    stm32f1xx_hal_uart.o
    0x080044ec   0x080044ec   0x00000004   Code   RO         1071    i.UsageFault_Handler  stm32f1xx_it.o
    0x080044f0   0x080044f0   0x00000024   Code   RO         4695    i.__0vsprintf       mc_w.l(printfa.o)
    0x08004514   0x08004514   0x00000010   Code   RO         2259    i.__NVIC_GetPriorityGrouping  stm32f1xx_hal_cortex.o
    0x08004524   0x08004524   0x00000028   Code   RO         2260    i.__NVIC_SetPriority  stm32f1xx_hal_cortex.o
    0x0800454c   0x0800454c   0x0000000e   Code   RO         4760    i.__scatterload_copy  mc_w.l(handlers.o)
    0x0800455a   0x0800455a   0x00000002   Code   RO         4761    i.__scatterload_null  mc_w.l(handlers.o)
    0x0800455c   0x0800455c   0x0000000e   Code   RO         4762    i.__scatterload_zeroinit  mc_w.l(handlers.o)
    0x0800456a   0x0800456a   0x00000002   PAD
    0x0800456c   0x0800456c   0x00000184   Code   RO         4696    i._fp_digits        mc_w.l(printfa.o)
    0x080046f0   0x080046f0   0x000006dc   Code   RO         4697    i._printf_core      mc_w.l(printfa.o)
    0x08004dcc   0x08004dcc   0x00000024   Code   RO         4698    i._printf_post_padding  mc_w.l(printfa.o)
    0x08004df0   0x08004df0   0x0000002e   Code   RO         4699    i._printf_pre_padding  mc_w.l(printfa.o)
    0x08004e1e   0x08004e1e   0x0000000a   Code   RO         4701    i._sputc            mc_w.l(printfa.o)
    0x08004e28   0x08004e28   0x00000020   Code   RO          407    i.animation_delay   animations.o
    0x08004e48   0x08004e48   0x00000008   Code   RO          408    i.animation_stretch_in  animations.o
    0x08004e50   0x08004e50   0x000001a0   Code   RO          409    i.animation_stretch_out  animations.o
    0x08004ff0   0x08004ff0   0x0000001e   Code   RO          714    i.array_8x8_set_col_segment  array_8x8.o
    0x0800500e   0x0800500e   0x0000001c   Code   RO          718    i.array_8x8_set_row_segment  array_8x8.o
    0x0800502a   0x0800502a   0x00000006   Code   RO          719    i.array_8x8_set_single  array_8x8.o
    0x08005030   0x08005030   0x000000ee   Code   RO          720    i.array_8x8_set_square  array_8x8.o
    0x0800511e   0x0800511e   0x00000122   Code   RO          722    i.array_8x8_shift_column  array_8x8.o
    0x08005240   0x08005240   0x00000112   Code   RO          723    i.array_8x8_shift_row  array_8x8.o
    0x08005352   0x08005352   0x00000014   Code   RO          554    i.bool_mask_copy    bool_mask.o
    0x08005366   0x08005366   0x00000046   Code   RO          555    i.bool_mask_decode  bool_mask.o
    0x080053ac   0x080053ac   0x0000025c   Code   RO          410    i.configurable_text  animations.o
    0x08005608   0x08005608   0x00000080   Code   RO          952    i.current_lyr_on    main.o
    0x08005688   0x08005688   0x00000160   Code   RO          412    i.fade_in_color     animations.o
    0x080057e8   0x080057e8   0x0000016c   Code   RO          413    i.fade_out_color    animations.o
    0x08005954   0x08005954   0x00000154   Code   RO          414    i.halloween         animations.o
    0x08005aa8   0x08005aa8   0x00000150   Code   RO          415    i.joel_mode         animations.o
    0x08005bf8   0x08005bf8   0x0000000c   Code   RO           13    i.lcd20x4_i2c_1stLine  lcd20x4_i2c.o
    0x08005c04   0x08005c04   0x0000000c   Code   RO           14    i.lcd20x4_i2c_2ndLine  lcd20x4_i2c.o
    0x08005c10   0x08005c10   0x0000000c   Code   RO           15    i.lcd20x4_i2c_3rdLine  lcd20x4_i2c.o
    0x08005c1c   0x08005c1c   0x0000000c   Code   RO           16    i.lcd20x4_i2c_4thLine  lcd20x4_i2c.o
    0x08005c28   0x08005c28   0x00000010   Code   RO           19    i.lcd20x4_i2c_clear  lcd20x4_i2c.o
    0x08005c38   0x08005c38   0x00000016   Code   RO           20    i.lcd20x4_i2c_cursorShow  lcd20x4_i2c.o
    0x08005c4e   0x08005c4e   0x00000002   PAD
    0x08005c50   0x08005c50   0x000000c0   Code   RO           22    i.lcd20x4_i2c_init  lcd20x4_i2c.o
    0x08005d10   0x08005d10   0x0000003e   Code   RO           23    i.lcd20x4_i2c_printf  lcd20x4_i2c.o
    0x08005d4e   0x08005d4e   0x00000002   PAD
    0x08005d50   0x08005d50   0x0000004c   Code   RO           24    i.lcd20x4_i2c_sendCommand  lcd20x4_i2c.o
    0x08005d9c   0x08005d9c   0x0000004c   Code   RO           25    i.lcd20x4_i2c_sendData  lcd20x4_i2c.o
    0x08005de8   0x08005de8   0x00000042   Code   RO           26    i.lcd20x4_i2c_setCursor  lcd20x4_i2c.o
    0x08005e2a   0x08005e2a   0x00000024   Code   RO          619    i.lyr_frame_clear_all  lyrframe.o
    0x08005e4e   0x08005e4e   0x00000002   PAD
    0x08005e50   0x08005e50   0x00000054   Code   RO          620    i.lyr_frame_convert  lyrframe.o
    0x08005ea4   0x08005ea4   0x0000003c   Code   RO          625    i.lyr_frame_set_color  lyrframe.o
    0x08005ee0   0x08005ee0   0x0000002c   Code   RO          626    i.lyr_frame_set_single_color  lyrframe.o
    0x08005f0c   0x08005f0c   0x0000001a   Code   RO          627    i.lyr_frame_set_single_rgb  lyrframe.o
    0x08005f26   0x08005f26   0x0000002c   Code   RO          629    i.lyr_frame_shift_column  lyrframe.o
    0x08005f52   0x08005f52   0x0000002c   Code   RO          630    i.lyr_frame_shift_row  lyrframe.o
    0x08005f7e   0x08005f7e   0x00000048   Code   RO          631    i.lyrframe_set_square  lyrframe.o
    0x08005fc6   0x08005fc6   0x00000002   PAD
    0x08005fc8   0x08005fc8   0x00000344   Code   RO          953    i.main              main.o
    0x0800630c   0x0800630c   0x0000009c   Code   RO          416    i.merry_christmas   animations.o
    0x080063a8   0x080063a8   0x0000013c   Code   RO          417    i.modify_color_single_rgb_value  animations.o
    0x080064e4   0x080064e4   0x000001cc   Code   RO          238    i.mpr121_init       mpr121.o
    0x080066b0   0x080066b0   0x00000080   Code   RO          239    i.mpr121_keyPad     mpr121.o
    0x08006730   0x08006730   0x00000028   Code   RO          240    i.mpr121_read       mpr121.o
    0x08006758   0x08006758   0x0000002e   Code   RO          241    i.mpr121_touch      mpr121.o
    0x08006786   0x08006786   0x000000f4   Code   RO          242    i.mpr121_wheel      mpr121.o
    0x0800687a   0x0800687a   0x00000028   Code   RO          244    i.mpr121_write      mpr121.o
    0x080068a2   0x080068a2   0x00000002   PAD
    0x080068a4   0x080068a4   0x00000358   Code   RO          418    i.original_fade     animations.o
    0x08006bfc   0x08006bfc   0x00000074   Code   RO          954    i.previous_lyr_off  main.o
    0x08006c70   0x08006c70   0x00000010   Code   RO          920    i.rand_32bit_modulus  rng.o
    0x08006c80   0x08006c80   0x00000874   Code   RO          419    i.sliding_cubes     animations.o
    0x080074f4   0x080074f4   0x00000114   Code   RO          420    i.stretchy_cube     animations.o
    0x08007608   0x08007608   0x00000016   Code   RO          307    i.tlc_clear         tlc5940.o
    0x0800761e   0x0800761e   0x00000062   Code   RO          315    i.tlc_spi_convert   tlc5940.o
    0x08007680   0x08007680   0x00000104   Code   RO          421    i.transition_punch  animations.o
    0x08007784   0x08007784   0x00000004   PAD
    0x08007788   0x08007788   0x00000130   Data   RO          558    .constdata          bool_mask.o
    0x080078b8   0x080078b8   0x00000018   Data   RO         4643    .constdata          system_stm32f1xx.o
    0x080078d0   0x080078d0   0x00000020   Data   RO         4758    Region$$Table       anon$$obj.o


    Execution Region RW_IRAM1 (Exec base: 0x20000000, Load base: 0x080078f0, Size: 0x00003ba8, Max: 0x00005000, ABSOLUTE, COMPRESSED[0x00000228])

    Exec Addr    Load Addr    Size         Type   Attr      Idx    E Section Name        Object

    0x20000000   COMPRESSED   0x00000005   Data   RW           29    .data               lcd20x4_i2c.o
    0x20000005   COMPRESSED   0x00000003   PAD
    0x20000008   COMPRESSED   0x00000090   Data   RW          424    .data               animations.o
    0x20000098   COMPRESSED   0x000002c0   Data   RW          559    .data               bool_mask.o
    0x20000358   COMPRESSED   0x00000020   Data   RW          822    .data               menu_system.o
    0x20000378   COMPRESSED   0x00000004   Data   RW          921    .data               rng.o
    0x2000037c   COMPRESSED   0x00000316   Data   RW          956    .data               main.o
    0x20000692   COMPRESSED   0x00000002   PAD
    0x20000694   COMPRESSED   0x00000009   Data   RW         1791    .data               stm32f1xx_hal.o
    0x2000069d   COMPRESSED   0x00000003   PAD
    0x200006a0   COMPRESSED   0x00000004   Data   RW         4644    .data               system_stm32f1xx.o
    0x200006a4        -       0x00000040   Zero   RW          557    .bss                bool_mask.o
    0x200006e4        -       0x00000440   Zero   RW          821    .bss                menu_system.o
    0x20000b24        -       0x00001080   Zero   RW          955    .bss                main.o
    0x20001ba4   COMPRESSED   0x00000004   PAD
    0x20001ba8        -       0x00002000   Zero   RW            1    STACK               startup_stm32f103xb.o


==============================================================================

Image component sizes


      Code (inc. data)   RO Data    RW Data    ZI Data      Debug   Object Name

      6480        456          0        144          0      14600   animations.o
       866          0          0          0          0       5241   array_8x8.o
        90          0        304        704         64       4052   bool_mask.o
       558         24          0          5          0     448368   lcd20x4_i2c.o
       410         14          0          0          0       5556   lyrframe.o
      2414        188          0        790       4224       9812   main.o
      3248        580          0         32       1088      11126   menu_system.o
       958          0          0          0          0       5741   mpr121.o
        16          0          0          4          0        772   rng.o
        36          8        236          0       8192        796   startup_stm32f103xb.o
       192         36          0          9          0       5833   stm32f1xx_hal.o
       304         22          0          0          0      29375   stm32f1xx_hal_cortex.o
       854         38          0          0          0       3832   stm32f1xx_hal_gpio.o
      3208         58          0          0          0      12847   stm32f1xx_hal_i2c.o
       784         84          0          0          0       5268   stm32f1xx_hal_msp.o
        12          4          0          0          0        507   stm32f1xx_hal_pwr.o
      1784        110          0          0          0       5956   stm32f1xx_hal_rcc.o
       580         42          0          0          0       2385   stm32f1xx_hal_rcc_ex.o
       388          6          0          0          0       3260   stm32f1xx_hal_rtc.o
       762          0          0          0          0       3938   stm32f1xx_hal_spi.o
      1542         36          0          0          0      11818   stm32f1xx_hal_tim.o
       204          0          0          0          0       3121   stm32f1xx_hal_tim_ex.o
       530          4          0          0          0       1728   stm32f1xx_hal_uart.o
        68          6          0          0          0       5119   stm32f1xx_it.o
        88         18         24          4          0       1139   system_stm32f1xx.o
       120          0          0          0          0       1665   tlc5940.o

    ----------------------------------------------------------------------
     26524       1738        596       1700      13572     603855   Object Totals
         0          0         32          0          0          0   (incl. Generated)
        28          4          0          8          4          0   (incl. Padding)

    ----------------------------------------------------------------------

      Code (inc. data)   RO Data    RW Data    ZI Data      Debug   Library Member Name

        86          0          0          0          0          0   __dczerorl2.o
         0          0          0          0          0          0   entry.o
         0          0          0          0          0          0   entry10a.o
         0          0          0          0          0          0   entry11a.o
         8          4          0          0          0          0   entry2.o
         4          0          0          0          0          0   entry5.o
         0          0          0          0          0          0   entry7b.o
         0          0          0          0          0          0   entry8b.o
         8          4          0          0          0          0   entry9a.o
        30          0          0          0          0          0   handlers.o
        36          8          0          0          0         68   init.o
         0          0          0          0          0          0   iusefp.o
        30          0          0          0          0         68   llshl.o
        36          0          0          0          0         68   llsshr.o
        32          0          0          0          0         68   llushr.o
        36          0          0          0          0         68   memcpya.o
        36          0          0          0          0        108   memseta.o
      2272         86          0          0          0        516   printfa.o
        14          0          0          0          0         68   strlen.o
        44          0          0          0          0         80   uidiv.o
        98          0          0          0          0         92   uldiv.o
        48          0          0          0          0         68   cdrcmple.o
       334          0          0          0          0        148   dadd.o
       222          0          0          0          0        100   ddiv.o
       186          0          0          0          0        176   depilogue.o
        48          0          0          0          0         68   dfixul.o
       228          0          0          0          0         96   dmul.o

    ----------------------------------------------------------------------
      3840        102          0          0          0       1860   Library Totals
         4          0          0          0          0          0   (incl. Padding)

    ----------------------------------------------------------------------

      Code (inc. data)   RO Data    RW Data    ZI Data      Debug   Library Name

      2770        102          0          0          0       1204   mc_w.l
      1066          0          0          0          0        656   mf_w.l

    ----------------------------------------------------------------------
      3840        102          0          0          0       1860   Library Totals

    ----------------------------------------------------------------------

==============================================================================


      Code (inc. data)   RO Data    RW Data    ZI Data      Debug   

     30364       1840        596       1700      13572     596639   Grand Totals
     30364       1840        596        552      13572     596639   ELF Image Totals (compressed)
     30364       1840        596        552          0          0   ROM Totals

==============================================================================

    Total RO  Size (Code + RO Data)                30960 (  30.23kB)
    Total RW  Size (RW Data + ZI Data)             15272 (  14.91kB)
    Total ROM Size (Code + RO Data + RW Data)      31512 (  30.77kB)

==============================================================================

