Component: ARM Compiler 5.06 update 6 (build 750) Tool: armlink [4d35ed]

==============================================================================

Section Cross References

    startup_stm32f103xb.o(RESET) refers to startup_stm32f103xb.o(STACK) for __initial_sp
    startup_stm32f103xb.o(RESET) refers to startup_stm32f103xb.o(.text) for Reset_Handler
    startup_stm32f103xb.o(RESET) refers to stm32f1xx_it.o(i.NMI_Handler) for NMI_Handler
    startup_stm32f103xb.o(RESET) refers to stm32f1xx_it.o(i.HardFault_Handler) for HardFault_Handler
    startup_stm32f103xb.o(RESET) refers to stm32f1xx_it.o(i.MemManage_Handler) for MemManage_Handler
    startup_stm32f103xb.o(RESET) refers to stm32f1xx_it.o(i.BusFault_Handler) for BusFault_Handler
    startup_stm32f103xb.o(RESET) refers to stm32f1xx_it.o(i.UsageFault_Handler) for UsageFault_Handler
    startup_stm32f103xb.o(RESET) refers to stm32f1xx_it.o(i.SVC_Handler) for SVC_Handler
    startup_stm32f103xb.o(RESET) refers to stm32f1xx_it.o(i.DebugMon_Handler) for DebugMon_Handler
    startup_stm32f103xb.o(RESET) refers to stm32f1xx_it.o(i.PendSV_Handler) for PendSV_Handler
    startup_stm32f103xb.o(RESET) refers to stm32f1xx_it.o(i.SysTick_Handler) for SysTick_Handler
    startup_stm32f103xb.o(RESET) refers to stm32f1xx_it.o(i.EXTI4_IRQHandler) for EXTI4_IRQHandler
    startup_stm32f103xb.o(RESET) refers to stm32f1xx_it.o(i.EXTI9_5_IRQHandler) for EXTI9_5_IRQHandler
    startup_stm32f103xb.o(RESET) refers to stm32f1xx_it.o(i.TIM1_UP_IRQHandler) for TIM1_UP_IRQHandler
    startup_stm32f103xb.o(.text) refers to system_stm32f1xx.o(i.SystemInit) for SystemInit
    startup_stm32f103xb.o(.text) refers to entry.o(.ARM.Collect$$$$00000000) for __main
    main.o(i.HAL_GPIO_EXTI_Callback) refers to memcpya.o(.text) for __aeabi_memcpy4
    main.o(i.HAL_GPIO_EXTI_Callback) refers to menu_system.o(i.Menu_Read_MPR121) for Menu_Read_MPR121
    main.o(i.HAL_GPIO_EXTI_Callback) refers to main.o(.bss) for hi2c1
    main.o(i.HAL_GPIO_EXTI_Callback) refers to main.o(.data) for currentAction
    main.o(i.HAL_GPIO_EXTI_Callback) refers to animations.o(.data) for HALT_ANIMATION
    main.o(i.HAL_TIM_PeriodElapsedCallback) refers to main.o(i.previous_lyr_off) for previous_lyr_off
    main.o(i.HAL_TIM_PeriodElapsedCallback) refers to stm32f1xx_hal_gpio.o(i.HAL_GPIO_WritePin) for HAL_GPIO_WritePin
    main.o(i.HAL_TIM_PeriodElapsedCallback) refers to main.o(i.current_lyr_on) for current_lyr_on
    main.o(i.HAL_TIM_PeriodElapsedCallback) refers to tlc5940.o(i.tlc_spi_convert) for tlc_spi_convert
    main.o(i.HAL_TIM_PeriodElapsedCallback) refers to stm32f1xx_hal_spi.o(i.HAL_SPI_Transmit) for HAL_SPI_Transmit
    main.o(i.HAL_TIM_PeriodElapsedCallback) refers to rng.o(.data) for rngCount
    main.o(i.HAL_TIM_PeriodElapsedCallback) refers to main.o(.data) for UPDATE_FRAME
    main.o(i.HAL_TIM_PeriodElapsedCallback) refers to main.o(.bss) for hspi1
    main.o(i.MX_GPIO_Init) refers to stm32f1xx_hal_gpio.o(i.HAL_GPIO_WritePin) for HAL_GPIO_WritePin
    main.o(i.MX_GPIO_Init) refers to stm32f1xx_hal_gpio.o(i.HAL_GPIO_Init) for HAL_GPIO_Init
    main.o(i.MX_GPIO_Init) refers to stm32f1xx_hal_cortex.o(i.HAL_NVIC_SetPriority) for HAL_NVIC_SetPriority
    main.o(i.MX_GPIO_Init) refers to stm32f1xx_hal_cortex.o(i.HAL_NVIC_EnableIRQ) for HAL_NVIC_EnableIRQ
    main.o(i.MX_I2C1_Init) refers to stm32f1xx_hal_i2c.o(i.HAL_I2C_Init) for HAL_I2C_Init
    main.o(i.MX_I2C1_Init) refers to main.o(i.Error_Handler) for Error_Handler
    main.o(i.MX_I2C1_Init) refers to main.o(.bss) for hi2c1
    main.o(i.MX_RTC_Init) refers to stm32f1xx_hal_rtc.o(i.HAL_RTC_Init) for HAL_RTC_Init
    main.o(i.MX_RTC_Init) refers to main.o(i.Error_Handler) for Error_Handler
    main.o(i.MX_RTC_Init) refers to main.o(.bss) for hrtc
    main.o(i.MX_SPI1_Init) refers to stm32f1xx_hal_spi.o(i.HAL_SPI_Init) for HAL_SPI_Init
    main.o(i.MX_SPI1_Init) refers to main.o(i.Error_Handler) for Error_Handler
    main.o(i.MX_SPI1_Init) refers to main.o(.bss) for hspi1
    main.o(i.MX_TIM1_Init) refers to memseta.o(.text) for __aeabi_memclr4
    main.o(i.MX_TIM1_Init) refers to stm32f1xx_hal_tim.o(i.HAL_TIM_PWM_Init) for HAL_TIM_PWM_Init
    main.o(i.MX_TIM1_Init) refers to main.o(i.Error_Handler) for Error_Handler
    main.o(i.MX_TIM1_Init) refers to stm32f1xx_hal_tim_ex.o(i.HAL_TIMEx_MasterConfigSynchronization) for HAL_TIMEx_MasterConfigSynchronization
    main.o(i.MX_TIM1_Init) refers to stm32f1xx_hal_tim.o(i.HAL_TIM_PWM_ConfigChannel) for HAL_TIM_PWM_ConfigChannel
    main.o(i.MX_TIM1_Init) refers to stm32f1xx_hal_tim_ex.o(i.HAL_TIMEx_ConfigBreakDeadTime) for HAL_TIMEx_ConfigBreakDeadTime
    main.o(i.MX_TIM1_Init) refers to stm32f1xx_hal_msp.o(i.HAL_TIM_MspPostInit) for HAL_TIM_MspPostInit
    main.o(i.MX_TIM1_Init) refers to main.o(.bss) for htim1
    main.o(i.MX_TIM2_Init) refers to memseta.o(.text) for __aeabi_memclr4
    main.o(i.MX_TIM2_Init) refers to stm32f1xx_hal_tim.o(i.HAL_TIM_OC_Init) for HAL_TIM_OC_Init
[...]
    ../clib/microlib/stubs.s                 0x00000000   Number         0  iusesemip.o ABSOLUTE
    ../fplib/microlib/fpadd.c                0x00000000   Number         0  dadd.o ABSOLUTE
    ../fplib/microlib/fpdiv.c                0x00000000   Number         0  ddiv.o ABSOLUTE
    ../fplib/microlib/fpepilogue.c           0x00000000   Number         0  depilogue.o ABSOLUTE
    ../fplib/microlib/fpfix.c                0x00000000   Number         0  dfixul.o ABSOLUTE
    ../fplib/microlib/fpmul.c                0x00000000   Number         0  dmul.o ABSOLUTE
    ..\Drivers\STM32F1xx_HAL_Driver\Src\stm32f1xx_hal.c 0x00000000   Number         0  stm32f1xx_hal.o ABSOLUTE
    ..\Drivers\STM32F1xx_HAL_Driver\Src\stm32f1xx_hal_cortex.c 0x00000000   Number         0  stm32f1xx_hal_cortex.o ABSOLUTE
    ..\Drivers\STM32F1xx_HAL_Driver\Src\stm32f1xx_hal_dma.c 0x00000000   Number         0  stm32f1xx_hal_dma.o ABSOLUTE
    ..\Drivers\STM32F1xx_HAL_Driver\Src\stm32f1xx_hal_exti.c 0x00000000   Number         0  stm32f1xx_hal_exti.o ABSOLUTE
    ..\Drivers\STM32F1xx_HAL_Driver\Src\stm32f1xx_hal_flash.c 0x00000000   Number         0  stm32f1xx_hal_flash.o ABSOLUTE
    ..\Drivers\STM32F1xx_HAL_Driver\Src\stm32f1xx_hal_flash_ex.c 0x00000000   Number         0  stm32f1xx_hal_flash_ex.o ABSOLUTE
    ..\Drivers\STM32F1xx_HAL_Driver\Src\stm32f1xx_hal_gpio.c 0x00000000   Number         0  stm32f1xx_hal_gpio.o ABSOLUTE
    ..\Drivers\STM32F1xx_HAL_Driver\Src\stm32f1xx_hal_gpio_ex.c 0x00000000   Number         0  stm32f1xx_hal_gpio_ex.o ABSOLUTE
    ..\Drivers\STM32F1xx_HAL_Driver\Src\stm32f1xx_hal_i2c.c 0x00000000   Number         0  stm32f1xx_hal_i2c.o ABSOLUTE
    ..\Drivers\STM32F1xx_HAL_Driver\Src\stm32f1xx_hal_pwr.c 0x00000000   Number         0  stm32f1xx_hal_pwr.o ABSOLUTE
    ..\Drivers\STM32F1xx_HAL_Driver\Src\stm32f1xx_hal_rcc.c 0x00000000   Number         0  stm32f1xx_hal_rcc.o ABSOLUTE
    ..\Drivers\STM32F1xx_HAL_Driver\Src\stm32f1xx_hal_rcc_ex.c 0x00000000   Number         0  stm32f1xx_hal_rcc_ex.o ABSOLUTE
    ..\Drivers\STM32F1xx_HAL_Driver\Src\stm32f1xx_hal_rtc.c 0x00000000   Number         0  stm32f1xx_hal_rtc.o ABSOLUTE
    ..\Drivers\STM32F1xx_HAL_Driver\Src\stm32f1xx_hal_rtc_ex.c 0x00000000   Number         0  stm32f1xx_hal_rtc_ex.o ABSOLUTE
    ..\Drivers\STM32F1xx_HAL_Driver\Src\stm32f1xx_hal_spi.c 0x00000000   Number         0  stm32f1xx_hal_spi.o ABSOLUTE
    ..\Drivers\STM32F1xx_HAL_Driver\Src\stm32f1xx_hal_tim.c 0x00000000   Number         0  stm32f1xx_hal_tim.o ABSOLUTE
    ..\Drivers\STM32F1xx_HAL_Driver\Src\stm32f1xx_hal_tim_ex.c 0x00000000   Number         0  stm32f1xx_hal_tim_ex.o ABSOLUTE
    ..\Drivers\STM32F1xx_HAL_Driver\Src\stm32f1xx_hal_uart.c 0x00000000   Number         0  stm32f1xx_hal_uart.o ABSOLUTE
    ..\Src\animations.c                      0x00000000   Number         0  animations.o ABSOLUTE
    ..\Src\array_8x8.c                       0x00000000   Number         0  array_8x8.o ABSOLUTE
    ..\Src\bool_mask.c                       0x00000000   Number         0  bool_mask.o ABSOLUTE
    ..\Src\frame.c                           0x00000000   Number         0  frame.o ABSOLUTE
    ..\Src\lcd20x4_i2c.c                     0x00000000   Number         0  lcd20x4_i2c.o ABSOLUTE
    ..\Src\lyrframe.c                        0x00000000   Number         0  lyrframe.o ABSOLUTE
    ..\Src\main.c                            0x00000000   Number         0  main.o ABSOLUTE
    ..\Src\menu_system.c                     0x00000000   Number         0  menu_system.o ABSOLUTE
    ..\Src\mpr121.c                          0x00000000   Number         0  mpr121.o ABSOLUTE
    ..\Src\rng.c                             0x00000000   Number         0  rng.o ABSOLUTE
    ..\Src\stm32f1xx_hal_msp.c               0x00000000   Number         0  stm32f1xx_hal_msp.o ABSOLUTE
    ..\Src\stm32f1xx_it.c                    0x00000000   Number         0  stm32f1xx_it.o ABSOLUTE
    ..\Src\system_stm32f1xx.c                0x00000000   Number         0  system_stm32f1xx.o ABSOLUTE
    ..\Src\tlc5940.c                         0x00000000   Number         0  tlc5940.o ABSOLUTE
    ..\\Src\\animations.c                    0x00000000   Number         0  animations.o ABSOLUTE
    ..\\Src\\lcd20x4_i2c.c                   0x00000000   Number         0  lcd20x4_i2c.o ABSOLUTE
    ..\\Src\\menu_system.c                   0x00000000   Number         0  menu_system.o ABSOLUTE
    ..\\Src\\mpr121.c                        0x00000000   Number         0  mpr121.o ABSOLUTE
    ..\\Src\\tlc5940.c                       0x00000000   Number         0  tlc5940.o ABSOLUTE
    cdrcmple.s                               0x00000000   Number         0  cdrcmple.o ABSOLUTE
    dc.s                                     0x00000000   Number         0  dc.o ABSOLUTE
    handlers.s                               0x00000000   Number         0  handlers.o ABSOLUTE
    init.s                                   0x00000000   Number         0  init.o ABSOLUTE
    startup_stm32f103xb.s                    0x00000000   Number         0  startup_stm32f103xb.o ABSOLUTE
    RESET                                    0x08000000   Section      236  startup_stm32f103xb.o(RESET)
    .ARM.Collect$$$$00000000                 0x080000ec   Section        0  entry.o(.ARM.Collect$$$$00000000)
    .ARM.Collect$$$$00000001                 0x080000ec   Section        4  entry2.o(.ARM.Collect$$$$00000001)
    .ARM.Collect$$$$00000004                 0x080000f0   Section        4  entry5.o(.ARM.Collect$$$$00000004)
    .ARM.Collect$$$$00000008                 0x080000f4   Section        0  entry7b.o(.ARM.Collect$$$$00000008)
    .ARM.Collect$$$$0000000A                 0x080000f4   Section        0  entry8b.o(.ARM.Collect$$$$0000000A)
    .ARM.Collect$$$$0000000B                 0x080000f4   Section        8  entry9a.o(.ARM.Collect$$$$0000000B)
    .ARM.Collect$$$$0000000D                 0x080000fc   Section        0  entry10a.o(.ARM.Collect$$$$0000000D)
    .ARM.Collect$$$$0000000F                 0x080000fc   Section        0  entry11a.o(.ARM.Collect$$$$0000000F)
    .ARM.Collect$$$$00002712                 0x080000fc   Section        4  entry2.o(.ARM.Collect$$$$00002712)
    __lit__00000000                          0x080000fc   Data           4  entry2.o(.ARM.Collect$$$$00002712)
    .text                                    0x08000100   Section       36  startup_stm32f103xb.o(.text)
    .text                                    0x08000124   Section        0  llushr.o(.text)
    .text                                    0x08000144   Section        0  memcpya.o(.text)
    .text                                    0x08000168   Section        0  memseta.o(.text)
    .text                                    0x0800018c   Section        0  strlen.o(.text)
    .text                                    0x0800019a   Section        0  uidiv.o(.text)
    .text                                    0x080001c6   Section        0  uldiv.o(.text)
    .text                                    0x08000228   Section        0  dadd.o(.text)
    .text                                    0x08000228   Section        0  iusefp.o(.text)
    .text                                    0x08000376   Section        0  dmul.o(.text)
    .text                                    0x0800045a   Section        0  ddiv.o(.text)
    .text                                    0x08000538   Section        0  dfixul.o(.text)
    .text                                    0x08000568   Section       48  cdrcmple.o(.text)
    .text                                    0x08000598   Section       36  init.o(.text)
    .text                                    0x080005bc   Section        0  llshl.o(.text)
    .text                                    0x080005da   Section        0  llsshr.o(.text)
    .text                                    0x080005fe   Section        0  depilogue.o(.text)
    .text                                    0x080006b8   Section        0  __dczerorl2.o(.text)
    i.ActiveAnimationMenuInit                0x08000710   Section        0  menu_system.o(i.ActiveAnimationMenuInit)
    i.AnimationMenuInit                      0x080007b8   Section        0  menu_system.o(i.AnimationMenuInit)
    i.BusFault_Handler                       0x080008ec   Section        0  stm32f1xx_it.o(i.BusFault_Handler)
    i.DebugMon_Handler                       0x080008f0   Section        0  stm32f1xx_it.o(i.DebugMon_Handler)
    i.EXTI4_IRQHandler                       0x080008f2   Section        0  stm32f1xx_it.o(i.EXTI4_IRQHandler)
    i.EXTI9_5_IRQHandler                     0x080008fc   Section        0  stm32f1xx_it.o(i.EXTI9_5_IRQHandler)
    i.Error_Handler                          0x08000906   Section        0  main.o(i.Error_Handler)
    i.HAL_Delay                              0x08000908   Section        0  stm32f1xx_hal.o(i.HAL_Delay)
    i.HAL_GPIO_EXTI_Callback                 0x08000930   Section        0  main.o(i.HAL_GPIO_EXTI_Callback)
    i.HAL_GPIO_EXTI_IRQHandler               0x080009f0   Section        0  stm32f1xx_hal_gpio.o(i.HAL_GPIO_EXTI_IRQHandler)
    i.HAL_GPIO_Init                          0x08000a0c   Section        0  stm32f1xx_hal_gpio.o(i.HAL_GPIO_Init)
    i.HAL_GPIO_TogglePin                     0x08000d2c   Section        0  stm32f1xx_hal_gpio.o(i.HAL_GPIO_TogglePin)
    i.HAL_GPIO_WritePin                      0x08000d3a   Section        0  stm32f1xx_hal_gpio.o(i.HAL_GPIO_WritePin)
    i.HAL_GetTick                            0x08000d48   Section        0  stm32f1xx_hal.o(i.HAL_GetTick)
    i.HAL_I2C_GetState                       0x08000d54   Section        0  stm32f1xx_hal_i2c.o(i.HAL_I2C_GetState)
    i.HAL_I2C_Init                           0x08000d5c   Section        0  stm32f1xx_hal_i2c.o(i.HAL_I2C_Init)
    i.HAL_I2C_IsDeviceReady                  0x08000f14   Section        0  stm32f1xx_hal_i2c.o(i.HAL_I2C_IsDeviceReady)
    i.HAL_I2C_Master_Transmit                0x080010b8   Section        0  stm32f1xx_hal_i2c.o(i.HAL_I2C_Master_Transmit)
    i.HAL_I2C_Mem_Read                       0x08001228   Section        0  stm32f1xx_hal_i2c.o(i.HAL_I2C_Mem_Read)
    i.HAL_I2C_MspInit                        0x08001538   Section        0  stm32f1xx_hal_msp.o(i.HAL_I2C_MspInit)
    i.HAL_IncTick                            0x080015ac   Section        0  stm32f1xx_hal.o(i.HAL_IncTick)
    i.HAL_Init                               0x080015c4   Section        0  stm32f1xx_hal.o(i.HAL_Init)
    i.HAL_InitTick                           0x080015ec   Section        0  stm32f1xx_hal.o(i.HAL_InitTick)
    i.HAL_MspInit                            0x08001638   Section        0  stm32f1xx_hal_msp.o(i.HAL_MspInit)
    i.HAL_NVIC_EnableIRQ                     0x0800168c   Section        0  stm32f1xx_hal_cortex.o(i.HAL_NVIC_EnableIRQ)
    i.HAL_NVIC_SetPriority                   0x080016ac   Section        0  stm32f1xx_hal_cortex.o(i.HAL_NVIC_SetPriority)
    i.HAL_NVIC_SetPriorityGrouping           0x08001728   Section        0  stm32f1xx_hal_cortex.o(i.HAL_NVIC_SetPriorityGrouping)
    i.HAL_PWR_EnableBkUpAccess               0x08001750   Section        0  stm32f1xx_hal_pwr.o(i.HAL_PWR_EnableBkUpAccess)
    i.HAL_RCCEx_GetPeriphCLKFreq             0x0800175c   Section        0  stm32f1xx_hal_rcc_ex.o(i.HAL_RCCEx_GetPeriphCLKFreq)
    i.HAL_RCCEx_PeriphCLKConfig              0x08001870   Section        0  stm32f1xx_hal_rcc_ex.o(i.HAL_RCCEx_PeriphCLKConfig)
    i.HAL_RCC_ClockConfig                    0x080019a0   Section        0  stm32f1xx_hal_rcc.o(i.HAL_RCC_ClockConfig)
    i.HAL_RCC_GetHCLKFreq                    0x08001b2c   Section        0  stm32f1xx_hal_rcc.o(i.HAL_RCC_GetHCLKFreq)
    i.HAL_RCC_GetPCLK1Freq                   0x08001b38   Section        0  stm32f1xx_hal_rcc.o(i.HAL_RCC_GetPCLK1Freq)
    i.HAL_RCC_GetPCLK2Freq                   0x08001b58   Section        0  stm32f1xx_hal_rcc.o(i.HAL_RCC_GetPCLK2Freq)
    i.HAL_RCC_GetSysClockFreq                0x08001b78   Section        0  stm32f1xx_hal_rcc.o(i.HAL_RCC_GetSysClockFreq)
    i.HAL_RCC_OscConfig                      0x08001c0c   Section        0  stm32f1xx_hal_rcc.o(i.HAL_RCC_OscConfig)
    i.HAL_RTC_Init                           0x08002070   Section        0  stm32f1xx_hal_rtc.o(i.HAL_RTC_Init)
    i.HAL_RTC_MspInit                        0x08002140   Section        0  stm32f1xx_hal_msp.o(i.HAL_RTC_MspInit)
    i.HAL_RTC_WaitForSynchro                 0x08002180   Section        0  stm32f1xx_hal_rtc.o(i.HAL_RTC_WaitForSynchro)
    i.HAL_SPI_Init                           0x080021c0   Section        0  stm32f1xx_hal_spi.o(i.HAL_SPI_Init)
    i.HAL_SPI_MspInit                        0x08002248   Section        0  stm32f1xx_hal_msp.o(i.HAL_SPI_MspInit)
    i.HAL_SPI_Transmit                       0x080022cc   Section        0  stm32f1xx_hal_spi.o(i.HAL_SPI_Transmit)
    i.HAL_SYSTICK_Config                     0x0800246e   Section        0  stm32f1xx_hal_cortex.o(i.HAL_SYSTICK_Config)
    i.HAL_TIMEx_BreakCallback                0x080024a2   Section        0  stm32f1xx_hal_tim_ex.o(i.HAL_TIMEx_BreakCallback)
    i.HAL_TIMEx_CommutCallback               0x080024a4   Section        0  stm32f1xx_hal_tim_ex.o(i.HAL_TIMEx_CommutCallback)
    i.HAL_TIMEx_ConfigBreakDeadTime          0x080024a6   Section        0  stm32f1xx_hal_tim_ex.o(i.HAL_TIMEx_ConfigBreakDeadTime)
    i.HAL_TIMEx_MasterConfigSynchronization  0x0800251a   Section        0  stm32f1xx_hal_tim_ex.o(i.HAL_TIMEx_MasterConfigSynchronization)
    i.HAL_TIM_Base_Start_IT                  0x0800256e   Section        0  stm32f1xx_hal_tim.o(i.HAL_TIM_Base_Start_IT)
    i.HAL_TIM_IC_CaptureCallback             0x08002598   Section        0  stm32f1xx_hal_tim.o(i.HAL_TIM_IC_CaptureCallback)
    i.HAL_TIM_IRQHandler                     0x0800259a   Section        0  stm32f1xx_hal_tim.o(i.HAL_TIM_IRQHandler)
    i.HAL_TIM_MspPostInit                    0x08002730   Section        0  stm32f1xx_hal_msp.o(i.HAL_TIM_MspPostInit)
    i.HAL_TIM_OC_ConfigChannel               0x080027bc   Section        0  stm32f1xx_hal_tim.o(i.HAL_TIM_OC_ConfigChannel)
    i.HAL_TIM_OC_DelayElapsedCallback        0x08002830   Section        0  stm32f1xx_hal_tim.o(i.HAL_TIM_OC_DelayElapsedCallback)
    i.HAL_TIM_OC_Init                        0x08002832   Section        0  stm32f1xx_hal_tim.o(i.HAL_TIM_OC_Init)
    i.HAL_TIM_OC_MspInit                     0x08002868   Section        0  stm32f1xx_hal_msp.o(i.HAL_TIM_OC_MspInit)
    i.HAL_TIM_OC_Start                       0x08002894   Section        0  stm32f1xx_hal_tim.o(i.HAL_TIM_OC_Start)
    i.HAL_TIM_PWM_ConfigChannel              0x080028e0   Section        0  stm32f1xx_hal_tim.o(i.HAL_TIM_PWM_ConfigChannel)
    i.HAL_TIM_PWM_Init                       0x080029e8   Section        0  stm32f1xx_hal_tim.o(i.HAL_TIM_PWM_Init)
    i.HAL_TIM_PWM_MspInit                    0x08002a1c   Section        0  stm32f1xx_hal_msp.o(i.HAL_TIM_PWM_MspInit)
    i.HAL_TIM_PWM_PulseFinishedCallback      0x08002a60   Section        0  stm32f1xx_hal_tim.o(i.HAL_TIM_PWM_PulseFinishedCallback)
    i.HAL_TIM_PeriodElapsedCallback          0x08002a64   Section        0  main.o(i.HAL_TIM_PeriodElapsedCallback)
    i.HAL_TIM_TriggerCallback                0x08002b48   Section        0  stm32f1xx_hal_tim.o(i.HAL_TIM_TriggerCallback)
    i.HAL_UART_Init                          0x08002b4a   Section        0  stm32f1xx_hal_uart.o(i.HAL_UART_Init)
    i.HAL_UART_MspInit                       0x08002bbc   Section        0  stm32f1xx_hal_msp.o(i.HAL_UART_MspInit)
    i.HardFault_Handler                      0x08002c44   Section        0  stm32f1xx_it.o(i.HardFault_Handler)
    i.I2C_IsAcknowledgeFailed                0x08002c4a   Section        0  stm32f1xx_hal_i2c.o(i.I2C_IsAcknowledgeFailed)
    I2C_IsAcknowledgeFailed                  0x08002c4b   Thumb Code    62  stm32f1xx_hal_i2c.o(i.I2C_IsAcknowledgeFailed)
    i.I2C_MasterRequestWrite                 0x08002c88   Section        0  stm32f1xx_hal_i2c.o(i.I2C_MasterRequestWrite)
    I2C_MasterRequestWrite                   0x08002c89   Thumb Code   166  stm32f1xx_hal_i2c.o(i.I2C_MasterRequestWrite)
    i.I2C_RequestMemoryRead                  0x08002d34   Section        0  stm32f1xx_hal_i2c.o(i.I2C_RequestMemoryRead)
    I2C_RequestMemoryRead                    0x08002d35   Thumb Code   308  stm32f1xx_hal_i2c.o(i.I2C_RequestMemoryRead)
    i.I2C_WaitOnBTFFlagUntilTimeout          0x08002e6c   Section        0  stm32f1xx_hal_i2c.o(i.I2C_WaitOnBTFFlagUntilTimeout)
    I2C_WaitOnBTFFlagUntilTimeout            0x08002e6d   Thumb Code    92  stm32f1xx_hal_i2c.o(i.I2C_WaitOnBTFFlagUntilTimeout)
    i.I2C_WaitOnFlagUntilTimeout             0x08002ec8   Section        0  stm32f1xx_hal_i2c.o(i.I2C_WaitOnFlagUntilTimeout)
    I2C_WaitOnFlagUntilTimeout               0x08002ec9   Thumb Code   134  stm32f1xx_hal_i2c.o(i.I2C_WaitOnFlagUntilTimeout)
    i.I2C_WaitOnMasterAddressFlagUntilTimeout 0x08002f4e   Section        0  stm32f1xx_hal_i2c.o(i.I2C_WaitOnMasterAddressFlagUntilTimeout)
    I2C_WaitOnMasterAddressFlagUntilTimeout  0x08002f4f   Thumb Code   196  stm32f1xx_hal_i2c.o(i.I2C_WaitOnMasterAddressFlagUntilTimeout)
    i.I2C_WaitOnRXNEFlagUntilTimeout         0x08003012   Section        0  stm32f1xx_hal_i2c.o(i.I2C_WaitOnRXNEFlagUntilTimeout)
    I2C_WaitOnRXNEFlagUntilTimeout           0x08003013   Thumb Code   128  stm32f1xx_hal_i2c.o(i.I2C_WaitOnRXNEFlagUntilTimeout)
    i.I2C_WaitOnTXEFlagUntilTimeout          0x08003092   Section        0  stm32f1xx_hal_i2c.o(i.I2C_WaitOnTXEFlagUntilTimeout)
    I2C_WaitOnTXEFlagUntilTimeout            0x08003093   Thumb Code    92  stm32f1xx_hal_i2c.o(i.I2C_WaitOnTXEFlagUntilTimeout)
    i.MX_GPIO_Init                           0x080030f0   Section        0  main.o(i.MX_GPIO_Init)
    MX_GPIO_Init                             0x080030f1   Thumb Code   272  main.o(i.MX_GPIO_Init)
    i.MX_I2C1_Init                           0x08003210   Section        0  main.o(i.MX_I2C1_Init)
    MX_I2C1_Init                             0x08003211   Thumb Code    48  main.o(i.MX_I2C1_Init)
    i.MX_RTC_Init                            0x0800324c   Section        0  main.o(i.MX_RTC_Init)
    MX_RTC_Init                              0x0800324d   Thumb Code    34  main.o(i.MX_RTC_Init)
    i.MX_SPI1_Init                           0x08003278   Section        0  main.o(i.MX_SPI1_Init)
    MX_SPI1_Init                             0x08003279   Thumb Code    58  main.o(i.MX_SPI1_Init)
    i.MX_TIM1_Init                           0x080032bc   Section        0  main.o(i.MX_TIM1_Init)
    MX_TIM1_Init                             0x080032bd   Thumb Code   170  main.o(i.MX_TIM1_Init)
    i.MX_TIM2_Init                           0x08003370   Section        0  main.o(i.MX_TIM2_Init)
    MX_TIM2_Init                             0x08003371   Thumb Code   120  main.o(i.MX_TIM2_Init)
    i.MX_USART1_UART_Init                    0x080033ec   Section        0  main.o(i.MX_USART1_UART_Init)
    MX_USART1_UART_Init                      0x080033ed   Thumb Code    46  main.o(i.MX_USART1_UART_Init)
    i.MainMenuInit                           0x08003424   Section        0  menu_system.o(i.MainMenuInit)
    i.MemManage_Handler                      0x080034e8   Section        0  stm32f1xx_it.o(i.MemManage_Handler)
    i.MenuButtonPressed                      0x080034ec   Section        0  menu_system.o(i.MenuButtonPressed)
    i.MenuDisplayUpdate                      0x08003670   Section        0  menu_system.o(i.MenuDisplayUpdate)
    i.MenuScrollDown                         0x0800371a   Section        0  menu_system.o(i.MenuScrollDown)
    i.MenuScrollUp                           0x08003782   Section        0  menu_system.o(i.MenuScrollUp)
    i.MenuSetRowText                         0x080037ea   Section        0  menu_system.o(i.MenuSetRowText)
    i.MenuStrCpy                             0x08003822   Section        0  menu_system.o(i.MenuStrCpy)
    i.MenuSystemInit                         0x08003838   Section        0  menu_system.o(i.MenuSystemInit)
    i.Menu_Read_MPR121                       0x080039a0   Section        0  menu_system.o(i.Menu_Read_MPR121)
    i.NMI_Handler                            0x08003e08   Section        0  stm32f1xx_it.o(i.NMI_Handler)
    i.PendSV_Handler                         0x08003e0a   Section        0  stm32f1xx_it.o(i.PendSV_Handler)
    i.PinMappingMenuInit                     0x08003e0c   Section        0  menu_system.o(i.PinMappingMenuInit)
    i.RCC_Delay                              0x08003ee4   Section        0  stm32f1xx_hal_rcc.o(i.RCC_Delay)
    RCC_Delay                                0x08003ee5   Thumb Code    36  stm32f1xx_hal_rcc.o(i.RCC_Delay)
    i.RTC_EnterInitMode                      0x08003f0c   Section        0  stm32f1xx_hal_rtc.o(i.RTC_EnterInitMode)
    RTC_EnterInitMode                        0x08003f0d   Thumb Code    58  stm32f1xx_hal_rtc.o(i.RTC_EnterInitMode)
    i.RTC_ExitInitMode                       0x08003f46   Section        0  stm32f1xx_hal_rtc.o(i.RTC_ExitInitMode)
    RTC_ExitInitMode                         0x08003f47   Thumb Code    58  stm32f1xx_hal_rtc.o(i.RTC_ExitInitMode)
    i.SPI_EndRxTxTransaction                 0x08003f80   Section        0  stm32f1xx_hal_spi.o(i.SPI_EndRxTxTransaction)
    SPI_EndRxTxTransaction                   0x08003f81   Thumb Code    40  stm32f1xx_hal_spi.o(i.SPI_EndRxTxTransaction)
    i.SPI_WaitFlagStateUntilTimeout          0x08003fa8   Section        0  stm32f1xx_hal_spi.o(i.SPI_WaitFlagStateUntilTimeout)
    SPI_WaitFlagStateUntilTimeout            0x08003fa9   Thumb Code   168  stm32f1xx_hal_spi.o(i.SPI_WaitFlagStateUntilTimeout)
    i.SVC_Handler                            0x08004050   Section        0  stm32f1xx_it.o(i.SVC_Handler)
    i.SysTick_Handler                        0x08004052   Section        0  stm32f1xx_it.o(i.SysTick_Handler)
    i.SystemClock_Config                     0x0800405a   Section        0  main.o(i.SystemClock_Config)
    i.SystemInit                             0x080040cc   Section        0  system_stm32f1xx.o(i.SystemInit)
    i.TIM1_UP_IRQHandler                     0x08004124   Section        0  stm32f1xx_it.o(i.TIM1_UP_IRQHandler)
    i.TIM_Base_SetConfig                     0x08004134   Section        0  stm32f1xx_hal_tim.o(i.TIM_Base_SetConfig)
    i.TIM_CCxChannelCmd                      0x080041a8   Section        0  stm32f1xx_hal_tim.o(i.TIM_CCxChannelCmd)
    i.TIM_OC1_SetConfig                      0x080041cc   Section        0  stm32f1xx_hal_tim.o(i.TIM_OC1_SetConfig)
    TIM_OC1_SetConfig                        0x080041cd   Thumb Code    90  stm32f1xx_hal_tim.o(i.TIM_OC1_SetConfig)
    i.TIM_OC2_SetConfig                      0x0800422c   Section        0  stm32f1xx_hal_tim.o(i.TIM_OC2_SetConfig)
    i.TIM_OC3_SetConfig                      0x08004294   Section        0  stm32f1xx_hal_tim.o(i.TIM_OC3_SetConfig)
    TIM_OC3_SetConfig                        0x08004295   Thumb Code    98  stm32f1xx_hal_tim.o(i.TIM_OC3_SetConfig)
    i.TIM_OC4_SetConfig                      0x080042fc   Section        0  stm32f1xx_hal_tim.o(i.TIM_OC4_SetConfig)
    TIM_OC4_SetConfig                        0x080042fd   Thumb Code    68  stm32f1xx_hal_tim.o(i.TIM_OC4_SetConfig)
    i.UART_SetConfig                         0x08004344   Section        0  stm32f1xx_hal_uart.o(i.UART_SetConfig)
    UART_SetConfig                           0x08004345   Thumb Code   412  stm32f1xx_hal_uart.o(i.UART_SetConfig)
    i.UsageFault_Handler                     0x080044e4   Section        0  stm32f1xx_it.o(i.UsageFault_Handler)
    i.__0vsprintf                            0x080044e8   Section        0  printfa.o(i.__0vsprintf)
    i.__NVIC_GetPriorityGrouping             0x0800450c   Section        0  stm32f1xx_hal_cortex.o(i.__NVIC_GetPriorityGrouping)
    __NVIC_GetPriorityGrouping               0x0800450d   Thumb Code    10  stm32f1xx_hal_cortex.o(i.__NVIC_GetPriorityGrouping)
    i.__NVIC_SetPriority                     0x0800451c   Section        0  stm32f1xx_hal_cortex.o(i.__NVIC_SetPriority)
    __NVIC_SetPriority                       0x0800451d   Thumb Code    32  stm32f1xx_hal_cortex.o(i.__NVIC_SetPriority)
    i.__scatterload_copy                     0x08004544   Section       14  handlers.o(i.__scatterload_copy)
    i.__scatterload_null                     0x08004552   Section        2  handlers.o(i.__scatterload_null)
    i.__scatterload_zeroinit                 0x08004554   Section       14  handlers.o(i.__scatterload_zeroinit)
    i._fp_digits                             0x08004564   Section        0  printfa.o(i._fp_digits)
    _fp_digits                               0x08004565   Thumb Code   366  printfa.o(i._fp_digits)
    i._printf_core                           0x080046e8   Section        0  printfa.o(i._printf_core)
    _printf_core                             0x080046e9   Thumb Code  1744  printfa.o(i._printf_core)
    i._printf_post_padding                   0x08004dc4   Section        0  printfa.o(i._printf_post_padding)
    _printf_post_padding                     0x08004dc5   Thumb Code    36  printfa.o(i._printf_post_padding)
    i._printf_pre_padding                    0x08004de8   Section        0  printfa.o(i._printf_pre_padding)
    _printf_pre_padding                      0x08004de9   Thumb Code    46  printfa.o(i._printf_pre_padding)
    i._sputc                                 0x08004e16   Section        0  printfa.o(i._sputc)
    _sputc                                   0x08004e17   Thumb Code    10  printfa.o(i._sputc)
    i.animation_delay                        0x08004e20   Section        0  animations.o(i.animation_delay)
    i.array_8x8_set_single                   0x08004e40   Section        0  array_8x8.o(i.array_8x8_set_single)
    i.array_8x8_shift_column                 0x08004e46   Section        0  array_8x8.o(i.array_8x8_shift_column)
    i.array_8x8_shift_row                    0x08004f68   Section        0  array_8x8.o(i.array_8x8_shift_row)
    i.bool_mask_copy                         0x0800507a   Section        0  bool_mask.o(i.bool_mask_copy)
    i.current_lyr_on                         0x08005090   Section        0  main.o(i.current_lyr_on)
    i.fade_in_color                          0x08005110   Section        0  animations.o(i.fade_in_color)
    i.fade_out_color                         0x08005270   Section        0  animations.o(i.fade_out_color)
    i.halloween                              0x080053dc   Section        0  animations.o(i.halloween)
    i.joel_mode                              0x08005530   Section        0  animations.o(i.joel_mode)
    i.lcd20x4_i2c_1stLine                    0x08005720   Section        0  lcd20x4_i2c.o(i.lcd20x4_i2c_1stLine)
    i.lcd20x4_i2c_2ndLine                    0x0800572c   Section        0  lcd20x4_i2c.o(i.lcd20x4_i2c_2ndLine)
    i.lcd20x4_i2c_3rdLine                    0x08005738   Section        0  lcd20x4_i2c.o(i.lcd20x4_i2c_3rdLine)
    i.lcd20x4_i2c_4thLine                    0x08005744   Section        0  lcd20x4_i2c.o(i.lcd20x4_i2c_4thLine)
    i.lcd20x4_i2c_clear                      0x08005750   Section        0  lcd20x4_i2c.o(i.lcd20x4_i2c_clear)
    i.lcd20x4_i2c_cursorShow                 0x08005760   Section        0  lcd20x4_i2c.o(i.lcd20x4_i2c_cursorShow)
    i.lcd20x4_i2c_init                       0x08005778   Section        0  lcd20x4_i2c.o(i.lcd20x4_i2c_init)
    i.lcd20x4_i2c_printf                     0x08005838   Section        0  lcd20x4_i2c.o(i.lcd20x4_i2c_printf)
    i.lcd20x4_i2c_sendCommand                0x08005878   Section        0  lcd20x4_i2c.o(i.lcd20x4_i2c_sendCommand)
    lcd20x4_i2c_sendCommand                  0x08005879   Thumb Code    68  lcd20x4_i2c.o(i.lcd20x4_i2c_sendCommand)
    i.lcd20x4_i2c_sendData                   0x080058c4   Section        0  lcd20x4_i2c.o(i.lcd20x4_i2c_sendData)
    lcd20x4_i2c_sendData                     0x080058c5   Thumb Code    68  lcd20x4_i2c.o(i.lcd20x4_i2c_sendData)
    i.lcd20x4_i2c_setCursor                  0x08005910   Section        0  lcd20x4_i2c.o(i.lcd20x4_i2c_setCursor)
    i.lyr_frame_clear_all                    0x08005952   Section        0  lyrframe.o(i.lyr_frame_clear_all)
    i.lyr_frame_convert                      0x08005978   Section        0  lyrframe.o(i.lyr_frame_convert)
    i.lyr_frame_set_color                    0x080059cc   Section        0  lyrframe.o(i.lyr_frame_set_color)
    i.lyr_frame_set_single_color             0x08005a08   Section        0  lyrframe.o(i.lyr_frame_set_single_color)
    i.lyr_frame_set_single_rgb               0x08005a34   Section        0  lyrframe.o(i.lyr_frame_set_single_rgb)
    i.lyr_frame_shift_column                 0x08005a4e   Section        0  lyrframe.o(i.lyr_frame_shift_column)
    i.lyr_frame_shift_row                    0x08005a7a   Section        0  lyrframe.o(i.lyr_frame_shift_row)
    i.main                                   0x08005aa8   Section        0  main.o(i.main)
    i.merry_christmas                        0x08005da4   Section        0  animations.o(i.merry_christmas)
    i.mpr121_init                            0x08005e40   Section        0  mpr121.o(i.mpr121_init)
    i.mpr121_keyPad                          0x0800600c   Section        0  mpr121.o(i.mpr121_keyPad)
    i.mpr121_read                            0x0800608c   Section        0  mpr121.o(i.mpr121_read)
    i.mpr121_touch                           0x080060b4   Section        0  mpr121.o(i.mpr121_touch)
    i.mpr121_wheel                           0x080060e2   Section        0  mpr121.o(i.mpr121_wheel)
    i.mpr121_write                           0x080061d6   Section        0  mpr121.o(i.mpr121_write)
    i.original_fade                          0x08006200   Section        0  animations.o(i.original_fade)
    i.previous_lyr_off                       0x08006558   Section        0  main.o(i.previous_lyr_off)
    i.sliding_cubes                          0x080065cc   Section        0  animations.o(i.sliding_cubes)
    i.tlc_clear                              0x08007134   Section        0  tlc5940.o(i.tlc_clear)
    i.tlc_spi_convert                        0x0800714a   Section        0  tlc5940.o(i.tlc_spi_convert)
    i.transition_punch                       0x080071ac   Section        0  animations.o(i.transition_punch)
    .constdata                               0x080072b0   Section       24  system_stm32f1xx.o(.constdata)
    .data                                    0x20000000   Section      790  main.o(.data)
    mpr121_i2cHandle                         0x20000000   Data           4  main.o(.data)
    lcd20x4_i2cHandle                        0x20000004   Data           4  main.o(.data)
    LCD_I2C_SLAVE_ADDRESS                    0x20000008   Data           1  main.o(.data)
    .data                                    0x20000318   Section        5  lcd20x4_i2c.o(.data)
    lcd20x4_i2cHandle                        0x20000318   Data           4  lcd20x4_i2c.o(.data)
    LCD_I2C_SLAVE_ADDRESS                    0x2000031c   Data           1  lcd20x4_i2c.o(.data)
    .data                                    0x20000320   Section      144  animations.o(.data)
    .data                                    0x200003b0   Section      960  bool_mask.o(.data)
    .data                                    0x20000770   Section       32  menu_system.o(.data)
    mpr121_i2cHandle                         0x20000770   Data           4  menu_system.o(.data)
    lcd20x4_i2cHandle                        0x20000774   Data           4  menu_system.o(.data)
    LCD_I2C_SLAVE_ADDRESS                    0x20000778   Data           1  menu_system.o(.data)
    .data                                    0x20000790   Section        4  rng.o(.data)
    .data                                    0x20000794   Section        9  stm32f1xx_hal.o(.data)
    .data                                    0x200007a0   Section        4  system_stm32f1xx.o(.data)
    .bss                                     0x200007a4   Section     4224  main.o(.bss)
    .bss                                     0x20001824   Section       64  bool_mask.o(.bss)
    .bss                                     0x20001864   Section     1088  menu_system.o(.bss)
    STACK                                    0x20001ca8   Section     8192  startup_stm32f103xb.o(STACK)

    Global Symbols

    Symbol Name                              Value     Ov Type        Size  Object(Section)

    BuildAttributes$$THM_ISAv4$P$D$K$B$S$PE$A:L22UL41UL21$X:L11$S22US41US21$IEEE1$IW$USESV6$~STKCKD$USESV7$~SHL$OSPACE$ROPI$EBA8$MICROLIB$REQ8$PRES8$EABIv2 0x00000000   Number         0  anon$$obj.o ABSOLUTE
    __ARM_use_no_argv                        0x00000000   Number         0  main.o ABSOLUTE
    __cpp_initialize__aeabi_                  - Undefined Weak Reference
    __cxa_finalize                            - Undefined Weak Reference
    _clock_init                               - Undefined Weak Reference
    _microlib_exit                            - Undefined Weak Reference
    __Vectors_Size                           0x000000ec   Number         0  startup_stm32f103xb.o ABSOLUTE
    __Vectors                                0x08000000   Data           4  startup_stm32f103xb.o(RESET)
    __Vectors_End                            0x080000ec   Data           0  startup_stm32f103xb.o(RESET)
    __main                                   0x080000ed   Thumb Code     0  entry.o(.ARM.Collect$$$$00000000)
    _main_stk                                0x080000ed   Thumb Code     0  entry2.o(.ARM.Collect$$$$00000001)
    _main_scatterload                        0x080000f1   Thumb Code     0  entry5.o(.ARM.Collect$$$$00000004)
    __main_after_scatterload                 0x080000f5   Thumb Code     0  entry5.o(.ARM.Collect$$$$00000004)
    _main_clock                              0x080000f5   Thumb Code     0  entry7b.o(.ARM.Collect$$$$00000008)
    _main_cpp_init                           0x080000f5   Thumb Code     0  entry8b.o(.ARM.Collect$$$$0000000A)
    _main_init                               0x080000f5   Thumb Code     0  entry9a.o(.ARM.Collect$$$$0000000B)
    __rt_final_cpp                           0x080000fd   Thumb Code     0  entry10a.o(.ARM.Collect$$$$0000000D)
    __rt_final_exit                          0x080000fd   Thumb Code     0  entry11a.o(.ARM.Collect$$$$0000000F)
    Reset_Handler                            0x08000101   Thumb Code     8  startup_stm32f103xb.o(.text)
    ADC1_2_IRQHandler                        0x0800011b   Thumb Code     0  startup_stm32f103xb.o(.text)
    CAN1_RX1_IRQHandler                      0x0800011b   Thumb Code     0  startup_stm32f103xb.o(.text)
    CAN1_SCE_IRQHandler                      0x0800011b   Thumb Code     0  startup_stm32f103xb.o(.text)
    DMA1_Channel1_IRQHandler                 0x0800011b   Thumb Code     0  startup_stm32f103xb.o(.text)
    DMA1_Channel2_IRQHandler                 0x0800011b   Thumb Code     0  startup_stm32f103xb.o(.text)
    DMA1_Channel3_IRQHandler                 0x0800011b   Thumb Code     0  startup_stm32f103xb.o(.text)
    DMA1_Channel4_IRQHandler                 0x0800011b   Thumb Code     0  startup_stm32f103xb.o(.text)
    DMA1_Channel5_IRQHandler                 0x0800011b   Thumb Code     0  startup_stm32f103xb.o(.text)
    DMA1_Channel6_IRQHandler                 0x0800011b   Thumb Code     0  startup_stm32f103xb.o(.text)
    DMA1_Channel7_IRQHandler                 0x0800011b   Thumb Code     0  startup_stm32f103xb.o(.text)
    EXTI0_IRQHandler                         0x0800011b   Thumb Code     0  startup_stm32f103xb.o(.text)
    EXTI15_10_IRQHandler                     0x0800011b   Thumb Code     0  startup_stm32f103xb.o(.text)
    EXTI1_IRQHandler                         0x0800011b   Thumb Code     0  startup_stm32f103xb.o(.text)
    EXTI2_IRQHandler                         0x0800011b   Thumb Code     0  startup_stm32f103xb.o(.text)
    EXTI3_IRQHandler                         0x0800011b   Thumb Code     0  startup_stm32f103xb.o(.text)
    FLASH_IRQHandler                         0x0800011b   Thumb Code     0  startup_stm32f103xb.o(.text)
    I2C1_ER_IRQHandler                       0x0800011b   Thumb Code     0  startup_stm32f103xb.o(.text)
    I2C1_EV_IRQHandler                       0x0800011b   Thumb Code     0  startup_stm32f103xb.o(.text)
    I2C2_ER_IRQHandler                       0x0800011b   Thumb Code     0  startup_stm32f103xb.o(.text)
    I2C2_EV_IRQHandler                       0x0800011b   Thumb Code     0  startup_stm32f103xb.o(.text)
    PVD_IRQHandler                           0x0800011b   Thumb Code     0  startup_stm32f103xb.o(.text)
    RCC_IRQHandler                           0x0800011b   Thumb Code     0  startup_stm32f103xb.o(.text)
    RTC_Alarm_IRQHandler                     0x0800011b   Thumb Code     0  startup_stm32f103xb.o(.text)
    RTC_IRQHandler                           0x0800011b   Thumb Code     0  startup_stm32f103xb.o(.text)
    SPI1_IRQHandler                          0x0800011b   Thumb Code     0  startup_stm32f103xb.o(.text)
    SPI2_IRQHandler                          0x0800011b   Thumb Code     0  startup_stm32f103xb.o(.text)
    TAMPER_IRQHandler                        0x0800011b   Thumb Code     0  startup_stm32f103xb.o(.text)
    TIM1_BRK_IRQHandler                      0x0800011b   Thumb Code     0  startup_stm32f103xb.o(.text)
    TIM1_CC_IRQHandler                       0x0800011b   Thumb Code     0  startup_stm32f103xb.o(.text)
    TIM1_TRG_COM_IRQHandler                  0x0800011b   Thumb Code     0  startup_stm32f103xb.o(.text)
    TIM2_IRQHandler                          0x0800011b   Thumb Code     0  startup_stm32f103xb.o(.text)
    TIM3_IRQHandler                          0x0800011b   Thumb Code     0  startup_stm32f103xb.o(.text)
    TIM4_IRQHandler                          0x0800011b   Thumb Code     0  startup_stm32f103xb.o(.text)
    USART1_IRQHandler                        0x0800011b   Thumb Code     0  startup_stm32f103xb.o(.text)
    USART2_IRQHandler                        0x0800011b   Thumb Code     0  startup_stm32f103xb.o(.text)
    USART3_IRQHandler                        0x0800011b   Thumb Code     0  startup_stm32f103xb.o(.text)
    USBWakeUp_IRQHandler                     0x0800011b   Thumb Code     0  startup_stm32f103xb.o(.text)
    USB_HP_CAN1_TX_IRQHandler                0x0800011b   Thumb Code     0  startup_stm32f103xb.o(.text)
    USB_LP_CAN1_RX0_IRQHandler               0x0800011b   Thumb Code     0  startup_stm32f103xb.o(.text)
    WWDG_IRQHandler                          0x0800011b   Thumb Code     0  startup_stm32f103xb.o(.text)
    __aeabi_llsr                             0x08000125   Thumb Code    32  llushr.o(.text)
    _ll_ushift_r                             0x08000125   Thumb Code     0  llushr.o(.text)
    __aeabi_memcpy                           0x08000145   Thumb Code    36  memcpya.o(.text)
    __aeabi_memcpy4                          0x08000145   Thumb Code     0  memcpya.o(.text)
    __aeabi_memcpy8                          0x08000145   Thumb Code     0  memcpya.o(.text)
    __aeabi_memset                           0x08000169   Thumb Code    14  memseta.o(.text)
    __aeabi_memset4                          0x08000169   Thumb Code     0  memseta.o(.text)
    __aeabi_memset8                          0x08000169   Thumb Code     0  memseta.o(.text)
    __aeabi_memclr                           0x08000177   Thumb Code     4  memseta.o(.text)
    __aeabi_memclr4                          0x08000177   Thumb Code     0  memseta.o(.text)
    __aeabi_memclr8                          0x08000177   Thumb Code     0  memseta.o(.text)
    _memset$wrapper                          0x0800017b   Thumb Code    18  memseta.o(.text)
    strlen                                   0x0800018d   Thumb Code    14  strlen.o(.text)
    __aeabi_uidiv                            0x0800019b   Thumb Code     0  uidiv.o(.text)
    __aeabi_uidivmod                         0x0800019b   Thumb Code    44  uidiv.o(.text)
    __aeabi_uldivmod                         0x080001c7   Thumb Code    98  uldiv.o(.text)
    __I$use$fp                               0x08000229   Thumb Code     0  iusefp.o(.text)
    __aeabi_dadd                             0x08000229   Thumb Code   322  dadd.o(.text)
    __aeabi_dsub                             0x0800036b   Thumb Code     6  dadd.o(.text)
    __aeabi_drsub                            0x08000371   Thumb Code     6  dadd.o(.text)
    __aeabi_dmul                             0x08000377   Thumb Code   228  dmul.o(.text)
    __aeabi_ddiv                             0x0800045b   Thumb Code   222  ddiv.o(.text)
    __aeabi_d2ulz                            0x08000539   Thumb Code    48  dfixul.o(.text)
    __aeabi_cdrcmple                         0x08000569   Thumb Code    48  cdrcmple.o(.text)
    __scatterload                            0x08000599   Thumb Code    28  init.o(.text)
    __scatterload_rt2                        0x08000599   Thumb Code     0  init.o(.text)
    __aeabi_llsl                             0x080005bd   Thumb Code    30  llshl.o(.text)
    _ll_shift_l                              0x080005bd   Thumb Code     0  llshl.o(.text)
    __aeabi_lasr                             0x080005db   Thumb Code    36  llsshr.o(.text)
    _ll_sshift_r                             0x080005db   Thumb Code     0  llsshr.o(.text)
    _double_round                            0x080005ff   Thumb Code    30  depilogue.o(.text)
    _double_epilogue                         0x0800061d   Thumb Code   156  depilogue.o(.text)
    __decompress                             0x080006b9   Thumb Code     0  __dczerorl2.o(.text)
    __decompress1                            0x080006b9   Thumb Code    86  __dczerorl2.o(.text)
    ActiveAnimationMenuInit                  0x08000711   Thumb Code   100  menu_system.o(i.ActiveAnimationMenuInit)
    AnimationMenuInit                        0x080007b9   Thumb Code   168  menu_system.o(i.AnimationMenuInit)
    BusFault_Handler                         0x080008ed   Thumb Code     4  stm32f1xx_it.o(i.BusFault_Handler)
    DebugMon_Handler                         0x080008f1   Thumb Code     2  stm32f1xx_it.o(i.DebugMon_Handler)
    EXTI4_IRQHandler                         0x080008f3   Thumb Code    10  stm32f1xx_it.o(i.EXTI4_IRQHandler)
    EXTI9_5_IRQHandler                       0x080008fd   Thumb Code    10  stm32f1xx_it.o(i.EXTI9_5_IRQHandler)
    Error_Handler                            0x08000907   Thumb Code     2  main.o(i.Error_Handler)
    HAL_Delay                                0x08000909   Thumb Code    36  stm32f1xx_hal.o(i.HAL_Delay)
    HAL_GPIO_EXTI_Callback                   0x08000931   Thumb Code   174  main.o(i.HAL_GPIO_EXTI_Callback)
    HAL_GPIO_EXTI_IRQHandler                 0x080009f1   Thumb Code    24  stm32f1xx_hal_gpio.o(i.HAL_GPIO_EXTI_IRQHandler)
    HAL_GPIO_Init                            0x08000a0d   Thumb Code   766  stm32f1xx_hal_gpio.o(i.HAL_GPIO_Init)
    HAL_GPIO_TogglePin                       0x08000d2d   Thumb Code    14  stm32f1xx_hal_gpio.o(i.HAL_GPIO_TogglePin)
    HAL_GPIO_WritePin                        0x08000d3b   Thumb Code    12  stm32f1xx_hal_gpio.o(i.HAL_GPIO_WritePin)
    HAL_GetTick                              0x08000d49   Thumb Code     6  stm32f1xx_hal.o(i.HAL_GetTick)
    HAL_I2C_GetState                         0x08000d55   Thumb Code     8  stm32f1xx_hal_i2c.o(i.HAL_I2C_GetState)
    HAL_I2C_Init                             0x08000d5d   Thumb Code   422  stm32f1xx_hal_i2c.o(i.HAL_I2C_Init)
    HAL_I2C_IsDeviceReady                    0x08000f15   Thumb Code   410  stm32f1xx_hal_i2c.o(i.HAL_I2C_IsDeviceReady)
    HAL_I2C_Master_Transmit                  0x080010b9   Thumb Code   360  stm32f1xx_hal_i2c.o(i.HAL_I2C_Master_Transmit)
    HAL_I2C_Mem_Read                         0x08001229   Thumb Code   772  stm32f1xx_hal_i2c.o(i.HAL_I2C_Mem_Read)
    HAL_I2C_MspInit                          0x08001539   Thumb Code   104  stm32f1xx_hal_msp.o(i.HAL_I2C_MspInit)
    HAL_IncTick                              0x080015ad   Thumb Code    16  stm32f1xx_hal.o(i.HAL_IncTick)
    HAL_Init                                 0x080015c5   Thumb Code    34  stm32f1xx_hal.o(i.HAL_Init)
    HAL_InitTick                             0x080015ed   Thumb Code    64  stm32f1xx_hal.o(i.HAL_InitTick)
    HAL_MspInit                              0x08001639   Thumb Code    76  stm32f1xx_hal_msp.o(i.HAL_MspInit)
    HAL_NVIC_EnableIRQ                       0x0800168d   Thumb Code    32  stm32f1xx_hal_cortex.o(i.HAL_NVIC_EnableIRQ)
    HAL_NVIC_SetPriority                     0x080016ad   Thumb Code   124  stm32f1xx_hal_cortex.o(i.HAL_NVIC_SetPriority)
    HAL_NVIC_SetPriorityGrouping             0x08001729   Thumb Code    32  stm32f1xx_hal_cortex.o(i.HAL_NVIC_SetPriorityGrouping)
    HAL_PWR_EnableBkUpAccess                 0x08001751   Thumb Code     8  stm32f1xx_hal_pwr.o(i.HAL_PWR_EnableBkUpAccess)
    HAL_RCCEx_GetPeriphCLKFreq               0x0800175d   Thumb Code   248  stm32f1xx_hal_rcc_ex.o(i.HAL_RCCEx_GetPeriphCLKFreq)
    HAL_RCCEx_PeriphCLKConfig                0x08001871   Thumb Code   290  stm32f1xx_hal_rcc_ex.o(i.HAL_RCCEx_PeriphCLKConfig)
    HAL_RCC_ClockConfig                      0x080019a1   Thumb Code   376  stm32f1xx_hal_rcc.o(i.HAL_RCC_ClockConfig)
    HAL_RCC_GetHCLKFreq                      0x08001b2d   Thumb Code     6  stm32f1xx_hal_rcc.o(i.HAL_RCC_GetHCLKFreq)
    HAL_RCC_GetPCLK1Freq                     0x08001b39   Thumb Code    22  stm32f1xx_hal_rcc.o(i.HAL_RCC_GetPCLK1Freq)
    HAL_RCC_GetPCLK2Freq                     0x08001b59   Thumb Code    22  stm32f1xx_hal_rcc.o(i.HAL_RCC_GetPCLK2Freq)
    HAL_RCC_GetSysClockFreq                  0x08001b79   Thumb Code   116  stm32f1xx_hal_rcc.o(i.HAL_RCC_GetSysClockFreq)
    HAL_RCC_OscConfig                        0x08001c0d   Thumb Code  1114  stm32f1xx_hal_rcc.o(i.HAL_RCC_OscConfig)
    HAL_RTC_Init                             0x08002071   Thumb Code   202  stm32f1xx_hal_rtc.o(i.HAL_RTC_Init)
    HAL_RTC_MspInit                          0x08002141   Thumb Code    52  stm32f1xx_hal_msp.o(i.HAL_RTC_MspInit)
    HAL_RTC_WaitForSynchro                   0x08002181   Thumb Code    64  stm32f1xx_hal_rtc.o(i.HAL_RTC_WaitForSynchro)
    HAL_SPI_Init                             0x080021c1   Thumb Code   136  stm32f1xx_hal_spi.o(i.HAL_SPI_Init)
    HAL_SPI_MspInit                          0x08002249   Thumb Code   120  stm32f1xx_hal_msp.o(i.HAL_SPI_MspInit)
    HAL_SPI_Transmit                         0x080022cd   Thumb Code   418  stm32f1xx_hal_spi.o(i.HAL_SPI_Transmit)
    HAL_SYSTICK_Config                       0x0800246f   Thumb Code    52  stm32f1xx_hal_cortex.o(i.HAL_SYSTICK_Config)
    HAL_TIMEx_BreakCallback                  0x080024a3   Thumb Code     2  stm32f1xx_hal_tim_ex.o(i.HAL_TIMEx_BreakCallback)
    HAL_TIMEx_CommutCallback                 0x080024a5   Thumb Code     2  stm32f1xx_hal_tim_ex.o(i.HAL_TIMEx_CommutCallback)
    HAL_TIMEx_ConfigBreakDeadTime            0x080024a7   Thumb Code   116  stm32f1xx_hal_tim_ex.o(i.HAL_TIMEx_ConfigBreakDeadTime)
    HAL_TIMEx_MasterConfigSynchronization    0x0800251b   Thumb Code    84  stm32f1xx_hal_tim_ex.o(i.HAL_TIMEx_MasterConfigSynchronization)
    HAL_TIM_Base_Start_IT                    0x0800256f   Thumb Code    42  stm32f1xx_hal_tim.o(i.HAL_TIM_Base_Start_IT)
    HAL_TIM_IC_CaptureCallback               0x08002599   Thumb Code     2  stm32f1xx_hal_tim.o(i.HAL_TIM_IC_CaptureCallback)
    HAL_TIM_IRQHandler                       0x0800259b   Thumb Code   406  stm32f1xx_hal_tim.o(i.HAL_TIM_IRQHandler)
    HAL_TIM_MspPostInit                      0x08002731   Thumb Code   128  stm32f1xx_hal_msp.o(i.HAL_TIM_MspPostInit)
    HAL_TIM_OC_ConfigChannel                 0x080027bd   Thumb Code   116  stm32f1xx_hal_tim.o(i.HAL_TIM_OC_ConfigChannel)
    HAL_TIM_OC_DelayElapsedCallback          0x08002831   Thumb Code     2  stm32f1xx_hal_tim.o(i.HAL_TIM_OC_DelayElapsedCallback)
    HAL_TIM_OC_Init                          0x08002833   Thumb Code    52  stm32f1xx_hal_tim.o(i.HAL_TIM_OC_Init)
    HAL_TIM_OC_MspInit                       0x08002869   Thumb Code    40  stm32f1xx_hal_msp.o(i.HAL_TIM_OC_MspInit)
    HAL_TIM_OC_Start                         0x08002895   Thumb Code    72  stm32f1xx_hal_tim.o(i.HAL_TIM_OC_Start)
    HAL_TIM_PWM_ConfigChannel                0x080028e1   Thumb Code   264  stm32f1xx_hal_tim.o(i.HAL_TIM_PWM_ConfigChannel)
    HAL_TIM_PWM_Init                         0x080029e9   Thumb Code    52  stm32f1xx_hal_tim.o(i.HAL_TIM_PWM_Init)
    HAL_TIM_PWM_MspInit                      0x08002a1d   Thumb Code    58  stm32f1xx_hal_msp.o(i.HAL_TIM_PWM_MspInit)
    HAL_TIM_PWM_PulseFinishedCallback        0x08002a61   Thumb Code     2  stm32f1xx_hal_tim.o(i.HAL_TIM_PWM_PulseFinishedCallback)
    HAL_TIM_PeriodElapsedCallback            0x08002a65   Thumb Code   198  main.o(i.HAL_TIM_PeriodElapsedCallback)
    HAL_TIM_TriggerCallback                  0x08002b49   Thumb Code     2  stm32f1xx_hal_tim.o(i.HAL_TIM_TriggerCallback)
    HAL_UART_Init                            0x08002b4b   Thumb Code   114  stm32f1xx_hal_uart.o(i.HAL_UART_Init)
    HAL_UART_MspInit                         0x08002bbd   Thumb Code   122  stm32f1xx_hal_msp.o(i.HAL_UART_MspInit)
    HardFault_Handler                        0x08002c45   Thumb Code     6  stm32f1xx_it.o(i.HardFault_Handler)
    MainMenuInit                             0x08003425   Thumb Code   136  menu_system.o(i.MainMenuInit)
    MemManage_Handler                        0x080034e9   Thumb Code     4  stm32f1xx_it.o(i.MemManage_Handler)
    MenuButtonPressed                        0x080034ed   Thumb Code   372  menu_system.o(i.MenuButtonPressed)
    MenuDisplayUpdate                        0x08003671   Thumb Code   170  menu_system.o(i.MenuDisplayUpdate)
    MenuScrollDown                           0x0800371b   Thumb Code   104  menu_system.o(i.MenuScrollDown)
    MenuScrollUp                             0x08003783   Thumb Code   104  menu_system.o(i.MenuScrollUp)
    MenuSetRowText                           0x080037eb   Thumb Code    56  menu_system.o(i.MenuSetRowText)
    MenuStrCpy                               0x08003823   Thumb Code    22  menu_system.o(i.MenuStrCpy)
    MenuSystemInit                           0x08003839   Thumb Code   208  menu_system.o(i.MenuSystemInit)
    Menu_Read_MPR121                         0x080039a1   Thumb Code  1120  menu_system.o(i.Menu_Read_MPR121)
    NMI_Handler                              0x08003e09   Thumb Code     2  stm32f1xx_it.o(i.NMI_Handler)
    PendSV_Handler                           0x08003e0b   Thumb Code     2  stm32f1xx_it.o(i.PendSV_Handler)
    PinMappingMenuInit                       0x08003e0d   Thumb Code   136  menu_system.o(i.PinMappingMenuInit)
    SVC_Handler                              0x08004051   Thumb Code     2  stm32f1xx_it.o(i.SVC_Handler)
    SysTick_Handler                          0x08004053   Thumb Code     8  stm32f1xx_it.o(i.SysTick_Handler)
    SystemClock_Config                       0x0800405b   Thumb Code   114  main.o(i.SystemClock_Config)
    SystemInit                               0x080040cd   Thumb Code    70  system_stm32f1xx.o(i.SystemInit)
    TIM1_UP_IRQHandler                       0x08004125   Thumb Code    10  stm32f1xx_it.o(i.TIM1_UP_IRQHandler)
    TIM_Base_SetConfig                       0x08004135   Thumb Code   104  stm32f1xx_hal_tim.o(i.TIM_Base_SetConfig)
    TIM_CCxChannelCmd                        0x080041a9   Thumb Code    34  stm32f1xx_hal_tim.o(i.TIM_CCxChannelCmd)
    TIM_OC2_SetConfig                        0x0800422d   Thumb Code   100  stm32f1xx_hal_tim.o(i.TIM_OC2_SetConfig)
    UsageFault_Handler                       0x080044e5   Thumb Code     4  stm32f1xx_it.o(i.UsageFault_Handler)
    __0vsprintf                              0x080044e9   Thumb Code    30  printfa.o(i.__0vsprintf)
    __1vsprintf                              0x080044e9   Thumb Code     0  printfa.o(i.__0vsprintf)
    __2vsprintf                              0x080044e9   Thumb Code     0  printfa.o(i.__0vsprintf)
    __c89vsprintf                            0x080044e9   Thumb Code     0  printfa.o(i.__0vsprintf)
    vsprintf                                 0x080044e9   Thumb Code     0  printfa.o(i.__0vsprintf)
    __scatterload_copy                       0x08004545   Thumb Code    14  handlers.o(i.__scatterload_copy)
    __scatterload_null                       0x08004553   Thumb Code     2  handlers.o(i.__scatterload_null)
    __scatterload_zeroinit                   0x08004555   Thumb Code    14  handlers.o(i.__scatterload_zeroinit)
    animation_delay                          0x08004e21   Thumb Code    28  animations.o(i.animation_delay)
    array_8x8_set_single                     0x08004e41   Thumb Code     6  array_8x8.o(i.array_8x8_set_single)
    array_8x8_shift_column                   0x08004e47   Thumb Code   290  array_8x8.o(i.array_8x8_shift_column)
    array_8x8_shift_row                      0x08004f69   Thumb Code   274  array_8x8.o(i.array_8x8_shift_row)
    bool_mask_copy                           0x0800507b   Thumb Code    20  bool_mask.o(i.bool_mask_copy)
    current_lyr_on                           0x08005091   Thumb Code   122  main.o(i.current_lyr_on)
    fade_in_color                            0x08005111   Thumb Code   336  animations.o(i.fade_in_color)
    fade_out_color                           0x08005271   Thumb Code   346  animations.o(i.fade_out_color)
    halloween                                0x080053dd   Thumb Code   310  animations.o(i.halloween)
    joel_mode                                0x08005531   Thumb Code   464  animations.o(i.joel_mode)
    lcd20x4_i2c_1stLine                      0x08005721   Thumb Code    12  lcd20x4_i2c.o(i.lcd20x4_i2c_1stLine)
    lcd20x4_i2c_2ndLine                      0x0800572d   Thumb Code    12  lcd20x4_i2c.o(i.lcd20x4_i2c_2ndLine)
    lcd20x4_i2c_3rdLine                      0x08005739   Thumb Code    12  lcd20x4_i2c.o(i.lcd20x4_i2c_3rdLine)
    lcd20x4_i2c_4thLine                      0x08005745   Thumb Code    12  lcd20x4_i2c.o(i.lcd20x4_i2c_4thLine)
    lcd20x4_i2c_clear                        0x08005751   Thumb Code    16  lcd20x4_i2c.o(i.lcd20x4_i2c_clear)
    lcd20x4_i2c_cursorShow                   0x08005761   Thumb Code    22  lcd20x4_i2c.o(i.lcd20x4_i2c_cursorShow)
    lcd20x4_i2c_init                         0x08005779   Thumb Code   184  lcd20x4_i2c.o(i.lcd20x4_i2c_init)
    lcd20x4_i2c_printf                       0x08005839   Thumb Code    62  lcd20x4_i2c.o(i.lcd20x4_i2c_printf)
    lcd20x4_i2c_setCursor                    0x08005911   Thumb Code    66  lcd20x4_i2c.o(i.lcd20x4_i2c_setCursor)
    lyr_frame_clear_all                      0x08005953   Thumb Code    36  lyrframe.o(i.lyr_frame_clear_all)
    lyr_frame_convert                        0x08005979   Thumb Code    70  lyrframe.o(i.lyr_frame_convert)
    lyr_frame_set_color                      0x080059cd   Thumb Code    60  lyrframe.o(i.lyr_frame_set_color)
    lyr_frame_set_single_color               0x08005a09   Thumb Code    44  lyrframe.o(i.lyr_frame_set_single_color)
    lyr_frame_set_single_rgb                 0x08005a35   Thumb Code    26  lyrframe.o(i.lyr_frame_set_single_rgb)
    lyr_frame_shift_column                   0x08005a4f   Thumb Code    44  lyrframe.o(i.lyr_frame_shift_column)
    lyr_frame_shift_row                      0x08005a7b   Thumb Code    44  lyrframe.o(i.lyr_frame_shift_row)
    main                                     0x08005aa9   Thumb Code   710  main.o(i.main)
    merry_christmas                          0x08005da5   Thumb Code   144  animations.o(i.merry_christmas)
    mpr121_init                              0x08005e41   Thumb Code   460  mpr121.o(i.mpr121_init)
    mpr121_keyPad                            0x0800600d   Thumb Code   128  mpr121.o(i.mpr121_keyPad)
    mpr121_read                              0x0800608d   Thumb Code    40  mpr121.o(i.mpr121_read)
    mpr121_touch                             0x080060b5   Thumb Code    46  mpr121.o(i.mpr121_touch)
    mpr121_wheel                             0x080060e3   Thumb Code   244  mpr121.o(i.mpr121_wheel)
    mpr121_write                             0x080061d7   Thumb Code    40  mpr121.o(i.mpr121_write)
    original_fade                            0x08006201   Thumb Code   774  animations.o(i.original_fade)
    previous_lyr_off                         0x08006559   Thumb Code   110  main.o(i.previous_lyr_off)
    sliding_cubes                            0x080065cd   Thumb Code  2904  animations.o(i.sliding_cubes)
    tlc_clear                                0x08007135   Thumb Code    22  tlc5940.o(i.tlc_clear)
    tlc_spi_convert                          0x0800714b   Thumb Code    98  tlc5940.o(i.tlc_spi_convert)
    transition_punch                         0x080071ad   Thumb Code   242  animations.o(i.transition_punch)
    AHBPrescTable                            0x080072b0   Data          16  system_stm32f1xx.o(.constdata)
    APBPrescTable                            0x080072c0   Data           8  system_stm32f1xx.o(.constdata)
    Region$$Table$$Base                      0x080072c8   Number         0  anon$$obj.o(Region$$Table)
    Region$$Table$$Limit                     0x080072e8   Number         0  anon$$obj.o(Region$$Table)
    UPDATE_FRAME                             0x20000009   Data           1  main.o(.data)
    activeLyr                                0x2000000a   Data           1  main.o(.data)
    data16Ptr                                0x2000000c   Data           4  main.o(.data)
    data8Ptr                                 0x20000010   Data           4  main.o(.data)
    redMap                                   0x20000014   Data         256  main.o(.data)
    grnMap                                   0x20000114   Data         256  main.o(.data)
    bluMap                                   0x20000214   Data         256  main.o(.data)
    currentAction                            0x20000314   Data           2  main.o(.data)
    HALT_ANIMATION                           0x20000320   Data           1  animations.o(.data)
    PAUSE_ANIMATION                          0x20000321   Data           1  animations.o(.data)
    null                                     0x20000328   Data           8  animations.o(.data)
    red                                      0x20000330   Data           8  animations.o(.data)
    yellow                                   0x20000338   Data           8  animations.o(.data)
    green                                    0x20000340   Data           8  animations.o(.data)
    cyan                                     0x20000348   Data           8  animations.o(.data)
    blue                                     0x20000350   Data           8  animations.o(.data)
    purple                                   0x20000358   Data           8  animations.o(.data)
    white                                    0x20000360   Data           8  animations.o(.data)
    orange                                   0x20000368   Data           8  animations.o(.data)
    yelgrn                                   0x20000370   Data           8  animations.o(.data)
    seafoam                                  0x20000378   Data           8  animations.o(.data)
    lightblu                                 0x20000380   Data           8  animations.o(.data)
    indigo                                   0x20000388   Data           8  animations.o(.data)
    pink                                     0x20000390   Data           8  animations.o(.data)
    whiteRed                                 0x20000398   Data           8  animations.o(.data)
    whiteGrn                                 0x200003a0   Data           8  animations.o(.data)
    whiteBlu                                 0x200003a8   Data           8  animations.o(.data)
    mask0                                    0x200003b0   Data          64  bool_mask.o(.data)
    mask1                                    0x200003f0   Data          64  bool_mask.o(.data)
    mask2                                    0x20000430   Data          64  bool_mask.o(.data)
    mask3                                    0x20000470   Data          64  bool_mask.o(.data)
    mask4                                    0x200004b0   Data          64  bool_mask.o(.data)
    mask5                                    0x200004f0   Data          64  bool_mask.o(.data)
    mask6                                    0x20000530   Data          64  bool_mask.o(.data)
    mask7                                    0x20000570   Data          64  bool_mask.o(.data)
    maskAll                                  0x200005b0   Data          64  bool_mask.o(.data)
    maskChessBoardW                          0x200005f0   Data          64  bool_mask.o(.data)
    maskChessBoardB                          0x20000630   Data          64  bool_mask.o(.data)
    letterJ                                  0x20000670   Data          64  bool_mask.o(.data)
    letterO                                  0x200006b0   Data          64  bool_mask.o(.data)
    letterE                                  0x200006f0   Data          64  bool_mask.o(.data)
    letterL                                  0x20000730   Data          64  bool_mask.o(.data)
    mpr121ReadDelayms                        0x20000779   Data           1  menu_system.o(.data)
    lastWheelDir                             0x2000077a   Data           1  menu_system.o(.data)
    wheelDir                                 0x2000077b   Data           1  menu_system.o(.data)
    Keypad_IRQ                               0x2000077c   Data           1  menu_system.o(.data)
    Wheel_IRQ                                0x2000077d   Data           1  menu_system.o(.data)
    initNumPM                                0x2000077e   Data           1  menu_system.o(.data)
    initValPM                                0x20000780   Data           2  menu_system.o(.data)
    stepSizePM                               0x20000782   Data           2  menu_system.o(.data)
    minValPM                                 0x20000784   Data           2  menu_system.o(.data)
    maxValPM                                 0x20000786   Data           2  menu_system.o(.data)
    ledNumPM                                 0x20000788   Data           2  menu_system.o(.data)
    redValPM                                 0x2000078a   Data           2  menu_system.o(.data)
    bluValPM                                 0x2000078c   Data           2  menu_system.o(.data)
    grnValPM                                 0x2000078e   Data           2  menu_system.o(.data)
    rngCount                                 0x20000790   Data           4  rng.o(.data)
    uwTick                                   0x20000794   Data           4  stm32f1xx_hal.o(.data)
    uwTickPrio                               0x20000798   Data           4  stm32f1xx_hal.o(.data)
    uwTickFreq                               0x2000079c   Data           1  stm32f1xx_hal.o(.data)
    SystemCoreClock                          0x200007a0   Data           4  system_stm32f1xx.o(.data)
    hi2c1                                    0x200007a4   Data          84  main.o(.bss)
    hrtc                                     0x200007f8   Data          20  main.o(.bss)
    hspi1                                    0x2000080c   Data          88  main.o(.bss)
    htim1                                    0x20000864   Data          64  main.o(.bss)
    htim2                                    0x200008a4   Data          64  main.o(.bss)
    huart1                                   0x200008e4   Data          64  main.o(.bss)
    frame0                                   0x20000924   Data        3168  main.o(.bss)
    data16                                   0x20001584   Data         384  main.o(.bss)
    data8                                    0x20001704   Data         288  main.o(.bss)
    maskEmpty                                0x20001824   Data          64  bool_mask.o(.bss)
    MainMenu                                 0x20001864   Data         272  menu_system.o(.bss)
    AnimationMenu                            0x20001974   Data         272  menu_system.o(.bss)
    PinMappingMenu                           0x20001a84   Data         272  menu_system.o(.bss)
    ActiveAnimationMenu                      0x20001b94   Data         272  menu_system.o(.bss)
    __initial_sp                             0x20003ca8   Data           0  startup_stm32f103xb.o(STACK)



==============================================================================

Memory Map of the image

  Image Entry point : 0x080000ed

  Load Region LR_IROM1 (Base: 0x08000000, Size: 0x00007a8c, Max: 0x00010000, ABSOLUTE, COMPRESSED[0x0000753c])

    Execution Region ER_IROM1 (Exec base: 0x08000000, Load base: 0x08000000, Size: 0x000072e8, Max: 0x00010000, ABSOLUTE)

    Exec Addr    Load Addr    Size         Type   Attr      Idx    E Section Name        Object

    0x08000000   0x08000000   0x000000ec   Data   RO            3    RESET               startup_stm32f103xb.o
    0x080000ec   0x080000ec   0x00000000   Code   RO         4661  * .ARM.Collect$$$$00000000  mc_w.l(entry.o)
    0x080000ec   0x080000ec   0x00000004   Code   RO         4702    .ARM.Collect$$$$00000001  mc_w.l(entry2.o)
    0x080000f0   0x080000f0   0x00000004   Code   RO         4705    .ARM.Collect$$$$00000004  mc_w.l(entry5.o)
    0x080000f4   0x080000f4   0x00000000   Code   RO         4707    .ARM.Collect$$$$00000008  mc_w.l(entry7b.o)
    0x080000f4   0x080000f4   0x00000000   Code   RO         4709    .ARM.Collect$$$$0000000A  mc_w.l(entry8b.o)
    0x080000f4   0x080000f4   0x00000008   Code   RO         4710    .ARM.Collect$$$$0000000B  mc_w.l(entry9a.o)
    0x080000fc   0x080000fc   0x00000000   Code   RO         4712    .ARM.Collect$$$$0000000D  mc_w.l(entry10a.o)
    0x080000fc   0x080000fc   0x00000000   Code   RO         4714    .ARM.Collect$$$$0000000F  mc_w.l(entry11a.o)
    0x080000fc   0x080000fc   0x00000004   Code   RO         4703    .ARM.Collect$$$$00002712  mc_w.l(entry2.o)
    0x08000100   0x08000100   0x00000024   Code   RO            4    .text               startup_stm32f103xb.o
    0x08000124   0x08000124   0x00000020   Code   RO         4664    .text               mc_w.l(llushr.o)
    0x08000144   0x08000144   0x00000024   Code   RO         4666    .text               mc_w.l(memcpya.o)
    0x08000168   0x08000168   0x00000024   Code   RO         4668    .text               mc_w.l(memseta.o)
    0x0800018c   0x0800018c   0x0000000e   Code   RO         4670    .text               mc_w.l(strlen.o)
    0x0800019a   0x0800019a   0x0000002c   Code   RO         4719    .text               mc_w.l(uidiv.o)
    0x080001c6   0x080001c6   0x00000062   Code   RO         4721    .text               mc_w.l(uldiv.o)
    0x08000228   0x08000228   0x00000000   Code   RO         4723    .text               mc_w.l(iusefp.o)
    0x08000228   0x08000228   0x0000014e   Code   RO         4724    .text               mf_w.l(dadd.o)
    0x08000376   0x08000376   0x000000e4   Code   RO         4726    .text               mf_w.l(dmul.o)
    0x0800045a   0x0800045a   0x000000de   Code   RO         4728    .text               mf_w.l(ddiv.o)
    0x08000538   0x08000538   0x00000030   Code   RO         4730    .text               mf_w.l(dfixul.o)
    0x08000568   0x08000568   0x00000030   Code   RO         4732    .text               mf_w.l(cdrcmple.o)
    0x08000598   0x08000598   0x00000024   Code   RO         4734    .text               mc_w.l(init.o)
    0x080005bc   0x080005bc   0x0000001e   Code   RO         4737    .text               mc_w.l(llshl.o)
    0x080005da   0x080005da   0x00000024   Code   RO         4739    .text               mc_w.l(llsshr.o)
    0x080005fe   0x080005fe   0x000000ba   Code   RO         4742    .text               mf_w.l(depilogue.o)
    0x080006b8   0x080006b8   0x00000056   Code   RO         4752    .text               mc_w.l(__dczerorl2.o)
    0x0800070e   0x0800070e   0x00000002   PAD
    0x08000710   0x08000710   0x000000a8   Code   RO         1131    i.ActiveAnimationMenuInit  menu_system.o
    0x080007b8   0x080007b8   0x00000134   Code   RO         1132    i.AnimationMenuInit  menu_system.o
    0x080008ec   0x080008ec   0x00000004   Code   RO          256    i.BusFault_Handler  stm32f1xx_it.o
    0x080008f0   0x080008f0   0x00000002   Code   RO          257    i.DebugMon_Handler  stm32f1xx_it.o
    0x080008f2   0x080008f2   0x0000000a   Code   RO          258    i.EXTI4_IRQHandler  stm32f1xx_it.o
    0x080008fc   0x080008fc   0x0000000a   Code   RO          259    i.EXTI9_5_IRQHandler  stm32f1xx_it.o
    0x08000906   0x08000906   0x00000002   Code   RO           13    i.Error_Handler     main.o
    0x08000908   0x08000908   0x00000028   Code   RO         1759    i.HAL_Delay         stm32f1xx_hal.o
    0x08000930   0x08000930   0x000000c0   Code   RO           14    i.HAL_GPIO_EXTI_Callback  main.o
    0x080009f0   0x080009f0   0x0000001c   Code   RO         2071    i.HAL_GPIO_EXTI_IRQHandler  stm32f1xx_hal_gpio.o
    0x08000a0c   0x08000a0c   0x00000320   Code   RO         2072    i.HAL_GPIO_Init     stm32f1xx_hal_gpio.o
    0x08000d2c   0x08000d2c   0x0000000e   Code   RO         2075    i.HAL_GPIO_TogglePin  stm32f1xx_hal_gpio.o
    0x08000d3a   0x08000d3a   0x0000000c   Code   RO         2076    i.HAL_GPIO_WritePin  stm32f1xx_hal_gpio.o
    0x08000d46   0x08000d46   0x00000002   PAD
    0x08000d48   0x08000d48   0x0000000c   Code   RO         1763    i.HAL_GetTick       stm32f1xx_hal.o
    0x08000d54   0x08000d54   0x00000008   Code   RO         1300    i.HAL_I2C_GetState  stm32f1xx_hal_i2c.o
    0x08000d5c   0x08000d5c   0x000001b8   Code   RO         1301    i.HAL_I2C_Init      stm32f1xx_hal_i2c.o
    0x08000f14   0x08000f14   0x000001a4   Code   RO         1302    i.HAL_I2C_IsDeviceReady  stm32f1xx_hal_i2c.o
    0x080010b8   0x080010b8   0x00000170   Code   RO         1314    i.HAL_I2C_Master_Transmit  stm32f1xx_hal_i2c.o
    0x08001228   0x08001228   0x00000310   Code   RO         1319    i.HAL_I2C_Mem_Read  stm32f1xx_hal_i2c.o
    0x08001538   0x08001538   0x00000074   Code   RO          372    i.HAL_I2C_MspInit   stm32f1xx_hal_msp.o
    0x080015ac   0x080015ac   0x00000018   Code   RO         1769    i.HAL_IncTick       stm32f1xx_hal.o
    0x080015c4   0x080015c4   0x00000028   Code   RO         1770    i.HAL_Init          stm32f1xx_hal.o
    0x080015ec   0x080015ec   0x0000004c   Code   RO         1771    i.HAL_InitTick      stm32f1xx_hal.o
    0x08001638   0x08001638   0x00000054   Code   RO          373    i.HAL_MspInit       stm32f1xx_hal_msp.o
    0x0800168c   0x0800168c   0x00000020   Code   RO         2232    i.HAL_NVIC_EnableIRQ  stm32f1xx_hal_cortex.o
    0x080016ac   0x080016ac   0x0000007c   Code   RO         2238    i.HAL_NVIC_SetPriority  stm32f1xx_hal_cortex.o
    0x08001728   0x08001728   0x00000028   Code   RO         2239    i.HAL_NVIC_SetPriorityGrouping  stm32f1xx_hal_cortex.o
    0x08001750   0x08001750   0x0000000c   Code   RO         2359    i.HAL_PWR_EnableBkUpAccess  stm32f1xx_hal_pwr.o
    0x0800175c   0x0800175c   0x00000114   Code   RO         2034    i.HAL_RCCEx_GetPeriphCLKFreq  stm32f1xx_hal_rcc_ex.o
    0x08001870   0x08001870   0x00000130   Code   RO         2035    i.HAL_RCCEx_PeriphCLKConfig  stm32f1xx_hal_rcc_ex.o
    0x080019a0   0x080019a0   0x0000018c   Code   RO         1927    i.HAL_RCC_ClockConfig  stm32f1xx_hal_rcc.o
    0x08001b2c   0x08001b2c   0x0000000c   Code   RO         1932    i.HAL_RCC_GetHCLKFreq  stm32f1xx_hal_rcc.o
    0x08001b38   0x08001b38   0x00000020   Code   RO         1934    i.HAL_RCC_GetPCLK1Freq  stm32f1xx_hal_rcc.o
    0x08001b58   0x08001b58   0x00000020   Code   RO         1935    i.HAL_RCC_GetPCLK2Freq  stm32f1xx_hal_rcc.o
    0x08001b78   0x08001b78   0x00000094   Code   RO         1936    i.HAL_RCC_GetSysClockFreq  stm32f1xx_hal_rcc.o
    0x08001c0c   0x08001c0c   0x00000464   Code   RO         1939    i.HAL_RCC_OscConfig  stm32f1xx_hal_rcc.o
    0x08002070   0x08002070   0x000000d0   Code   RO         2766    i.HAL_RTC_Init      stm32f1xx_hal_rtc.o
    0x08002140   0x08002140   0x00000040   Code   RO          375    i.HAL_RTC_MspInit   stm32f1xx_hal_msp.o
    0x08002180   0x08002180   0x00000040   Code   RO         2774    i.HAL_RTC_WaitForSynchro  stm32f1xx_hal_rtc.o
    0x080021c0   0x080021c0   0x00000088   Code   RO         3046    i.HAL_SPI_Init      stm32f1xx_hal_spi.o
    0x08002248   0x08002248   0x00000084   Code   RO          377    i.HAL_SPI_MspInit   stm32f1xx_hal_msp.o
    0x080022cc   0x080022cc   0x000001a2   Code   RO         3054    i.HAL_SPI_Transmit  stm32f1xx_hal_spi.o
    0x0800246e   0x0800246e   0x00000034   Code   RO         2243    i.HAL_SYSTICK_Config  stm32f1xx_hal_cortex.o
    0x080024a2   0x080024a2   0x00000002   Code   RO         4045    i.HAL_TIMEx_BreakCallback  stm32f1xx_hal_tim_ex.o
    0x080024a4   0x080024a4   0x00000002   Code   RO         4046    i.HAL_TIMEx_CommutCallback  stm32f1xx_hal_tim_ex.o
    0x080024a6   0x080024a6   0x00000074   Code   RO         4048    i.HAL_TIMEx_ConfigBreakDeadTime  stm32f1xx_hal_tim_ex.o
    0x0800251a   0x0800251a   0x00000054   Code   RO         4063    i.HAL_TIMEx_MasterConfigSynchronization  stm32f1xx_hal_tim_ex.o
    0x0800256e   0x0800256e   0x0000002a   Code   RO         3364    i.HAL_TIM_Base_Start_IT  stm32f1xx_hal_tim.o
    0x08002598   0x08002598   0x00000002   Code   RO         3388    i.HAL_TIM_IC_CaptureCallback  stm32f1xx_hal_tim.o
    0x0800259a   0x0800259a   0x00000196   Code   RO         3402    i.HAL_TIM_IRQHandler  stm32f1xx_hal_tim.o
    0x08002730   0x08002730   0x0000008c   Code   RO          378    i.HAL_TIM_MspPostInit  stm32f1xx_hal_msp.o
    0x080027bc   0x080027bc   0x00000074   Code   RO         3403    i.HAL_TIM_OC_ConfigChannel  stm32f1xx_hal_tim.o
    0x08002830   0x08002830   0x00000002   Code   RO         3405    i.HAL_TIM_OC_DelayElapsedCallback  stm32f1xx_hal_tim.o
    0x08002832   0x08002832   0x00000034   Code   RO         3407    i.HAL_TIM_OC_Init   stm32f1xx_hal_tim.o
    0x08002866   0x08002866   0x00000002   PAD
    0x08002868   0x08002868   0x0000002c   Code   RO          380    i.HAL_TIM_OC_MspInit  stm32f1xx_hal_msp.o
    0x08002894   0x08002894   0x0000004c   Code   RO         3410    i.HAL_TIM_OC_Start  stm32f1xx_hal_tim.o
    0x080028e0   0x080028e0   0x00000108   Code   RO         3426    i.HAL_TIM_PWM_ConfigChannel  stm32f1xx_hal_tim.o
    0x080029e8   0x080029e8   0x00000034   Code   RO         3429    i.HAL_TIM_PWM_Init  stm32f1xx_hal_tim.o
    0x08002a1c   0x08002a1c   0x00000044   Code   RO          382    i.HAL_TIM_PWM_MspInit  stm32f1xx_hal_msp.o
    0x08002a60   0x08002a60   0x00000002   Code   RO         3432    i.HAL_TIM_PWM_PulseFinishedCallback  stm32f1xx_hal_tim.o
    0x08002a62   0x08002a62   0x00000002   PAD
    0x08002a64   0x08002a64   0x000000e4   Code   RO           15    i.HAL_TIM_PeriodElapsedCallback  main.o
    0x08002b48   0x08002b48   0x00000002   Code   RO         3445    i.HAL_TIM_TriggerCallback  stm32f1xx_hal_tim.o
    0x08002b4a   0x08002b4a   0x00000072   Code   RO         4321    i.HAL_UART_Init     stm32f1xx_hal_uart.o
    0x08002bbc   0x08002bbc   0x00000088   Code   RO          384    i.HAL_UART_MspInit  stm32f1xx_hal_msp.o
    0x08002c44   0x08002c44   0x00000006   Code   RO          260    i.HardFault_Handler  stm32f1xx_it.o
    0x08002c4a   0x08002c4a   0x0000003e   Code   RO         1344    i.I2C_IsAcknowledgeFailed  stm32f1xx_hal_i2c.o
    0x08002c88   0x08002c88   0x000000ac   Code   RO         1348    i.I2C_MasterRequestWrite  stm32f1xx_hal_i2c.o
    0x08002d34   0x08002d34   0x00000138   Code   RO         1354    i.I2C_RequestMemoryRead  stm32f1xx_hal_i2c.o
    0x08002e6c   0x08002e6c   0x0000005c   Code   RO         1363    i.I2C_WaitOnBTFFlagUntilTimeout  stm32f1xx_hal_i2c.o
    0x08002ec8   0x08002ec8   0x00000086   Code   RO         1364    i.I2C_WaitOnFlagUntilTimeout  stm32f1xx_hal_i2c.o
    0x08002f4e   0x08002f4e   0x000000c4   Code   RO         1365    i.I2C_WaitOnMasterAddressFlagUntilTimeout  stm32f1xx_hal_i2c.o
    0x08003012   0x08003012   0x00000080   Code   RO         1366    i.I2C_WaitOnRXNEFlagUntilTimeout  stm32f1xx_hal_i2c.o
    0x08003092   0x08003092   0x0000005c   Code   RO         1368    i.I2C_WaitOnTXEFlagUntilTimeout  stm32f1xx_hal_i2c.o
    0x080030ee   0x080030ee   0x00000002   PAD
    0x080030f0   0x080030f0   0x00000120   Code   RO           16    i.MX_GPIO_Init      main.o
    0x08003210   0x08003210   0x0000003c   Code   RO           17    i.MX_I2C1_Init      main.o
    0x0800324c   0x0800324c   0x0000002c   Code   RO           18    i.MX_RTC_Init       main.o
    0x08003278   0x08003278   0x00000044   Code   RO           19    i.MX_SPI1_Init      main.o
    0x080032bc   0x080032bc   0x000000b4   Code   RO           20    i.MX_TIM1_Init      main.o
    0x08003370   0x08003370   0x0000007c   Code   RO           21    i.MX_TIM2_Init      main.o
    0x080033ec   0x080033ec   0x00000038   Code   RO           22    i.MX_USART1_UART_Init  main.o
    0x08003424   0x08003424   0x000000c4   Code   RO         1133    i.MainMenuInit      menu_system.o
    0x080034e8   0x080034e8   0x00000004   Code   RO          261    i.MemManage_Handler  stm32f1xx_it.o
    0x080034ec   0x080034ec   0x00000184   Code   RO         1134    i.MenuButtonPressed  menu_system.o
    0x08003670   0x08003670   0x000000aa   Code   RO         1135    i.MenuDisplayUpdate  menu_system.o
    0x0800371a   0x0800371a   0x00000068   Code   RO         1136    i.MenuScrollDown    menu_system.o
    0x08003782   0x08003782   0x00000068   Code   RO         1137    i.MenuScrollUp      menu_system.o
    0x080037ea   0x080037ea   0x00000038   Code   RO         1138    i.MenuSetRowText    menu_system.o
    0x08003822   0x08003822   0x00000016   Code   RO         1139    i.MenuStrCpy        menu_system.o
    0x08003838   0x08003838   0x00000168   Code   RO         1140    i.MenuSystemInit    menu_system.o
    0x080039a0   0x080039a0   0x00000468   Code   RO         1142    i.Menu_Read_MPR121  menu_system.o
    0x08003e08   0x08003e08   0x00000002   Code   RO          262    i.NMI_Handler       stm32f1xx_it.o
    0x08003e0a   0x08003e0a   0x00000002   Code   RO          263    i.PendSV_Handler    stm32f1xx_it.o
    0x08003e0c   0x08003e0c   0x000000d8   Code   RO         1143    i.PinMappingMenuInit  menu_system.o
    0x08003ee4   0x08003ee4   0x00000028   Code   RO         1940    i.RCC_Delay         stm32f1xx_hal_rcc.o
    0x08003f0c   0x08003f0c   0x0000003a   Code   RO         2778    i.RTC_EnterInitMode  stm32f1xx_hal_rtc.o
    0x08003f46   0x08003f46   0x0000003a   Code   RO         2779    i.RTC_ExitInitMode  stm32f1xx_hal_rtc.o
    0x08003f80   0x08003f80   0x00000028   Code   RO         3084    i.SPI_EndRxTxTransaction  stm32f1xx_hal_spi.o
    0x08003fa8   0x08003fa8   0x000000a8   Code   RO         3089    i.SPI_WaitFlagStateUntilTimeout  stm32f1xx_hal_spi.o
    0x08004050   0x08004050   0x00000002   Code   RO          264    i.SVC_Handler       stm32f1xx_it.o
    0x08004052   0x08004052   0x00000008   Code   RO          265    i.SysTick_Handler   stm32f1xx_it.o
    0x0800405a   0x0800405a   0x00000072   Code   RO           23    i.SystemClock_Config  main.o
    0x080040cc   0x080040cc   0x00000058   Code   RO         4628    i.SystemInit        system_stm32f1xx.o
    0x08004124   0x08004124   0x00000010   Code   RO          266    i.TIM1_UP_IRQHandler  stm32f1xx_it.o
    0x08004134   0x08004134   0x00000074   Code   RO         3447    i.TIM_Base_SetConfig  stm32f1xx_hal_tim.o
    0x080041a8   0x080041a8   0x00000022   Code   RO         3448    i.TIM_CCxChannelCmd  stm32f1xx_hal_tim.o
    0x080041ca   0x080041ca   0x00000002   PAD
    0x080041cc   0x080041cc   0x00000060   Code   RO         3460    i.TIM_OC1_SetConfig  stm32f1xx_hal_tim.o
    0x0800422c   0x0800422c   0x00000068   Code   RO         3461    i.TIM_OC2_SetConfig  stm32f1xx_hal_tim.o
    0x08004294   0x08004294   0x00000068   Code   RO         3462    i.TIM_OC3_SetConfig  stm32f1xx_hal_tim.o
    0x080042fc   0x080042fc   0x00000048   Code   RO         3463    i.TIM_OC4_SetConfig  stm32f1xx_hal_tim.o
    0x08004344   0x08004344   0x000001a0   Code   RO         4348    i.UART_SetConfig    stm32f1xx_hal_uart.o
    0x080044e4   0x080044e4   0x00000004   Code   RO          267    i.UsageFault_Handler  stm32f1xx_it.o
    0x080044e8   0x080044e8   0x00000024   Code   RO         4681    i.__0vsprintf       mc_w.l(printfa.o)
    0x0800450c   0x0800450c   0x00000010   Code   RO         2245    i.__NVIC_GetPriorityGrouping  stm32f1xx_hal_cortex.o
    0x0800451c   0x0800451c   0x00000028   Code   RO         2246    i.__NVIC_SetPriority  stm32f1xx_hal_cortex.o
    0x08004544   0x08004544   0x0000000e   Code   RO         4746    i.__scatterload_copy  mc_w.l(handlers.o)
    0x08004552   0x08004552   0x00000002   Code   RO         4747    i.__scatterload_null  mc_w.l(handlers.o)
    0x08004554   0x08004554   0x0000000e   Code   RO         4748    i.__scatterload_zeroinit  mc_w.l(handlers.o)
    0x08004562   0x08004562   0x00000002   PAD
    0x08004564   0x08004564   0x00000184   Code   RO         4682    i._fp_digits        mc_w.l(printfa.o)
    0x080046e8   0x080046e8   0x000006dc   Code   RO         4683    i._printf_core      mc_w.l(printfa.o)
    0x08004dc4   0x08004dc4   0x00000024   Code   RO         4684    i._printf_post_padding  mc_w.l(printfa.o)
    0x08004de8   0x08004de8   0x0000002e   Code   RO         4685    i._printf_pre_padding  mc_w.l(printfa.o)
    0x08004e16   0x08004e16   0x0000000a   Code   RO         4687    i._sputc            mc_w.l(printfa.o)
    0x08004e20   0x08004e20   0x00000020   Code   RO          762    i.animation_delay   animations.o
    0x08004e40   0x08004e40   0x00000006   Code   RO         1042    i.array_8x8_set_single  array_8x8.o
    0x08004e46   0x08004e46   0x00000122   Code   RO         1045    i.array_8x8_shift_column  array_8x8.o
    0x08004f68   0x08004f68   0x00000112   Code   RO         1046    i.array_8x8_shift_row  array_8x8.o
    0x0800507a   0x0800507a   0x00000014   Code   RO          885    i.bool_mask_copy    bool_mask.o
    0x0800508e   0x0800508e   0x00000002   PAD
    0x08005090   0x08005090   0x00000080   Code   RO           24    i.current_lyr_on    main.o
    0x08005110   0x08005110   0x00000160   Code   RO          766    i.fade_in_color     animations.o
    0x08005270   0x08005270   0x0000016c   Code   RO          767    i.fade_out_color    animations.o
    0x080053dc   0x080053dc   0x00000154   Code   RO          768    i.halloween         animations.o
    0x08005530   0x08005530   0x000001f0   Code   RO          769    i.joel_mode         animations.o
    0x08005720   0x08005720   0x0000000c   Code   RO          475    i.lcd20x4_i2c_1stLine  lcd20x4_i2c.o
    0x0800572c   0x0800572c   0x0000000c   Code   RO          476    i.lcd20x4_i2c_2ndLine  lcd20x4_i2c.o
    0x08005738   0x08005738   0x0000000c   Code   RO          477    i.lcd20x4_i2c_3rdLine  lcd20x4_i2c.o
    0x08005744   0x08005744   0x0000000c   Code   RO          478    i.lcd20x4_i2c_4thLine  lcd20x4_i2c.o
    0x08005750   0x08005750   0x00000010   Code   RO          481    i.lcd20x4_i2c_clear  lcd20x4_i2c.o
    0x08005760   0x08005760   0x00000016   Code   RO          482    i.lcd20x4_i2c_cursorShow  lcd20x4_i2c.o
    0x08005776   0x08005776   0x00000002   PAD
    0x08005778   0x08005778   0x000000c0   Code   RO          484    i.lcd20x4_i2c_init  lcd20x4_i2c.o
    0x08005838   0x08005838   0x0000003e   Code   RO          485    i.lcd20x4_i2c_printf  lcd20x4_i2c.o
    0x08005876   0x08005876   0x00000002   PAD
    0x08005878   0x08005878   0x0000004c   Code   RO          486    i.lcd20x4_i2c_sendCommand  lcd20x4_i2c.o
    0x080058c4   0x080058c4   0x0000004c   Code   RO          487    i.lcd20x4_i2c_sendData  lcd20x4_i2c.o
    0x08005910   0x08005910   0x00000042   Code   RO          488    i.lcd20x4_i2c_setCursor  lcd20x4_i2c.o
    0x08005952   0x08005952   0x00000024   Code   RO          942    i.lyr_frame_clear_all  lyrframe.o
    0x08005976   0x08005976   0x00000002   PAD
    0x08005978   0x08005978   0x00000054   Code   RO          943    i.lyr_frame_convert  lyrframe.o
    0x080059cc   0x080059cc   0x0000003c   Code   RO          948    i.lyr_frame_set_color  lyrframe.o
    0x08005a08   0x08005a08   0x0000002c   Code   RO          949    i.lyr_frame_set_single_color  lyrframe.o
    0x08005a34   0x08005a34   0x0000001a   Code   RO          950    i.lyr_frame_set_single_rgb  lyrframe.o
    0x08005a4e   0x08005a4e   0x0000002c   Code   RO          952    i.lyr_frame_shift_column  lyrframe.o
    0x08005a7a   0x08005a7a   0x0000002c   Code   RO          953    i.lyr_frame_shift_row  lyrframe.o
    0x08005aa6   0x08005aa6   0x00000002   PAD
    0x08005aa8   0x08005aa8   0x000002fc   Code   RO           25    i.main              main.o
    0x08005da4   0x08005da4   0x0000009c   Code   RO          770    i.merry_christmas   animations.o
    0x08005e40   0x08005e40   0x000001cc   Code   RO          603    i.mpr121_init       mpr121.o
    0x0800600c   0x0800600c   0x00000080   Code   RO          604    i.mpr121_keyPad     mpr121.o
    0x0800608c   0x0800608c   0x00000028   Code   RO          605    i.mpr121_read       mpr121.o
    0x080060b4   0x080060b4   0x0000002e   Code   RO          606    i.mpr121_touch      mpr121.o
    0x080060e2   0x080060e2   0x000000f4   Code   RO          607    i.mpr121_wheel      mpr121.o
    0x080061d6   0x080061d6   0x00000028   Code   RO          609    i.mpr121_write      mpr121.o
    0x080061fe   0x080061fe   0x00000002   PAD
    0x08006200   0x08006200   0x00000358   Code   RO          772    i.original_fade     animations.o
    0x08006558   0x08006558   0x00000074   Code   RO           26    i.previous_lyr_off  main.o
    0x080065cc   0x080065cc   0x00000b68   Code   RO          773    i.sliding_cubes     animations.o
    0x08007134   0x08007134   0x00000016   Code   RO          666    i.tlc_clear         tlc5940.o
    0x0800714a   0x0800714a   0x00000062   Code   RO          674    i.tlc_spi_convert   tlc5940.o
    0x080071ac   0x080071ac   0x00000104   Code   RO          775    i.transition_punch  animations.o
    0x080072b0   0x080072b0   0x00000018   Data   RO         4629    .constdata          system_stm32f1xx.o
    0x080072c8   0x080072c8   0x00000020   Data   RO         4744    Region$$Table       anon$$obj.o


    Execution Region RW_IRAM1 (Exec base: 0x20000000, Load base: 0x080072e8, Size: 0x00003ca8, Max: 0x00005000, ABSOLUTE, COMPRESSED[0x00000254])

    Exec Addr    Load Addr    Size         Type   Attr      Idx    E Section Name        Object

    0x20000000   COMPRESSED   0x00000316   Data   RW           28    .data               main.o
    0x20000316   COMPRESSED   0x00000002   PAD
    0x20000318   COMPRESSED   0x00000005   Data   RW          491    .data               lcd20x4_i2c.o
    0x2000031d   COMPRESSED   0x00000003   PAD
    0x20000320   COMPRESSED   0x00000090   Data   RW          778    .data               animations.o
    0x200003b0   COMPRESSED   0x000003c0   Data   RW          888    .data               bool_mask.o
    0x20000770   COMPRESSED   0x00000020   Data   RW         1145    .data               menu_system.o
    0x20000790   COMPRESSED   0x00000004   Data   RW         1234    .data               rng.o
    0x20000794   COMPRESSED   0x00000009   Data   RW         1777    .data               stm32f1xx_hal.o
    0x2000079d   COMPRESSED   0x00000003   PAD
    0x200007a0   COMPRESSED   0x00000004   Data   RW         4630    .data               system_stm32f1xx.o
    0x200007a4        -       0x00001080   Zero   RW           27    .bss                main.o
    0x20001824        -       0x00000040   Zero   RW          887    .bss                bool_mask.o
    0x20001864        -       0x00000440   Zero   RW         1144    .bss                menu_system.o
    0x20001ca4   COMPRESSED   0x00000004   PAD
    0x20001ca8        -       0x00002000   Zero   RW            1    STACK               startup_stm32f103xb.o


==============================================================================

Image component sizes


      Code (inc. data)   RO Data    RW Data    ZI Data      Debug   Object Name

      5776        316          0        144          0       9652   animations.o
       570          0          0          0          0       2714   array_8x8.o
        20          0          0        960         64       1869   bool_mask.o
       558         24          0          5          0       7688   lcd20x4_i2c.o
       338         14          0          0          0       5254   lyrframe.o
      2364        186          0        790       4224     454108   main.o
      3220        560          0         32       1088      11878   menu_system.o
       958          0          0          0          0       4833   mpr121.o
         0          0          0          4          0        259   rng.o
        36          8        236          0       8192        848   startup_stm32f103xb.o
       192         36          0          9          0       6249   stm32f1xx_hal.o
       304         22          0          0          0      29731   stm32f1xx_hal_cortex.o
       854         38          0          0          0       4088   stm32f1xx_hal_gpio.o
      3208         58          0          0          0      13571   stm32f1xx_hal_i2c.o
       784         84          0          0          0       5720   stm32f1xx_hal_msp.o
        12          4          0          0          0        559   stm32f1xx_hal_pwr.o
      1784        110          0          0          0       6368   stm32f1xx_hal_rcc.o
       580         42          0          0          0       2541   stm32f1xx_hal_rcc_ex.o
       388          6          0          0          0       3516   stm32f1xx_hal_rtc.o
       762          0          0          0          0       4198   stm32f1xx_hal_spi.o
      1542         36          0          0          0      12734   stm32f1xx_hal_tim.o
       204          0          0          0          0       3373   stm32f1xx_hal_tim_ex.o
       530          4          0          0          0       1884   stm32f1xx_hal_uart.o
        70          6          0          0          0       6860   stm32f1xx_it.o
        88         18         24          4          0       1295   system_stm32f1xx.o
       120          0          0          0          0       1817   tlc5940.o

    ----------------------------------------------------------------------
     25284       1572        292       1956      13572     603607   Object Totals
         0          0         32          0          0          0   (incl. Generated)
        22          0          0          8          4          0   (incl. Padding)

    ----------------------------------------------------------------------

      Code (inc. data)   RO Data    RW Data    ZI Data      Debug   Library Member Name

        86          0          0          0          0          0   __dczerorl2.o
         0          0          0          0          0          0   entry.o
         0          0          0          0          0          0   entry10a.o
         0          0          0          0          0          0   entry11a.o
         8          4          0          0          0          0   entry2.o
         4          0          0          0          0          0   entry5.o
         0          0          0          0          0          0   entry7b.o
         0          0          0          0          0          0   entry8b.o
         8          4          0          0          0          0   entry9a.o
        30          0          0          0          0          0   handlers.o
        36          8          0          0          0         68   init.o
         0          0          0          0          0          0   iusefp.o
        30          0          0          0          0         68   llshl.o
        36          0          0          0          0         68   llsshr.o
        32          0          0          0          0         68   llushr.o
        36          0          0          0          0         68   memcpya.o
        36          0          0          0          0        108   memseta.o
      2272         86          0          0          0        516   printfa.o
        14          0          0          0          0         68   strlen.o
        44          0          0          0          0         80   uidiv.o
        98          0          0          0          0         92   uldiv.o
        48          0          0          0          0         68   cdrcmple.o
       334          0          0          0          0        148   dadd.o
       222          0          0          0          0        100   ddiv.o
       186          0          0          0          0        176   depilogue.o
        48          0          0          0          0         68   dfixul.o
       228          0          0          0          0         96   dmul.o

    ----------------------------------------------------------------------
      3840        102          0          0          0       1860   Library Totals
         4          0          0          0          0          0   (incl. Padding)

    ----------------------------------------------------------------------

      Code (inc. data)   RO Data    RW Data    ZI Data      Debug   Library Name

      2770        102          0          0          0       1204   mc_w.l
      1066          0          0          0          0        656   mf_w.l

    ----------------------------------------------------------------------
      3840        102          0          0          0       1860   Library Totals

    ----------------------------------------------------------------------

==============================================================================


      Code (inc. data)   RO Data    RW Data    ZI Data      Debug   

     29124       1674        292       1956      13572     596963   Grand Totals
     29124       1674        292        596      13572     596963   ELF Image Totals (compressed)
     29124       1674        292        596          0          0   ROM Totals

==============================================================================

    Total RO  Size (Code + RO Data)                29416 (  28.73kB)
    Total RW  Size (RW Data + ZI Data)             15528 (  15.16kB)
    Total ROM Size (Code + RO Data + RW Data)      30012 (  29.31kB)

==============================================================================

