14:37:03 **** Clean-only build of configuration Debug for project l3dcube ****
make clean 
rm -rf *
 
14:37:05 **** Build of configuration Debug for project l3dcube ****
make all 
Building file: ../startup/startup_stm32f103xb.s
Invoking: MCU GCC Assembler
C:\Users\jmichael\OneDrive - Itron\Documents\8x8x8_RGB_LED_CUBE_MOTHERBOARD_FW\2020-05-12 STM32CubeMX\Debug
arm-none-eabi-as -mcpu=cortex-m3 -mthumb -mfloat-abi=soft -g -o "startup/startup_stm32f103xb.o" "../startup/startup_stm32f103xb.s"
Finished building: ../startup/startup_stm32f103xb.s
 
Building file: ../Src/main.c
Invoking: MCU GCC Compiler
C:\Users\jmichael\OneDrive - Itron\Documents\8x8x8_RGB_LED_CUBE_MOTHERBOARD_FW\2020-05-12 STM32CubeMX\Debug
arm-none-eabi-gcc -mcpu=cortex-m3 -mthumb -mfloat-abi=soft -DUSE_HAL_DRIVER -DSTM32F103xB -I"C:/Users/jmichael/OneDrive - Itron/Documents/8x8x8_RGB_LED_CUBE_MOTHERBOARD_FW/2020-05-12 STM32CubeMX/Inc" -I"C:/Users/jmichael/OneDrive - Itron/Documents/8x8x8_RGB_LED_CUBE_MOTHERBOARD_FW/2020-05-12 STM32CubeMX/Drivers/STM32F1xx_HAL_Driver/Inc" -I"C:/Users/jmichael/OneDrive - Itron/Documents/8x8x8_RGB_LED_CUBE_MOTHERBOARD_FW/2020-05-12 STM32CubeMX/Drivers/STM32F1xx_HAL_Driver/Inc/Legacy" -I"C:/Users/jmichael/OneDrive - Itron/Documents/8x8x8_RGB_LED_CUBE_MOTHERBOARD_FW/2020-05-12 STM32CubeMX/Drivers/CMSIS/Device/ST/STM32F1xx/Include" -I"C:/Users/jmichael/OneDrive - Itron/Documents/8x8x8_RGB_LED_CUBE_MOTHERBOARD_FW/2020-05-12 STM32CubeMX/Drivers/CMSIS/Include"  -Og -g3 -Wall -fmessage-length=0 -ffunction-sections -c -fmessage-length=0 -MMD -MP -MF"Src/main.d" -MT"Src/main.o" -o "Src/main.o" "../Src/main.c"
Finished building: ../Src/main.c
 
Building file: ../Src/stm32f1xx_hal_msp.c
Invoking: MCU GCC Compiler
C:\Users\jmichael\OneDrive - Itron\Documents\8x8x8_RGB_LED_CUBE_MOTHERBOARD_FW\2020-05-12 STM32CubeMX\Debug
arm-none-eabi-gcc -mcpu=cortex-m3 -mthumb -mfloat-abi=soft -DUSE_HAL_DRIVER -DSTM32F103xB -I"C:/Users/jmichael/OneDrive - Itron/Documents/8x8x8_RGB_LED_CUBE_MOTHERBOARD_FW/2020-05-12 STM32CubeMX/Inc" -I"C:/Users/jmichael/OneDrive - Itron/Documents/8x8x8_RGB_LED_CUBE_MOTHERBOARD_FW/2020-05-12 STM32CubeMX/Drivers/STM32F1xx_HAL_Driver/Inc" -I"C:/Users/jmichael/OneDrive - Itron/Documents/8x8x8_RGB_LED_CUBE_MOTHERBOARD_FW/2020-05-12 STM32CubeMX/Drivers/STM32F1xx_HAL_Driver/Inc/Legacy" -I"C:/Users/jmichael/OneDrive - Itron/Documents/8x8x8_RGB_LED_CUBE_MOTHERBOARD_FW/2020-05-12 STM32CubeMX/Drivers/CMSIS/Device/ST/STM32F1xx/Include" -I"C:/Users/jmichael/OneDrive - Itron/Documents/8x8x8_RGB_LED_CUBE_MOTHERBOARD_FW/2020-05-12 STM32CubeMX/Drivers/CMSIS/Include"  -Og -g3 -Wall -fmessage-length=0 -ffunction-sections -c -fmessage-length=0 -MMD -MP -MF"Src/stm32f1xx_hal_msp.d" -MT"Src/stm32f1xx_hal_msp.o" -o "Src/stm32f1xx_hal_msp.o" "../Src/stm32f1xx_hal_msp.c"
Finished building: ../Src/stm32f1xx_hal_msp.c
 
Building file: ../Src/stm32f1xx_it.c
Invoking: MCU GCC Compiler
C:\Users\jmichael\OneDrive - Itron\Documents\8x8x8_RGB_LED_CUBE_MOTHERBOARD_FW\2020-05-12 STM32CubeMX\Debug
arm-none-eabi-gcc -mcpu=cortex-m3 -mthumb -mfloat-abi=soft -DUSE_HAL_DRIVER -DSTM32F103xB -I"C:/Users/jmichael/OneDrive - Itron/Documents/8x8x8_RGB_LED_CUBE_MOTHERBOARD_FW/2020-05-12 STM32CubeMX/Inc" -I"C:/Users/jmichael/OneDrive - Itron/Documents/8x8x8_RGB_LED_CUBE_MOTHERBOARD_FW/2020-05-12 STM32CubeMX/Drivers/STM32F1xx_HAL_Driver/Inc" -I"C:/Users/jmichael/OneDrive - Itron/Documents/8x8x8_RGB_LED_CUBE_MOTHERBOARD_FW/2020-05-12 STM32CubeMX/Drivers/STM32F1xx_HAL_Driver/Inc/Legacy" -I"C:/Users/jmichael/OneDrive - Itron/Documents/8x8x8_RGB_LED_CUBE_MOTHERBOARD_FW/2020-05-12 STM32CubeMX/Drivers/CMSIS/Device/ST/STM32F1xx/Include" -I"C:/Users/jmichael/OneDrive - Itron/Documents/8x8x8_RGB_LED_CUBE_MOTHERBOARD_FW/2020-05-12 STM32CubeMX/Drivers/CMSIS/Include"  -Og -g3 -Wall -fmessage-length=0 -ffunction-sections -c -fmessage-length=0 -MMD -MP -MF"Src/stm32f1xx_it.d" -MT"Src/stm32f1xx_it.o" -o "Src/stm32f1xx_it.o" "../Src/stm32f1xx_it.c"
Finished building: ../Src/stm32f1xx_it.c
 
Building file: ../Src/syscalls.c
Invoking: MCU GCC Compiler
C:\Users\jmichael\OneDrive - Itron\Documents\8x8x8_RGB_LED_CUBE_MOTHERBOARD_FW\2020-05-12 STM32CubeMX\Debug
arm-none-eabi-gcc -mcpu=cortex-m3 -mthumb -mfloat-abi=soft -DUSE_HAL_DRIVER -DSTM32F103xB -I"C:/Users/jmichael/OneDrive - Itron/Documents/8x8x8_RGB_LED_CUBE_MOTHERBOARD_FW/2020-05-12 STM32CubeMX/Inc" -I"C:/Users/jmichael/OneDrive - Itron/Documents/8x8x8_RGB_LED_CUBE_MOTHERBOARD_FW/2020-05-12 STM32CubeMX/Drivers/STM32F1xx_HAL_Driver/Inc" -I"C:/Users/jmichael/OneDrive - Itron/Documents/8x8x8_RGB_LED_CUBE_MOTHERBOARD_FW/2020-05-12 STM32CubeMX/Drivers/STM32F1xx_HAL_Driver/Inc/Legacy" -I"C:/Users/jmichael/OneDrive - Itron/Documents/8x8x8_RGB_LED_CUBE_MOTHERBOARD_FW/2020-05-12 STM32CubeMX/Drivers/CMSIS/Device/ST/STM32F1xx/Include" -I"C:/Users/jmichael/OneDrive - Itron/Documents/8x8x8_RGB_LED_CUBE_MOTHERBOARD_FW/2020-05-12 STM32CubeMX/Drivers/CMSIS/Include"  -Og -g3 -Wall -fmessage-length=0 -ffunction-sections -c -fmessage-length=0 -MMD -MP -MF"Src/syscalls.d" -MT"Src/syscalls.o" -o "Src/syscalls.o" "../Src/syscalls.c"
Finished building: ../Src/syscalls.c
 
Building file: ../Src/system_stm32f1xx.c
Invoking: MCU GCC Compiler
C:\Users\jmichael\OneDrive - Itron\Documents\8x8x8_RGB_LED_CUBE_MOTHERBOARD_FW\2020-05-12 STM32CubeMX\Debug
arm-none-eabi-gcc -mcpu=cortex-m3 -mthumb -mfloat-abi=soft -DUSE_HAL_DRIVER -DSTM32F103xB -I"C:/Users/jmichael/OneDrive - Itron/Documents/8x8x8_RGB_LED_CUBE_MOTHERBOARD_FW/2020-05-12 STM32CubeMX/Inc" -I"C:/Users/jmichael/OneDrive - Itron/Documents/8x8x8_RGB_LED_CUBE_MOTHERBOARD_FW/2020-05-12 STM32CubeMX/Drivers/STM32F1xx_HAL_Driver/Inc" -I"C:/Users/jmichael/OneDrive - Itron/Documents/8x8x8_RGB_LED_CUBE_MOTHERBOARD_FW/2020-05-12 STM32CubeMX/Drivers/STM32F1xx_HAL_Driver/Inc/Legacy" -I"C:/Users/jmichael/OneDrive - Itron/Documents/8x8x8_RGB_LED_CUBE_MOTHERBOARD_FW/2020-05-12 STM32CubeMX/Drivers/CMSIS/Device/ST/STM32F1xx/Include" -I"C:/Users/jmichael/OneDrive - Itron/Documents/8x8x8_RGB_LED_CUBE_MOTHERBOARD_FW/2020-05-12 STM32CubeMX/Drivers/CMSIS/Include"  -Og -g3 -Wall -fmessage-length=0 -ffunction-sections -c -fmessage-length=0 -MMD -MP -MF"Src/system_stm32f1xx.d" -MT"Src/system_stm32f1xx.o" -o "Src/system_stm32f1xx.o" "../Src/system_stm32f1xx.c"
Finished building: ../Src/system_stm32f1xx.c
 
Building file: ../Drivers/STM32F1xx_HAL_Driver/Src/stm32f1xx_hal.c
Invoking: MCU GCC Compiler
C:\Users\jmichael\OneDrive - Itron\Documents\8x8x8_RGB_LED_CUBE_MOTHERBOARD_FW\2020-05-12 STM32CubeMX\Debug
arm-none-eabi-gcc -mcpu=cortex-m3 -mthumb -mfloat-abi=soft -DUSE_HAL_DRIVER -DSTM32F103xB -I"C:/Users/jmichael/OneDrive - Itron/Documents/8x8x8_RGB_LED_CUBE_MOTHERBOARD_FW/2020-05-12 STM32CubeMX/Inc" -I"C:/Users/jmichael/OneDrive - Itron/Documents/8x8x8_RGB_LED_CUBE_MOTHERBOARD_FW/2020-05-12 STM32CubeMX/Drivers/STM32F1xx_HAL_Driver/Inc" -I"C:/Users/jmichael/OneDrive - Itron/Documents/8x8x8_RGB_LED_CUBE_MOTHERBOARD_FW/2020-05-12 STM32CubeMX/Drivers/STM32F1xx_HAL_Driver/Inc/Legacy" -I"C:/Users/jmichael/OneDrive - Itron/Documents/8x8x8_RGB_LED_CUBE_MOTHERBOARD_FW/2020-05-12 STM32CubeMX/Drivers/CMSIS/Device/ST/STM32F1xx/Include" -I"C:/Users/jmichael/OneDrive - Itron/Documents/8x8x8_RGB_LED_CUBE_MOTHERBOARD_FW/2020-05-12 STM32CubeMX/Drivers/CMSIS/Include"  -Og -g3 -Wall -fmessage-length=0 -ffunction-sections -c -fmessage-length=0 -MMD -MP -MF"Drivers/STM32F1xx_HAL_Driver/Src/stm32f1xx_hal.d" -MT"Drivers/STM32F1xx_HAL_Driver/Src/stm32f1xx_hal.o" -o "Drivers/STM32F1xx_HAL_Driver/Src/stm32f1xx_hal.o" "../Drivers/STM32F1xx_HAL_Driver/Src/stm32f1xx_hal.c"
Finished building: ../Drivers/STM32F1xx_HAL_Driver/Src/stm32f1xx_hal.c
 
Building file: ../Drivers/STM32F1xx_HAL_Driver/Src/stm32f1xx_hal_cortex.c
Invoking: MCU GCC Compiler
C:\Users\jmichael\OneDrive - Itron\Documents\8x8x8_RGB_LED_CUBE_MOTHERBOARD_FW\2020-05-12 STM32CubeMX\Debug
arm-none-eabi-gcc -mcpu=cortex-m3 -mthumb -mfloat-abi=soft -DUSE_HAL_DRIVER -DSTM32F103xB -I"C:/Users/jmichael/OneDrive - Itron/Documents/8x8x8_RGB_LED_CUBE_MOTHERBOARD_FW/2020-05-12 STM32CubeMX/Inc" -I"C:/Users/jmichael/OneDrive - Itron/Documents/8x8x8_RGB_LED_CUBE_MOTHERBOARD_FW/2020-05-12 STM32CubeMX/Drivers/STM32F1xx_HAL_Driver/Inc" -I"C:/Users/jmichael/OneDrive - Itron/Documents/8x8x8_RGB_LED_CUBE_MOTHERBOARD_FW/2020-05-12 STM32CubeMX/Drivers/STM32F1xx_HAL_Driver/Inc/Legacy" -I"C:/Users/jmichael/OneDrive - Itron/Documents/8x8x8_RGB_LED_CUBE_MOTHERBOARD_FW/2020-05-12 STM32CubeMX/Drivers/CMSIS/Device/ST/STM32F1xx/Include" -I"C:/Users/jmichael/OneDrive - Itron/Documents/8x8x8_RGB_LED_CUBE_MOTHERBOARD_FW/2020-05-12 STM32CubeMX/Drivers/CMSIS/Include"  -Og -g3 -Wall -fmessage-length=0 -ffunction-sections -c -fmessage-length=0 -MMD -MP -MF"Drivers/STM32F1xx_HAL_Driver/Src/stm32f1xx_hal_cortex.d" -MT"Drivers/STM32F1xx_HAL_Driver/Src/stm32f1xx_hal_cortex.o" -o "Drivers/STM32F1xx_HAL_Driver/Src/stm32f1xx_hal_cortex.o" "../Drivers/STM32F1xx_HAL_Driver/Src/stm32f1xx_hal_cortex.c"
Finished building: ../Drivers/STM32F1xx_HAL_Driver/Src/stm32f1xx_hal_cortex.c
 
Building file: ../Drivers/STM32F1xx_HAL_Driver/Src/stm32f1xx_hal_dma.c
Invoking: MCU GCC Compiler
C:\Users\jmichael\OneDrive - Itron\Documents\8x8x8_RGB_LED_CUBE_MOTHERBOARD_FW\2020-05-12 STM32CubeMX\Debug
arm-none-eabi-gcc -mcpu=cortex-m3 -mthumb -mfloat-abi=soft -DUSE_HAL_DRIVER -DSTM32F103xB -I"C:/Users/jmichael/OneDrive - Itron/Documents/8x8x8_RGB_LED_CUBE_MOTHERBOARD_FW/2020-05-12 STM32CubeMX/Inc" -I"C:/Users/jmichael/OneDrive - Itron/Documents/8x8x8_RGB_LED_CUBE_MOTHERBOARD_FW/2020-05-12 STM32CubeMX/Drivers/STM32F1xx_HAL_Driver/Inc" -I"C:/Users/jmichael/OneDrive - Itron/Documents/8x8x8_RGB_LED_CUBE_MOTHERBOARD_FW/2020-05-12 STM32CubeMX/Drivers/STM32F1xx_HAL_Driver/Inc/Legacy" -I"C:/Users/jmichael/OneDrive - Itron/Documents/8x8x8_RGB_LED_CUBE_MOTHERBOARD_FW/2020-05-12 STM32CubeMX/Drivers/CMSIS/Device/ST/STM32F1xx/Include" -I"C:/Users/jmichael/OneDrive - Itron/Documents/8x8x8_RGB_LED_CUBE_MOTHERBOARD_FW/2020-05-12 STM32CubeMX/Drivers/CMSIS/Include"  -Og -g3 -Wall -fmessage-length=0 -ffunction-sections -c -fmessage-length=0 -MMD -MP -MF"Drivers/STM32F1xx_HAL_Driver/Src/stm32f1xx_hal_dma.d" -MT"Drivers/STM32F1xx_HAL_Driver/Src/stm32f1xx_hal_dma.o" -o "Drivers/STM32F1xx_HAL_Driver/Src/stm32f1xx_hal_dma.o" "../Drivers/STM32F1xx_HAL_Driver/Src/stm32f1xx_hal_dma.c"
Finished building: ../Drivers/STM32F1xx_HAL_Driver/Src/stm32f1xx_hal_dma.c
 
Building file: ../Drivers/STM32F1xx_HAL_Driver/Src/stm32f1xx_hal_exti.c
Invoking: MCU GCC Compiler
C:\Users\jmichael\OneDrive - Itron\Documents\8x8x8_RGB_LED_CUBE_MOTHERBOARD_FW\2020-05-12 STM32CubeMX\Debug
arm-none-eabi-gcc -mcpu=cortex-m3 -mthumb -mfloat-abi=soft -DUSE_HAL_DRIVER -DSTM32F103xB -I"C:/Users/jmichael/OneDrive - Itron/Documents/8x8x8_RGB_LED_CUBE_MOTHERBOARD_FW/2020-05-12 STM32CubeMX/Inc" -I"C:/Users/jmichael/OneDrive - Itron/Documents/8x8x8_RGB_LED_CUBE_MOTHERBOARD_FW/2020-05-12 STM32CubeMX/Drivers/STM32F1xx_HAL_Driver/Inc" -I"C:/Users/jmichael/OneDrive - Itron/Documents/8x8x8_RGB_LED_CUBE_MOTHERBOARD_FW/2020-05-12 STM32CubeMX/Drivers/STM32F1xx_HAL_Driver/Inc/Legacy" -I"C:/Users/jmichael/OneDrive - Itron/Documents/8x8x8_RGB_LED_CUBE_MOTHERBOARD_FW/2020-05-12 STM32CubeMX/Drivers/CMSIS/Device/ST/STM32F1xx/Include" -I"C:/Users/jmichael/OneDrive - Itron/Documents/8x8x8_RGB_LED_CUBE_MOTHERBOARD_FW/2020-05-12 STM32CubeMX/Drivers/CMSIS/Include"  -Og -g3 -Wall -fmessage-length=0 -ffunction-sections -c -fmessage-length=0 -MMD -MP -MF"Drivers/STM32F1xx_HAL_Driver/Src/stm32f1xx_hal_exti.d" -MT"Drivers/STM32F1xx_HAL_Driver/Src/stm32f1xx_hal_exti.o" -o "Drivers/STM32F1xx_HAL_Driver/Src/stm32f1xx_hal_exti.o" "../Drivers/STM32F1xx_HAL_Driver/Src/stm32f1xx_hal_exti.c"
Finished building: ../Drivers/STM32F1xx_HAL_Driver/Src/stm32f1xx_hal_exti.c
 
Building file: ../Drivers/STM32F1xx_HAL_Driver/Src/stm32f1xx_hal_flash.c
Invoking: MCU GCC Compiler
C:\Users\jmichael\OneDrive - Itron\Documents\8x8x8_RGB_LED_CUBE_MOTHERBOARD_FW\2020-05-12 STM32CubeMX\Debug
arm-none-eabi-gcc -mcpu=cortex-m3 -mthumb -mfloat-abi=soft -DUSE_HAL_DRIVER -DSTM32F103xB -I"C:/Users/jmichael/OneDrive - Itron/Documents/8x8x8_RGB_LED_CUBE_MOTHERBOARD_FW/2020-05-12 STM32CubeMX/Inc" -I"C:/Users/jmichael/OneDrive - Itron/Documents/8x8x8_RGB_LED_CUBE_MOTHERBOARD_FW/2020-05-12 STM32CubeMX/Drivers/STM32F1xx_HAL_Driver/Inc" -I"C:/Users/jmichael/OneDrive - Itron/Documents/8x8x8_RGB_LED_CUBE_MOTHERBOARD_FW/2020-05-12 STM32CubeMX/Drivers/STM32F1xx_HAL_Driver/Inc/Legacy" -I"C:/Users/jmichael/OneDrive - Itron/Documents/8x8x8_RGB_LED_CUBE_MOTHERBOARD_FW/2020-05-12 STM32CubeMX/Drivers/CMSIS/Device/ST/STM32F1xx/Include" -I"C:/Users/jmichael/OneDrive - Itron/Documents/8x8x8_RGB_LED_CUBE_MOTHERBOARD_FW/2020-05-12 STM32CubeMX/Drivers/CMSIS/Include"  -Og -g3 -Wall -fmessage-length=0 -ffunction-sections -c -fmessage-length=0 -MMD -MP -MF"Drivers/STM32F1xx_HAL_Driver/Src/stm32f1xx_hal_flash.d" -MT"Drivers/STM32F1xx_HAL_Driver/Src/stm32f1xx_hal_flash.o" -o "Drivers/STM32F1xx_HAL_Driver/Src/stm32f1xx_hal_flash.o" "../Drivers/STM32F1xx_HAL_Driver/Src/stm32f1xx_hal_flash.c"
Finished building: ../Drivers/STM32F1xx_HAL_Driver/Src/stm32f1xx_hal_flash.c
 
Building file: ../Drivers/STM32F1xx_HAL_Driver/Src/stm32f1xx_hal_flash_ex.c
Invoking: MCU GCC Compiler
C:\Users\jmichael\OneDrive - Itron\Documents\8x8x8_RGB_LED_CUBE_MOTHERBOARD_FW\2020-05-12 STM32CubeMX\Debug
arm-none-eabi-gcc -mcpu=cortex-m3 -mthumb -mfloat-abi=soft -DUSE_HAL_DRIVER -DSTM32F103xB -I"C:/Users/jmichael/OneDrive - Itron/Documents/8x8x8_RGB_LED_CUBE_MOTHERBOARD_FW/2020-05-12 STM32CubeMX/Inc" -I"C:/Users/jmichael/OneDrive - Itron/Documents/8x8x8_RGB_LED_CUBE_MOTHERBOARD_FW/2020-05-12 STM32CubeMX/Drivers/STM32F1xx_HAL_Driver/Inc" -I"C:/Users/jmichael/OneDrive - Itron/Documents/8x8x8_RGB_LED_CUBE_MOTHERBOARD_FW/2020-05-12 STM32CubeMX/Drivers/STM32F1xx_HAL_Driver/Inc/Legacy" -I"C:/Users/jmichael/OneDrive - Itron/Documents/8x8x8_RGB_LED_CUBE_MOTHERBOARD_FW/2020-05-12 STM32CubeMX/Drivers/CMSIS/Device/ST/STM32F1xx/Include" -I"C:/Users/jmichael/OneDrive - Itron/Documents/8x8x8_RGB_LED_CUBE_MOTHERBOARD_FW/2020-05-12 STM32CubeMX/Drivers/CMSIS/Include"  -Og -g3 -Wall -fmessage-length=0 -ffunction-sections -c -fmessage-length=0 -MMD -MP -MF"Drivers/STM32F1xx_HAL_Driver/Src/stm32f1xx_hal_flash_ex.d" -MT"Drivers/STM32F1xx_HAL_Driver/Src/stm32f1xx_hal_flash_ex.o" -o "Drivers/STM32F1xx_HAL_Driver/Src/stm32f1xx_hal_flash_ex.o" "../Drivers/STM32F1xx_HAL_Driver/Src/stm32f1xx_hal_flash_ex.c"
Finished building: ../Drivers/STM32F1xx_HAL_Driver/Src/stm32f1xx_hal_flash_ex.c
 
Building file: ../Drivers/STM32F1xx_HAL_Driver/Src/stm32f1xx_hal_gpio.c
Invoking: MCU GCC Compiler
C:\Users\jmichael\OneDrive - Itron\Documents\8x8x8_RGB_LED_CUBE_MOTHERBOARD_FW\2020-05-12 STM32CubeMX\Debug
arm-none-eabi-gcc -mcpu=cortex-m3 -mthumb -mfloat-abi=soft -DUSE_HAL_DRIVER -DSTM32F103xB -I"C:/Users/jmichael/OneDrive - Itron/Documents/8x8x8_RGB_LED_CUBE_MOTHERBOARD_FW/2020-05-12 STM32CubeMX/Inc" -I"C:/Users/jmichael/OneDrive - Itron/Documents/8x8x8_RGB_LED_CUBE_MOTHERBOARD_FW/2020-05-12 STM32CubeMX/Drivers/STM32F1xx_HAL_Driver/Inc" -I"C:/Users/jmichael/OneDrive - Itron/Documents/8x8x8_RGB_LED_CUBE_MOTHERBOARD_FW/2020-05-12 STM32CubeMX/Drivers/STM32F1xx_HAL_Driver/Inc/Legacy" -I"C:/Users/jmichael/OneDrive - Itron/Documents/8x8x8_RGB_LED_CUBE_MOTHERBOARD_FW/2020-05-12 STM32CubeMX/Drivers/CMSIS/Device/ST/STM32F1xx/Include" -I"C:/Users/jmichael/OneDrive - Itron/Documents/8x8x8_RGB_LED_CUBE_MOTHERBOARD_FW/2020-05-12 STM32CubeMX/Drivers/CMSIS/Include"  -Og -g3 -Wall -fmessage-length=0 -ffunction-sections -c -fmessage-length=0 -MMD -MP -MF"Drivers/STM32F1xx_HAL_Driver/Src/stm32f1xx_hal_gpio.d" -MT"Drivers/STM32F1xx_HAL_Driver/Src/stm32f1xx_hal_gpio.o" -o "Drivers/STM32F1xx_HAL_Driver/Src/stm32f1xx_hal_gpio.o" "../Drivers/STM32F1xx_HAL_Driver/Src/stm32f1xx_hal_gpio.c"
Finished building: ../Drivers/STM32F1xx_HAL_Driver/Src/stm32f1xx_hal_gpio.c
 
Building file: ../Drivers/STM32F1xx_HAL_Driver/Src/stm32f1xx_hal_gpio_ex.c
Invoking: MCU GCC Compiler
C:\Users\jmichael\OneDrive - Itron\Documents\8x8x8_RGB_LED_CUBE_MOTHERBOARD_FW\2020-05-12 STM32CubeMX\Debug
arm-none-eabi-gcc -mcpu=cortex-m3 -mthumb -mfloat-abi=soft -DUSE_HAL_DRIVER -DSTM32F103xB -I"C:/Users/jmichael/OneDrive - Itron/Documents/8x8x8_RGB_LED_CUBE_MOTHERBOARD_FW/2020-05-12 STM32CubeMX/Inc" -I"C:/Users/jmichael/OneDrive - Itron/Documents/8x8x8_RGB_LED_CUBE_MOTHERBOARD_FW/2020-05-12 STM32CubeMX/Drivers/STM32F1xx_HAL_Driver/Inc" -I"C:/Users/jmichael/OneDrive - Itron/Documents/8x8x8_RGB_LED_CUBE_MOTHERBOARD_FW/2020-05-12 STM32CubeMX/Drivers/STM32F1xx_HAL_Driver/Inc/Legacy" -I"C:/Users/jmichael/OneDrive - Itron/Documents/8x8x8_RGB_LED_CUBE_MOTHERBOARD_FW/2020-05-12 STM32CubeMX/Drivers/CMSIS/Device/ST/STM32F1xx/Include" -I"C:/Users/jmichael/OneDrive - Itron/Documents/8x8x8_RGB_LED_CUBE_MOTHERBOARD_FW/2020-05-12 STM32CubeMX/Drivers/CMSIS/Include"  -Og -g3 -Wall -fmessage-length=0 -ffunction-sections -c -fmessage-length=0 -MMD -MP -MF"Drivers/STM32F1xx_HAL_Driver/Src/stm32f1xx_hal_gpio_ex.d" -MT"Drivers/STM32F1xx_HAL_Driver/Src/stm32f1xx_hal_gpio_ex.o" -o "Drivers/STM32F1xx_HAL_Driver/Src/stm32f1xx_hal_gpio_ex.o" "../Drivers/STM32F1xx_HAL_Driver/Src/stm32f1xx_hal_gpio_ex.c"
Finished building: ../Drivers/STM32F1xx_HAL_Driver/Src/stm32f1xx_hal_gpio_ex.c
 
Building file: ../Drivers/STM32F1xx_HAL_Driver/Src/stm32f1xx_hal_i2c.c
Invoking: MCU GCC Compiler
C:\Users\jmichael\OneDrive - Itron\Documents\8x8x8_RGB_LED_CUBE_MOTHERBOARD_FW\2020-05-12 STM32CubeMX\Debug
arm-none-eabi-gcc -mcpu=cortex-m3 -mthumb -mfloat-abi=soft -DUSE_HAL_DRIVER -DSTM32F103xB -I"C:/Users/jmichael/OneDrive - Itron/Documents/8x8x8_RGB_LED_CUBE_MOTHERBOARD_FW/2020-05-12 STM32CubeMX/Inc" -I"C:/Users/jmichael/OneDrive - Itron/Documents/8x8x8_RGB_LED_CUBE_MOTHERBOARD_FW/2020-05-12 STM32CubeMX/Drivers/STM32F1xx_HAL_Driver/Inc" -I"C:/Users/jmichael/OneDrive - Itron/Documents/8x8x8_RGB_LED_CUBE_MOTHERBOARD_FW/2020-05-12 STM32CubeMX/Drivers/STM32F1xx_HAL_Driver/Inc/Legacy" -I"C:/Users/jmichael/OneDrive - Itron/Documents/8x8x8_RGB_LED_CUBE_MOTHERBOARD_FW/2020-05-12 STM32CubeMX/Drivers/CMSIS/Device/ST/STM32F1xx/Include" -I"C:/Users/jmichael/OneDrive - Itron/Documents/8x8x8_RGB_LED_CUBE_MOTHERBOARD_FW/2020-05-12 STM32CubeMX/Drivers/CMSIS/Include"  -Og -g3 -Wall -fmessage-length=0 -ffunction-sections -c -fmessage-length=0 -MMD -MP -MF"Drivers/STM32F1xx_HAL_Driver/Src/stm32f1xx_hal_i2c.d" -MT"Drivers/STM32F1xx_HAL_Driver/Src/stm32f1xx_hal_i2c.o" -o "Drivers/STM32F1xx_HAL_Driver/Src/stm32f1xx_hal_i2c.o" "../Drivers/STM32F1xx_HAL_Driver/Src/stm32f1xx_hal_i2c.c"
Finished building: ../Drivers/STM32F1xx_HAL_Driver/Src/stm32f1xx_hal_i2c.c
 
Building file: ../Drivers/STM32F1xx_HAL_Driver/Src/stm32f1xx_hal_pcd.c
Invoking: MCU GCC Compiler
C:\Users\jmichael\OneDrive - Itron\Documents\8x8x8_RGB_LED_CUBE_MOTHERBOARD_FW\2020-05-12 STM32CubeMX\Debug
arm-none-eabi-gcc -mcpu=cortex-m3 -mthumb -mfloat-abi=soft -DUSE_HAL_DRIVER -DSTM32F103xB -I"C:/Users/jmichael/OneDrive - Itron/Documents/8x8x8_RGB_LED_CUBE_MOTHERBOARD_FW/2020-05-12 STM32CubeMX/Inc" -I"C:/Users/jmichael/OneDrive - Itron/Documents/8x8x8_RGB_LED_CUBE_MOTHERBOARD_FW/2020-05-12 STM32CubeMX/Drivers/STM32F1xx_HAL_Driver/Inc" -I"C:/Users/jmichael/OneDrive - Itron/Documents/8x8x8_RGB_LED_CUBE_MOTHERBOARD_FW/2020-05-12 STM32CubeMX/Drivers/STM32F1xx_HAL_Driver/Inc/Legacy" -I"C:/Users/jmichael/OneDrive - Itron/Documents/8x8x8_RGB_LED_CUBE_MOTHERBOARD_FW/2020-05-12 STM32CubeMX/Drivers/CMSIS/Device/ST/STM32F1xx/Include" -I"C:/Users/jmichael/OneDrive - Itron/Documents/8x8x8_RGB_LED_CUBE_MOTHERBOARD_FW/2020-05-12 STM32CubeMX/Drivers/CMSIS/Include"  -Og -g3 -Wall -fmessage-length=0 -ffunction-sections -c -fmessage-length=0 -MMD -MP -MF"Drivers/STM32F1xx_HAL_Driver/Src/stm32f1xx_hal_pcd.d" -MT"Drivers/STM32F1xx_HAL_Driver/Src/stm32f1xx_hal_pcd.o" -o "Drivers/STM32F1xx_HAL_Driver/Src/stm32f1xx_hal_pcd.o" "../Drivers/STM32F1xx_HAL_Driver/Src/stm32f1xx_hal_pcd.c"
Finished building: ../Drivers/STM32F1xx_HAL_Driver/Src/stm32f1xx_hal_pcd.c
 
Building file: ../Drivers/STM32F1xx_HAL_Driver/Src/stm32f1xx_hal_pcd_ex.c
Invoking: MCU GCC Compiler
C:\Users\jmichael\OneDrive - Itron\Documents\8x8x8_RGB_LED_CUBE_MOTHERBOARD_FW\2020-05-12 STM32CubeMX\Debug
arm-none-eabi-gcc -mcpu=cortex-m3 -mthumb -mfloat-abi=soft -DUSE_HAL_DRIVER -DSTM32F103xB -I"C:/Users/jmichael/OneDrive - Itron/Documents/8x8x8_RGB_LED_CUBE_MOTHERBOARD_FW/2020-05-12 STM32CubeMX/Inc" -I"C:/Users/jmichael/OneDrive - Itron/Documents/8x8x8_RGB_LED_CUBE_MOTHERBOARD_FW/2020-05-12 STM32CubeMX/Drivers/STM32F1xx_HAL_Driver/Inc" -I"C:/Users/jmichael/OneDrive - Itron/Documents/8x8x8_RGB_LED_CUBE_MOTHERBOARD_FW/2020-05-12 STM32CubeMX/Drivers/STM32F1xx_HAL_Driver/Inc/Legacy" -I"C:/Users/jmichael/OneDrive - Itron/Documents/8x8x8_RGB_LED_CUBE_MOTHERBOARD_FW/2020-05-12 STM32CubeMX/Drivers/CMSIS/Device/ST/STM32F1xx/Include" -I"C:/Users/jmichael/OneDrive - Itron/Documents/8x8x8_RGB_LED_CUBE_MOTHERBOARD_FW/2020-05-12 STM32CubeMX/Drivers/CMSIS/Include"  -Og -g3 -Wall -fmessage-length=0 -ffunction-sections -c -fmessage-length=0 -MMD -MP -MF"Drivers/STM32F1xx_HAL_Driver/Src/stm32f1xx_hal_pcd_ex.d" -MT"Drivers/STM32F1xx_HAL_Driver/Src/stm32f1xx_hal_pcd_ex.o" -o "Drivers/STM32F1xx_HAL_Driver/Src/stm32f1xx_hal_pcd_ex.o" "../Drivers/STM32F1xx_HAL_Driver/Src/stm32f1xx_hal_pcd_ex.c"
Finished building: ../Drivers/STM32F1xx_HAL_Driver/Src/stm32f1xx_hal_pcd_ex.c
 
Building file: ../Drivers/STM32F1xx_HAL_Driver/Src/stm32f1xx_hal_pwr.c
Invoking: MCU GCC Compiler
C:\Users\jmichael\OneDrive - Itron\Documents\8x8x8_RGB_LED_CUBE_MOTHERBOARD_FW\2020-05-12 STM32CubeMX\Debug
arm-none-eabi-gcc -mcpu=cortex-m3 -mthumb -mfloat-abi=soft -DUSE_HAL_DRIVER -DSTM32F103xB -I"C:/Users/jmichael/OneDrive - Itron/Documents/8x8x8_RGB_LED_CUBE_MOTHERBOARD_FW/2020-05-12 STM32CubeMX/Inc" -I"C:/Users/jmichael/OneDrive - Itron/Documents/8x8x8_RGB_LED_CUBE_MOTHERBOARD_FW/2020-05-12 STM32CubeMX/Drivers/STM32F1xx_HAL_Driver/Inc" -I"C:/Users/jmichael/OneDrive - Itron/Documents/8x8x8_RGB_LED_CUBE_MOTHERBOARD_FW/2020-05-12 STM32CubeMX/Drivers/STM32F1xx_HAL_Driver/Inc/Legacy" -I"C:/Users/jmichael/OneDrive - Itron/Documents/8x8x8_RGB_LED_CUBE_MOTHERBOARD_FW/2020-05-12 STM32CubeMX/Drivers/CMSIS/Device/ST/STM32F1xx/Include" -I"C:/Users/jmichael/OneDrive - Itron/Documents/8x8x8_RGB_LED_CUBE_MOTHERBOARD_FW/2020-05-12 STM32CubeMX/Drivers/CMSIS/Include"  -Og -g3 -Wall -fmessage-length=0 -ffunction-sections -c -fmessage-length=0 -MMD -MP -MF"Drivers/STM32F1xx_HAL_Driver/Src/stm32f1xx_hal_pwr.d" -MT"Drivers/STM32F1xx_HAL_Driver/Src/stm32f1xx_hal_pwr.o" -o "Drivers/STM32F1xx_HAL_Driver/Src/stm32f1xx_hal_pwr.o" "../Drivers/STM32F1xx_HAL_Driver/Src/stm32f1xx_hal_pwr.c"
Finished building: ../Drivers/STM32F1xx_HAL_Driver/Src/stm32f1xx_hal_pwr.c
 
Building file: ../Drivers/STM32F1xx_HAL_Driver/Src/stm32f1xx_hal_rcc.c
Invoking: MCU GCC Compiler
C:\Users\jmichael\OneDrive - Itron\Documents\8x8x8_RGB_LED_CUBE_MOTHERBOARD_FW\2020-05-12 STM32CubeMX\Debug
arm-none-eabi-gcc -mcpu=cortex-m3 -mthumb -mfloat-abi=soft -DUSE_HAL_DRIVER -DSTM32F103xB -I"C:/Users/jmichael/OneDrive - Itron/Documents/8x8x8_RGB_LED_CUBE_MOTHERBOARD_FW/2020-05-12 STM32CubeMX/Inc" -I"C:/Users/jmichael/OneDrive - Itron/Documents/8x8x8_RGB_LED_CUBE_MOTHERBOARD_FW/2020-05-12 STM32CubeMX/Drivers/STM32F1xx_HAL_Driver/Inc" -I"C:/Users/jmichael/OneDrive - Itron/Documents/8x8x8_RGB_LED_CUBE_MOTHERBOARD_FW/2020-05-12 STM32CubeMX/Drivers/STM32F1xx_HAL_Driver/Inc/Legacy" -I"C:/Users/jmichael/OneDrive - Itron/Documents/8x8x8_RGB_LED_CUBE_MOTHERBOARD_FW/2020-05-12 STM32CubeMX/Drivers/CMSIS/Device/ST/STM32F1xx/Include" -I"C:/Users/jmichael/OneDrive - Itron/Documents/8x8x8_RGB_LED_CUBE_MOTHERBOARD_FW/2020-05-12 STM32CubeMX/Drivers/CMSIS/Include"  -Og -g3 -Wall -fmessage-length=0 -ffunction-sections -c -fmessage-length=0 -MMD -MP -MF"Drivers/STM32F1xx_HAL_Driver/Src/stm32f1xx_hal_rcc.d" -MT"Drivers/STM32F1xx_HAL_Driver/Src/stm32f1xx_hal_rcc.o" -o "Drivers/STM32F1xx_HAL_Driver/Src/stm32f1xx_hal_rcc.o" "../Drivers/STM32F1xx_HAL_Driver/Src/stm32f1xx_hal_rcc.c"
Finished building: ../Drivers/STM32F1xx_HAL_Driver/Src/stm32f1xx_hal_rcc.c
 
Building file: ../Drivers/STM32F1xx_HAL_Driver/Src/stm32f1xx_hal_rcc_ex.c
Invoking: MCU GCC Compiler
C:\Users\jmichael\OneDrive - Itron\Documents\8x8x8_RGB_LED_CUBE_MOTHERBOARD_FW\2020-05-12 STM32CubeMX\Debug
arm-none-eabi-gcc -mcpu=cortex-m3 -mthumb -mfloat-abi=soft -DUSE_HAL_DRIVER -DSTM32F103xB -I"C:/Users/jmichael/OneDrive - Itron/Documents/8x8x8_RGB_LED_CUBE_MOTHERBOARD_FW/2020-05-12 STM32CubeMX/Inc" -I"C:/Users/jmichael/OneDrive - Itron/Documents/8x8x8_RGB_LED_CUBE_MOTHERBOARD_FW/2020-05-12 STM32CubeMX/Drivers/STM32F1xx_HAL_Driver/Inc" -I"C:/Users/jmichael/OneDrive - Itron/Documents/8x8x8_RGB_LED_CUBE_MOTHERBOARD_FW/2020-05-12 STM32CubeMX/Drivers/STM32F1xx_HAL_Driver/Inc/Legacy" -I"C:/Users/jmichael/OneDrive - Itron/Documents/8x8x8_RGB_LED_CUBE_MOTHERBOARD_FW/2020-05-12 STM32CubeMX/Drivers/CMSIS/Device/ST/STM32F1xx/Include" -I"C:/Users/jmichael/OneDrive - Itron/Documents/8x8x8_RGB_LED_CUBE_MOTHERBOARD_FW/2020-05-12 STM32CubeMX/Drivers/CMSIS/Include"  -Og -g3 -Wall -fmessage-length=0 -ffunction-sections -c -fmessage-length=0 -MMD -MP -MF"Drivers/STM32F1xx_HAL_Driver/Src/stm32f1xx_hal_rcc_ex.d" -MT"Drivers/STM32F1xx_HAL_Driver/Src/stm32f1xx_hal_rcc_ex.o" -o "Drivers/STM32F1xx_HAL_Driver/Src/stm32f1xx_hal_rcc_ex.o" "../Drivers/STM32F1xx_HAL_Driver/Src/stm32f1xx_hal_rcc_ex.c"
Finished building: ../Drivers/STM32F1xx_HAL_Driver/Src/stm32f1xx_hal_rcc_ex.c
 
Building file: ../Drivers/STM32F1xx_HAL_Driver/Src/stm32f1xx_hal_rtc.c
Invoking: MCU GCC Compiler
C:\Users\jmichael\OneDrive - Itron\Documents\8x8x8_RGB_LED_CUBE_MOTHERBOARD_FW\2020-05-12 STM32CubeMX\Debug
arm-none-eabi-gcc -mcpu=cortex-m3 -mthumb -mfloat-abi=soft -DUSE_HAL_DRIVER -DSTM32F103xB -I"C:/Users/jmichael/OneDrive - Itron/Documents/8x8x8_RGB_LED_CUBE_MOTHERBOARD_FW/2020-05-12 STM32CubeMX/Inc" -I"C:/Users/jmichael/OneDrive - Itron/Documents/8x8x8_RGB_LED_CUBE_MOTHERBOARD_FW/2020-05-12 STM32CubeMX/Drivers/STM32F1xx_HAL_Driver/Inc" -I"C:/Users/jmichael/OneDrive - Itron/Documents/8x8x8_RGB_LED_CUBE_MOTHERBOARD_FW/2020-05-12 STM32CubeMX/Drivers/STM32F1xx_HAL_Driver/Inc/Legacy" -I"C:/Users/jmichael/OneDrive - Itron/Documents/8x8x8_RGB_LED_CUBE_MOTHERBOARD_FW/2020-05-12 STM32CubeMX/Drivers/CMSIS/Device/ST/STM32F1xx/Include" -I"C:/Users/jmichael/OneDrive - Itron/Documents/8x8x8_RGB_LED_CUBE_MOTHERBOARD_FW/2020-05-12 STM32CubeMX/Drivers/CMSIS/Include"  -Og -g3 -Wall -fmessage-length=0 -ffunction-sections -c -fmessage-length=0 -MMD -MP -MF"Drivers/STM32F1xx_HAL_Driver/Src/stm32f1xx_hal_rtc.d" -MT"Drivers/STM32F1xx_HAL_Driver/Src/stm32f1xx_hal_rtc.o" -o "Drivers/STM32F1xx_HAL_Driver/Src/stm32f1xx_hal_rtc.o" "../Drivers/STM32F1xx_HAL_Driver/Src/stm32f1xx_hal_rtc.c"
Finished building: ../Drivers/STM32F1xx_HAL_Driver/Src/stm32f1xx_hal_rtc.c
 
Building file: ../Drivers/STM32F1xx_HAL_Driver/Src/stm32f1xx_hal_rtc_ex.c
Invoking: MCU GCC Compiler
C:\Users\jmichael\OneDrive - Itron\Documents\8x8x8_RGB_LED_CUBE_MOTHERBOARD_FW\2020-05-12 STM32CubeMX\Debug
arm-none-eabi-gcc -mcpu=cortex-m3 -mthumb -mfloat-abi=soft -DUSE_HAL_DRIVER -DSTM32F103xB -I"C:/Users/jmichael/OneDrive - Itron/Documents/8x8x8_RGB_LED_CUBE_MOTHERBOARD_FW/2020-05-12 STM32CubeMX/Inc" -I"C:/Users/jmichael/OneDrive - Itron/Documents/8x8x8_RGB_LED_CUBE_MOTHERBOARD_FW/2020-05-12 STM32CubeMX/Drivers/STM32F1xx_HAL_Driver/Inc" -I"C:/Users/jmichael/OneDrive - Itron/Documents/8x8x8_RGB_LED_CUBE_MOTHERBOARD_FW/2020-05-12 STM32CubeMX/Drivers/STM32F1xx_HAL_Driver/Inc/Legacy" -I"C:/Users/jmichael/OneDrive - Itron/Documents/8x8x8_RGB_LED_CUBE_MOTHERBOARD_FW/2020-05-12 STM32CubeMX/Drivers/CMSIS/Device/ST/STM32F1xx/Include" -I"C:/Users/jmichael/OneDrive - Itron/Documents/8x8x8_RGB_LED_CUBE_MOTHERBOARD_FW/2020-05-12 STM32CubeMX/Drivers/CMSIS/Include"  -Og -g3 -Wall -fmessage-length=0 -ffunction-sections -c -fmessage-length=0 -MMD -MP -MF"Drivers/STM32F1xx_HAL_Driver/Src/stm32f1xx_hal_rtc_ex.d" -MT"Drivers/STM32F1xx_HAL_Driver/Src/stm32f1xx_hal_rtc_ex.o" -o "Drivers/STM32F1xx_HAL_Driver/Src/stm32f1xx_hal_rtc_ex.o" "../Drivers/STM32F1xx_HAL_Driver/Src/stm32f1xx_hal_rtc_ex.c"
Finished building: ../Drivers/STM32F1xx_HAL_Driver/Src/stm32f1xx_hal_rtc_ex.c
 
Building file: ../Drivers/STM32F1xx_HAL_Driver/Src/stm32f1xx_hal_spi.c
Invoking: MCU GCC Compiler
C:\Users\jmichael\OneDrive - Itron\Documents\8x8x8_RGB_LED_CUBE_MOTHERBOARD_FW\2020-05-12 STM32CubeMX\Debug
arm-none-eabi-gcc -mcpu=cortex-m3 -mthumb -mfloat-abi=soft -DUSE_HAL_DRIVER -DSTM32F103xB -I"C:/Users/jmichael/OneDrive - Itron/Documents/8x8x8_RGB_LED_CUBE_MOTHERBOARD_FW/2020-05-12 STM32CubeMX/Inc" -I"C:/Users/jmichael/OneDrive - Itron/Documents/8x8x8_RGB_LED_CUBE_MOTHERBOARD_FW/2020-05-12 STM32CubeMX/Drivers/STM32F1xx_HAL_Driver/Inc" -I"C:/Users/jmichael/OneDrive - Itron/Documents/8x8x8_RGB_LED_CUBE_MOTHERBOARD_FW/2020-05-12 STM32CubeMX/Drivers/STM32F1xx_HAL_Driver/Inc/Legacy" -I"C:/Users/jmichael/OneDrive - Itron/Documents/8x8x8_RGB_LED_CUBE_MOTHERBOARD_FW/2020-05-12 STM32CubeMX/Drivers/CMSIS/Device/ST/STM32F1xx/Include" -I"C:/Users/jmichael/OneDrive - Itron/Documents/8x8x8_RGB_LED_CUBE_MOTHERBOARD_FW/2020-05-12 STM32CubeMX/Drivers/CMSIS/Include"  -Og -g3 -Wall -fmessage-length=0 -ffunction-sections -c -fmessage-length=0 -MMD -MP -MF"Drivers/STM32F1xx_HAL_Driver/Src/stm32f1xx_hal_spi.d" -MT"Drivers/STM32F1xx_HAL_Driver/Src/stm32f1xx_hal_spi.o" -o "Drivers/STM32F1xx_HAL_Driver/Src/stm32f1xx_hal_spi.o" "../Drivers/STM32F1xx_HAL_Driver/Src/stm32f1xx_hal_spi.c"
Finished building: ../Drivers/STM32F1xx_HAL_Driver/Src/stm32f1xx_hal_spi.c
 
Building file: ../Drivers/STM32F1xx_HAL_Driver/Src/stm32f1xx_hal_tim.c
Invoking: MCU GCC Compiler
C:\Users\jmichael\OneDrive - Itron\Documents\8x8x8_RGB_LED_CUBE_MOTHERBOARD_FW\2020-05-12 STM32CubeMX\Debug
arm-none-eabi-gcc -mcpu=cortex-m3 -mthumb -mfloat-abi=soft -DUSE_HAL_DRIVER -DSTM32F103xB -I"C:/Users/jmichael/OneDrive - Itron/Documents/8x8x8_RGB_LED_CUBE_MOTHERBOARD_FW/2020-05-12 STM32CubeMX/Inc" -I"C:/Users/jmichael/OneDrive - Itron/Documents/8x8x8_RGB_LED_CUBE_MOTHERBOARD_FW/2020-05-12 STM32CubeMX/Drivers/STM32F1xx_HAL_Driver/Inc" -I"C:/Users/jmichael/OneDrive - Itron/Documents/8x8x8_RGB_LED_CUBE_MOTHERBOARD_FW/2020-05-12 STM32CubeMX/Drivers/STM32F1xx_HAL_Driver/Inc/Legacy" -I"C:/Users/jmichael/OneDrive - Itron/Documents/8x8x8_RGB_LED_CUBE_MOTHERBOARD_FW/2020-05-12 STM32CubeMX/Drivers/CMSIS/Device/ST/STM32F1xx/Include" -I"C:/Users/jmichael/OneDrive - Itron/Documents/8x8x8_RGB_LED_CUBE_MOTHERBOARD_FW/2020-05-12 STM32CubeMX/Drivers/CMSIS/Include"  -Og -g3 -Wall -fmessage-length=0 -ffunction-sections -c -fmessage-length=0 -MMD -MP -MF"Drivers/STM32F1xx_HAL_Driver/Src/stm32f1xx_hal_tim.d" -MT"Drivers/STM32F1xx_HAL_Driver/Src/stm32f1xx_hal_tim.o" -o "Drivers/STM32F1xx_HAL_Driver/Src/stm32f1xx_hal_tim.o" "../Drivers/STM32F1xx_HAL_Driver/Src/stm32f1xx_hal_tim.c"
Finished building: ../Drivers/STM32F1xx_HAL_Driver/Src/stm32f1xx_hal_tim.c
 
Building file: ../Drivers/STM32F1xx_HAL_Driver/Src/stm32f1xx_hal_tim_ex.c
Invoking: MCU GCC Compiler
C:\Users\jmichael\OneDrive - Itron\Documents\8x8x8_RGB_LED_CUBE_MOTHERBOARD_FW\2020-05-12 STM32CubeMX\Debug
arm-none-eabi-gcc -mcpu=cortex-m3 -mthumb -mfloat-abi=soft -DUSE_HAL_DRIVER -DSTM32F103xB -I"C:/Users/jmichael/OneDrive - Itron/Documents/8x8x8_RGB_LED_CUBE_MOTHERBOARD_FW/2020-05-12 STM32CubeMX/Inc" -I"C:/Users/jmichael/OneDrive - Itron/Documents/8x8x8_RGB_LED_CUBE_MOTHERBOARD_FW/2020-05-12 STM32CubeMX/Drivers/STM32F1xx_HAL_Driver/Inc" -I"C:/Users/jmichael/OneDrive - Itron/Documents/8x8x8_RGB_LED_CUBE_MOTHERBOARD_FW/2020-05-12 STM32CubeMX/Drivers/STM32F1xx_HAL_Driver/Inc/Legacy" -I"C:/Users/jmichael/OneDrive - Itron/Documents/8x8x8_RGB_LED_CUBE_MOTHERBOARD_FW/2020-05-12 STM32CubeMX/Drivers/CMSIS/Device/ST/STM32F1xx/Include" -I"C:/Users/jmichael/OneDrive - Itron/Documents/8x8x8_RGB_LED_CUBE_MOTHERBOARD_FW/2020-05-12 STM32CubeMX/Drivers/CMSIS/Include"  -Og -g3 -Wall -fmessage-length=0 -ffunction-sections -c -fmessage-length=0 -MMD -MP -MF"Drivers/STM32F1xx_HAL_Driver/Src/stm32f1xx_hal_tim_ex.d" -MT"Drivers/STM32F1xx_HAL_Driver/Src/stm32f1xx_hal_tim_ex.o" -o "Drivers/STM32F1xx_HAL_Driver/Src/stm32f1xx_hal_tim_ex.o" "../Drivers/STM32F1xx_HAL_Driver/Src/stm32f1xx_hal_tim_ex.c"
Finished building: ../Drivers/STM32F1xx_HAL_Driver/Src/stm32f1xx_hal_tim_ex.c
 
Building file: ../Drivers/STM32F1xx_HAL_Driver/Src/stm32f1xx_hal_uart.c
Invoking: MCU GCC Compiler
C:\Users\jmichael\OneDrive - Itron\Documents\8x8x8_RGB_LED_CUBE_MOTHERBOARD_FW\2020-05-12 STM32CubeMX\Debug
arm-none-eabi-gcc -mcpu=cortex-m3 -mthumb -mfloat-abi=soft -DUSE_HAL_DRIVER -DSTM32F103xB -I"C:/Users/jmichael/OneDrive - Itron/Documents/8x8x8_RGB_LED_CUBE_MOTHERBOARD_FW/2020-05-12 STM32CubeMX/Inc" -I"C:/Users/jmichael/OneDrive - Itron/Documents/8x8x8_RGB_LED_CUBE_MOTHERBOARD_FW/2020-05-12 STM32CubeMX/Drivers/STM32F1xx_HAL_Driver/Inc" -I"C:/Users/jmichael/OneDrive - Itron/Documents/8x8x8_RGB_LED_CUBE_MOTHERBOARD_FW/2020-05-12 STM32CubeMX/Drivers/STM32F1xx_HAL_Driver/Inc/Legacy" -I"C:/Users/jmichael/OneDrive - Itron/Documents/8x8x8_RGB_LED_CUBE_MOTHERBOARD_FW/2020-05-12 STM32CubeMX/Drivers/CMSIS/Device/ST/STM32F1xx/Include" -I"C:/Users/jmichael/OneDrive - Itron/Documents/8x8x8_RGB_LED_CUBE_MOTHERBOARD_FW/2020-05-12 STM32CubeMX/Drivers/CMSIS/Include"  -Og -g3 -Wall -fmessage-length=0 -ffunction-sections -c -fmessage-length=0 -MMD -MP -MF"Drivers/STM32F1xx_HAL_Driver/Src/stm32f1xx_hal_uart.d" -MT"Drivers/STM32F1xx_HAL_Driver/Src/stm32f1xx_hal_uart.o" -o "Drivers/STM32F1xx_HAL_Driver/Src/stm32f1xx_hal_uart.o" "../Drivers/STM32F1xx_HAL_Driver/Src/stm32f1xx_hal_uart.c"
Finished building: ../Drivers/STM32F1xx_HAL_Driver/Src/stm32f1xx_hal_uart.c
 
Building file: ../Drivers/STM32F1xx_HAL_Driver/Src/stm32f1xx_ll_usb.c
Invoking: MCU GCC Compiler
C:\Users\jmichael\OneDrive - Itron\Documents\8x8x8_RGB_LED_CUBE_MOTHERBOARD_FW\2020-05-12 STM32CubeMX\Debug
arm-none-eabi-gcc -mcpu=cortex-m3 -mthumb -mfloat-abi=soft -DUSE_HAL_DRIVER -DSTM32F103xB -I"C:/Users/jmichael/OneDrive - Itron/Documents/8x8x8_RGB_LED_CUBE_MOTHERBOARD_FW/2020-05-12 STM32CubeMX/Inc" -I"C:/Users/jmichael/OneDrive - Itron/Documents/8x8x8_RGB_LED_CUBE_MOTHERBOARD_FW/2020-05-12 STM32CubeMX/Drivers/STM32F1xx_HAL_Driver/Inc" -I"C:/Users/jmichael/OneDrive - Itron/Documents/8x8x8_RGB_LED_CUBE_MOTHERBOARD_FW/2020-05-12 STM32CubeMX/Drivers/STM32F1xx_HAL_Driver/Inc/Legacy" -I"C:/Users/jmichael/OneDrive - Itron/Documents/8x8x8_RGB_LED_CUBE_MOTHERBOARD_FW/2020-05-12 STM32CubeMX/Drivers/CMSIS/Device/ST/STM32F1xx/Include" -I"C:/Users/jmichael/OneDrive - Itron/Documents/8x8x8_RGB_LED_CUBE_MOTHERBOARD_FW/2020-05-12 STM32CubeMX/Drivers/CMSIS/Include"  -Og -g3 -Wall -fmessage-length=0 -ffunction-sections -c -fmessage-length=0 -MMD -MP -MF"Drivers/STM32F1xx_HAL_Driver/Src/stm32f1xx_ll_usb.d" -MT"Drivers/STM32F1xx_HAL_Driver/Src/stm32f1xx_ll_usb.o" -o "Drivers/STM32F1xx_HAL_Driver/Src/stm32f1xx_ll_usb.o" "../Drivers/STM32F1xx_HAL_Driver/Src/stm32f1xx_ll_usb.c"
Finished building: ../Drivers/STM32F1xx_HAL_Driver/Src/stm32f1xx_ll_usb.c
 
Building target: l3dcube.elf
Invoking: MCU GCC Linker
arm-none-eabi-gcc -mcpu=cortex-m3 -mthumb -mfloat-abi=soft -specs=nosys.specs -specs=nano.specs -T"../STM32F103C8Tx_FLASH.ld" -Wl,-Map=output.map -Wl,--gc-sections -o "l3dcube.elf" @"objects.list"   -lm
Finished building target: l3dcube.elf
 
make --no-print-directory post-build
Generating hex and Printing size information:
arm-none-eabi-objcopy -O ihex "l3dcube.elf" "l3dcube.hex"
arm-none-eabi-size "l3dcube.elf"
   text	   data	    bss	    dec	    hex	filename
   7536	     20	   2572	  10128	   2790	l3dcube.elf
 
14:55:19 **** Incremental Build of configuration Debug for project l3dcube ****
make all 
make: Nothing to be done for 'all'.
15:46:33 **** Incremental Build of configuration Debug for project l3dcube ****
make all 
make: Nothing to be done for 'all'.
15:47:18 **** Incremental Build of configuration Debug for project l3dcube ****
make all 
make: Nothing to be done for 'all'.
15:47:25 **** Incremental Build of configuration Debug for project l3dcube ****
make all 
make: Nothing to be done for 'all'.
15:52:01 **** Incremental Build of configuration Debug for project l3dcube ****
make all 
make: Nothing to be done for 'all'.
15:55:10 **** Incremental Build of configuration Debug for project l3dcube ****
make all 
make: Nothing to be done for 'all'.
16:45:25 **** Incremental Build of configuration Debug for project l3dcube ****
make all 
make: Nothing to be done for 'all'.
16:54:28 **** Incremental Build of configuration Debug for project l3dcube ****
make all 
make: Nothing to be done for 'all'.
16:55:06 **** Incremental Build of configuration Debug for project l3dcube ****
make all 
make: Nothing to be done for 'all'.
17:01:07 **** Incremental Build of configuration Debug for project l3dcube ****
make all 
make: Nothing to be done for 'all'.
17:03:29 **** Incremental Build of configuration Debug for project l3dcube ****
make all 
make: Nothing to be done for 'all'.
17:45:16 **** Incremental Build of configuration Debug for project l3dcube ****
make all 
make: Nothing to be done for 'all'.
08:45:29 **** Incremental Build of configuration Debug for project l3dcube ****
make all 
make: Nothing to be done for 'all'.
08:51:28 **** Incremental Build of configuration Debug for project l3dcube ****
make all 
make: Nothing to be done for 'all'.
08:54:10 **** Incremental Build of configuration Debug for project l3dcube ****
make all 
Building file: ../Src/main.c
Invoking: MCU GCC Compiler
C:\Users\jmichael\OneDrive - Itron\Documents\8x8x8_RGB_LED_CUBE_MOTHERBOARD_FW\2020-05-12 STM32CubeMX\Debug
arm-none-eabi-gcc -mcpu=cortex-m3 -mthumb -mfloat-abi=soft -DUSE_HAL_DRIVER -DSTM32F103xB -I"C:/Users/jmichael/OneDrive - Itron/Documents/8x8x8_RGB_LED_CUBE_MOTHERBOARD_FW/2020-05-12 STM32CubeMX/Inc" -I"C:/Users/jmichael/OneDrive - Itron/Documents/8x8x8_RGB_LED_CUBE_MOTHERBOARD_FW/2020-05-12 STM32CubeMX/Drivers/STM32F1xx_HAL_Driver/Inc" -I"C:/Users/jmichael/OneDrive - Itron/Documents/8x8x8_RGB_LED_CUBE_MOTHERBOARD_FW/2020-05-12 STM32CubeMX/Drivers/STM32F1xx_HAL_Driver/Inc/Legacy" -I"C:/Users/jmichael/OneDrive - Itron/Documents/8x8x8_RGB_LED_CUBE_MOTHERBOARD_FW/2020-05-12 STM32CubeMX/Drivers/CMSIS/Device/ST/STM32F1xx/Include" -I"C:/Users/jmichael/OneDrive - Itron/Documents/8x8x8_RGB_LED_CUBE_MOTHERBOARD_FW/2020-05-12 STM32CubeMX/Drivers/CMSIS/Include"  -Og -g3 -Wall -fmessage-length=0 -ffunction-sections -c -fmessage-length=0 -MMD -MP -MF"Src/main.d" -MT"Src/main.o" -o "Src/main.o" "../Src/main.c"
../Src/main.c:430:13: warning: 'MX_USB_PCD_Init' defined but not used [-Wunused-function]
 static void MX_USB_PCD_Init(void)
             ^~~~~~~~~~~~~~~
Finished building: ../Src/main.c
 
Building target: l3dcube.elf
Invoking: MCU GCC Linker
arm-none-eabi-gcc -mcpu=cortex-m3 -mthumb -mfloat-abi=soft -specs=nosys.specs -specs=nano.specs -T"../STM32F103C8Tx_FLASH.ld" -Wl,-Map=output.map -Wl,--gc-sections -o "l3dcube.elf" @"objects.list"   -lm
Finished building target: l3dcube.elf
 
make --no-print-directory post-build
Generating hex and Printing size information:
arm-none-eabi-objcopy -O ihex "l3dcube.elf" "l3dcube.hex"
arm-none-eabi-size "l3dcube.elf"
   text	   data	    bss	    dec	    hex	filename
   7104	     20	   2572	   9696	   25e0	l3dcube.elf
 
08:54:52 **** Incremental Build of configuration Debug for project l3dcube ****
make all 
make: Nothing to be done for 'all'.
08:55:23 **** Incremental Build of configuration Debug for project l3dcube ****
make all 
make: Nothing to be done for 'all'.
09:40:41 **** Incremental Build of configuration Debug for project l3dcube ****
make all 
Building file: ../Src/main.c
Invoking: MCU GCC Compiler
C:\Users\jmichael\OneDrive - Itron\Documents\8x8x8_RGB_LED_CUBE_MOTHERBOARD_FW\2020-05-12 STM32CubeMX\Debug
arm-none-eabi-gcc -mcpu=cortex-m3 -mthumb -mfloat-abi=soft -DUSE_HAL_DRIVER -DSTM32F103xB -I"C:/Users/jmichael/OneDrive - Itron/Documents/8x8x8_RGB_LED_CUBE_MOTHERBOARD_FW/2020-05-12 STM32CubeMX/Inc" -I"C:/Users/jmichael/OneDrive - Itron/Documents/8x8x8_RGB_LED_CUBE_MOTHERBOARD_FW/2020-05-12 STM32CubeMX/Drivers/STM32F1xx_HAL_Driver/Inc" -I"C:/Users/jmichael/OneDrive - Itron/Documents/8x8x8_RGB_LED_CUBE_MOTHERBOARD_FW/2020-05-12 STM32CubeMX/Drivers/STM32F1xx_HAL_Driver/Inc/Legacy" -I"C:/Users/jmichael/OneDrive - Itron/Documents/8x8x8_RGB_LED_CUBE_MOTHERBOARD_FW/2020-05-12 STM32CubeMX/Drivers/CMSIS/Device/ST/STM32F1xx/Include" -I"C:/Users/jmichael/OneDrive - Itron/Documents/8x8x8_RGB_LED_CUBE_MOTHERBOARD_FW/2020-05-12 STM32CubeMX/Drivers/CMSIS/Include"  -Og -g3 -Wall -fmessage-length=0 -ffunction-sections -c -fmessage-length=0 -MMD -MP -MF"Src/main.d" -MT"Src/main.o" -o "Src/main.o" "../Src/main.c"
../Src/main.c:431:13: warning: 'MX_USB_PCD_Init' defined but not used [-Wunused-function]
 static void MX_USB_PCD_Init(void)
             ^~~~~~~~~~~~~~~
Finished building: ../Src/main.c
 
Building target: l3dcube.elf
Invoking: MCU GCC Linker
arm-none-eabi-gcc -mcpu=cortex-m3 -mthumb -mfloat-abi=soft -specs=nosys.specs -specs=nano.specs -T"../STM32F103C8Tx_FLASH.ld" -Wl,-Map=output.map -Wl,--gc-sections -o "l3dcube.elf" @"objects.list"   -lm
Finished building target: l3dcube.elf
 
make --no-print-directory post-build
Generating hex and Printing size information:
arm-none-eabi-objcopy -O ihex "l3dcube.elf" "l3dcube.hex"
arm-none-eabi-size "l3dcube.elf"
   text	   data	    bss	    dec	    hex	filename
   7104	     20	   2572	   9696	   25e0	l3dcube.elf
 
09:57:36 **** Incremental Build of configuration Debug for project l3dcube ****
make all 
Building file: ../Src/main.c
Invoking: MCU GCC Compiler
C:\Users\jmichael\OneDrive - Itron\Documents\8x8x8_RGB_LED_CUBE_MOTHERBOARD_FW\2020-05-12 STM32CubeMX\Debug
arm-none-eabi-gcc -mcpu=cortex-m3 -mthumb -mfloat-abi=soft -DUSE_HAL_DRIVER -DSTM32F103xB -I"C:/Users/jmichael/OneDrive - Itron/Documents/8x8x8_RGB_LED_CUBE_MOTHERBOARD_FW/2020-05-12 STM32CubeMX/Inc" -I"C:/Users/jmichael/OneDrive - Itron/Documents/8x8x8_RGB_LED_CUBE_MOTHERBOARD_FW/2020-05-12 STM32CubeMX/Drivers/STM32F1xx_HAL_Driver/Inc" -I"C:/Users/jmichael/OneDrive - Itron/Documents/8x8x8_RGB_LED_CUBE_MOTHERBOARD_FW/2020-05-12 STM32CubeMX/Drivers/STM32F1xx_HAL_Driver/Inc/Legacy" -I"C:/Users/jmichael/OneDrive - Itron/Documents/8x8x8_RGB_LED_CUBE_MOTHERBOARD_FW/2020-05-12 STM32CubeMX/Drivers/CMSIS/Device/ST/STM32F1xx/Include" -I"C:/Users/jmichael/OneDrive - Itron/Documents/8x8x8_RGB_LED_CUBE_MOTHERBOARD_FW/2020-05-12 STM32CubeMX/Drivers/CMSIS/Include"  -Og -g3 -Wall -fmessage-length=0 -ffunction-sections -c -fmessage-length=0 -MMD -MP -MF"Src/main.d" -MT"Src/main.o" -o "Src/main.o" "../Src/main.c"
../Src/main.c:436:13: warning: 'MX_USB_PCD_Init' defined but not used [-Wunused-function]
 static void MX_USB_PCD_Init(void)
             ^~~~~~~~~~~~~~~
Finished building: ../Src/main.c
 
Building target: l3dcube.elf
Invoking: MCU GCC Linker
arm-none-eabi-gcc -mcpu=cortex-m3 -mthumb -mfloat-abi=soft -specs=nosys.specs -specs=nano.specs -T"../STM32F103C8Tx_FLASH.ld" -Wl,-Map=output.map -Wl,--gc-sections -o "l3dcube.elf" @"objects.list"   -lm
Finished building target: l3dcube.elf
 
make --no-print-directory post-build
Generating hex and Printing size information:
arm-none-eabi-objcopy -O ihex "l3dcube.elf" "l3dcube.hex"
arm-none-eabi-size "l3dcube.elf"
   text	   data	    bss	    dec	    hex	filename
   7104	     20	   2572	   9696	   25e0	l3dcube.elf
 
14:47:57 **** Incremental Build of configuration Debug for project l3dcube ****
make all 
Building file: ../Src/main.c
Invoking: MCU GCC Compiler
C:\Users\jmichael\OneDrive - Itron\Documents\8x8x8_RGB_LED_CUBE_MOTHERBOARD_FW\2020-05-12 STM32CubeMX\Debug
arm-none-eabi-gcc -mcpu=cortex-m3 -mthumb -mfloat-abi=soft -DUSE_HAL_DRIVER -DSTM32F103xB -I"C:/Users/jmichael/OneDrive - Itron/Documents/8x8x8_RGB_LED_CUBE_MOTHERBOARD_FW/2020-05-12 STM32CubeMX/Inc" -I"C:/Users/jmichael/OneDrive - Itron/Documents/8x8x8_RGB_LED_CUBE_MOTHERBOARD_FW/2020-05-12 STM32CubeMX/Drivers/STM32F1xx_HAL_Driver/Inc" -I"C:/Users/jmichael/OneDrive - Itron/Documents/8x8x8_RGB_LED_CUBE_MOTHERBOARD_FW/2020-05-12 STM32CubeMX/Drivers/STM32F1xx_HAL_Driver/Inc/Legacy" -I"C:/Users/jmichael/OneDrive - Itron/Documents/8x8x8_RGB_LED_CUBE_MOTHERBOARD_FW/2020-05-12 STM32CubeMX/Drivers/CMSIS/Device/ST/STM32F1xx/Include" -I"C:/Users/jmichael/OneDrive - Itron/Documents/8x8x8_RGB_LED_CUBE_MOTHERBOARD_FW/2020-05-12 STM32CubeMX/Drivers/CMSIS/Include"  -Og -g3 -Wall -fmessage-length=0 -ffunction-sections -c -fmessage-length=0 -MMD -MP -MF"Src/main.d" -MT"Src/main.o" -o "Src/main.o" "../Src/main.c"
In file included from ../Src/main.c:28:0:
C:/Users/jmichael/OneDrive - Itron/Documents/8x8x8_RGB_LED_CUBE_MOTHERBOARD_FW/2020-05-12 STM32CubeMX/Inc/arrayFunctions.h:6:36: error: expected ';', ',' or ')' before 'uint32_t'
 void cubeRotate(uint32_t direction uint32_t *cube[8][8][8])
                                    ^~~~~~~~
../Src/main.c: In function 'tlc_update':
../Src/main.c:690:20: error: 'XLAT_GPIO_Port' undeclared (first use in this function); did you mean 'XERR_GPIO_Port'?
  HAL_GPIO_WritePin(XLAT_GPIO_Port, XLAT_Pin, GPIO_PIN_SET);
                    ^~~~~~~~~~~~~~
                    XERR_GPIO_Port
../Src/main.c:690:20: note: each undeclared identifier is reported only once for each function it appears in
../Src/main.c:690:36: error: 'XLAT_Pin' undeclared (first use in this function); did you mean 'XERR_Pin'?
  HAL_GPIO_WritePin(XLAT_GPIO_Port, XLAT_Pin, GPIO_PIN_SET);
                                    ^~~~~~~~
                                    XERR_Pin
../Src/main.c: In function 'CDC_ReceiveCallBack':
../Src/main.c:792:2: warning: implicit declaration of function 'CDC_Transmit_FS'; did you mean 'HAL_SPI_Transmit_IT'? [-Wimplicit-function-declaration]
  CDC_Transmit_FS(buf, len);
  ^~~~~~~~~~~~~~~
  HAL_SPI_Transmit_IT
Src/subdir.mk:30: recipe for target 'Src/main.o' failed
make: *** [Src/main.o] Error 1
"make all" terminated with exit code 2. Build might be incomplete.
14:53:53 **** Incremental Build of configuration Debug for project l3dcube ****
make all 
Building file: ../Src/main.c
Invoking: MCU GCC Compiler
C:\Users\jmichael\OneDrive - Itron\Documents\8x8x8_RGB_LED_CUBE_MOTHERBOARD_FW\2020-05-12 STM32CubeMX\Debug
arm-none-eabi-gcc -mcpu=cortex-m3 -mthumb -mfloat-abi=soft -DUSE_HAL_DRIVER -DSTM32F103xB -I"C:/Users/jmichael/OneDrive - Itron/Documents/8x8x8_RGB_LED_CUBE_MOTHERBOARD_FW/2020-05-12 STM32CubeMX/Inc" -I"C:/Users/jmichael/OneDrive - Itron/Documents/8x8x8_RGB_LED_CUBE_MOTHERBOARD_FW/2020-05-12 STM32CubeMX/Drivers/STM32F1xx_HAL_Driver/Inc" -I"C:/Users/jmichael/OneDrive - Itron/Documents/8x8x8_RGB_LED_CUBE_MOTHERBOARD_FW/2020-05-12 STM32CubeMX/Drivers/STM32F1xx_HAL_Driver/Inc/Legacy" -I"C:/Users/jmichael/OneDrive - Itron/Documents/8x8x8_RGB_LED_CUBE_MOTHERBOARD_FW/2020-05-12 STM32CubeMX/Drivers/CMSIS/Device/ST/STM32F1xx/Include" -I"C:/Users/jmichael/OneDrive - Itron/Documents/8x8x8_RGB_LED_CUBE_MOTHERBOARD_FW/2020-05-12 STM32CubeMX/Drivers/CMSIS/Include"  -Og -g3 -Wall -fmessage-length=0 -ffunction-sections -c -fmessage-length=0 -MMD -MP -MF"Src/main.d" -MT"Src/main.o" -o "Src/main.o" "../Src/main.c"
In file included from ../Src/main.c:28:0:
C:/Users/jmichael/OneDrive - Itron/Documents/8x8x8_RGB_LED_CUBE_MOTHERBOARD_FW/2020-05-12 STM32CubeMX/Inc/arrayFunctions.h:6:36: error: expected ';', ',' or ')' before 'uint32_t'
 void cubeRotate(uint32_t direction uint32_t *cube[8][8][8])
                                    ^~~~~~~~
../Src/main.c: In function 'CDC_ReceiveCallBack':
../Src/main.c:792:2: warning: implicit declaration of function 'CDC_Transmit_FS'; did you mean 'HAL_SPI_Transmit_IT'? [-Wimplicit-function-declaration]
  CDC_Transmit_FS(buf, len);
  ^~~~~~~~~~~~~~~
  HAL_SPI_Transmit_IT
Src/subdir.mk:30: recipe for target 'Src/main.o' failed
make: *** [Src/main.o] Error 1
"make all" terminated with exit code 2. Build might be incomplete.
14:55:26 **** Incremental Build of configuration Debug for project l3dcube ****
make all 
Building file: ../Src/main.c
Invoking: MCU GCC Compiler
C:\Users\jmichael\OneDrive - Itron\Documents\8x8x8_RGB_LED_CUBE_MOTHERBOARD_FW\2020-05-12 STM32CubeMX\Debug
arm-none-eabi-gcc -mcpu=cortex-m3 -mthumb -mfloat-abi=soft -DUSE_HAL_DRIVER -DSTM32F103xB -I"C:/Users/jmichael/OneDrive - Itron/Documents/8x8x8_RGB_LED_CUBE_MOTHERBOARD_FW/2020-05-12 STM32CubeMX/Inc" -I"C:/Users/jmichael/OneDrive - Itron/Documents/8x8x8_RGB_LED_CUBE_MOTHERBOARD_FW/2020-05-12 STM32CubeMX/Drivers/STM32F1xx_HAL_Driver/Inc" -I"C:/Users/jmichael/OneDrive - Itron/Documents/8x8x8_RGB_LED_CUBE_MOTHERBOARD_FW/2020-05-12 STM32CubeMX/Drivers/STM32F1xx_HAL_Driver/Inc/Legacy" -I"C:/Users/jmichael/OneDrive - Itron/Documents/8x8x8_RGB_LED_CUBE_MOTHERBOARD_FW/2020-05-12 STM32CubeMX/Drivers/CMSIS/Device/ST/STM32F1xx/Include" -I"C:/Users/jmichael/OneDrive - Itron/Documents/8x8x8_RGB_LED_CUBE_MOTHERBOARD_FW/2020-05-12 STM32CubeMX/Drivers/CMSIS/Include"  -Og -g3 -Wall -fmessage-length=0 -ffunction-sections -c -fmessage-length=0 -MMD -MP -MF"Src/main.d" -MT"Src/main.o" -o "Src/main.o" "../Src/main.c"
In file included from ../Src/main.c:28:0:
C:/Users/jmichael/OneDrive - Itron/Documents/8x8x8_RGB_LED_CUBE_MOTHERBOARD_FW/2020-05-12 STM32CubeMX/Inc/arrayFunctions.h: In function 'cubeRotate':
C:/Users/jmichael/OneDrive - Itron/Documents/8x8x8_RGB_LED_CUBE_MOTHERBOARD_FW/2020-05-12 STM32CubeMX/Inc/arrayFunctions.h:13:16: warning: comparison between pointer and integer
  if (direction == "up")
                ^~
C:/Users/jmichael/OneDrive - Itron/Documents/8x8x8_RGB_LED_CUBE_MOTHERBOARD_FW/2020-05-12 STM32CubeMX/Inc/arrayFunctions.h:13:16: warning: comparison with string literal results in unspecified behavior [-Waddress]
C:/Users/jmichael/OneDrive - Itron/Documents/8x8x8_RGB_LED_CUBE_MOTHERBOARD_FW/2020-05-12 STM32CubeMX/Inc/arrayFunctions.h:15:10: error: assignment to expression with array type
   tempUD = cube[7];
          ^
C:/Users/jmichael/OneDrive - Itron/Documents/8x8x8_RGB_LED_CUBE_MOTHERBOARD_FW/2020-05-12 STM32CubeMX/Inc/arrayFunctions.h:16:11: error: assignment to expression with array type
   cube[7] = cube[6];
           ^
C:/Users/jmichael/OneDrive - Itron/Documents/8x8x8_RGB_LED_CUBE_MOTHERBOARD_FW/2020-05-12 STM32CubeMX/Inc/arrayFunctions.h:17:11: error: assignment to expression with array type
   cube[6] = cube[5];
           ^
C:/Users/jmichael/OneDrive - Itron/Documents/8x8x8_RGB_LED_CUBE_MOTHERBOARD_FW/2020-05-12 STM32CubeMX/Inc/arrayFunctions.h:18:11: error: assignment to expression with array type
   cube[5] = cube[4];
           ^
C:/Users/jmichael/OneDrive - Itron/Documents/8x8x8_RGB_LED_CUBE_MOTHERBOARD_FW/2020-05-12 STM32CubeMX/Inc/arrayFunctions.h:19:11: error: assignment to expression with array type
   cube[4] = cube[3];
           ^
C:/Users/jmichael/OneDrive - Itron/Documents/8x8x8_RGB_LED_CUBE_MOTHERBOARD_FW/2020-05-12 STM32CubeMX/Inc/arrayFunctions.h:20:11: error: assignment to expression with array type
   cube[3] = cube[2];
           ^
C:/Users/jmichael/OneDrive - Itron/Documents/8x8x8_RGB_LED_CUBE_MOTHERBOARD_FW/2020-05-12 STM32CubeMX/Inc/arrayFunctions.h:21:11: error: assignment to expression with array type
   cube[2] = cube[1];
           ^
C:/Users/jmichael/OneDrive - Itron/Documents/8x8x8_RGB_LED_CUBE_MOTHERBOARD_FW/2020-05-12 STM32CubeMX/Inc/arrayFunctions.h:22:11: error: assignment to expression with array type
   cube[1] = cube[0];
           ^
C:/Users/jmichael/OneDrive - Itron/Documents/8x8x8_RGB_LED_CUBE_MOTHERBOARD_FW/2020-05-12 STM32CubeMX/Inc/arrayFunctions.h:23:11: error: assignment to expression with array type
   cube[0] = tempUD;
           ^
C:/Users/jmichael/OneDrive - Itron/Documents/8x8x8_RGB_LED_CUBE_MOTHERBOARD_FW/2020-05-12 STM32CubeMX/Inc/arrayFunctions.h:26:16: warning: comparison between pointer and integer
  if (direction == "down")
                ^~
C:/Users/jmichael/OneDrive - Itron/Documents/8x8x8_RGB_LED_CUBE_MOTHERBOARD_FW/2020-05-12 STM32CubeMX/Inc/arrayFunctions.h:26:16: warning: comparison with string literal results in unspecified behavior [-Waddress]
C:/Users/jmichael/OneDrive - Itron/Documents/8x8x8_RGB_LED_CUBE_MOTHERBOARD_FW/2020-05-12 STM32CubeMX/Inc/arrayFunctions.h:28:10: error: assignment to expression with array type
   tempUD = cube[0];
          ^
C:/Users/jmichael/OneDrive - Itron/Documents/8x8x8_RGB_LED_CUBE_MOTHERBOARD_FW/2020-05-12 STM32CubeMX/Inc/arrayFunctions.h:29:11: error: assignment to expression with array type
   cube[0] = cube[1];
           ^
C:/Users/jmichael/OneDrive - Itron/Documents/8x8x8_RGB_LED_CUBE_MOTHERBOARD_FW/2020-05-12 STM32CubeMX/Inc/arrayFunctions.h:30:11: error: assignment to expression with array type
   cube[1] = cube[2];
           ^
C:/Users/jmichael/OneDrive - Itron/Documents/8x8x8_RGB_LED_CUBE_MOTHERBOARD_FW/2020-05-12 STM32CubeMX/Inc/arrayFunctions.h:31:11: error: assignment to expression with array type
   cube[2] = cube[3];
           ^
C:/Users/jmichael/OneDrive - Itron/Documents/8x8x8_RGB_LED_CUBE_MOTHERBOARD_FW/2020-05-12 STM32CubeMX/Inc/arrayFunctions.h:32:11: error: assignment to expression with array type
   cube[3] = cube[4];
           ^
C:/Users/jmichael/OneDrive - Itron/Documents/8x8x8_RGB_LED_CUBE_MOTHERBOARD_FW/2020-05-12 STM32CubeMX/Inc/arrayFunctions.h:33:11: error: assignment to expression with array type
   cube[4] = cube[5];
           ^
C:/Users/jmichael/OneDrive - Itron/Documents/8x8x8_RGB_LED_CUBE_MOTHERBOARD_FW/2020-05-12 STM32CubeMX/Inc/arrayFunctions.h:34:11: error: assignment to expression with array type
   cube[5] = cube[6];
           ^
C:/Users/jmichael/OneDrive - Itron/Documents/8x8x8_RGB_LED_CUBE_MOTHERBOARD_FW/2020-05-12 STM32CubeMX/Inc/arrayFunctions.h:35:11: error: assignment to expression with array type
   cube[6] = cube[7];
           ^
C:/Users/jmichael/OneDrive - Itron/Documents/8x8x8_RGB_LED_CUBE_MOTHERBOARD_FW/2020-05-12 STM32CubeMX/Inc/arrayFunctions.h:36:11: error: assignment to expression with array type
   cube[7] = tempUD;
           ^
C:/Users/jmichael/OneDrive - Itron/Documents/8x8x8_RGB_LED_CUBE_MOTHERBOARD_FW/2020-05-12 STM32CubeMX/Inc/arrayFunctions.h:39:16: warning: comparison between pointer and integer
  if (direction == "left")
                ^~
C:/Users/jmichael/OneDrive - Itron/Documents/8x8x8_RGB_LED_CUBE_MOTHERBOARD_FW/2020-05-12 STM32CubeMX/Inc/arrayFunctions.h:39:16: warning: comparison with string literal results in unspecified behavior [-Waddress]
C:/Users/jmichael/OneDrive - Itron/Documents/8x8x8_RGB_LED_CUBE_MOTHERBOARD_FW/2020-05-12 STM32CubeMX/Inc/arrayFunctions.h:45:12: warning: assignment makes integer from pointer without a cast [-Wint-conversion]
     tempLR = cube[x][y][0]
            ^
C:/Users/jmichael/OneDrive - Itron/Documents/8x8x8_RGB_LED_CUBE_MOTHERBOARD_FW/2020-05-12 STM32CubeMX/Inc/arrayFunctions.h:46:5: error: expected ';' before 'cube'
     cube[x][y][0] = cube[x][y][1];
     ^~~~
C:/Users/jmichael/OneDrive - Itron/Documents/8x8x8_RGB_LED_CUBE_MOTHERBOARD_FW/2020-05-12 STM32CubeMX/Inc/arrayFunctions.h:58:16: warning: comparison between pointer and integer
  if (direction == "right")
                ^~
C:/Users/jmichael/OneDrive - Itron/Documents/8x8x8_RGB_LED_CUBE_MOTHERBOARD_FW/2020-05-12 STM32CubeMX/Inc/arrayFunctions.h:58:16: warning: comparison with string literal results in unspecified behavior [-Waddress]
C:/Users/jmichael/OneDrive - Itron/Documents/8x8x8_RGB_LED_CUBE_MOTHERBOARD_FW/2020-05-12 STM32CubeMX/Inc/arrayFunctions.h:64:12: warning: assignment makes integer from pointer without a cast [-Wint-conversion]
     tempLR = cube[x][y][7]
            ^
C:/Users/jmichael/OneDrive - Itron/Documents/8x8x8_RGB_LED_CUBE_MOTHERBOARD_FW/2020-05-12 STM32CubeMX/Inc/arrayFunctions.h:65:5: error: expected ';' before 'cube'
     cube[x][y][7] = cube[x][y][6];
     ^~~~
C:/Users/jmichael/OneDrive - Itron/Documents/8x8x8_RGB_LED_CUBE_MOTHERBOARD_FW/2020-05-12 STM32CubeMX/Inc/arrayFunctions.h:78:16: warning: comparison between pointer and integer
  if (direction == "forward")
                ^~
C:/Users/jmichael/OneDrive - Itron/Documents/8x8x8_RGB_LED_CUBE_MOTHERBOARD_FW/2020-05-12 STM32CubeMX/Inc/arrayFunctions.h:78:16: warning: comparison with string literal results in unspecified behavior [-Waddress]
C:/Users/jmichael/OneDrive - Itron/Documents/8x8x8_RGB_LED_CUBE_MOTHERBOARD_FW/2020-05-12 STM32CubeMX/Inc/arrayFunctions.h:82:11: error: assignment to expression with array type
    tempFB = cube[x][0];
           ^
C:/Users/jmichael/OneDrive - Itron/Documents/8x8x8_RGB_LED_CUBE_MOTHERBOARD_FW/2020-05-12 STM32CubeMX/Inc/arrayFunctions.h:83:14: error: assignment to expression with array type
    cube[x][0]= cube[x][1];
              ^
C:/Users/jmichael/OneDrive - Itron/Documents/8x8x8_RGB_LED_CUBE_MOTHERBOARD_FW/2020-05-12 STM32CubeMX/Inc/arrayFunctions.h:84:14: error: assignment to expression with array type
    cube[x][1]= cube[x][2];
              ^
C:/Users/jmichael/OneDrive - Itron/Documents/8x8x8_RGB_LED_CUBE_MOTHERBOARD_FW/2020-05-12 STM32CubeMX/Inc/arrayFunctions.h:85:14: error: assignment to expression with array type
    cube[x][2]= cube[x][3];
              ^
C:/Users/jmichael/OneDrive - Itron/Documents/8x8x8_RGB_LED_CUBE_MOTHERBOARD_FW/2020-05-12 STM32CubeMX/Inc/arrayFunctions.h:86:14: error: assignment to expression with array type
    cube[x][3]= cube[x][4];
              ^
C:/Users/jmichael/OneDrive - Itron/Documents/8x8x8_RGB_LED_CUBE_MOTHERBOARD_FW/2020-05-12 STM32CubeMX/Inc/arrayFunctions.h:87:14: error: assignment to expression with array type
    cube[x][4]= cube[x][5];
              ^
C:/Users/jmichael/OneDrive - Itron/Documents/8x8x8_RGB_LED_CUBE_MOTHERBOARD_FW/2020-05-12 STM32CubeMX/Inc/arrayFunctions.h:88:14: error: assignment to expression with array type
    cube[x][5]= cube[x][6];
              ^
C:/Users/jmichael/OneDrive - Itron/Documents/8x8x8_RGB_LED_CUBE_MOTHERBOARD_FW/2020-05-12 STM32CubeMX/Inc/arrayFunctions.h:89:14: error: assignment to expression with array type
    cube[x][6]= cube[x][7];
              ^
C:/Users/jmichael/OneDrive - Itron/Documents/8x8x8_RGB_LED_CUBE_MOTHERBOARD_FW/2020-05-12 STM32CubeMX/Inc/arrayFunctions.h:90:23: error: array subscript is not an integer
    cube[x][7]= cube[x][tempFB];
                       ^
C:/Users/jmichael/OneDrive - Itron/Documents/8x8x8_RGB_LED_CUBE_MOTHERBOARD_FW/2020-05-12 STM32CubeMX/Inc/arrayFunctions.h:95:16: warning: comparison between pointer and integer
  if (direction == "back")
                ^~
C:/Users/jmichael/OneDrive - Itron/Documents/8x8x8_RGB_LED_CUBE_MOTHERBOARD_FW/2020-05-12 STM32CubeMX/Inc/arrayFunctions.h:95:16: warning: comparison with string literal results in unspecified behavior [-Waddress]
C:/Users/jmichael/OneDrive - Itron/Documents/8x8x8_RGB_LED_CUBE_MOTHERBOARD_FW/2020-05-12 STM32CubeMX/Inc/arrayFunctions.h:99:11: error: assignment to expression with array type
    tempFB = cube[x][7];
           ^
C:/Users/jmichael/OneDrive - Itron/Documents/8x8x8_RGB_LED_CUBE_MOTHERBOARD_FW/2020-05-12 STM32CubeMX/Inc/arrayFunctions.h:100:14: error: assignment to expression with array type
    cube[x][7]= cube[x][6];
              ^
C:/Users/jmichael/OneDrive - Itron/Documents/8x8x8_RGB_LED_CUBE_MOTHERBOARD_FW/2020-05-12 STM32CubeMX/Inc/arrayFunctions.h:101:14: error: assignment to expression with array type
    cube[x][6]= cube[x][5];
              ^
C:/Users/jmichael/OneDrive - Itron/Documents/8x8x8_RGB_LED_CUBE_MOTHERBOARD_FW/2020-05-12 STM32CubeMX/Inc/arrayFunctions.h:102:14: error: assignment to expression with array type
    cube[x][5]= cube[x][4];
              ^
C:/Users/jmichael/OneDrive - Itron/Documents/8x8x8_RGB_LED_CUBE_MOTHERBOARD_FW/2020-05-12 STM32CubeMX/Inc/arrayFunctions.h:103:14: error: assignment to expression with array type
    cube[x][4]= cube[x][3];
              ^
C:/Users/jmichael/OneDrive - Itron/Documents/8x8x8_RGB_LED_CUBE_MOTHERBOARD_FW/2020-05-12 STM32CubeMX/Inc/arrayFunctions.h:104:14: error: assignment to expression with array type
    cube[x][3]= cube[x][2];
              ^
C:/Users/jmichael/OneDrive - Itron/Documents/8x8x8_RGB_LED_CUBE_MOTHERBOARD_FW/2020-05-12 STM32CubeMX/Inc/arrayFunctions.h:105:14: error: assignment to expression with array type
    cube[x][2]= cube[x][1];
              ^
C:/Users/jmichael/OneDrive - Itron/Documents/8x8x8_RGB_LED_CUBE_MOTHERBOARD_FW/2020-05-12 STM32CubeMX/Inc/arrayFunctions.h:106:14: error: assignment to expression with array type
    cube[x][1]= cube[x][0];
              ^
C:/Users/jmichael/OneDrive - Itron/Documents/8x8x8_RGB_LED_CUBE_MOTHERBOARD_FW/2020-05-12 STM32CubeMX/Inc/arrayFunctions.h:107:23: error: array subscript is not an integer
    cube[x][0]= cube[x][tempFB];
                       ^
C:/Users/jmichael/OneDrive - Itron/Documents/8x8x8_RGB_LED_CUBE_MOTHERBOARD_FW/2020-05-12 STM32CubeMX/Inc/arrayFunctions.h:10:11: warning: variable 'tempFB' set but not used [-Wunused-but-set-variable]
  uint32_t tempFB[8];   //temp variable used for row-wise forward/back shifting
           ^~~~~~
../Src/main.c: In function 'CDC_ReceiveCallBack':
../Src/main.c:792:2: warning: implicit declaration of function 'CDC_Transmit_FS'; did you mean 'HAL_SPI_Transmit_IT'? [-Wimplicit-function-declaration]
  CDC_Transmit_FS(buf, len);
  ^~~~~~~~~~~~~~~
  HAL_SPI_Transmit_IT
make: *** [Src/main.o] Error 1
Src/subdir.mk:30: recipe for target 'Src/main.o' failed
"make all" terminated with exit code 2. Build might be incomplete.
14:55:58 **** Incremental Build of configuration Debug for project l3dcube ****
make all 
Building file: ../Src/main.c
Invoking: MCU GCC Compiler
C:\Users\jmichael\OneDrive - Itron\Documents\8x8x8_RGB_LED_CUBE_MOTHERBOARD_FW\2020-05-12 STM32CubeMX\Debug
arm-none-eabi-gcc -mcpu=cortex-m3 -mthumb -mfloat-abi=soft -DUSE_HAL_DRIVER -DSTM32F103xB -I"C:/Users/jmichael/OneDrive - Itron/Documents/8x8x8_RGB_LED_CUBE_MOTHERBOARD_FW/2020-05-12 STM32CubeMX/Inc" -I"C:/Users/jmichael/OneDrive - Itron/Documents/8x8x8_RGB_LED_CUBE_MOTHERBOARD_FW/2020-05-12 STM32CubeMX/Drivers/STM32F1xx_HAL_Driver/Inc" -I"C:/Users/jmichael/OneDrive - Itron/Documents/8x8x8_RGB_LED_CUBE_MOTHERBOARD_FW/2020-05-12 STM32CubeMX/Drivers/STM32F1xx_HAL_Driver/Inc/Legacy" -I"C:/Users/jmichael/OneDrive - Itron/Documents/8x8x8_RGB_LED_CUBE_MOTHERBOARD_FW/2020-05-12 STM32CubeMX/Drivers/CMSIS/Device/ST/STM32F1xx/Include" -I"C:/Users/jmichael/OneDrive - Itron/Documents/8x8x8_RGB_LED_CUBE_MOTHERBOARD_FW/2020-05-12 STM32CubeMX/Drivers/CMSIS/Include"  -Og -g3 -Wall -fmessage-length=0 -ffunction-sections -c -fmessage-length=0 -MMD -MP -MF"Src/main.d" -MT"Src/main.o" -o "Src/main.o" "../Src/main.c"
../Src/main.c: In function 'CDC_ReceiveCallBack':
../Src/main.c:792:2: warning: implicit declaration of function 'CDC_Transmit_FS'; did you mean 'HAL_SPI_Transmit_IT'? [-Wimplicit-function-declaration]
  CDC_Transmit_FS(buf, len);
  ^~~~~~~~~~~~~~~
  HAL_SPI_Transmit_IT
Finished building: ../Src/main.c
 
Building file: ../Src/stm32f1xx_hal_msp.c
Invoking: MCU GCC Compiler
C:\Users\jmichael\OneDrive - Itron\Documents\8x8x8_RGB_LED_CUBE_MOTHERBOARD_FW\2020-05-12 STM32CubeMX\Debug
arm-none-eabi-gcc -mcpu=cortex-m3 -mthumb -mfloat-abi=soft -DUSE_HAL_DRIVER -DSTM32F103xB -I"C:/Users/jmichael/OneDrive - Itron/Documents/8x8x8_RGB_LED_CUBE_MOTHERBOARD_FW/2020-05-12 STM32CubeMX/Inc" -I"C:/Users/jmichael/OneDrive - Itron/Documents/8x8x8_RGB_LED_CUBE_MOTHERBOARD_FW/2020-05-12 STM32CubeMX/Drivers/STM32F1xx_HAL_Driver/Inc" -I"C:/Users/jmichael/OneDrive - Itron/Documents/8x8x8_RGB_LED_CUBE_MOTHERBOARD_FW/2020-05-12 STM32CubeMX/Drivers/STM32F1xx_HAL_Driver/Inc/Legacy" -I"C:/Users/jmichael/OneDrive - Itron/Documents/8x8x8_RGB_LED_CUBE_MOTHERBOARD_FW/2020-05-12 STM32CubeMX/Drivers/CMSIS/Device/ST/STM32F1xx/Include" -I"C:/Users/jmichael/OneDrive - Itron/Documents/8x8x8_RGB_LED_CUBE_MOTHERBOARD_FW/2020-05-12 STM32CubeMX/Drivers/CMSIS/Include"  -Og -g3 -Wall -fmessage-length=0 -ffunction-sections -c -fmessage-length=0 -MMD -MP -MF"Src/stm32f1xx_hal_msp.d" -MT"Src/stm32f1xx_hal_msp.o" -o "Src/stm32f1xx_hal_msp.o" "../Src/stm32f1xx_hal_msp.c"
Finished building: ../Src/stm32f1xx_hal_msp.c
 
Building file: ../Src/stm32f1xx_it.c
Invoking: MCU GCC Compiler
C:\Users\jmichael\OneDrive - Itron\Documents\8x8x8_RGB_LED_CUBE_MOTHERBOARD_FW\2020-05-12 STM32CubeMX\Debug
arm-none-eabi-gcc -mcpu=cortex-m3 -mthumb -mfloat-abi=soft -DUSE_HAL_DRIVER -DSTM32F103xB -I"C:/Users/jmichael/OneDrive - Itron/Documents/8x8x8_RGB_LED_CUBE_MOTHERBOARD_FW/2020-05-12 STM32CubeMX/Inc" -I"C:/Users/jmichael/OneDrive - Itron/Documents/8x8x8_RGB_LED_CUBE_MOTHERBOARD_FW/2020-05-12 STM32CubeMX/Drivers/STM32F1xx_HAL_Driver/Inc" -I"C:/Users/jmichael/OneDrive - Itron/Documents/8x8x8_RGB_LED_CUBE_MOTHERBOARD_FW/2020-05-12 STM32CubeMX/Drivers/STM32F1xx_HAL_Driver/Inc/Legacy" -I"C:/Users/jmichael/OneDrive - Itron/Documents/8x8x8_RGB_LED_CUBE_MOTHERBOARD_FW/2020-05-12 STM32CubeMX/Drivers/CMSIS/Device/ST/STM32F1xx/Include" -I"C:/Users/jmichael/OneDrive - Itron/Documents/8x8x8_RGB_LED_CUBE_MOTHERBOARD_FW/2020-05-12 STM32CubeMX/Drivers/CMSIS/Include"  -Og -g3 -Wall -fmessage-length=0 -ffunction-sections -c -fmessage-length=0 -MMD -MP -MF"Src/stm32f1xx_it.d" -MT"Src/stm32f1xx_it.o" -o "Src/stm32f1xx_it.o" "../Src/stm32f1xx_it.c"
Finished building: ../Src/stm32f1xx_it.c
 
Building file: ../Src/system_stm32f1xx.c
Invoking: MCU GCC Compiler
C:\Users\jmichael\OneDrive - Itron\Documents\8x8x8_RGB_LED_CUBE_MOTHERBOARD_FW\2020-05-12 STM32CubeMX\Debug
arm-none-eabi-gcc -mcpu=cortex-m3 -mthumb -mfloat-abi=soft -DUSE_HAL_DRIVER -DSTM32F103xB -I"C:/Users/jmichael/OneDrive - Itron/Documents/8x8x8_RGB_LED_CUBE_MOTHERBOARD_FW/2020-05-12 STM32CubeMX/Inc" -I"C:/Users/jmichael/OneDrive - Itron/Documents/8x8x8_RGB_LED_CUBE_MOTHERBOARD_FW/2020-05-12 STM32CubeMX/Drivers/STM32F1xx_HAL_Driver/Inc" -I"C:/Users/jmichael/OneDrive - Itron/Documents/8x8x8_RGB_LED_CUBE_MOTHERBOARD_FW/2020-05-12 STM32CubeMX/Drivers/STM32F1xx_HAL_Driver/Inc/Legacy" -I"C:/Users/jmichael/OneDrive - Itron/Documents/8x8x8_RGB_LED_CUBE_MOTHERBOARD_FW/2020-05-12 STM32CubeMX/Drivers/CMSIS/Device/ST/STM32F1xx/Include" -I"C:/Users/jmichael/OneDrive - Itron/Documents/8x8x8_RGB_LED_CUBE_MOTHERBOARD_FW/2020-05-12 STM32CubeMX/Drivers/CMSIS/Include"  -Og -g3 -Wall -fmessage-length=0 -ffunction-sections -c -fmessage-length=0 -MMD -MP -MF"Src/system_stm32f1xx.d" -MT"Src/system_stm32f1xx.o" -o "Src/system_stm32f1xx.o" "../Src/system_stm32f1xx.c"
Finished building: ../Src/system_stm32f1xx.c
 
Building file: ../Drivers/STM32F1xx_HAL_Driver/Src/stm32f1xx_hal.c
Invoking: MCU GCC Compiler
C:\Users\jmichael\OneDrive - Itron\Documents\8x8x8_RGB_LED_CUBE_MOTHERBOARD_FW\2020-05-12 STM32CubeMX\Debug
arm-none-eabi-gcc -mcpu=cortex-m3 -mthumb -mfloat-abi=soft -DUSE_HAL_DRIVER -DSTM32F103xB -I"C:/Users/jmichael/OneDrive - Itron/Documents/8x8x8_RGB_LED_CUBE_MOTHERBOARD_FW/2020-05-12 STM32CubeMX/Inc" -I"C:/Users/jmichael/OneDrive - Itron/Documents/8x8x8_RGB_LED_CUBE_MOTHERBOARD_FW/2020-05-12 STM32CubeMX/Drivers/STM32F1xx_HAL_Driver/Inc" -I"C:/Users/jmichael/OneDrive - Itron/Documents/8x8x8_RGB_LED_CUBE_MOTHERBOARD_FW/2020-05-12 STM32CubeMX/Drivers/STM32F1xx_HAL_Driver/Inc/Legacy" -I"C:/Users/jmichael/OneDrive - Itron/Documents/8x8x8_RGB_LED_CUBE_MOTHERBOARD_FW/2020-05-12 STM32CubeMX/Drivers/CMSIS/Device/ST/STM32F1xx/Include" -I"C:/Users/jmichael/OneDrive - Itron/Documents/8x8x8_RGB_LED_CUBE_MOTHERBOARD_FW/2020-05-12 STM32CubeMX/Drivers/CMSIS/Include"  -Og -g3 -Wall -fmessage-length=0 -ffunction-sections -c -fmessage-length=0 -MMD -MP -MF"Drivers/STM32F1xx_HAL_Driver/Src/stm32f1xx_hal.d" -MT"Drivers/STM32F1xx_HAL_Driver/Src/stm32f1xx_hal.o" -o "Drivers/STM32F1xx_HAL_Driver/Src/stm32f1xx_hal.o" "../Drivers/STM32F1xx_HAL_Driver/Src/stm32f1xx_hal.c"
Finished building: ../Drivers/STM32F1xx_HAL_Driver/Src/stm32f1xx_hal.c
 
Building file: ../Drivers/STM32F1xx_HAL_Driver/Src/stm32f1xx_hal_cortex.c
Invoking: MCU GCC Compiler
C:\Users\jmichael\OneDrive - Itron\Documents\8x8x8_RGB_LED_CUBE_MOTHERBOARD_FW\2020-05-12 STM32CubeMX\Debug
arm-none-eabi-gcc -mcpu=cortex-m3 -mthumb -mfloat-abi=soft -DUSE_HAL_DRIVER -DSTM32F103xB -I"C:/Users/jmichael/OneDrive - Itron/Documents/8x8x8_RGB_LED_CUBE_MOTHERBOARD_FW/2020-05-12 STM32CubeMX/Inc" -I"C:/Users/jmichael/OneDrive - Itron/Documents/8x8x8_RGB_LED_CUBE_MOTHERBOARD_FW/2020-05-12 STM32CubeMX/Drivers/STM32F1xx_HAL_Driver/Inc" -I"C:/Users/jmichael/OneDrive - Itron/Documents/8x8x8_RGB_LED_CUBE_MOTHERBOARD_FW/2020-05-12 STM32CubeMX/Drivers/STM32F1xx_HAL_Driver/Inc/Legacy" -I"C:/Users/jmichael/OneDrive - Itron/Documents/8x8x8_RGB_LED_CUBE_MOTHERBOARD_FW/2020-05-12 STM32CubeMX/Drivers/CMSIS/Device/ST/STM32F1xx/Include" -I"C:/Users/jmichael/OneDrive - Itron/Documents/8x8x8_RGB_LED_CUBE_MOTHERBOARD_FW/2020-05-12 STM32CubeMX/Drivers/CMSIS/Include"  -Og -g3 -Wall -fmessage-length=0 -ffunction-sections -c -fmessage-length=0 -MMD -MP -MF"Drivers/STM32F1xx_HAL_Driver/Src/stm32f1xx_hal_cortex.d" -MT"Drivers/STM32F1xx_HAL_Driver/Src/stm32f1xx_hal_cortex.o" -o "Drivers/STM32F1xx_HAL_Driver/Src/stm32f1xx_hal_cortex.o" "../Drivers/STM32F1xx_HAL_Driver/Src/stm32f1xx_hal_cortex.c"
Finished building: ../Drivers/STM32F1xx_HAL_Driver/Src/stm32f1xx_hal_cortex.c
 
Building file: ../Drivers/STM32F1xx_HAL_Driver/Src/stm32f1xx_hal_dma.c
Invoking: MCU GCC Compiler
C:\Users\jmichael\OneDrive - Itron\Documents\8x8x8_RGB_LED_CUBE_MOTHERBOARD_FW\2020-05-12 STM32CubeMX\Debug
arm-none-eabi-gcc -mcpu=cortex-m3 -mthumb -mfloat-abi=soft -DUSE_HAL_DRIVER -DSTM32F103xB -I"C:/Users/jmichael/OneDrive - Itron/Documents/8x8x8_RGB_LED_CUBE_MOTHERBOARD_FW/2020-05-12 STM32CubeMX/Inc" -I"C:/Users/jmichael/OneDrive - Itron/Documents/8x8x8_RGB_LED_CUBE_MOTHERBOARD_FW/2020-05-12 STM32CubeMX/Drivers/STM32F1xx_HAL_Driver/Inc" -I"C:/Users/jmichael/OneDrive - Itron/Documents/8x8x8_RGB_LED_CUBE_MOTHERBOARD_FW/2020-05-12 STM32CubeMX/Drivers/STM32F1xx_HAL_Driver/Inc/Legacy" -I"C:/Users/jmichael/OneDrive - Itron/Documents/8x8x8_RGB_LED_CUBE_MOTHERBOARD_FW/2020-05-12 STM32CubeMX/Drivers/CMSIS/Device/ST/STM32F1xx/Include" -I"C:/Users/jmichael/OneDrive - Itron/Documents/8x8x8_RGB_LED_CUBE_MOTHERBOARD_FW/2020-05-12 STM32CubeMX/Drivers/CMSIS/Include"  -Og -g3 -Wall -fmessage-length=0 -ffunction-sections -c -fmessage-length=0 -MMD -MP -MF"Drivers/STM32F1xx_HAL_Driver/Src/stm32f1xx_hal_dma.d" -MT"Drivers/STM32F1xx_HAL_Driver/Src/stm32f1xx_hal_dma.o" -o "Drivers/STM32F1xx_HAL_Driver/Src/stm32f1xx_hal_dma.o" "../Drivers/STM32F1xx_HAL_Driver/Src/stm32f1xx_hal_dma.c"
Finished building: ../Drivers/STM32F1xx_HAL_Driver/Src/stm32f1xx_hal_dma.c
 
Building file: ../Drivers/STM32F1xx_HAL_Driver/Src/stm32f1xx_hal_exti.c
Invoking: MCU GCC Compiler
C:\Users\jmichael\OneDrive - Itron\Documents\8x8x8_RGB_LED_CUBE_MOTHERBOARD_FW\2020-05-12 STM32CubeMX\Debug
arm-none-eabi-gcc -mcpu=cortex-m3 -mthumb -mfloat-abi=soft -DUSE_HAL_DRIVER -DSTM32F103xB -I"C:/Users/jmichael/OneDrive - Itron/Documents/8x8x8_RGB_LED_CUBE_MOTHERBOARD_FW/2020-05-12 STM32CubeMX/Inc" -I"C:/Users/jmichael/OneDrive - Itron/Documents/8x8x8_RGB_LED_CUBE_MOTHERBOARD_FW/2020-05-12 STM32CubeMX/Drivers/STM32F1xx_HAL_Driver/Inc" -I"C:/Users/jmichael/OneDrive - Itron/Documents/8x8x8_RGB_LED_CUBE_MOTHERBOARD_FW/2020-05-12 STM32CubeMX/Drivers/STM32F1xx_HAL_Driver/Inc/Legacy" -I"C:/Users/jmichael/OneDrive - Itron/Documents/8x8x8_RGB_LED_CUBE_MOTHERBOARD_FW/2020-05-12 STM32CubeMX/Drivers/CMSIS/Device/ST/STM32F1xx/Include" -I"C:/Users/jmichael/OneDrive - Itron/Documents/8x8x8_RGB_LED_CUBE_MOTHERBOARD_FW/2020-05-12 STM32CubeMX/Drivers/CMSIS/Include"  -Og -g3 -Wall -fmessage-length=0 -ffunction-sections -c -fmessage-length=0 -MMD -MP -MF"Drivers/STM32F1xx_HAL_Driver/Src/stm32f1xx_hal_exti.d" -MT"Drivers/STM32F1xx_HAL_Driver/Src/stm32f1xx_hal_exti.o" -o "Drivers/STM32F1xx_HAL_Driver/Src/stm32f1xx_hal_exti.o" "../Drivers/STM32F1xx_HAL_Driver/Src/stm32f1xx_hal_exti.c"
Finished building: ../Drivers/STM32F1xx_HAL_Driver/Src/stm32f1xx_hal_exti.c
 
Building file: ../Drivers/STM32F1xx_HAL_Driver/Src/stm32f1xx_hal_flash.c
Invoking: MCU GCC Compiler
C:\Users\jmichael\OneDrive - Itron\Documents\8x8x8_RGB_LED_CUBE_MOTHERBOARD_FW\2020-05-12 STM32CubeMX\Debug
arm-none-eabi-gcc -mcpu=cortex-m3 -mthumb -mfloat-abi=soft -DUSE_HAL_DRIVER -DSTM32F103xB -I"C:/Users/jmichael/OneDrive - Itron/Documents/8x8x8_RGB_LED_CUBE_MOTHERBOARD_FW/2020-05-12 STM32CubeMX/Inc" -I"C:/Users/jmichael/OneDrive - Itron/Documents/8x8x8_RGB_LED_CUBE_MOTHERBOARD_FW/2020-05-12 STM32CubeMX/Drivers/STM32F1xx_HAL_Driver/Inc" -I"C:/Users/jmichael/OneDrive - Itron/Documents/8x8x8_RGB_LED_CUBE_MOTHERBOARD_FW/2020-05-12 STM32CubeMX/Drivers/STM32F1xx_HAL_Driver/Inc/Legacy" -I"C:/Users/jmichael/OneDrive - Itron/Documents/8x8x8_RGB_LED_CUBE_MOTHERBOARD_FW/2020-05-12 STM32CubeMX/Drivers/CMSIS/Device/ST/STM32F1xx/Include" -I"C:/Users/jmichael/OneDrive - Itron/Documents/8x8x8_RGB_LED_CUBE_MOTHERBOARD_FW/2020-05-12 STM32CubeMX/Drivers/CMSIS/Include"  -Og -g3 -Wall -fmessage-length=0 -ffunction-sections -c -fmessage-length=0 -MMD -MP -MF"Drivers/STM32F1xx_HAL_Driver/Src/stm32f1xx_hal_flash.d" -MT"Drivers/STM32F1xx_HAL_Driver/Src/stm32f1xx_hal_flash.o" -o "Drivers/STM32F1xx_HAL_Driver/Src/stm32f1xx_hal_flash.o" "../Drivers/STM32F1xx_HAL_Driver/Src/stm32f1xx_hal_flash.c"
Finished building: ../Drivers/STM32F1xx_HAL_Driver/Src/stm32f1xx_hal_flash.c
 
Building file: ../Drivers/STM32F1xx_HAL_Driver/Src/stm32f1xx_hal_flash_ex.c
Invoking: MCU GCC Compiler
C:\Users\jmichael\OneDrive - Itron\Documents\8x8x8_RGB_LED_CUBE_MOTHERBOARD_FW\2020-05-12 STM32CubeMX\Debug
arm-none-eabi-gcc -mcpu=cortex-m3 -mthumb -mfloat-abi=soft -DUSE_HAL_DRIVER -DSTM32F103xB -I"C:/Users/jmichael/OneDrive - Itron/Documents/8x8x8_RGB_LED_CUBE_MOTHERBOARD_FW/2020-05-12 STM32CubeMX/Inc" -I"C:/Users/jmichael/OneDrive - Itron/Documents/8x8x8_RGB_LED_CUBE_MOTHERBOARD_FW/2020-05-12 STM32CubeMX/Drivers/STM32F1xx_HAL_Driver/Inc" -I"C:/Users/jmichael/OneDrive - Itron/Documents/8x8x8_RGB_LED_CUBE_MOTHERBOARD_FW/2020-05-12 STM32CubeMX/Drivers/STM32F1xx_HAL_Driver/Inc/Legacy" -I"C:/Users/jmichael/OneDrive - Itron/Documents/8x8x8_RGB_LED_CUBE_MOTHERBOARD_FW/2020-05-12 STM32CubeMX/Drivers/CMSIS/Device/ST/STM32F1xx/Include" -I"C:/Users/jmichael/OneDrive - Itron/Documents/8x8x8_RGB_LED_CUBE_MOTHERBOARD_FW/2020-05-12 STM32CubeMX/Drivers/CMSIS/Include"  -Og -g3 -Wall -fmessage-length=0 -ffunction-sections -c -fmessage-length=0 -MMD -MP -MF"Drivers/STM32F1xx_HAL_Driver/Src/stm32f1xx_hal_flash_ex.d" -MT"Drivers/STM32F1xx_HAL_Driver/Src/stm32f1xx_hal_flash_ex.o" -o "Drivers/STM32F1xx_HAL_Driver/Src/stm32f1xx_hal_flash_ex.o" "../Drivers/STM32F1xx_HAL_Driver/Src/stm32f1xx_hal_flash_ex.c"
Finished building: ../Drivers/STM32F1xx_HAL_Driver/Src/stm32f1xx_hal_flash_ex.c
 
Building file: ../Drivers/STM32F1xx_HAL_Driver/Src/stm32f1xx_hal_gpio.c
Invoking: MCU GCC Compiler
C:\Users\jmichael\OneDrive - Itron\Documents\8x8x8_RGB_LED_CUBE_MOTHERBOARD_FW\2020-05-12 STM32CubeMX\Debug
arm-none-eabi-gcc -mcpu=cortex-m3 -mthumb -mfloat-abi=soft -DUSE_HAL_DRIVER -DSTM32F103xB -I"C:/Users/jmichael/OneDrive - Itron/Documents/8x8x8_RGB_LED_CUBE_MOTHERBOARD_FW/2020-05-12 STM32CubeMX/Inc" -I"C:/Users/jmichael/OneDrive - Itron/Documents/8x8x8_RGB_LED_CUBE_MOTHERBOARD_FW/2020-05-12 STM32CubeMX/Drivers/STM32F1xx_HAL_Driver/Inc" -I"C:/Users/jmichael/OneDrive - Itron/Documents/8x8x8_RGB_LED_CUBE_MOTHERBOARD_FW/2020-05-12 STM32CubeMX/Drivers/STM32F1xx_HAL_Driver/Inc/Legacy" -I"C:/Users/jmichael/OneDrive - Itron/Documents/8x8x8_RGB_LED_CUBE_MOTHERBOARD_FW/2020-05-12 STM32CubeMX/Drivers/CMSIS/Device/ST/STM32F1xx/Include" -I"C:/Users/jmichael/OneDrive - Itron/Documents/8x8x8_RGB_LED_CUBE_MOTHERBOARD_FW/2020-05-12 STM32CubeMX/Drivers/CMSIS/Include"  -Og -g3 -Wall -fmessage-length=0 -ffunction-sections -c -fmessage-length=0 -MMD -MP -MF"Drivers/STM32F1xx_HAL_Driver/Src/stm32f1xx_hal_gpio.d" -MT"Drivers/STM32F1xx_HAL_Driver/Src/stm32f1xx_hal_gpio.o" -o "Drivers/STM32F1xx_HAL_Driver/Src/stm32f1xx_hal_gpio.o" "../Drivers/STM32F1xx_HAL_Driver/Src/stm32f1xx_hal_gpio.c"
Finished building: ../Drivers/STM32F1xx_HAL_Driver/Src/stm32f1xx_hal_gpio.c
 
Building file: ../Drivers/STM32F1xx_HAL_Driver/Src/stm32f1xx_hal_gpio_ex.c
Invoking: MCU GCC Compiler
C:\Users\jmichael\OneDrive - Itron\Documents\8x8x8_RGB_LED_CUBE_MOTHERBOARD_FW\2020-05-12 STM32CubeMX\Debug
arm-none-eabi-gcc -mcpu=cortex-m3 -mthumb -mfloat-abi=soft -DUSE_HAL_DRIVER -DSTM32F103xB -I"C:/Users/jmichael/OneDrive - Itron/Documents/8x8x8_RGB_LED_CUBE_MOTHERBOARD_FW/2020-05-12 STM32CubeMX/Inc" -I"C:/Users/jmichael/OneDrive - Itron/Documents/8x8x8_RGB_LED_CUBE_MOTHERBOARD_FW/2020-05-12 STM32CubeMX/Drivers/STM32F1xx_HAL_Driver/Inc" -I"C:/Users/jmichael/OneDrive - Itron/Documents/8x8x8_RGB_LED_CUBE_MOTHERBOARD_FW/2020-05-12 STM32CubeMX/Drivers/STM32F1xx_HAL_Driver/Inc/Legacy" -I"C:/Users/jmichael/OneDrive - Itron/Documents/8x8x8_RGB_LED_CUBE_MOTHERBOARD_FW/2020-05-12 STM32CubeMX/Drivers/CMSIS/Device/ST/STM32F1xx/Include" -I"C:/Users/jmichael/OneDrive - Itron/Documents/8x8x8_RGB_LED_CUBE_MOTHERBOARD_FW/2020-05-12 STM32CubeMX/Drivers/CMSIS/Include"  -Og -g3 -Wall -fmessage-length=0 -ffunction-sections -c -fmessage-length=0 -MMD -MP -MF"Drivers/STM32F1xx_HAL_Driver/Src/stm32f1xx_hal_gpio_ex.d" -MT"Drivers/STM32F1xx_HAL_Driver/Src/stm32f1xx_hal_gpio_ex.o" -o "Drivers/STM32F1xx_HAL_Driver/Src/stm32f1xx_hal_gpio_ex.o" "../Drivers/STM32F1xx_HAL_Driver/Src/stm32f1xx_hal_gpio_ex.c"
Finished building: ../Drivers/STM32F1xx_HAL_Driver/Src/stm32f1xx_hal_gpio_ex.c
 
Building file: ../Drivers/STM32F1xx_HAL_Driver/Src/stm32f1xx_hal_i2c.c
Invoking: MCU GCC Compiler
C:\Users\jmichael\OneDrive - Itron\Documents\8x8x8_RGB_LED_CUBE_MOTHERBOARD_FW\2020-05-12 STM32CubeMX\Debug
arm-none-eabi-gcc -mcpu=cortex-m3 -mthumb -mfloat-abi=soft -DUSE_HAL_DRIVER -DSTM32F103xB -I"C:/Users/jmichael/OneDrive - Itron/Documents/8x8x8_RGB_LED_CUBE_MOTHERBOARD_FW/2020-05-12 STM32CubeMX/Inc" -I"C:/Users/jmichael/OneDrive - Itron/Documents/8x8x8_RGB_LED_CUBE_MOTHERBOARD_FW/2020-05-12 STM32CubeMX/Drivers/STM32F1xx_HAL_Driver/Inc" -I"C:/Users/jmichael/OneDrive - Itron/Documents/8x8x8_RGB_LED_CUBE_MOTHERBOARD_FW/2020-05-12 STM32CubeMX/Drivers/STM32F1xx_HAL_Driver/Inc/Legacy" -I"C:/Users/jmichael/OneDrive - Itron/Documents/8x8x8_RGB_LED_CUBE_MOTHERBOARD_FW/2020-05-12 STM32CubeMX/Drivers/CMSIS/Device/ST/STM32F1xx/Include" -I"C:/Users/jmichael/OneDrive - Itron/Documents/8x8x8_RGB_LED_CUBE_MOTHERBOARD_FW/2020-05-12 STM32CubeMX/Drivers/CMSIS/Include"  -Og -g3 -Wall -fmessage-length=0 -ffunction-sections -c -fmessage-length=0 -MMD -MP -MF"Drivers/STM32F1xx_HAL_Driver/Src/stm32f1xx_hal_i2c.d" -MT"Drivers/STM32F1xx_HAL_Driver/Src/stm32f1xx_hal_i2c.o" -o "Drivers/STM32F1xx_HAL_Driver/Src/stm32f1xx_hal_i2c.o" "../Drivers/STM32F1xx_HAL_Driver/Src/stm32f1xx_hal_i2c.c"
Finished building: ../Drivers/STM32F1xx_HAL_Driver/Src/stm32f1xx_hal_i2c.c
 
Building file: ../Drivers/STM32F1xx_HAL_Driver/Src/stm32f1xx_hal_pwr.c
Invoking: MCU GCC Compiler
C:\Users\jmichael\OneDrive - Itron\Documents\8x8x8_RGB_LED_CUBE_MOTHERBOARD_FW\2020-05-12 STM32CubeMX\Debug
arm-none-eabi-gcc -mcpu=cortex-m3 -mthumb -mfloat-abi=soft -DUSE_HAL_DRIVER -DSTM32F103xB -I"C:/Users/jmichael/OneDrive - Itron/Documents/8x8x8_RGB_LED_CUBE_MOTHERBOARD_FW/2020-05-12 STM32CubeMX/Inc" -I"C:/Users/jmichael/OneDrive - Itron/Documents/8x8x8_RGB_LED_CUBE_MOTHERBOARD_FW/2020-05-12 STM32CubeMX/Drivers/STM32F1xx_HAL_Driver/Inc" -I"C:/Users/jmichael/OneDrive - Itron/Documents/8x8x8_RGB_LED_CUBE_MOTHERBOARD_FW/2020-05-12 STM32CubeMX/Drivers/STM32F1xx_HAL_Driver/Inc/Legacy" -I"C:/Users/jmichael/OneDrive - Itron/Documents/8x8x8_RGB_LED_CUBE_MOTHERBOARD_FW/2020-05-12 STM32CubeMX/Drivers/CMSIS/Device/ST/STM32F1xx/Include" -I"C:/Users/jmichael/OneDrive - Itron/Documents/8x8x8_RGB_LED_CUBE_MOTHERBOARD_FW/2020-05-12 STM32CubeMX/Drivers/CMSIS/Include"  -Og -g3 -Wall -fmessage-length=0 -ffunction-sections -c -fmessage-length=0 -MMD -MP -MF"Drivers/STM32F1xx_HAL_Driver/Src/stm32f1xx_hal_pwr.d" -MT"Drivers/STM32F1xx_HAL_Driver/Src/stm32f1xx_hal_pwr.o" -o "Drivers/STM32F1xx_HAL_Driver/Src/stm32f1xx_hal_pwr.o" "../Drivers/STM32F1xx_HAL_Driver/Src/stm32f1xx_hal_pwr.c"
Finished building: ../Drivers/STM32F1xx_HAL_Driver/Src/stm32f1xx_hal_pwr.c
 
Building file: ../Drivers/STM32F1xx_HAL_Driver/Src/stm32f1xx_hal_rcc.c
Invoking: MCU GCC Compiler
C:\Users\jmichael\OneDrive - Itron\Documents\8x8x8_RGB_LED_CUBE_MOTHERBOARD_FW\2020-05-12 STM32CubeMX\Debug
arm-none-eabi-gcc -mcpu=cortex-m3 -mthumb -mfloat-abi=soft -DUSE_HAL_DRIVER -DSTM32F103xB -I"C:/Users/jmichael/OneDrive - Itron/Documents/8x8x8_RGB_LED_CUBE_MOTHERBOARD_FW/2020-05-12 STM32CubeMX/Inc" -I"C:/Users/jmichael/OneDrive - Itron/Documents/8x8x8_RGB_LED_CUBE_MOTHERBOARD_FW/2020-05-12 STM32CubeMX/Drivers/STM32F1xx_HAL_Driver/Inc" -I"C:/Users/jmichael/OneDrive - Itron/Documents/8x8x8_RGB_LED_CUBE_MOTHERBOARD_FW/2020-05-12 STM32CubeMX/Drivers/STM32F1xx_HAL_Driver/Inc/Legacy" -I"C:/Users/jmichael/OneDrive - Itron/Documents/8x8x8_RGB_LED_CUBE_MOTHERBOARD_FW/2020-05-12 STM32CubeMX/Drivers/CMSIS/Device/ST/STM32F1xx/Include" -I"C:/Users/jmichael/OneDrive - Itron/Documents/8x8x8_RGB_LED_CUBE_MOTHERBOARD_FW/2020-05-12 STM32CubeMX/Drivers/CMSIS/Include"  -Og -g3 -Wall -fmessage-length=0 -ffunction-sections -c -fmessage-length=0 -MMD -MP -MF"Drivers/STM32F1xx_HAL_Driver/Src/stm32f1xx_hal_rcc.d" -MT"Drivers/STM32F1xx_HAL_Driver/Src/stm32f1xx_hal_rcc.o" -o "Drivers/STM32F1xx_HAL_Driver/Src/stm32f1xx_hal_rcc.o" "../Drivers/STM32F1xx_HAL_Driver/Src/stm32f1xx_hal_rcc.c"
Finished building: ../Drivers/STM32F1xx_HAL_Driver/Src/stm32f1xx_hal_rcc.c
 
Building file: ../Drivers/STM32F1xx_HAL_Driver/Src/stm32f1xx_hal_rcc_ex.c
Invoking: MCU GCC Compiler
C:\Users\jmichael\OneDrive - Itron\Documents\8x8x8_RGB_LED_CUBE_MOTHERBOARD_FW\2020-05-12 STM32CubeMX\Debug
arm-none-eabi-gcc -mcpu=cortex-m3 -mthumb -mfloat-abi=soft -DUSE_HAL_DRIVER -DSTM32F103xB -I"C:/Users/jmichael/OneDrive - Itron/Documents/8x8x8_RGB_LED_CUBE_MOTHERBOARD_FW/2020-05-12 STM32CubeMX/Inc" -I"C:/Users/jmichael/OneDrive - Itron/Documents/8x8x8_RGB_LED_CUBE_MOTHERBOARD_FW/2020-05-12 STM32CubeMX/Drivers/STM32F1xx_HAL_Driver/Inc" -I"C:/Users/jmichael/OneDrive - Itron/Documents/8x8x8_RGB_LED_CUBE_MOTHERBOARD_FW/2020-05-12 STM32CubeMX/Drivers/STM32F1xx_HAL_Driver/Inc/Legacy" -I"C:/Users/jmichael/OneDrive - Itron/Documents/8x8x8_RGB_LED_CUBE_MOTHERBOARD_FW/2020-05-12 STM32CubeMX/Drivers/CMSIS/Device/ST/STM32F1xx/Include" -I"C:/Users/jmichael/OneDrive - Itron/Documents/8x8x8_RGB_LED_CUBE_MOTHERBOARD_FW/2020-05-12 STM32CubeMX/Drivers/CMSIS/Include"  -Og -g3 -Wall -fmessage-length=0 -ffunction-sections -c -fmessage-length=0 -MMD -MP -MF"Drivers/STM32F1xx_HAL_Driver/Src/stm32f1xx_hal_rcc_ex.d" -MT"Drivers/STM32F1xx_HAL_Driver/Src/stm32f1xx_hal_rcc_ex.o" -o "Drivers/STM32F1xx_HAL_Driver/Src/stm32f1xx_hal_rcc_ex.o" "../Drivers/STM32F1xx_HAL_Driver/Src/stm32f1xx_hal_rcc_ex.c"
Finished building: ../Drivers/STM32F1xx_HAL_Driver/Src/stm32f1xx_hal_rcc_ex.c
 
Building file: ../Drivers/STM32F1xx_HAL_Driver/Src/stm32f1xx_hal_rtc.c
Invoking: MCU GCC Compiler
C:\Users\jmichael\OneDrive - Itron\Documents\8x8x8_RGB_LED_CUBE_MOTHERBOARD_FW\2020-05-12 STM32CubeMX\Debug
arm-none-eabi-gcc -mcpu=cortex-m3 -mthumb -mfloat-abi=soft -DUSE_HAL_DRIVER -DSTM32F103xB -I"C:/Users/jmichael/OneDrive - Itron/Documents/8x8x8_RGB_LED_CUBE_MOTHERBOARD_FW/2020-05-12 STM32CubeMX/Inc" -I"C:/Users/jmichael/OneDrive - Itron/Documents/8x8x8_RGB_LED_CUBE_MOTHERBOARD_FW/2020-05-12 STM32CubeMX/Drivers/STM32F1xx_HAL_Driver/Inc" -I"C:/Users/jmichael/OneDrive - Itron/Documents/8x8x8_RGB_LED_CUBE_MOTHERBOARD_FW/2020-05-12 STM32CubeMX/Drivers/STM32F1xx_HAL_Driver/Inc/Legacy" -I"C:/Users/jmichael/OneDrive - Itron/Documents/8x8x8_RGB_LED_CUBE_MOTHERBOARD_FW/2020-05-12 STM32CubeMX/Drivers/CMSIS/Device/ST/STM32F1xx/Include" -I"C:/Users/jmichael/OneDrive - Itron/Documents/8x8x8_RGB_LED_CUBE_MOTHERBOARD_FW/2020-05-12 STM32CubeMX/Drivers/CMSIS/Include"  -Og -g3 -Wall -fmessage-length=0 -ffunction-sections -c -fmessage-length=0 -MMD -MP -MF"Drivers/STM32F1xx_HAL_Driver/Src/stm32f1xx_hal_rtc.d" -MT"Drivers/STM32F1xx_HAL_Driver/Src/stm32f1xx_hal_rtc.o" -o "Drivers/STM32F1xx_HAL_Driver/Src/stm32f1xx_hal_rtc.o" "../Drivers/STM32F1xx_HAL_Driver/Src/stm32f1xx_hal_rtc.c"
Finished building: ../Drivers/STM32F1xx_HAL_Driver/Src/stm32f1xx_hal_rtc.c
 
Building file: ../Drivers/STM32F1xx_HAL_Driver/Src/stm32f1xx_hal_rtc_ex.c
Invoking: MCU GCC Compiler
C:\Users\jmichael\OneDrive - Itron\Documents\8x8x8_RGB_LED_CUBE_MOTHERBOARD_FW\2020-05-12 STM32CubeMX\Debug
arm-none-eabi-gcc -mcpu=cortex-m3 -mthumb -mfloat-abi=soft -DUSE_HAL_DRIVER -DSTM32F103xB -I"C:/Users/jmichael/OneDrive - Itron/Documents/8x8x8_RGB_LED_CUBE_MOTHERBOARD_FW/2020-05-12 STM32CubeMX/Inc" -I"C:/Users/jmichael/OneDrive - Itron/Documents/8x8x8_RGB_LED_CUBE_MOTHERBOARD_FW/2020-05-12 STM32CubeMX/Drivers/STM32F1xx_HAL_Driver/Inc" -I"C:/Users/jmichael/OneDrive - Itron/Documents/8x8x8_RGB_LED_CUBE_MOTHERBOARD_FW/2020-05-12 STM32CubeMX/Drivers/STM32F1xx_HAL_Driver/Inc/Legacy" -I"C:/Users/jmichael/OneDrive - Itron/Documents/8x8x8_RGB_LED_CUBE_MOTHERBOARD_FW/2020-05-12 STM32CubeMX/Drivers/CMSIS/Device/ST/STM32F1xx/Include" -I"C:/Users/jmichael/OneDrive - Itron/Documents/8x8x8_RGB_LED_CUBE_MOTHERBOARD_FW/2020-05-12 STM32CubeMX/Drivers/CMSIS/Include"  -Og -g3 -Wall -fmessage-length=0 -ffunction-sections -c -fmessage-length=0 -MMD -MP -MF"Drivers/STM32F1xx_HAL_Driver/Src/stm32f1xx_hal_rtc_ex.d" -MT"Drivers/STM32F1xx_HAL_Driver/Src/stm32f1xx_hal_rtc_ex.o" -o "Drivers/STM32F1xx_HAL_Driver/Src/stm32f1xx_hal_rtc_ex.o" "../Drivers/STM32F1xx_HAL_Driver/Src/stm32f1xx_hal_rtc_ex.c"
Finished building: ../Drivers/STM32F1xx_HAL_Driver/Src/stm32f1xx_hal_rtc_ex.c
 
Building file: ../Drivers/STM32F1xx_HAL_Driver/Src/stm32f1xx_hal_spi.c
Invoking: MCU GCC Compiler
C:\Users\jmichael\OneDrive - Itron\Documents\8x8x8_RGB_LED_CUBE_MOTHERBOARD_FW\2020-05-12 STM32CubeMX\Debug
arm-none-eabi-gcc -mcpu=cortex-m3 -mthumb -mfloat-abi=soft -DUSE_HAL_DRIVER -DSTM32F103xB -I"C:/Users/jmichael/OneDrive - Itron/Documents/8x8x8_RGB_LED_CUBE_MOTHERBOARD_FW/2020-05-12 STM32CubeMX/Inc" -I"C:/Users/jmichael/OneDrive - Itron/Documents/8x8x8_RGB_LED_CUBE_MOTHERBOARD_FW/2020-05-12 STM32CubeMX/Drivers/STM32F1xx_HAL_Driver/Inc" -I"C:/Users/jmichael/OneDrive - Itron/Documents/8x8x8_RGB_LED_CUBE_MOTHERBOARD_FW/2020-05-12 STM32CubeMX/Drivers/STM32F1xx_HAL_Driver/Inc/Legacy" -I"C:/Users/jmichael/OneDrive - Itron/Documents/8x8x8_RGB_LED_CUBE_MOTHERBOARD_FW/2020-05-12 STM32CubeMX/Drivers/CMSIS/Device/ST/STM32F1xx/Include" -I"C:/Users/jmichael/OneDrive - Itron/Documents/8x8x8_RGB_LED_CUBE_MOTHERBOARD_FW/2020-05-12 STM32CubeMX/Drivers/CMSIS/Include"  -Og -g3 -Wall -fmessage-length=0 -ffunction-sections -c -fmessage-length=0 -MMD -MP -MF"Drivers/STM32F1xx_HAL_Driver/Src/stm32f1xx_hal_spi.d" -MT"Drivers/STM32F1xx_HAL_Driver/Src/stm32f1xx_hal_spi.o" -o "Drivers/STM32F1xx_HAL_Driver/Src/stm32f1xx_hal_spi.o" "../Drivers/STM32F1xx_HAL_Driver/Src/stm32f1xx_hal_spi.c"
Finished building: ../Drivers/STM32F1xx_HAL_Driver/Src/stm32f1xx_hal_spi.c
 
Building file: ../Drivers/STM32F1xx_HAL_Driver/Src/stm32f1xx_hal_tim.c
Invoking: MCU GCC Compiler
C:\Users\jmichael\OneDrive - Itron\Documents\8x8x8_RGB_LED_CUBE_MOTHERBOARD_FW\2020-05-12 STM32CubeMX\Debug
arm-none-eabi-gcc -mcpu=cortex-m3 -mthumb -mfloat-abi=soft -DUSE_HAL_DRIVER -DSTM32F103xB -I"C:/Users/jmichael/OneDrive - Itron/Documents/8x8x8_RGB_LED_CUBE_MOTHERBOARD_FW/2020-05-12 STM32CubeMX/Inc" -I"C:/Users/jmichael/OneDrive - Itron/Documents/8x8x8_RGB_LED_CUBE_MOTHERBOARD_FW/2020-05-12 STM32CubeMX/Drivers/STM32F1xx_HAL_Driver/Inc" -I"C:/Users/jmichael/OneDrive - Itron/Documents/8x8x8_RGB_LED_CUBE_MOTHERBOARD_FW/2020-05-12 STM32CubeMX/Drivers/STM32F1xx_HAL_Driver/Inc/Legacy" -I"C:/Users/jmichael/OneDrive - Itron/Documents/8x8x8_RGB_LED_CUBE_MOTHERBOARD_FW/2020-05-12 STM32CubeMX/Drivers/CMSIS/Device/ST/STM32F1xx/Include" -I"C:/Users/jmichael/OneDrive - Itron/Documents/8x8x8_RGB_LED_CUBE_MOTHERBOARD_FW/2020-05-12 STM32CubeMX/Drivers/CMSIS/Include"  -Og -g3 -Wall -fmessage-length=0 -ffunction-sections -c -fmessage-length=0 -MMD -MP -MF"Drivers/STM32F1xx_HAL_Driver/Src/stm32f1xx_hal_tim.d" -MT"Drivers/STM32F1xx_HAL_Driver/Src/stm32f1xx_hal_tim.o" -o "Drivers/STM32F1xx_HAL_Driver/Src/stm32f1xx_hal_tim.o" "../Drivers/STM32F1xx_HAL_Driver/Src/stm32f1xx_hal_tim.c"
Finished building: ../Drivers/STM32F1xx_HAL_Driver/Src/stm32f1xx_hal_tim.c
 
Building file: ../Drivers/STM32F1xx_HAL_Driver/Src/stm32f1xx_hal_tim_ex.c
Invoking: MCU GCC Compiler
C:\Users\jmichael\OneDrive - Itron\Documents\8x8x8_RGB_LED_CUBE_MOTHERBOARD_FW\2020-05-12 STM32CubeMX\Debug
arm-none-eabi-gcc -mcpu=cortex-m3 -mthumb -mfloat-abi=soft -DUSE_HAL_DRIVER -DSTM32F103xB -I"C:/Users/jmichael/OneDrive - Itron/Documents/8x8x8_RGB_LED_CUBE_MOTHERBOARD_FW/2020-05-12 STM32CubeMX/Inc" -I"C:/Users/jmichael/OneDrive - Itron/Documents/8x8x8_RGB_LED_CUBE_MOTHERBOARD_FW/2020-05-12 STM32CubeMX/Drivers/STM32F1xx_HAL_Driver/Inc" -I"C:/Users/jmichael/OneDrive - Itron/Documents/8x8x8_RGB_LED_CUBE_MOTHERBOARD_FW/2020-05-12 STM32CubeMX/Drivers/STM32F1xx_HAL_Driver/Inc/Legacy" -I"C:/Users/jmichael/OneDrive - Itron/Documents/8x8x8_RGB_LED_CUBE_MOTHERBOARD_FW/2020-05-12 STM32CubeMX/Drivers/CMSIS/Device/ST/STM32F1xx/Include" -I"C:/Users/jmichael/OneDrive - Itron/Documents/8x8x8_RGB_LED_CUBE_MOTHERBOARD_FW/2020-05-12 STM32CubeMX/Drivers/CMSIS/Include"  -Og -g3 -Wall -fmessage-length=0 -ffunction-sections -c -fmessage-length=0 -MMD -MP -MF"Drivers/STM32F1xx_HAL_Driver/Src/stm32f1xx_hal_tim_ex.d" -MT"Drivers/STM32F1xx_HAL_Driver/Src/stm32f1xx_hal_tim_ex.o" -o "Drivers/STM32F1xx_HAL_Driver/Src/stm32f1xx_hal_tim_ex.o" "../Drivers/STM32F1xx_HAL_Driver/Src/stm32f1xx_hal_tim_ex.c"
Finished building: ../Drivers/STM32F1xx_HAL_Driver/Src/stm32f1xx_hal_tim_ex.c
 
Building file: ../Drivers/STM32F1xx_HAL_Driver/Src/stm32f1xx_hal_uart.c
Invoking: MCU GCC Compiler
C:\Users\jmichael\OneDrive - Itron\Documents\8x8x8_RGB_LED_CUBE_MOTHERBOARD_FW\2020-05-12 STM32CubeMX\Debug
arm-none-eabi-gcc -mcpu=cortex-m3 -mthumb -mfloat-abi=soft -DUSE_HAL_DRIVER -DSTM32F103xB -I"C:/Users/jmichael/OneDrive - Itron/Documents/8x8x8_RGB_LED_CUBE_MOTHERBOARD_FW/2020-05-12 STM32CubeMX/Inc" -I"C:/Users/jmichael/OneDrive - Itron/Documents/8x8x8_RGB_LED_CUBE_MOTHERBOARD_FW/2020-05-12 STM32CubeMX/Drivers/STM32F1xx_HAL_Driver/Inc" -I"C:/Users/jmichael/OneDrive - Itron/Documents/8x8x8_RGB_LED_CUBE_MOTHERBOARD_FW/2020-05-12 STM32CubeMX/Drivers/STM32F1xx_HAL_Driver/Inc/Legacy" -I"C:/Users/jmichael/OneDrive - Itron/Documents/8x8x8_RGB_LED_CUBE_MOTHERBOARD_FW/2020-05-12 STM32CubeMX/Drivers/CMSIS/Device/ST/STM32F1xx/Include" -I"C:/Users/jmichael/OneDrive - Itron/Documents/8x8x8_RGB_LED_CUBE_MOTHERBOARD_FW/2020-05-12 STM32CubeMX/Drivers/CMSIS/Include"  -Og -g3 -Wall -fmessage-length=0 -ffunction-sections -c -fmessage-length=0 -MMD -MP -MF"Drivers/STM32F1xx_HAL_Driver/Src/stm32f1xx_hal_uart.d" -MT"Drivers/STM32F1xx_HAL_Driver/Src/stm32f1xx_hal_uart.o" -o "Drivers/STM32F1xx_HAL_Driver/Src/stm32f1xx_hal_uart.o" "../Drivers/STM32F1xx_HAL_Driver/Src/stm32f1xx_hal_uart.c"
Finished building: ../Drivers/STM32F1xx_HAL_Driver/Src/stm32f1xx_hal_uart.c
 
Building target: l3dcube.elf
Invoking: MCU GCC Linker
arm-none-eabi-gcc -mcpu=cortex-m3 -mthumb -mfloat-abi=soft -specs=nosys.specs -specs=nano.specs -T"../STM32F103C8Tx_FLASH.ld" -Wl,-Map=output.map -Wl,--gc-sections -o "l3dcube.elf" @"objects.list"   -lm
Finished building target: l3dcube.elf
 
make --no-print-directory post-build
Generating hex and Printing size information:
arm-none-eabi-objcopy -O ihex "l3dcube.elf" "l3dcube.hex"
arm-none-eabi-size "l3dcube.elf"
   text	   data	    bss	    dec	    hex	filename
   9424	   1412	   3216	  14052	   36e4	l3dcube.elf
 
15:19:59 **** Incremental Build of configuration Debug for project l3dcube ****
make all 
Building file: ../Src/main.c
Invoking: MCU GCC Compiler
C:\Users\jmichael\OneDrive - Itron\Documents\8x8x8_RGB_LED_CUBE_MOTHERBOARD_FW\2020-05-12 STM32CubeMX\Debug
arm-none-eabi-gcc -mcpu=cortex-m3 -mthumb -mfloat-abi=soft -DUSE_HAL_DRIVER -DSTM32F103xB -I"C:/Users/jmichael/OneDrive - Itron/Documents/8x8x8_RGB_LED_CUBE_MOTHERBOARD_FW/2020-05-12 STM32CubeMX/Inc" -I"C:/Users/jmichael/OneDrive - Itron/Documents/8x8x8_RGB_LED_CUBE_MOTHERBOARD_FW/2020-05-12 STM32CubeMX/Drivers/STM32F1xx_HAL_Driver/Inc" -I"C:/Users/jmichael/OneDrive - Itron/Documents/8x8x8_RGB_LED_CUBE_MOTHERBOARD_FW/2020-05-12 STM32CubeMX/Drivers/STM32F1xx_HAL_Driver/Inc/Legacy" -I"C:/Users/jmichael/OneDrive - Itron/Documents/8x8x8_RGB_LED_CUBE_MOTHERBOARD_FW/2020-05-12 STM32CubeMX/Drivers/CMSIS/Device/ST/STM32F1xx/Include" -I"C:/Users/jmichael/OneDrive - Itron/Documents/8x8x8_RGB_LED_CUBE_MOTHERBOARD_FW/2020-05-12 STM32CubeMX/Drivers/CMSIS/Include"  -Og -g3 -Wall -fmessage-length=0 -ffunction-sections -c -fmessage-length=0 -MMD -MP -MF"Src/main.d" -MT"Src/main.o" -o "Src/main.o" "../Src/main.c"
Finished building: ../Src/main.c
 
Building target: l3dcube.elf
Invoking: MCU GCC Linker
arm-none-eabi-gcc -mcpu=cortex-m3 -mthumb -mfloat-abi=soft -specs=nosys.specs -specs=nano.specs -T"../STM32F103C8Tx_FLASH.ld" -Wl,-Map=output.map -Wl,--gc-sections -o "l3dcube.elf" @"objects.list"   -lm
Finished building target: l3dcube.elf
 
make --no-print-directory post-build
Generating hex and Printing size information:
arm-none-eabi-objcopy -O ihex "l3dcube.elf" "l3dcube.hex"
arm-none-eabi-size "l3dcube.elf"
   text	   data	    bss	    dec	    hex	filename
   9424	   1412	   3216	  14052	   36e4	l3dcube.elf
 
15:20:06 **** Incremental Build of configuration Debug for project l3dcube ****
make all 
make: Nothing to be done for 'all'.
15:20:18 **** Incremental Build of configuration Debug for project l3dcube ****
make all 
make: Nothing to be done for 'all'.
15:20:37 **** Incremental Build of configuration Debug for project l3dcube ****
make all 
make: Nothing to be done for 'all'.
15:20:54 **** Incremental Build of configuration Debug for project l3dcube ****
make all 
make: Nothing to be done for 'all'.
15:22:10 **** Incremental Build of configuration Debug for project l3dcube ****
make all 
make: Nothing to be done for 'all'.
15:24:22 **** Incremental Build of configuration Debug for project l3dcube ****
make all 
make: Nothing to be done for 'all'.
15:24:40 **** Incremental Build of configuration Debug for project l3dcube ****
make all 
make: Nothing to be done for 'all'.
16:09:45 **** Incremental Build of configuration Debug for project l3dcube ****
make all 
Building file: ../Src/main.c
Invoking: MCU GCC Compiler
C:\Users\jmichael\OneDrive - Itron\Documents\8x8x8_RGB_LED_CUBE_MOTHERBOARD_FW\2020-05-12 STM32CubeMX\Debug
arm-none-eabi-gcc -mcpu=cortex-m3 -mthumb -mfloat-abi=soft -DUSE_HAL_DRIVER -DSTM32F103xB -I"C:/Users/jmichael/OneDrive - Itron/Documents/8x8x8_RGB_LED_CUBE_MOTHERBOARD_FW/2020-05-12 STM32CubeMX/Inc" -I"C:/Users/jmichael/OneDrive - Itron/Documents/8x8x8_RGB_LED_CUBE_MOTHERBOARD_FW/2020-05-12 STM32CubeMX/Drivers/STM32F1xx_HAL_Driver/Inc" -I"C:/Users/jmichael/OneDrive - Itron/Documents/8x8x8_RGB_LED_CUBE_MOTHERBOARD_FW/2020-05-12 STM32CubeMX/Drivers/STM32F1xx_HAL_Driver/Inc/Legacy" -I"C:/Users/jmichael/OneDrive - Itron/Documents/8x8x8_RGB_LED_CUBE_MOTHERBOARD_FW/2020-05-12 STM32CubeMX/Drivers/CMSIS/Device/ST/STM32F1xx/Include" -I"C:/Users/jmichael/OneDrive - Itron/Documents/8x8x8_RGB_LED_CUBE_MOTHERBOARD_FW/2020-05-12 STM32CubeMX/Drivers/CMSIS/Include"  -Og -g3 -Wall -fmessage-length=0 -ffunction-sections -c -fmessage-length=0 -MMD -MP -MF"Src/main.d" -MT"Src/main.o" -o "Src/main.o" "../Src/main.c"
Finished building: ../Src/main.c
 
Building target: l3dcube.elf
Invoking: MCU GCC Linker
arm-none-eabi-gcc -mcpu=cortex-m3 -mthumb -mfloat-abi=soft -specs=nosys.specs -specs=nano.specs -T"../STM32F103C8Tx_FLASH.ld" -Wl,-Map=output.map -Wl,--gc-sections -o "l3dcube.elf" @"objects.list"   -lm
Finished building target: l3dcube.elf
 
make --no-print-directory post-build
Generating hex and Printing size information:
arm-none-eabi-objcopy -O ihex "l3dcube.elf" "l3dcube.hex"
arm-none-eabi-size "l3dcube.elf"
   text	   data	    bss	    dec	    hex	filename
   9424	   1412	   3216	  14052	   36e4	l3dcube.elf
 
16:09:50 **** Incremental Build of configuration Debug for project l3dcube ****
make all 
make: Nothing to be done for 'all'.
16:11:58 **** Incremental Build of configuration Debug for project l3dcube ****
make all 
make: Nothing to be done for 'all'.
16:16:01 **** Incremental Build of configuration Debug for project l3dcube ****
make all 
make: Nothing to be done for 'all'.
16:19:38 **** Incremental Build of configuration Debug for project l3dcube ****
make all 
make: Nothing to be done for 'all'.
16:26:00 **** Incremental Build of configuration Debug for project l3dcube ****
make all 
make: Nothing to be done for 'all'.
16:26:11 **** Incremental Build of configuration Debug for project l3dcube ****
make all 
make: Nothing to be done for 'all'.
16:26:26 **** Incremental Build of configuration Debug for project l3dcube ****
make all 
make: Nothing to be done for 'all'.
16:33:47 **** Incremental Build of configuration Debug for project l3dcube ****
make all 
make: Nothing to be done for 'all'.
16:38:50 **** Incremental Build of configuration Debug for project l3dcube ****
make all 
Building file: ../Src/main.c
Invoking: MCU GCC Compiler
C:\Users\jmichael\OneDrive - Itron\Documents\8x8x8_RGB_LED_CUBE_MOTHERBOARD_FW\2020-05-12 STM32CubeMX\Debug
arm-none-eabi-gcc -mcpu=cortex-m3 -mthumb -mfloat-abi=soft -DUSE_HAL_DRIVER -DSTM32F103xB -I"C:/Users/jmichael/OneDrive - Itron/Documents/8x8x8_RGB_LED_CUBE_MOTHERBOARD_FW/2020-05-12 STM32CubeMX/Inc" -I"C:/Users/jmichael/OneDrive - Itron/Documents/8x8x8_RGB_LED_CUBE_MOTHERBOARD_FW/2020-05-12 STM32CubeMX/Drivers/STM32F1xx_HAL_Driver/Inc" -I"C:/Users/jmichael/OneDrive - Itron/Documents/8x8x8_RGB_LED_CUBE_MOTHERBOARD_FW/2020-05-12 STM32CubeMX/Drivers/STM32F1xx_HAL_Driver/Inc/Legacy" -I"C:/Users/jmichael/OneDrive - Itron/Documents/8x8x8_RGB_LED_CUBE_MOTHERBOARD_FW/2020-05-12 STM32CubeMX/Drivers/CMSIS/Device/ST/STM32F1xx/Include" -I"C:/Users/jmichael/OneDrive - Itron/Documents/8x8x8_RGB_LED_CUBE_MOTHERBOARD_FW/2020-05-12 STM32CubeMX/Drivers/CMSIS/Include"  -Og -g3 -Wall -fmessage-length=0 -ffunction-sections -c -fmessage-length=0 -MMD -MP -MF"Src/main.d" -MT"Src/main.o" -o "Src/main.o" "../Src/main.c"
Finished building: ../Src/main.c
 
Building target: l3dcube.elf
Invoking: MCU GCC Linker
arm-none-eabi-gcc -mcpu=cortex-m3 -mthumb -mfloat-abi=soft -specs=nosys.specs -specs=nano.specs -T"../STM32F103C8Tx_FLASH.ld" -Wl,-Map=output.map -Wl,--gc-sections -o "l3dcube.elf" @"objects.list"   -lm
Finished building target: l3dcube.elf
 
make --no-print-directory post-build
Generating hex and Printing size information:
arm-none-eabi-objcopy -O ihex "l3dcube.elf" "l3dcube.hex"
arm-none-eabi-size "l3dcube.elf"
   text	   data	    bss	    dec	    hex	filename
   9412	   1412	   3216	  14040	   36d8	l3dcube.elf
 
16:38:56 **** Incremental Build of configuration Debug for project l3dcube ****
make all 
make: Nothing to be done for 'all'.
16:39:08 **** Incremental Build of configuration Debug for project l3dcube ****
make all 
make: Nothing to be done for 'all'.
16:39:19 **** Incremental Build of configuration Debug for project l3dcube ****
make all 
make: Nothing to be done for 'all'.
16:39:25 **** Incremental Build of configuration Debug for project l3dcube ****
make all 
make: Nothing to be done for 'all'.
