<html>
<body>
<pre>
<h1>µVision Build Log</h1>
<h2>Tool Versions:</h2>
IDE-Version: µVision V5.26.2.0
Copyright (C) 2018 ARM Ltd and ARM Germany GmbH. All rights reserved.
License Information: Joel Michaelis, MNSU, LIC=----
 
Tool Versions:
Toolchain:       MDK-Lite  Version: 5.26.2.0
Toolchain Path:  C:\Keil_v5\ARM\ARMCC\Bin
C Compiler:      Armcc.exe V5.06 update 6 (build 750)
Assembler:       Armasm.exe V5.06 update 6 (build 750)
Linker/Locator:  ArmLink.exe V5.06 update 6 (build 750)
Library Manager: ArmAr.exe V5.06 update 6 (build 750)
Hex Converter:   FromElf.exe V5.06 update 6 (build 750)
CPU DLL:         SARMCM3.DLL V5.26.2.0
Dialog DLL:      DCM.DLL V1.17.2.0
Target DLL:      STLink\ST-LINKIII-KEIL_SWO.dll V3.0.5.0
Dialog DLL:      TCM.DLL V1.36.1.0
 
<h2>Project:</h2>
C:\Users\jmichael\OneDrive - Itron\Desktop\476disco_cube\MDK-ARM\476disco_cube.uvprojx
Project File Date:  05/04/2019

<h2>Output:</h2>
*** Using Compiler 'V5.06 update 6 (build 750)', folder: 'C:\Keil_v5\ARM\ARMCC\Bin'
Build target '476disco_cube'
compiling main.c...
../Src/main.c(117): warning:  #177-D: variable "red"  was declared but never referenced
  	int red[64] = {155,146,177,186,180,189,183,192,159,150,129,138,132,141,135,144,114,123,117,126,120,109,103,112,162,171,165,174,168,105,99,108,34,43,37,46,40,13,7,16,82,91,85,94,88,9,3,12,50,59,53,62,56,20,26,17,66,75,69,78,72,24,30,21};
../Src/main.c(118): warning:  #177-D: variable "grn"  was declared but never referenced
  	int grn[64] = {148,154,145,178,187,181,190,184,152,158,149,130,139,133,142,136,121,115,124,118,127,101,110,104,169,163,172,166,175,97,106,100,41,35,44,38,47,5,14,8,89,83,92,86,95,1,10,4,57,51,60,54,63,28,19,25,73,67,76,70,79,32,23,29};
../Src/main.c(119): warning:  #177-D: variable "blu"  was declared but never referenced
  	int blu[64] = {156,147,153,185,179,188,182,191,160,151,157,137,131,140,134,143,113,122,116,125,119,128,102,111,161,170,164,173,167,176,98,107,33,42,36,45,39,48,6,15,81,90,84,93,87,96,2,11,49,58,52,61,55,64,27,18,65,74,68,77,71,80,31,22};
../Src/main.c(121): warning:  #177-D: variable "myBuf"  was declared but never referenced
  	uint8_t myBuf[20] = "Hello World \r\n";
../Src/main.c: 4 warnings, 0 errors
linking...
Program Size: Code=17484 RO-data=1276 RW-data=380 ZI-data=24140  
FromELF: creating hex file...
"476disco_cube\476disco_cube.axf" - 0 Error(s), 4 Warning(s).

<h2>Software Packages used:</h2>

Package Vendor: ARM
                http://www.keil.com/pack/ARM.CMSIS.5.4.0.pack
                ARM.CMSIS.5.4.0
                CMSIS (Cortex Microcontroller Software Interface Standard)
   * Component: CORE Version: 5.1.2

Package Vendor: Keil
                http://www.keil.com/pack/Keil.STM32L4xx_DFP.2.0.0.pack
                Keil.STM32L4xx_DFP.2.0.0
                STMicroelectronics STM32L4 Series Device Support, Drivers and Examples

<h2>Collection of Component include folders:</h2>
  .\RTE\_476disco_cube
  C:\Keil_v5\ARM\PACK\ARM\CMSIS\5.4.0\CMSIS\Core\Include
  C:\Keil_v5\ARM\PACK\Keil\STM32L4xx_DFP\2.0.0\Drivers\CMSIS\Device\ST\STM32L4xx\Include

<h2>Collection of Component Files used:</h2>

   * Component: ARM::CMSIS:CORE:5.1.2
Build Time Elapsed:  00:00:09
</pre>
</body>
</html>
