Archive member included to satisfy reference by file (symbol)

c:/st/stm32cubeide_1.5.1/stm32cubeide/plugins/com.st.stm32cube.ide.mcu.externaltools.gnu-tools-for-stm32.7-2018-q2-update.win32_1.5.0.202011040924/tools/bin/../lib/gcc/arm-none-eabi/7.3.1/../../../../arm-none-eabi/lib/thumb/v7-m\libc_nano.a(lib_a-errno.o)
                              Core/Src/syscalls.o (__errno)
c:/st/stm32cubeide_1.5.1/stm32cubeide/plugins/com.st.stm32cube.ide.mcu.externaltools.gnu-tools-for-stm32.7-2018-q2-update.win32_1.5.0.202011040924/tools/bin/../lib/gcc/arm-none-eabi/7.3.1/../../../../arm-none-eabi/lib/thumb/v7-m\libc_nano.a(lib_a-exit.o)
                              c:/st/stm32cubeide_1.5.1/stm32cubeide/plugins/com.st.stm32cube.ide.mcu.externaltools.gnu-tools-for-stm32.7-2018-q2-update.win32_1.5.0.202011040924/tools/bin/../lib/gcc/arm-none-eabi/7.3.1/../../../../arm-none-eabi/lib/thumb/v7-m/crt0.o (exit)
c:/st/stm32cubeide_1.5.1/stm32cubeide/plugins/com.st.stm32cube.ide.mcu.externaltools.gnu-tools-for-stm32.7-2018-q2-update.win32_1.5.0.202011040924/tools/bin/../lib/gcc/arm-none-eabi/7.3.1/../../../../arm-none-eabi/lib/thumb/v7-m\libc_nano.a(lib_a-impure.o)
                              c:/st/stm32cubeide_1.5.1/stm32cubeide/plugins/com.st.stm32cube.ide.mcu.externaltools.gnu-tools-for-stm32.7-2018-q2-update.win32_1.5.0.202011040924/tools/bin/../lib/gcc/arm-none-eabi/7.3.1/../../../../arm-none-eabi/lib/thumb/v7-m\libc_nano.a(lib_a-exit.o) (_global_impure_ptr)
c:/st/stm32cubeide_1.5.1/stm32cubeide/plugins/com.st.stm32cube.ide.mcu.externaltools.gnu-tools-for-stm32.7-2018-q2-update.win32_1.5.0.202011040924/tools/bin/../lib/gcc/arm-none-eabi/7.3.1/../../../../arm-none-eabi/lib/thumb/v7-m\libc_nano.a(lib_a-init.o)
                              c:/st/stm32cubeide_1.5.1/stm32cubeide/plugins/com.st.stm32cube.ide.mcu.externaltools.gnu-tools-for-stm32.7-2018-q2-update.win32_1.5.0.202011040924/tools/bin/../lib/gcc/arm-none-eabi/7.3.1/../../../../arm-none-eabi/lib/thumb/v7-m/crt0.o (__libc_init_array)
c:/st/stm32cubeide_1.5.1/stm32cubeide/plugins/com.st.stm32cube.ide.mcu.externaltools.gnu-tools-for-stm32.7-2018-q2-update.win32_1.5.0.202011040924/tools/bin/../lib/gcc/arm-none-eabi/7.3.1/../../../../arm-none-eabi/lib/thumb/v7-m\libc_nano.a(lib_a-memcpy-stub.o)
                              Core/Src/animations.o (memcpy)
c:/st/stm32cubeide_1.5.1/stm32cubeide/plugins/com.st.stm32cube.ide.mcu.externaltools.gnu-tools-for-stm32.7-2018-q2-update.win32_1.5.0.202011040924/tools/bin/../lib/gcc/arm-none-eabi/7.3.1/../../../../arm-none-eabi/lib/thumb/v7-m\libc_nano.a(lib_a-memset.o)
                              c:/st/stm32cubeide_1.5.1/stm32cubeide/plugins/com.st.stm32cube.ide.mcu.externaltools.gnu-tools-for-stm32.7-2018-q2-update.win32_1.5.0.202011040924/tools/bin/../lib/gcc/arm-none-eabi/7.3.1/../../../../arm-none-eabi/lib/thumb/v7-m/crt0.o (memset)
c:/st/stm32cubeide_1.5.1/stm32cubeide/plugins/com.st.stm32cube.ide.mcu.externaltools.gnu-tools-for-stm32.7-2018-q2-update.win32_1.5.0.202011040924/tools/bin/../lib/gcc/arm-none-eabi/7.3.1/../../../../arm-none-eabi/lib/thumb/v7-m\libc_nano.a(lib_a-strlen.o)
                              Core/Src/lcd20x4_i2c.o (strlen)
c:/st/stm32cubeide_1.5.1/stm32cubeide/plugins/com.st.stm32cube.ide.mcu.externaltools.gnu-tools-for-stm32.7-2018-q2-update.win32_1.5.0.202011040924/tools/bin/../lib/gcc/arm-none-eabi/7.3.1/../../../../arm-none-eabi/lib/thumb/v7-m\libc_nano.a(lib_a-vsprintf.o)
                              Core/Src/lcd20x4_i2c.o (vsprintf)
c:/st/stm32cubeide_1.5.1/stm32cubeide/plugins/com.st.stm32cube.ide.mcu.externaltools.gnu-tools-for-stm32.7-2018-q2-update.win32_1.5.0.202011040924/tools/bin/../lib/gcc/arm-none-eabi/7.3.1/../../../../arm-none-eabi/lib/thumb/v7-m\libc_nano.a(lib_a-nano-svfprintf.o)
                              c:/st/stm32cubeide_1.5.1/stm32cubeide/plugins/com.st.stm32cube.ide.mcu.externaltools.gnu-tools-for-stm32.7-2018-q2-update.win32_1.5.0.202011040924/tools/bin/../lib/gcc/arm-none-eabi/7.3.1/../../../../arm-none-eabi/lib/thumb/v7-m\libc_nano.a(lib_a-vsprintf.o) (_svfprintf_r)
c:/st/stm32cubeide_1.5.1/stm32cubeide/plugins/com.st.stm32cube.ide.mcu.externaltools.gnu-tools-for-stm32.7-2018-q2-update.win32_1.5.0.202011040924/tools/bin/../lib/gcc/arm-none-eabi/7.3.1/../../../../arm-none-eabi/lib/thumb/v7-m\libc_nano.a(lib_a-nano-vfprintf_i.o)
                              c:/st/stm32cubeide_1.5.1/stm32cubeide/plugins/com.st.stm32cube.ide.mcu.externaltools.gnu-tools-for-stm32.7-2018-q2-update.win32_1.5.0.202011040924/tools/bin/../lib/gcc/arm-none-eabi/7.3.1/../../../../arm-none-eabi/lib/thumb/v7-m\libc_nano.a(lib_a-nano-svfprintf.o) (_printf_i)
c:/st/stm32cubeide_1.5.1/stm32cubeide/plugins/com.st.stm32cube.ide.mcu.externaltools.gnu-tools-for-stm32.7-2018-q2-update.win32_1.5.0.202011040924/tools/bin/../lib/gcc/arm-none-eabi/7.3.1/../../../../arm-none-eabi/lib/thumb/v7-m\libc_nano.a(lib_a-memchr-stub.o)
[...]
Memory Configuration

Name             Origin             Length             Attributes
RAM              0x0000000020000000 0x0000000000005000 xrw
FLASH            0x0000000008000000 0x0000000000010000 xr
*default*        0x0000000000000000 0xffffffffffffffff

Linker script and memory map

LOAD c:/st/stm32cubeide_1.5.1/stm32cubeide/plugins/com.st.stm32cube.ide.mcu.externaltools.gnu-tools-for-stm32.7-2018-q2-update.win32_1.5.0.202011040924/tools/bin/../lib/gcc/arm-none-eabi/7.3.1/thumb/v7-m/crti.o
LOAD c:/st/stm32cubeide_1.5.1/stm32cubeide/plugins/com.st.stm32cube.ide.mcu.externaltools.gnu-tools-for-stm32.7-2018-q2-update.win32_1.5.0.202011040924/tools/bin/../lib/gcc/arm-none-eabi/7.3.1/thumb/v7-m/crtbegin.o
LOAD c:/st/stm32cubeide_1.5.1/stm32cubeide/plugins/com.st.stm32cube.ide.mcu.externaltools.gnu-tools-for-stm32.7-2018-q2-update.win32_1.5.0.202011040924/tools/bin/../lib/gcc/arm-none-eabi/7.3.1/../../../../arm-none-eabi/lib/thumb/v7-m/crt0.o
LOAD Core/Src/animations.o
LOAD Core/Src/array_8x8.o
LOAD Core/Src/bool_mask.o
LOAD Core/Src/frame.o
LOAD Core/Src/lcd20x4_i2c.o
LOAD Core/Src/lyrframe.o
LOAD Core/Src/main.o
LOAD Core/Src/menu_system.o
LOAD Core/Src/mpr121.o
LOAD Core/Src/rng.o
LOAD Core/Src/stm32f1xx_hal_msp.o
LOAD Core/Src/stm32f1xx_it.o
LOAD Core/Src/syscalls.o
LOAD Core/Src/sysmem.o
LOAD Core/Src/system_stm32f1xx.o
LOAD Core/Src/tlc5940.o
LOAD Core/Startup/startup_stm32f103c8tx.o
LOAD Drivers/STM32F1xx_HAL_Driver/Src/stm32f1xx_hal.o
LOAD Drivers/STM32F1xx_HAL_Driver/Src/stm32f1xx_hal_cortex.o
LOAD Drivers/STM32F1xx_HAL_Driver/Src/stm32f1xx_hal_dma.o
LOAD Drivers/STM32F1xx_HAL_Driver/Src/stm32f1xx_hal_exti.o
LOAD Drivers/STM32F1xx_HAL_Driver/Src/stm32f1xx_hal_flash.o
LOAD Drivers/STM32F1xx_HAL_Driver/Src/stm32f1xx_hal_flash_ex.o
LOAD Drivers/STM32F1xx_HAL_Driver/Src/stm32f1xx_hal_gpio.o
LOAD Drivers/STM32F1xx_HAL_Driver/Src/stm32f1xx_hal_gpio_ex.o
LOAD Drivers/STM32F1xx_HAL_Driver/Src/stm32f1xx_hal_i2c.o
LOAD Drivers/STM32F1xx_HAL_Driver/Src/stm32f1xx_hal_pwr.o
LOAD Drivers/STM32F1xx_HAL_Driver/Src/stm32f1xx_hal_rcc.o
LOAD Drivers/STM32F1xx_HAL_Driver/Src/stm32f1xx_hal_rcc_ex.o
LOAD Drivers/STM32F1xx_HAL_Driver/Src/stm32f1xx_hal_rtc.o
LOAD Drivers/STM32F1xx_HAL_Driver/Src/stm32f1xx_hal_rtc_ex.o
LOAD Drivers/STM32F1xx_HAL_Driver/Src/stm32f1xx_hal_spi.o
LOAD Drivers/STM32F1xx_HAL_Driver/Src/stm32f1xx_hal_tim.o
LOAD Drivers/STM32F1xx_HAL_Driver/Src/stm32f1xx_hal_tim_ex.o
LOAD Drivers/STM32F1xx_HAL_Driver/Src/stm32f1xx_hal_uart.o
START GROUP
LOAD c:/st/stm32cubeide_1.5.1/stm32cubeide/plugins/com.st.stm32cube.ide.mcu.externaltools.gnu-tools-for-stm32.7-2018-q2-update.win32_1.5.0.202011040924/tools/bin/../lib/gcc/arm-none-eabi/7.3.1/../../../../arm-none-eabi/lib/thumb/v7-m\libc_nano.a
LOAD c:/st/stm32cubeide_1.5.1/stm32cubeide/plugins/com.st.stm32cube.ide.mcu.externaltools.gnu-tools-for-stm32.7-2018-q2-update.win32_1.5.0.202011040924/tools/bin/../lib/gcc/arm-none-eabi/7.3.1/../../../../arm-none-eabi/lib/thumb/v7-m\libm.a
END GROUP
START GROUP
LOAD c:/st/stm32cubeide_1.5.1/stm32cubeide/plugins/com.st.stm32cube.ide.mcu.externaltools.gnu-tools-for-stm32.7-2018-q2-update.win32_1.5.0.202011040924/tools/bin/../lib/gcc/arm-none-eabi/7.3.1/thumb/v7-m\libgcc.a
LOAD c:/st/stm32cubeide_1.5.1/stm32cubeide/plugins/com.st.stm32cube.ide.mcu.externaltools.gnu-tools-for-stm32.7-2018-q2-update.win32_1.5.0.202011040924/tools/bin/../lib/gcc/arm-none-eabi/7.3.1/../../../../arm-none-eabi/lib/thumb/v7-m\libc_nano.a
END GROUP
START GROUP
LOAD c:/st/stm32cubeide_1.5.1/stm32cubeide/plugins/com.st.stm32cube.ide.mcu.externaltools.gnu-tools-for-stm32.7-2018-q2-update.win32_1.5.0.202011040924/tools/bin/../lib/gcc/arm-none-eabi/7.3.1/thumb/v7-m\libgcc.a
LOAD c:/st/stm32cubeide_1.5.1/stm32cubeide/plugins/com.st.stm32cube.ide.mcu.externaltools.gnu-tools-for-stm32.7-2018-q2-update.win32_1.5.0.202011040924/tools/bin/../lib/gcc/arm-none-eabi/7.3.1/../../../../arm-none-eabi/lib/thumb/v7-m\libc_nano.a
LOAD c:/st/stm32cubeide_1.5.1/stm32cubeide/plugins/com.st.stm32cube.ide.mcu.externaltools.gnu-tools-for-stm32.7-2018-q2-update.win32_1.5.0.202011040924/tools/bin/../lib/gcc/arm-none-eabi/7.3.1/../../../../arm-none-eabi/lib/thumb/v7-m\libnosys.a
END GROUP
START GROUP
LOAD c:/st/stm32cubeide_1.5.1/stm32cubeide/plugins/com.st.stm32cube.ide.mcu.externaltools.gnu-tools-for-stm32.7-2018-q2-update.win32_1.5.0.202011040924/tools/bin/../lib/gcc/arm-none-eabi/7.3.1/thumb/v7-m\libgcc.a
LOAD c:/st/stm32cubeide_1.5.1/stm32cubeide/plugins/com.st.stm32cube.ide.mcu.externaltools.gnu-tools-for-stm32.7-2018-q2-update.win32_1.5.0.202011040924/tools/bin/../lib/gcc/arm-none-eabi/7.3.1/../../../../arm-none-eabi/lib/thumb/v7-m\libc_nano.a
LOAD c:/st/stm32cubeide_1.5.1/stm32cubeide/plugins/com.st.stm32cube.ide.mcu.externaltools.gnu-tools-for-stm32.7-2018-q2-update.win32_1.5.0.202011040924/tools/bin/../lib/gcc/arm-none-eabi/7.3.1/../../../../arm-none-eabi/lib/thumb/v7-m\libnosys.a
END GROUP
LOAD c:/st/stm32cubeide_1.5.1/stm32cubeide/plugins/com.st.stm32cube.ide.mcu.externaltools.gnu-tools-for-stm32.7-2018-q2-update.win32_1.5.0.202011040924/tools/bin/../lib/gcc/arm-none-eabi/7.3.1/thumb/v7-m/crtend.o
LOAD c:/st/stm32cubeide_1.5.1/stm32cubeide/plugins/com.st.stm32cube.ide.mcu.externaltools.gnu-tools-for-stm32.7-2018-q2-update.win32_1.5.0.202011040924/tools/bin/../lib/gcc/arm-none-eabi/7.3.1/thumb/v7-m/crtn.o
                0x0000000020005000                _estack = (ORIGIN (RAM) + LENGTH (RAM))
                0x0000000000000400                _Min_Heap_Size = 0x400
                0x0000000000002000                _Min_Stack_Size = 0x2000

.isr_vector     0x0000000008000000      0x10c
                0x0000000008000000                . = ALIGN (0x4)
 *(.isr_vector)
 .isr_vector    0x0000000008000000      0x10c Core/Startup/startup_stm32f103c8tx.o
                0x0000000008000000                g_pfnVectors
                0x000000000800010c                . = ALIGN (0x4)

.text           0x000000000800010c     0x936c
                0x000000000800010c                . = ALIGN (0x4)
 *(.text)
 .text          0x000000000800010c       0x40 c:/st/stm32cubeide_1.5.1/stm32cubeide/plugins/com.st.stm32cube.ide.mcu.externaltools.gnu-tools-for-stm32.7-2018-q2-update.win32_1.5.0.202011040924/tools/bin/../lib/gcc/arm-none-eabi/7.3.1/thumb/v7-m/crtbegin.o
 .text          0x000000000800014c       0x10 c:/st/stm32cubeide_1.5.1/stm32cubeide/plugins/com.st.stm32cube.ide.mcu.externaltools.gnu-tools-for-stm32.7-2018-q2-update.win32_1.5.0.202011040924/tools/bin/../lib/gcc/arm-none-eabi/7.3.1/../../../../arm-none-eabi/lib/thumb/v7-m\libc_nano.a(lib_a-strlen.o)
                0x000000000800014c                strlen
 *(.text*)
 .text.merry_christmas
                0x000000000800015c       0xd4 Core/Src/animations.o
                0x000000000800015c                merry_christmas
 .text.original_fade
                0x0000000008000230      0x4bc Core/Src/animations.o
                0x0000000008000230                original_fade
 .text.halloween
                0x00000000080006ec      0x1c4 Core/Src/animations.o
                0x00000000080006ec                halloween
 .text.joel_mode
                0x00000000080008b0      0x298 Core/Src/animations.o
                0x00000000080008b0                joel_mode
 .text.sliding_cubes
                0x0000000008000b48      0xd90 Core/Src/animations.o
                0x0000000008000b48                sliding_cubes
 .text.stretchy_cube
                0x00000000080018d8      0x17c Core/Src/animations.o
                0x00000000080018d8                stretchy_cube
 .text.transition_punch
                0x0000000008001a54      0x150 Core/Src/animations.o
                0x0000000008001a54                transition_punch
 .text.fade_in_color
                0x0000000008001ba4      0x1f8 Core/Src/animations.o
                0x0000000008001ba4                fade_in_color
 .text.fade_out_color
                0x0000000008001d9c      0x208 Core/Src/animations.o
                0x0000000008001d9c                fade_out_color
 .text.animation_stretch_in
                0x0000000008001fa4       0x18 Core/Src/animations.o
                0x0000000008001fa4                animation_stretch_in
 .text.animation_stretch_out
                0x0000000008001fbc      0x244 Core/Src/animations.o
                0x0000000008001fbc                animation_stretch_out
 .text.animation_delay
                0x0000000008002200       0x2c Core/Src/animations.o
                0x0000000008002200                animation_delay
 .text.modify_color_single_rgb_value
                0x000000000800222c      0x150 Core/Src/animations.o
                0x000000000800222c                modify_color_single_rgb_value
 .text.array_8x8_set_single
                0x000000000800237c       0x24 Core/Src/array_8x8.o
                0x000000000800237c                array_8x8_set_single
 .text.array_8x8_set_col_segment
                0x00000000080023a0       0x4a Core/Src/array_8x8.o
                0x00000000080023a0                array_8x8_set_col_segment
 .text.array_8x8_set_row_segment
                0x00000000080023ea       0x4c Core/Src/array_8x8.o
                0x00000000080023ea                array_8x8_set_row_segment
 .text.array_8x8_set_square
                0x0000000008002436      0x114 Core/Src/array_8x8.o
                0x0000000008002436                array_8x8_set_square
 .text.array_8x8_shift_column
                0x000000000800254a      0x1f2 Core/Src/array_8x8.o
                0x000000000800254a                array_8x8_shift_column
 .text.array_8x8_shift_row
                0x000000000800273c      0x20a Core/Src/array_8x8.o
                0x000000000800273c                array_8x8_shift_row
 .text.bool_mask_copy
                0x0000000008002946       0x3a Core/Src/bool_mask.o
                0x0000000008002946                bool_mask_copy
 .text.lcd20x4_i2c_sendCommand
                0x0000000008002980       0x68 Core/Src/lcd20x4_i2c.o
 .text.lcd20x4_i2c_sendData
                0x00000000080029e8       0x68 Core/Src/lcd20x4_i2c.o
 .text.lcd20x4_i2c_init
                0x0000000008002a50       0xd8 Core/Src/lcd20x4_i2c.o
                0x0000000008002a50                lcd20x4_i2c_init
 .text.lcd20x4_i2c_setCursor
                0x0000000008002b28       0x78 Core/Src/lcd20x4_i2c.o
                0x0000000008002b28                lcd20x4_i2c_setCursor
 .text.lcd20x4_i2c_1stLine
                0x0000000008002ba0       0x10 Core/Src/lcd20x4_i2c.o
                0x0000000008002ba0                lcd20x4_i2c_1stLine
 .text.lcd20x4_i2c_2ndLine
                0x0000000008002bb0       0x10 Core/Src/lcd20x4_i2c.o
                0x0000000008002bb0                lcd20x4_i2c_2ndLine
 .text.lcd20x4_i2c_3rdLine
                0x0000000008002bc0       0x10 Core/Src/lcd20x4_i2c.o
                0x0000000008002bc0                lcd20x4_i2c_3rdLine
 .text.lcd20x4_i2c_4thLine
                0x0000000008002bd0       0x10 Core/Src/lcd20x4_i2c.o
                0x0000000008002bd0                lcd20x4_i2c_4thLine
 .text.lcd20x4_i2c_cursorShow
                0x0000000008002be0       0x26 Core/Src/lcd20x4_i2c.o
                0x0000000008002be0                lcd20x4_i2c_cursorShow
 .text.lcd20x4_i2c_clear
                0x0000000008002c06       0x14 Core/Src/lcd20x4_i2c.o
                0x0000000008002c06                lcd20x4_i2c_clear
 .text.lcd20x4_i2c_printf
                0x0000000008002c1a       0x60 Core/Src/lcd20x4_i2c.o
                0x0000000008002c1a                lcd20x4_i2c_printf
 *fill*         0x0000000008002c7a        0x2 
 .text.lyr_frame_convert
                0x0000000008002c7c       0x94 Core/Src/lyrframe.o
                0x0000000008002c7c                lyr_frame_convert
 .text.lyr_frame_clear_all
                0x0000000008002d10       0x58 Core/Src/lyrframe.o
                0x0000000008002d10                lyr_frame_clear_all
 .text.lyr_frame_set_single_color
                0x0000000008002d68       0x84 Core/Src/lyrframe.o
                0x0000000008002d68                lyr_frame_set_single_color
 .text.lyr_frame_set_single_rgb
                0x0000000008002dec       0x42 Core/Src/lyrframe.o
                0x0000000008002dec                lyr_frame_set_single_rgb
 .text.lyr_frame_set_color
                0x0000000008002e2e       0x9e Core/Src/lyrframe.o
                0x0000000008002e2e                lyr_frame_set_color
 .text.lyrframe_set_square
                0x0000000008002ecc       0x8c Core/Src/lyrframe.o
                0x0000000008002ecc                lyrframe_set_square
 .text.lyr_frame_shift_column
                0x0000000008002f58       0x50 Core/Src/lyrframe.o
                0x0000000008002f58                lyr_frame_shift_column
 .text.lyr_frame_shift_row
                0x0000000008002fa8       0x50 Core/Src/lyrframe.o
                0x0000000008002fa8                lyr_frame_shift_row
 .text.main     0x0000000008002ff8      0x2f8 Core/Src/main.o
                0x0000000008002ff8                main
 .text.SystemClock_Config
                0x00000000080032f0       0xa4 Core/Src/main.o
                0x00000000080032f0                SystemClock_Config
 .text.MX_I2C1_Init
                0x0000000008003394       0x5c Core/Src/main.o
 .text.MX_RTC_Init
                0x00000000080033f0       0x38 Core/Src/main.o
 .text.MX_SPI1_Init
                0x0000000008003428       0x6c Core/Src/main.o
 .text.MX_TIM1_Init
                0x0000000008003494      0x108 Core/Src/main.o
 .text.MX_TIM2_Init
                0x000000000800359c       0xb4 Core/Src/main.o
 .text.MX_USART1_UART_Init
                0x0000000008003650       0x54 Core/Src/main.o
 .text.MX_GPIO_Init
                0x00000000080036a4      0x130 Core/Src/main.o
 .text.HAL_GPIO_EXTI_Callback
                0x00000000080037d4       0x78 Core/Src/main.o
                0x00000000080037d4                HAL_GPIO_EXTI_Callback
 .text.HAL_TIM_PeriodElapsedCallback
                0x000000000800384c      0x11c Core/Src/main.o
                0x000000000800384c                HAL_TIM_PeriodElapsedCallback
 .text.previous_lyr_off
                0x0000000008003968       0x98 Core/Src/main.o
                0x0000000008003968                previous_lyr_off
 .text.current_lyr_on
                0x0000000008003a00       0xa8 Core/Src/main.o
                0x0000000008003a00                current_lyr_on
 .text.Error_Handler
                0x0000000008003aa8        0xc Core/Src/main.o
                0x0000000008003aa8                Error_Handler
 .text.MenuScrollUp
                0x0000000008003ab4       0xa0 Core/Src/menu_system.o
                0x0000000008003ab4                MenuScrollUp
 .text.MenuScrollDown
                0x0000000008003b54       0xa0 Core/Src/menu_system.o
                0x0000000008003b54                MenuScrollDown
 .text.MenuDisplayUpdate
                0x0000000008003bf4       0xe8 Core/Src/menu_system.o
                0x0000000008003bf4                MenuDisplayUpdate
 .text.MenuStrCpy
                0x0000000008003cdc       0x40 Core/Src/menu_system.o
                0x0000000008003cdc                MenuStrCpy
 .text.MenuSetRowText
                0x0000000008003d1c       0x6c Core/Src/menu_system.o
                0x0000000008003d1c                MenuSetRowText
 .text.MainMenuInit
                0x0000000008003d88       0xcc Core/Src/menu_system.o
                0x0000000008003d88                MainMenuInit
 .text.AnimationMenuInit
                0x0000000008003e54      0x138 Core/Src/menu_system.o
                0x0000000008003e54                AnimationMenuInit
 .text.PinMappingMenuInit
                0x0000000008003f8c       0xf8 Core/Src/menu_system.o
                0x0000000008003f8c                PinMappingMenuInit
 .text.ActiveAnimationMenuInit
                0x0000000008004084       0xbc Core/Src/menu_system.o
                0x0000000008004084                ActiveAnimationMenuInit
 .text.MenuButtonPressed
                0x0000000008004140      0x224 Core/Src/menu_system.o
                0x0000000008004140                MenuButtonPressed
 .text.MenuSystemInit
                0x0000000008004364      0x114 Core/Src/menu_system.o
                0x0000000008004364                MenuSystemInit
 .text.Menu_Read_MPR121
                0x0000000008004478      0x584 Core/Src/menu_system.o
                0x0000000008004478                Menu_Read_MPR121
 .text.mpr121_write
                0x00000000080049fc       0x3e Core/Src/mpr121.o
                0x00000000080049fc                mpr121_write
 .text.mpr121_read
                0x0000000008004a3a       0x46 Core/Src/mpr121.o
                0x0000000008004a3a                mpr121_read
 .text.mpr121_touch
                0x0000000008004a80       0x44 Core/Src/mpr121.o
                0x0000000008004a80                mpr121_touch
 .text.mpr121_init
                0x0000000008004ac4      0x1d8 Core/Src/mpr121.o
                0x0000000008004ac4                mpr121_init
 .text.mpr121_keyPad
                0x0000000008004c9c       0xae Core/Src/mpr121.o
                0x0000000008004c9c                mpr121_keyPad
 .text.mpr121_wheel
                0x0000000008004d4a      0x13c Core/Src/mpr121.o
                0x0000000008004d4a                mpr121_wheel
 .text.rand_32bit_modulus
                0x0000000008004e86       0x28 Core/Src/rng.o
                0x0000000008004e86                rand_32bit_modulus
 *fill*         0x0000000008004eae        0x2 
 .text.HAL_MspInit
                0x0000000008004eb0       0x64 Core/Src/stm32f1xx_hal_msp.o
                0x0000000008004eb0                HAL_MspInit
 .text.HAL_I2C_MspInit
                0x0000000008004f14       0x7c Core/Src/stm32f1xx_hal_msp.o
                0x0000000008004f14                HAL_I2C_MspInit
 .text.HAL_RTC_MspInit
                0x0000000008004f90       0x48 Core/Src/stm32f1xx_hal_msp.o
                0x0000000008004f90                HAL_RTC_MspInit
 .text.HAL_SPI_MspInit
                0x0000000008004fd8       0x94 Core/Src/stm32f1xx_hal_msp.o
                0x0000000008004fd8                HAL_SPI_MspInit
 .text.HAL_TIM_PWM_MspInit
                0x000000000800506c       0x4c Core/Src/stm32f1xx_hal_msp.o
                0x000000000800506c                HAL_TIM_PWM_MspInit
 .text.HAL_TIM_OC_MspInit
                0x00000000080050b8       0x38 Core/Src/stm32f1xx_hal_msp.o
                0x00000000080050b8                HAL_TIM_OC_MspInit
 .text.HAL_TIM_MspPostInit
                0x00000000080050f0       0xa4 Core/Src/stm32f1xx_hal_msp.o
                0x00000000080050f0                HAL_TIM_MspPostInit
 .text.HAL_UART_MspInit
                0x0000000008005194       0x98 Core/Src/stm32f1xx_hal_msp.o
                0x0000000008005194                HAL_UART_MspInit
 .text.NMI_Handler
                0x000000000800522c        0xc Core/Src/stm32f1xx_it.o
                0x000000000800522c                NMI_Handler
 .text.HardFault_Handler
                0x0000000008005238        0x6 Core/Src/stm32f1xx_it.o
                0x0000000008005238                HardFault_Handler
 .text.MemManage_Handler
                0x000000000800523e        0x6 Core/Src/stm32f1xx_it.o
                0x000000000800523e                MemManage_Handler
 .text.BusFault_Handler
                0x0000000008005244        0x6 Core/Src/stm32f1xx_it.o
                0x0000000008005244                BusFault_Handler
 .text.UsageFault_Handler
                0x000000000800524a        0x6 Core/Src/stm32f1xx_it.o
                0x000000000800524a                UsageFault_Handler
 .text.SVC_Handler
                0x0000000008005250        0xc Core/Src/stm32f1xx_it.o
                0x0000000008005250                SVC_Handler
 .text.DebugMon_Handler
                0x000000000800525c        0xc Core/Src/stm32f1xx_it.o
                0x000000000800525c                DebugMon_Handler
 .text.PendSV_Handler
                0x0000000008005268        0xc Core/Src/stm32f1xx_it.o
                0x0000000008005268                PendSV_Handler
 .text.SysTick_Handler
                0x0000000008005274        0xc Core/Src/stm32f1xx_it.o
                0x0000000008005274                SysTick_Handler
 .text.EXTI4_IRQHandler
                0x0000000008005280        0xe Core/Src/stm32f1xx_it.o
                0x0000000008005280                EXTI4_IRQHandler
 .text.EXTI9_5_IRQHandler
                0x000000000800528e        0xe Core/Src/stm32f1xx_it.o
                0x000000000800528e                EXTI9_5_IRQHandler
 .text.TIM1_UP_IRQHandler
                0x000000000800529c       0x14 Core/Src/stm32f1xx_it.o
                0x000000000800529c                TIM1_UP_IRQHandler
 .text._sbrk    0x00000000080052b0       0x6c Core/Src/sysmem.o
                0x00000000080052b0                _sbrk
 .text.SystemInit
                0x000000000800531c       0x68 Core/Src/system_stm32f1xx.o
                0x000000000800531c                SystemInit
 .text.tlc_spi_convert
                0x0000000008005384       0xca Core/Src/tlc5940.o
                0x0000000008005384                tlc_spi_convert
 .text.tlc_clear
                0x000000000800544e       0x32 Core/Src/tlc5940.o
                0x000000000800544e                tlc_clear
 .text.Reset_Handler
                0x0000000008005480       0x48 Core/Startup/startup_stm32f103c8tx.o
                0x0000000008005480                Reset_Handler
 .text.Default_Handler
                0x00000000080054c8        0x2 Core/Startup/startup_stm32f103c8tx.o
                0x00000000080054c8                RTC_Alarm_IRQHandler
                0x00000000080054c8                EXTI2_IRQHandler
                0x00000000080054c8                TIM1_CC_IRQHandler
                0x00000000080054c8                PVD_IRQHandler
                0x00000000080054c8                EXTI3_IRQHandler
                0x00000000080054c8                EXTI0_IRQHandler
                0x00000000080054c8                I2C2_EV_IRQHandler
                0x00000000080054c8                ADC1_2_IRQHandler
                0x00000000080054c8                SPI1_IRQHandler
                0x00000000080054c8                TAMPER_IRQHandler
                0x00000000080054c8                DMA1_Channel4_IRQHandler
                0x00000000080054c8                USART3_IRQHandler
                0x00000000080054c8                RTC_IRQHandler
                0x00000000080054c8                DMA1_Channel7_IRQHandler
                0x00000000080054c8                CAN1_RX1_IRQHandler
                0x00000000080054c8                TIM4_IRQHandler
                0x00000000080054c8                I2C1_EV_IRQHandler
                0x00000000080054c8                DMA1_Channel6_IRQHandler
                0x00000000080054c8                TIM3_IRQHandler
                0x00000000080054c8                RCC_IRQHandler
                0x00000000080054c8                TIM1_TRG_COM_IRQHandler
                0x00000000080054c8                DMA1_Channel1_IRQHandler
                0x00000000080054c8                Default_Handler
                0x00000000080054c8                EXTI15_10_IRQHandler
                0x00000000080054c8                SPI2_IRQHandler
                0x00000000080054c8                DMA1_Channel5_IRQHandler
                0x00000000080054c8                USB_LP_CAN1_RX0_IRQHandler
                0x00000000080054c8                USB_HP_CAN1_TX_IRQHandler
                0x00000000080054c8                DMA1_Channel3_IRQHandler
                0x00000000080054c8                WWDG_IRQHandler
                0x00000000080054c8                TIM2_IRQHandler
                0x00000000080054c8                TIM1_BRK_IRQHandler
                0x00000000080054c8                EXTI1_IRQHandler
                0x00000000080054c8                USART2_IRQHandler
                0x00000000080054c8                I2C2_ER_IRQHandler
                0x00000000080054c8                DMA1_Channel2_IRQHandler
                0x00000000080054c8                CAN1_SCE_IRQHandler
                0x00000000080054c8                FLASH_IRQHandler
                0x00000000080054c8                USART1_IRQHandler
                0x00000000080054c8                I2C1_ER_IRQHandler
                0x00000000080054c8                USBWakeUp_IRQHandler
 *fill*         0x00000000080054ca        0x2 
 .text.HAL_Init
                0x00000000080054cc       0x2c Drivers/STM32F1xx_HAL_Driver/Src/stm32f1xx_hal.o
                0x00000000080054cc                HAL_Init
 .text.HAL_InitTick
                0x00000000080054f8       0x60 Drivers/STM32F1xx_HAL_Driver/Src/stm32f1xx_hal.o
                0x00000000080054f8                HAL_InitTick
 .text.HAL_IncTick
                0x0000000008005558       0x24 Drivers/STM32F1xx_HAL_Driver/Src/stm32f1xx_hal.o
                0x0000000008005558                HAL_IncTick
 .text.HAL_GetTick
                0x000000000800557c       0x14 Drivers/STM32F1xx_HAL_Driver/Src/stm32f1xx_hal.o
                0x000000000800557c                HAL_GetTick
 .text.HAL_Delay
                0x0000000008005590       0x44 Drivers/STM32F1xx_HAL_Driver/Src/stm32f1xx_hal.o
                0x0000000008005590                HAL_Delay
 .text.__NVIC_SetPriorityGrouping
                0x00000000080055d4       0x48 Drivers/STM32F1xx_HAL_Driver/Src/stm32f1xx_hal_cortex.o
 .text.__NVIC_GetPriorityGrouping
                0x000000000800561c       0x1c Drivers/STM32F1xx_HAL_Driver/Src/stm32f1xx_hal_cortex.o
 .text.__NVIC_EnableIRQ
                0x0000000008005638       0x38 Drivers/STM32F1xx_HAL_Driver/Src/stm32f1xx_hal_cortex.o
 .text.__NVIC_SetPriority
                0x0000000008005670       0x54 Drivers/STM32F1xx_HAL_Driver/Src/stm32f1xx_hal_cortex.o
 .text.NVIC_EncodePriority
                0x00000000080056c4       0x64 Drivers/STM32F1xx_HAL_Driver/Src/stm32f1xx_hal_cortex.o
 .text.SysTick_Config
                0x0000000008005728       0x44 Drivers/STM32F1xx_HAL_Driver/Src/stm32f1xx_hal_cortex.o
 .text.HAL_NVIC_SetPriorityGrouping
                0x000000000800576c       0x16 Drivers/STM32F1xx_HAL_Driver/Src/stm32f1xx_hal_cortex.o
                0x000000000800576c                HAL_NVIC_SetPriorityGrouping
 .text.HAL_NVIC_SetPriority
                0x0000000008005782       0x38 Drivers/STM32F1xx_HAL_Driver/Src/stm32f1xx_hal_cortex.o
                0x0000000008005782                HAL_NVIC_SetPriority
 .text.HAL_NVIC_EnableIRQ
                0x00000000080057ba       0x1c Drivers/STM32F1xx_HAL_Driver/Src/stm32f1xx_hal_cortex.o
                0x00000000080057ba                HAL_NVIC_EnableIRQ
 .text.HAL_SYSTICK_Config
                0x00000000080057d6       0x18 Drivers/STM32F1xx_HAL_Driver/Src/stm32f1xx_hal_cortex.o
                0x00000000080057d6                HAL_SYSTICK_Config
 *fill*         0x00000000080057ee        0x2 
 .text.HAL_GPIO_Init
                0x00000000080057f0      0x2b4 Drivers/STM32F1xx_HAL_Driver/Src/stm32f1xx_hal_gpio.o
                0x00000000080057f0                HAL_GPIO_Init
 .text.HAL_GPIO_WritePin
                0x0000000008005aa4       0x30 Drivers/STM32F1xx_HAL_Driver/Src/stm32f1xx_hal_gpio.o
                0x0000000008005aa4                HAL_GPIO_WritePin
 .text.HAL_GPIO_TogglePin
                0x0000000008005ad4       0x30 Drivers/STM32F1xx_HAL_Driver/Src/stm32f1xx_hal_gpio.o
                0x0000000008005ad4                HAL_GPIO_TogglePin
 .text.HAL_GPIO_EXTI_IRQHandler
                0x0000000008005b04       0x30 Drivers/STM32F1xx_HAL_Driver/Src/stm32f1xx_hal_gpio.o
                0x0000000008005b04                HAL_GPIO_EXTI_IRQHandler
 .text.HAL_I2C_Init
                0x0000000008005b34      0x250 Drivers/STM32F1xx_HAL_Driver/Src/stm32f1xx_hal_i2c.o
                0x0000000008005b34                HAL_I2C_Init
 .text.HAL_I2C_Master_Transmit
                0x0000000008005d84      0x1fc Drivers/STM32F1xx_HAL_Driver/Src/stm32f1xx_hal_i2c.o
                0x0000000008005d84                HAL_I2C_Master_Transmit
 .text.HAL_I2C_Mem_Read
                0x0000000008005f80      0x46c Drivers/STM32F1xx_HAL_Driver/Src/stm32f1xx_hal_i2c.o
                0x0000000008005f80                HAL_I2C_Mem_Read
 .text.HAL_I2C_IsDeviceReady
                0x00000000080063ec      0x244 Drivers/STM32F1xx_HAL_Driver/Src/stm32f1xx_hal_i2c.o
                0x00000000080063ec                HAL_I2C_IsDeviceReady
 .text.HAL_I2C_GetState
                0x0000000008006630       0x1a Drivers/STM32F1xx_HAL_Driver/Src/stm32f1xx_hal_i2c.o
                0x0000000008006630                HAL_I2C_GetState
 *fill*         0x000000000800664a        0x2 
 .text.I2C_MasterRequestWrite
                0x000000000800664c       0xec Drivers/STM32F1xx_HAL_Driver/Src/stm32f1xx_hal_i2c.o
 .text.I2C_RequestMemoryRead
                0x0000000008006738      0x1a0 Drivers/STM32F1xx_HAL_Driver/Src/stm32f1xx_hal_i2c.o
 .text.I2C_WaitOnFlagUntilTimeout
                0x00000000080068d8       0xae Drivers/STM32F1xx_HAL_Driver/Src/stm32f1xx_hal_i2c.o
 .text.I2C_WaitOnMasterAddressFlagUntilTimeout
                0x0000000008006986       0xfe Drivers/STM32F1xx_HAL_Driver/Src/stm32f1xx_hal_i2c.o
 .text.I2C_WaitOnTXEFlagUntilTimeout
                0x0000000008006a84       0x82 Drivers/STM32F1xx_HAL_Driver/Src/stm32f1xx_hal_i2c.o
 .text.I2C_WaitOnBTFFlagUntilTimeout
                0x0000000008006b06       0x82 Drivers/STM32F1xx_HAL_Driver/Src/stm32f1xx_hal_i2c.o
 .text.I2C_WaitOnRXNEFlagUntilTimeout
                0x0000000008006b88       0xac Drivers/STM32F1xx_HAL_Driver/Src/stm32f1xx_hal_i2c.o
 .text.I2C_IsAcknowledgeFailed
                0x0000000008006c34       0x5c Drivers/STM32F1xx_HAL_Driver/Src/stm32f1xx_hal_i2c.o
 .text.HAL_PWR_EnableBkUpAccess
                0x0000000008006c90       0x18 Drivers/STM32F1xx_HAL_Driver/Src/stm32f1xx_hal_pwr.o
                0x0000000008006c90                HAL_PWR_EnableBkUpAccess
 .text.HAL_RCC_OscConfig
                0x0000000008006ca8      0x500 Drivers/STM32F1xx_HAL_Driver/Src/stm32f1xx_hal_rcc.o
                0x0000000008006ca8                HAL_RCC_OscConfig
 .text.HAL_RCC_ClockConfig
                0x00000000080071a8      0x1d4 Drivers/STM32F1xx_HAL_Driver/Src/stm32f1xx_hal_rcc.o
                0x00000000080071a8                HAL_RCC_ClockConfig
 .text.HAL_RCC_GetSysClockFreq
                0x000000000800737c       0xc4 Drivers/STM32F1xx_HAL_Driver/Src/stm32f1xx_hal_rcc.o
                0x000000000800737c                HAL_RCC_GetSysClockFreq
 .text.HAL_RCC_GetHCLKFreq
                0x0000000008007440       0x14 Drivers/STM32F1xx_HAL_Driver/Src/stm32f1xx_hal_rcc.o
                0x0000000008007440                HAL_RCC_GetHCLKFreq
 .text.HAL_RCC_GetPCLK1Freq
                0x0000000008007454       0x28 Drivers/STM32F1xx_HAL_Driver/Src/stm32f1xx_hal_rcc.o
                0x0000000008007454                HAL_RCC_GetPCLK1Freq
 .text.HAL_RCC_GetPCLK2Freq
                0x000000000800747c       0x28 Drivers/STM32F1xx_HAL_Driver/Src/stm32f1xx_hal_rcc.o
                0x000000000800747c                HAL_RCC_GetPCLK2Freq
 .text.RCC_Delay
                0x00000000080074a4       0x3c Drivers/STM32F1xx_HAL_Driver/Src/stm32f1xx_hal_rcc.o
 .text.HAL_RCCEx_PeriphCLKConfig
                0x00000000080074e0      0x16c Drivers/STM32F1xx_HAL_Driver/Src/stm32f1xx_hal_rcc_ex.o
                0x00000000080074e0                HAL_RCCEx_PeriphCLKConfig
 .text.HAL_RCCEx_GetPeriphCLKFreq
                0x000000000800764c      0x174 Drivers/STM32F1xx_HAL_Driver/Src/stm32f1xx_hal_rcc_ex.o
                0x000000000800764c                HAL_RCCEx_GetPeriphCLKFreq
 .text.HAL_RTC_Init
                0x00000000080077c0      0x12c Drivers/STM32F1xx_HAL_Driver/Src/stm32f1xx_hal_rtc.o
                0x00000000080077c0                HAL_RTC_Init
 .text.HAL_RTC_WaitForSynchro
                0x00000000080078ec       0x5a Drivers/STM32F1xx_HAL_Driver/Src/stm32f1xx_hal_rtc.o
                0x00000000080078ec                HAL_RTC_WaitForSynchro
 .text.RTC_EnterInitMode
                0x0000000008007946       0x50 Drivers/STM32F1xx_HAL_Driver/Src/stm32f1xx_hal_rtc.o
 .text.RTC_ExitInitMode
                0x0000000008007996       0x50 Drivers/STM32F1xx_HAL_Driver/Src/stm32f1xx_hal_rtc.o
 .text.HAL_SPI_Init
                0x00000000080079e6       0xc2 Drivers/STM32F1xx_HAL_Driver/Src/stm32f1xx_hal_spi.o
                0x00000000080079e6                HAL_SPI_Init
 .text.HAL_SPI_Transmit
                0x0000000008007aa8      0x268 Drivers/STM32F1xx_HAL_Driver/Src/stm32f1xx_hal_spi.o
                0x0000000008007aa8                HAL_SPI_Transmit
 .text.SPI_WaitFlagStateUntilTimeout
                0x0000000008007d10       0xd4 Drivers/STM32F1xx_HAL_Driver/Src/stm32f1xx_hal_spi.o
 .text.SPI_EndRxTxTransaction
                0x0000000008007de4       0x3c Drivers/STM32F1xx_HAL_Driver/Src/stm32f1xx_hal_spi.o
 .text.HAL_TIM_Base_Start_IT
                0x0000000008007e20       0x46 Drivers/STM32F1xx_HAL_Driver/Src/stm32f1xx_hal_tim.o
                0x0000000008007e20                HAL_TIM_Base_Start_IT
 .text.HAL_TIM_OC_Init
                0x0000000008007e66       0x56 Drivers/STM32F1xx_HAL_Driver/Src/stm32f1xx_hal_tim.o
                0x0000000008007e66                HAL_TIM_OC_Init
 .text.HAL_TIM_OC_Start
                0x0000000008007ebc       0x64 Drivers/STM32F1xx_HAL_Driver/Src/stm32f1xx_hal_tim.o
                0x0000000008007ebc                HAL_TIM_OC_Start
 .text.HAL_TIM_PWM_Init
                0x0000000008007f20       0x56 Drivers/STM32F1xx_HAL_Driver/Src/stm32f1xx_hal_tim.o
                0x0000000008007f20                HAL_TIM_PWM_Init
 .text.HAL_TIM_IRQHandler
                0x0000000008007f76      0x210 Drivers/STM32F1xx_HAL_Driver/Src/stm32f1xx_hal_tim.o
                0x0000000008007f76                HAL_TIM_IRQHandler
 *fill*         0x0000000008008186        0x2 
 .text.HAL_TIM_OC_ConfigChannel
                0x0000000008008188       0xc0 Drivers/STM32F1xx_HAL_Driver/Src/stm32f1xx_hal_tim.o
                0x0000000008008188                HAL_TIM_OC_ConfigChannel
 .text.HAL_TIM_PWM_ConfigChannel
                0x0000000008008248      0x18c Drivers/STM32F1xx_HAL_Driver/Src/stm32f1xx_hal_tim.o
                0x0000000008008248                HAL_TIM_PWM_ConfigChannel
 .text.HAL_TIM_OC_DelayElapsedCallback
                0x00000000080083d4       0x12 Drivers/STM32F1xx_HAL_Driver/Src/stm32f1xx_hal_tim.o
                0x00000000080083d4                HAL_TIM_OC_DelayElapsedCallback
 .text.HAL_TIM_IC_CaptureCallback
                0x00000000080083e6       0x12 Drivers/STM32F1xx_HAL_Driver/Src/stm32f1xx_hal_tim.o
                0x00000000080083e6                HAL_TIM_IC_CaptureCallback
 .text.HAL_TIM_PWM_PulseFinishedCallback
                0x00000000080083f8       0x12 Drivers/STM32F1xx_HAL_Driver/Src/stm32f1xx_hal_tim.o
                0x00000000080083f8                HAL_TIM_PWM_PulseFinishedCallback
 .text.HAL_TIM_TriggerCallback
                0x000000000800840a       0x12 Drivers/STM32F1xx_HAL_Driver/Src/stm32f1xx_hal_tim.o
                0x000000000800840a                HAL_TIM_TriggerCallback
 .text.TIM_Base_SetConfig
                0x000000000800841c       0xc4 Drivers/STM32F1xx_HAL_Driver/Src/stm32f1xx_hal_tim.o
                0x000000000800841c                TIM_Base_SetConfig
 .text.TIM_OC1_SetConfig
                0x00000000080084e0       0xcc Drivers/STM32F1xx_HAL_Driver/Src/stm32f1xx_hal_tim.o
 .text.TIM_OC2_SetConfig
                0x00000000080085ac       0xd4 Drivers/STM32F1xx_HAL_Driver/Src/stm32f1xx_hal_tim.o
                0x00000000080085ac                TIM_OC2_SetConfig
 .text.TIM_OC3_SetConfig
                0x0000000008008680       0xd4 Drivers/STM32F1xx_HAL_Driver/Src/stm32f1xx_hal_tim.o
 .text.TIM_OC4_SetConfig
                0x0000000008008754       0x9c Drivers/STM32F1xx_HAL_Driver/Src/stm32f1xx_hal_tim.o
 .text.TIM_CCxChannelCmd
                0x00000000080087f0       0x48 Drivers/STM32F1xx_HAL_Driver/Src/stm32f1xx_hal_tim.o
                0x00000000080087f0                TIM_CCxChannelCmd
 .text.HAL_TIMEx_MasterConfigSynchronization
                0x0000000008008838       0x88 Drivers/STM32F1xx_HAL_Driver/Src/stm32f1xx_hal_tim_ex.o
                0x0000000008008838                HAL_TIMEx_MasterConfigSynchronization
 .text.HAL_TIMEx_ConfigBreakDeadTime
                0x00000000080088c0       0xa2 Drivers/STM32F1xx_HAL_Driver/Src/stm32f1xx_hal_tim_ex.o
                0x00000000080088c0                HAL_TIMEx_ConfigBreakDeadTime
 .text.HAL_TIMEx_CommutCallback
                0x0000000008008962       0x12 Drivers/STM32F1xx_HAL_Driver/Src/stm32f1xx_hal_tim_ex.o
                0x0000000008008962                HAL_TIMEx_CommutCallback
 .text.HAL_TIMEx_BreakCallback
                0x0000000008008974       0x12 Drivers/STM32F1xx_HAL_Driver/Src/stm32f1xx_hal_tim_ex.o
                0x0000000008008974                HAL_TIMEx_BreakCallback
 .text.HAL_UART_Init
                0x0000000008008986       0x9a Drivers/STM32F1xx_HAL_Driver/Src/stm32f1xx_hal_uart.o
                0x0000000008008986                HAL_UART_Init
 .text.UART_SetConfig
                0x0000000008008a20      0x1b4 Drivers/STM32F1xx_HAL_Driver/Src/stm32f1xx_hal_uart.o
 .text.__errno  0x0000000008008bd4        0xc c:/st/stm32cubeide_1.5.1/stm32cubeide/plugins/com.st.stm32cube.ide.mcu.externaltools.gnu-tools-for-stm32.7-2018-q2-update.win32_1.5.0.202011040924/tools/bin/../lib/gcc/arm-none-eabi/7.3.1/../../../../arm-none-eabi/lib/thumb/v7-m\libc_nano.a(lib_a-errno.o)
                0x0000000008008bd4                __errno
 .text.__libc_init_array
                0x0000000008008be0       0x48 c:/st/stm32cubeide_1.5.1/stm32cubeide/plugins/com.st.stm32cube.ide.mcu.externaltools.gnu-tools-for-stm32.7-2018-q2-update.win32_1.5.0.202011040924/tools/bin/../lib/gcc/arm-none-eabi/7.3.1/../../../../arm-none-eabi/lib/thumb/v7-m\libc_nano.a(lib_a-init.o)
                0x0000000008008be0                __libc_init_array
 .text.memcpy   0x0000000008008c28       0x16 c:/st/stm32cubeide_1.5.1/stm32cubeide/plugins/com.st.stm32cube.ide.mcu.externaltools.gnu-tools-for-stm32.7-2018-q2-update.win32_1.5.0.202011040924/tools/bin/../lib/gcc/arm-none-eabi/7.3.1/../../../../arm-none-eabi/lib/thumb/v7-m\libc_nano.a(lib_a-memcpy-stub.o)
                0x0000000008008c28                memcpy
 .text.memset   0x0000000008008c3e       0x10 c:/st/stm32cubeide_1.5.1/stm32cubeide/plugins/com.st.stm32cube.ide.mcu.externaltools.gnu-tools-for-stm32.7-2018-q2-update.win32_1.5.0.202011040924/tools/bin/../lib/gcc/arm-none-eabi/7.3.1/../../../../arm-none-eabi/lib/thumb/v7-m\libc_nano.a(lib_a-memset.o)
                0x0000000008008c3e                memset
 *fill*         0x0000000008008c4e        0x2 
 .text._vsprintf_r
                0x0000000008008c50       0x2c c:/st/stm32cubeide_1.5.1/stm32cubeide/plugins/com.st.stm32cube.ide.mcu.externaltools.gnu-tools-for-stm32.7-2018-q2-update.win32_1.5.0.202011040924/tools/bin/../lib/gcc/arm-none-eabi/7.3.1/../../../../arm-none-eabi/lib/thumb/v7-m\libc_nano.a(lib_a-vsprintf.o)
                0x0000000008008c50                _vsprintf_r
                0x0000000008008c50                _vsiprintf_r
 .text.vsprintf
                0x0000000008008c7c       0x14 c:/st/stm32cubeide_1.5.1/stm32cubeide/plugins/com.st.stm32cube.ide.mcu.externaltools.gnu-tools-for-stm32.7-2018-q2-update.win32_1.5.0.202011040924/tools/bin/../lib/gcc/arm-none-eabi/7.3.1/../../../../arm-none-eabi/lib/thumb/v7-m\libc_nano.a(lib_a-vsprintf.o)
                0x0000000008008c7c                vsiprintf
                0x0000000008008c7c                vsprintf
 .text.__ssputs_r
                0x0000000008008c90       0xb4 c:/st/stm32cubeide_1.5.1/stm32cubeide/plugins/com.st.stm32cube.ide.mcu.externaltools.gnu-tools-for-stm32.7-2018-q2-update.win32_1.5.0.202011040924/tools/bin/../lib/gcc/arm-none-eabi/7.3.1/../../../../arm-none-eabi/lib/thumb/v7-m\libc_nano.a(lib_a-nano-svfprintf.o)
                0x0000000008008c90                __ssputs_r
 .text._svfprintf_r
                0x0000000008008d44      0x1f0 c:/st/stm32cubeide_1.5.1/stm32cubeide/plugins/com.st.stm32cube.ide.mcu.externaltools.gnu-tools-for-stm32.7-2018-q2-update.win32_1.5.0.202011040924/tools/bin/../lib/gcc/arm-none-eabi/7.3.1/../../../../arm-none-eabi/lib/thumb/v7-m\libc_nano.a(lib_a-nano-svfprintf.o)
                0x0000000008008d44                _svfiprintf_r
                0x0000000008008d44                _svfprintf_r
 .text._printf_common
                0x0000000008008f34       0xec c:/st/stm32cubeide_1.5.1/stm32cubeide/plugins/com.st.stm32cube.ide.mcu.externaltools.gnu-tools-for-stm32.7-2018-q2-update.win32_1.5.0.202011040924/tools/bin/../lib/gcc/arm-none-eabi/7.3.1/../../../../arm-none-eabi/lib/thumb/v7-m\libc_nano.a(lib_a-nano-vfprintf_i.o)
                0x0000000008008f34                _printf_common
 .text._printf_i
                0x0000000008009020      0x224 c:/st/stm32cubeide_1.5.1/stm32cubeide/plugins/com.st.stm32cube.ide.mcu.externaltools.gnu-tools-for-stm32.7-2018-q2-update.win32_1.5.0.202011040924/tools/bin/../lib/gcc/arm-none-eabi/7.3.1/../../../../arm-none-eabi/lib/thumb/v7-m\libc_nano.a(lib_a-nano-vfprintf_i.o)
                0x0000000008009020                _printf_i
 .text.memchr   0x0000000008009244       0x1c c:/st/stm32cubeide_1.5.1/stm32cubeide/plugins/com.st.stm32cube.ide.mcu.externaltools.gnu-tools-for-stm32.7-2018-q2-update.win32_1.5.0.202011040924/tools/bin/../lib/gcc/arm-none-eabi/7.3.1/../../../../arm-none-eabi/lib/thumb/v7-m\libc_nano.a(lib_a-memchr-stub.o)
                0x0000000008009244                memchr
 .text.memmove  0x0000000008009260       0x32 c:/st/stm32cubeide_1.5.1/stm32cubeide/plugins/com.st.stm32cube.ide.mcu.externaltools.gnu-tools-for-stm32.7-2018-q2-update.win32_1.5.0.202011040924/tools/bin/../lib/gcc/arm-none-eabi/7.3.1/../../../../arm-none-eabi/lib/thumb/v7-m\libc_nano.a(lib_a-memmove.o)
                0x0000000008009260                memmove
 *fill*         0x0000000008009292        0x2 
 .text._free_r  0x0000000008009294       0x98 c:/st/stm32cubeide_1.5.1/stm32cubeide/plugins/com.st.stm32cube.ide.mcu.externaltools.gnu-tools-for-stm32.7-2018-q2-update.win32_1.5.0.202011040924/tools/bin/../lib/gcc/arm-none-eabi/7.3.1/../../../../arm-none-eabi/lib/thumb/v7-m\libc_nano.a(lib_a-nano-freer.o)
                0x0000000008009294                _free_r
 .text._malloc_r
                0x000000000800932c       0xb4 c:/st/stm32cubeide_1.5.1/stm32cubeide/plugins/com.st.stm32cube.ide.mcu.externaltools.gnu-tools-for-stm32.7-2018-q2-update.win32_1.5.0.202011040924/tools/bin/../lib/gcc/arm-none-eabi/7.3.1/../../../../arm-none-eabi/lib/thumb/v7-m\libc_nano.a(lib_a-nano-mallocr.o)
                0x000000000800932c                _malloc_r
 .text._realloc_r
                0x00000000080093e0       0x4c c:/st/stm32cubeide_1.5.1/stm32cubeide/plugins/com.st.stm32cube.ide.mcu.externaltools.gnu-tools-for-stm32.7-2018-q2-update.win32_1.5.0.202011040924/tools/bin/../lib/gcc/arm-none-eabi/7.3.1/../../../../arm-none-eabi/lib/thumb/v7-m\libc_nano.a(lib_a-nano-reallocr.o)
                0x00000000080093e0                _realloc_r
 .text._sbrk_r  0x000000000800942c       0x20 c:/st/stm32cubeide_1.5.1/stm32cubeide/plugins/com.st.stm32cube.ide.mcu.externaltools.gnu-tools-for-stm32.7-2018-q2-update.win32_1.5.0.202011040924/tools/bin/../lib/gcc/arm-none-eabi/7.3.1/../../../../arm-none-eabi/lib/thumb/v7-m\libc_nano.a(lib_a-sbrkr.o)
                0x000000000800942c                _sbrk_r
 .text.__malloc_lock
                0x000000000800944c        0x2 c:/st/stm32cubeide_1.5.1/stm32cubeide/plugins/com.st.stm32cube.ide.mcu.externaltools.gnu-tools-for-stm32.7-2018-q2-update.win32_1.5.0.202011040924/tools/bin/../lib/gcc/arm-none-eabi/7.3.1/../../../../arm-none-eabi/lib/thumb/v7-m\libc_nano.a(lib_a-mlock.o)
                0x000000000800944c                __malloc_lock
 .text.__malloc_unlock
                0x000000000800944e        0x2 c:/st/stm32cubeide_1.5.1/stm32cubeide/plugins/com.st.stm32cube.ide.mcu.externaltools.gnu-tools-for-stm32.7-2018-q2-update.win32_1.5.0.202011040924/tools/bin/../lib/gcc/arm-none-eabi/7.3.1/../../../../arm-none-eabi/lib/thumb/v7-m\libc_nano.a(lib_a-mlock.o)
                0x000000000800944e                __malloc_unlock
 .text._malloc_usable_size_r
                0x0000000008009450       0x10 c:/st/stm32cubeide_1.5.1/stm32cubeide/plugins/com.st.stm32cube.ide.mcu.externaltools.gnu-tools-for-stm32.7-2018-q2-update.win32_1.5.0.202011040924/tools/bin/../lib/gcc/arm-none-eabi/7.3.1/../../../../arm-none-eabi/lib/thumb/v7-m\libc_nano.a(lib_a-nano-msizer.o)
                0x0000000008009450                _malloc_usable_size_r
 *(.glue_7)
 .glue_7        0x0000000008009460        0x0 linker stubs
 *(.glue_7t)
 .glue_7t       0x0000000008009460        0x0 linker stubs
 *(.eh_frame)
 .eh_frame      0x0000000008009460        0x0 c:/st/stm32cubeide_1.5.1/stm32cubeide/plugins/com.st.stm32cube.ide.mcu.externaltools.gnu-tools-for-stm32.7-2018-q2-update.win32_1.5.0.202011040924/tools/bin/../lib/gcc/arm-none-eabi/7.3.1/thumb/v7-m/crtbegin.o
 *(.init)
 .init          0x0000000008009460        0x4 c:/st/stm32cubeide_1.5.1/stm32cubeide/plugins/com.st.stm32cube.ide.mcu.externaltools.gnu-tools-for-stm32.7-2018-q2-update.win32_1.5.0.202011040924/tools/bin/../lib/gcc/arm-none-eabi/7.3.1/thumb/v7-m/crti.o
                0x0000000008009460                _init
 .init          0x0000000008009464        0x8 c:/st/stm32cubeide_1.5.1/stm32cubeide/plugins/com.st.stm32cube.ide.mcu.externaltools.gnu-tools-for-stm32.7-2018-q2-update.win32_1.5.0.202011040924/tools/bin/../lib/gcc/arm-none-eabi/7.3.1/thumb/v7-m/crtn.o
 *(.fini)
 .fini          0x000000000800946c        0x4 c:/st/stm32cubeide_1.5.1/stm32cubeide/plugins/com.st.stm32cube.ide.mcu.externaltools.gnu-tools-for-stm32.7-2018-q2-update.win32_1.5.0.202011040924/tools/bin/../lib/gcc/arm-none-eabi/7.3.1/thumb/v7-m/crti.o
                0x000000000800946c                _fini
 .fini          0x0000000008009470        0x8 c:/st/stm32cubeide_1.5.1/stm32cubeide/plugins/com.st.stm32cube.ide.mcu.externaltools.gnu-tools-for-stm32.7-2018-q2-update.win32_1.5.0.202011040924/tools/bin/../lib/gcc/arm-none-eabi/7.3.1/thumb/v7-m/crtn.o
                0x0000000008009478                . = ALIGN (0x4)
                0x0000000008009478                _etext = .

.vfp11_veneer   0x0000000008009478        0x0
 .vfp11_veneer  0x0000000008009478        0x0 linker stubs

.v4_bx          0x0000000008009478        0x0
 .v4_bx         0x0000000008009478        0x0 linker stubs

.iplt           0x0000000008009478        0x0
 .iplt          0x0000000008009478        0x0 c:/st/stm32cubeide_1.5.1/stm32cubeide/plugins/com.st.stm32cube.ide.mcu.externaltools.gnu-tools-for-stm32.7-2018-q2-update.win32_1.5.0.202011040924/tools/bin/../lib/gcc/arm-none-eabi/7.3.1/thumb/v7-m/crtbegin.o

.rodata         0x0000000008009478      0x26c
                0x0000000008009478                . = ALIGN (0x4)
 *(.rodata)
 .rodata        0x0000000008009478      0x1f6 Core/Src/menu_system.o
 *fill*         0x000000000800966e        0x2 
 .rodata        0x0000000008009670       0x12 Drivers/STM32F1xx_HAL_Driver/Src/stm32f1xx_hal_rcc.o
 *fill*         0x0000000008009682        0x2 
 .rodata        0x0000000008009684       0x12 Drivers/STM32F1xx_HAL_Driver/Src/stm32f1xx_hal_rcc_ex.o
 *(.rodata*)
 *fill*         0x0000000008009696        0x2 
 .rodata.AHBPrescTable
                0x0000000008009698       0x10 Core/Src/system_stm32f1xx.o
                0x0000000008009698                AHBPrescTable
 .rodata.APBPrescTable
                0x00000000080096a8        0x8 Core/Src/system_stm32f1xx.o
                0x00000000080096a8                APBPrescTable
 .rodata._svfprintf_r.str1.1
                0x00000000080096b0       0x11 c:/st/stm32cubeide_1.5.1/stm32cubeide/plugins/com.st.stm32cube.ide.mcu.externaltools.gnu-tools-for-stm32.7-2018-q2-update.win32_1.5.0.202011040924/tools/bin/../lib/gcc/arm-none-eabi/7.3.1/../../../../arm-none-eabi/lib/thumb/v7-m\libc_nano.a(lib_a-nano-svfprintf.o)
 .rodata._printf_i.str1.1
                0x00000000080096c1       0x22 c:/st/stm32cubeide_1.5.1/stm32cubeide/plugins/com.st.stm32cube.ide.mcu.externaltools.gnu-tools-for-stm32.7-2018-q2-update.win32_1.5.0.202011040924/tools/bin/../lib/gcc/arm-none-eabi/7.3.1/../../../../arm-none-eabi/lib/thumb/v7-m\libc_nano.a(lib_a-nano-vfprintf_i.o)
                0x00000000080096e4                . = ALIGN (0x4)
 *fill*         0x00000000080096e3        0x1 

.rel.dyn        0x00000000080096e4        0x0
 .rel.iplt      0x00000000080096e4        0x0 c:/st/stm32cubeide_1.5.1/stm32cubeide/plugins/com.st.stm32cube.ide.mcu.externaltools.gnu-tools-for-stm32.7-2018-q2-update.win32_1.5.0.202011040924/tools/bin/../lib/gcc/arm-none-eabi/7.3.1/thumb/v7-m/crtbegin.o

.ARM.extab      0x00000000080096e4        0x0
                0x00000000080096e4                . = ALIGN (0x4)
 *(.ARM.extab* .gnu.linkonce.armextab.*)
                0x00000000080096e4                . = ALIGN (0x4)

.ARM            0x00000000080096e4        0x0
                0x00000000080096e4                . = ALIGN (0x4)
                0x00000000080096e4                __exidx_start = .
 *(.ARM.exidx*)
                0x00000000080096e4                __exidx_end = .
                0x00000000080096e4                . = ALIGN (0x4)

.preinit_array  0x00000000080096e4        0x0
                0x00000000080096e4                . = ALIGN (0x4)
                0x00000000080096e4                PROVIDE (__preinit_array_start = .)
 *(.preinit_array*)
                0x00000000080096e4                PROVIDE (__preinit_array_end = .)
                0x00000000080096e4                . = ALIGN (0x4)

.init_array     0x00000000080096e4        0x4
                0x00000000080096e4                . = ALIGN (0x4)
                0x00000000080096e4                PROVIDE (__init_array_start = .)
 *(SORT_BY_NAME(.init_array.*))
 *(.init_array*)
 .init_array    0x00000000080096e4        0x4 c:/st/stm32cubeide_1.5.1/stm32cubeide/plugins/com.st.stm32cube.ide.mcu.externaltools.gnu-tools-for-stm32.7-2018-q2-update.win32_1.5.0.202011040924/tools/bin/../lib/gcc/arm-none-eabi/7.3.1/thumb/v7-m/crtbegin.o
                0x00000000080096e8                PROVIDE (__init_array_end = .)
                0x00000000080096e8                . = ALIGN (0x4)

.fini_array     0x00000000080096e8        0x4
                0x00000000080096e8                . = ALIGN (0x4)
                [!provide]                        PROVIDE (__fini_array_start = .)
 *(SORT_BY_NAME(.fini_array.*))
 *(.fini_array*)
 .fini_array    0x00000000080096e8        0x4 c:/st/stm32cubeide_1.5.1/stm32cubeide/plugins/com.st.stm32cube.ide.mcu.externaltools.gnu-tools-for-stm32.7-2018-q2-update.win32_1.5.0.202011040924/tools/bin/../lib/gcc/arm-none-eabi/7.3.1/thumb/v7-m/crtbegin.o
                [!provide]                        PROVIDE (__fini_array_end = .)
                0x00000000080096ec                . = ALIGN (0x4)
                0x00000000080096ec                _sidata = LOADADDR (.data)

.data           0x0000000020000000      0x660 load address 0x00000000080096ec
                0x0000000020000000                . = ALIGN (0x4)
                0x0000000020000000                _sdata = .
 *(.data)
 *(.data*)
 .data.red      0x0000000020000000        0x8 Core/Src/animations.o
                0x0000000020000000                red
 .data.yellow   0x0000000020000008        0x8 Core/Src/animations.o
                0x0000000020000008                yellow
 .data.green    0x0000000020000010        0x8 Core/Src/animations.o
                0x0000000020000010                green
 .data.cyan     0x0000000020000018        0x8 Core/Src/animations.o
                0x0000000020000018                cyan
 .data.blue     0x0000000020000020        0x8 Core/Src/animations.o
                0x0000000020000020                blue
 .data.purple   0x0000000020000028        0x8 Core/Src/animations.o
                0x0000000020000028                purple
 .data.orange   0x0000000020000030        0x8 Core/Src/animations.o
                0x0000000020000030                orange
 .data.yelgrn   0x0000000020000038        0x8 Core/Src/animations.o
                0x0000000020000038                yelgrn
 .data.seafoam  0x0000000020000040        0x8 Core/Src/animations.o
                0x0000000020000040                seafoam
 .data.lightblu
                0x0000000020000048        0x8 Core/Src/animations.o
                0x0000000020000048                lightblu
 .data.indigo   0x0000000020000050        0x8 Core/Src/animations.o
                0x0000000020000050                indigo
 .data.pink     0x0000000020000058        0x8 Core/Src/animations.o
                0x0000000020000058                pink
 .data.mask0    0x0000000020000060       0x40 Core/Src/bool_mask.o
                0x0000000020000060                mask0
 .data.mask1    0x00000000200000a0       0x40 Core/Src/bool_mask.o
                0x00000000200000a0                mask1
 .data.mask2    0x00000000200000e0       0x40 Core/Src/bool_mask.o
                0x00000000200000e0                mask2
 .data.mask3    0x0000000020000120       0x40 Core/Src/bool_mask.o
                0x0000000020000120                mask3
 .data.maskChessBoardW
                0x0000000020000160       0x40 Core/Src/bool_mask.o
                0x0000000020000160                maskChessBoardW
 .data.maskChessBoardB
                0x00000000200001a0       0x40 Core/Src/bool_mask.o
                0x00000000200001a0                maskChessBoardB
 .data.letterJ  0x00000000200001e0       0x40 Core/Src/bool_mask.o
                0x00000000200001e0                letterJ
 .data.letterO  0x0000000020000220       0x40 Core/Src/bool_mask.o
                0x0000000020000220                letterO
 .data.letterE  0x0000000020000260       0x40 Core/Src/bool_mask.o
                0x0000000020000260                letterE
 .data.letterL  0x00000000200002a0       0x40 Core/Src/bool_mask.o
                0x00000000200002a0                letterL
 .data.data16Ptr
                0x00000000200002e0        0x4 Core/Src/main.o
                0x00000000200002e0                data16Ptr
 .data.data8Ptr
                0x00000000200002e4        0x4 Core/Src/main.o
                0x00000000200002e4                data8Ptr
 .data.redMap   0x00000000200002e8      0x100 Core/Src/main.o
                0x00000000200002e8                redMap
 .data.grnMap   0x00000000200003e8      0x100 Core/Src/main.o
                0x00000000200003e8                grnMap
 .data.bluMap   0x00000000200004e8      0x100 Core/Src/main.o
                0x00000000200004e8                bluMap
 .data.currentAction
                0x00000000200005e8        0x2 Core/Src/main.o
                0x00000000200005e8                currentAction
 .data.mpr121ReadDelayms
                0x00000000200005ea        0x1 Core/Src/menu_system.o
                0x00000000200005ea                mpr121ReadDelayms
 .data.lastWheelDir
                0x00000000200005eb        0x1 Core/Src/menu_system.o
                0x00000000200005eb                lastWheelDir
 .data.wheelDir
                0x00000000200005ec        0x1 Core/Src/menu_system.o
                0x00000000200005ec                wheelDir
 *fill*         0x00000000200005ed        0x3 
 .data.SystemCoreClock
                0x00000000200005f0        0x4 Core/Src/system_stm32f1xx.o
                0x00000000200005f0                SystemCoreClock
 .data.uwTickPrio
                0x00000000200005f4        0x4 Drivers/STM32F1xx_HAL_Driver/Src/stm32f1xx_hal.o
                0x00000000200005f4                uwTickPrio
 .data.uwTickFreq
                0x00000000200005f8        0x1 Drivers/STM32F1xx_HAL_Driver/Src/stm32f1xx_hal.o
                0x00000000200005f8                uwTickFreq
 *fill*         0x00000000200005f9        0x3 
 .data._impure_ptr
                0x00000000200005fc        0x4 c:/st/stm32cubeide_1.5.1/stm32cubeide/plugins/com.st.stm32cube.ide.mcu.externaltools.gnu-tools-for-stm32.7-2018-q2-update.win32_1.5.0.202011040924/tools/bin/../lib/gcc/arm-none-eabi/7.3.1/../../../../arm-none-eabi/lib/thumb/v7-m\libc_nano.a(lib_a-impure.o)
                0x00000000200005fc                _impure_ptr
 .data.impure_data
                0x0000000020000600       0x60 c:/st/stm32cubeide_1.5.1/stm32cubeide/plugins/com.st.stm32cube.ide.mcu.externaltools.gnu-tools-for-stm32.7-2018-q2-update.win32_1.5.0.202011040924/tools/bin/../lib/gcc/arm-none-eabi/7.3.1/../../../../arm-none-eabi/lib/thumb/v7-m\libc_nano.a(lib_a-impure.o)
 *(.RamFunc)
 *(.RamFunc*)
                0x0000000020000660                . = ALIGN (0x4)
                0x0000000020000660                _edata = .

.igot.plt       0x0000000020000660        0x0 load address 0x0000000008009d4c
 .igot.plt      0x0000000020000660        0x0 c:/st/stm32cubeide_1.5.1/stm32cubeide/plugins/com.st.stm32cube.ide.mcu.externaltools.gnu-tools-for-stm32.7-2018-q2-update.win32_1.5.0.202011040924/tools/bin/../lib/gcc/arm-none-eabi/7.3.1/thumb/v7-m/crtbegin.o
                0x0000000020000660                . = ALIGN (0x4)

.bss            0x0000000020000660     0x1558 load address 0x0000000008009d4c
                0x0000000020000660                _sbss = .
                0x0000000020000660                __bss_start__ = _sbss
 *(.bss)
 .bss           0x0000000020000660       0x1c c:/st/stm32cubeide_1.5.1/stm32cubeide/plugins/com.st.stm32cube.ide.mcu.externaltools.gnu-tools-for-stm32.7-2018-q2-update.win32_1.5.0.202011040924/tools/bin/../lib/gcc/arm-none-eabi/7.3.1/thumb/v7-m/crtbegin.o
 *(.bss*)
 .bss.HALT_ANIMATION
                0x000000002000067c        0x1 Core/Src/animations.o
                0x000000002000067c                HALT_ANIMATION
 .bss.PAUSE_ANIMATION
                0x000000002000067d        0x1 Core/Src/animations.o
                0x000000002000067d                PAUSE_ANIMATION
 *fill*         0x000000002000067e        0x2 
 .bss.null      0x0000000020000680        0x8 Core/Src/animations.o
                0x0000000020000680                null
 .bss.maskEmpty
                0x0000000020000688       0x40 Core/Src/bool_mask.o
                0x0000000020000688                maskEmpty
 .bss.lcd20x4_i2cHandle
                0x00000000200006c8        0x4 Core/Src/lcd20x4_i2c.o
 .bss.LCD_I2C_SLAVE_ADDRESS
                0x00000000200006cc        0x1 Core/Src/lcd20x4_i2c.o
 .bss.UPDATE_FRAME
                0x00000000200006cd        0x1 Core/Src/main.o
                0x00000000200006cd                UPDATE_FRAME
 .bss.activeLyr
                0x00000000200006ce        0x1 Core/Src/main.o
                0x00000000200006ce                activeLyr
 .bss.Keypad_IRQ
                0x00000000200006cf        0x1 Core/Src/menu_system.o
                0x00000000200006cf                Keypad_IRQ
 .bss.Wheel_IRQ
                0x00000000200006d0        0x1 Core/Src/menu_system.o
                0x00000000200006d0                Wheel_IRQ
 *fill*         0x00000000200006d1        0x3 
 .bss.rngCount  0x00000000200006d4        0x4 Core/Src/rng.o
                0x00000000200006d4                rngCount
 .bss.__sbrk_heap_end
                0x00000000200006d8        0x4 Core/Src/sysmem.o
 .bss.__malloc_free_list
                0x00000000200006dc        0x4 c:/st/stm32cubeide_1.5.1/stm32cubeide/plugins/com.st.stm32cube.ide.mcu.externaltools.gnu-tools-for-stm32.7-2018-q2-update.win32_1.5.0.202011040924/tools/bin/../lib/gcc/arm-none-eabi/7.3.1/../../../../arm-none-eabi/lib/thumb/v7-m\libc_nano.a(lib_a-nano-mallocr.o)
                0x00000000200006dc                __malloc_free_list
 .bss.__malloc_sbrk_start
                0x00000000200006e0        0x4 c:/st/stm32cubeide_1.5.1/stm32cubeide/plugins/com.st.stm32cube.ide.mcu.externaltools.gnu-tools-for-stm32.7-2018-q2-update.win32_1.5.0.202011040924/tools/bin/../lib/gcc/arm-none-eabi/7.3.1/../../../../arm-none-eabi/lib/thumb/v7-m\libc_nano.a(lib_a-nano-mallocr.o)
                0x00000000200006e0                __malloc_sbrk_start
 *(COMMON)
 COMMON         0x00000000200006e4     0x1080 Core/Src/main.o
                0x00000000200006e4                hi2c1
                0x0000000020000738                data8
                0x0000000020000858                huart1
                0x0000000020000898                hrtc
                0x00000000200008ac                htim1
                0x00000000200008ec                frame0
                0x000000002000154c                data16
                0x00000000200016cc                hspi1
                0x0000000020001724                htim2
 COMMON         0x0000000020001764      0x44c Core/Src/menu_system.o
                0x0000000020001764                ledNumPM
                0x0000000020001768                MainMenu
                0x0000000020001878                grnValPM
                0x000000002000187c                PinMappingMenu
                0x000000002000198c                AnimationMenu
                0x0000000020001a9c                ActiveAnimationMenu
                0x0000000020001bac                bluValPM
                0x0000000020001bae                redValPM
 COMMON         0x0000000020001bb0        0x4 Drivers/STM32F1xx_HAL_Driver/Src/stm32f1xx_hal.o
                0x0000000020001bb0                uwTick
 COMMON         0x0000000020001bb4        0x4 c:/st/stm32cubeide_1.5.1/stm32cubeide/plugins/com.st.stm32cube.ide.mcu.externaltools.gnu-tools-for-stm32.7-2018-q2-update.win32_1.5.0.202011040924/tools/bin/../lib/gcc/arm-none-eabi/7.3.1/../../../../arm-none-eabi/lib/thumb/v7-m\libc_nano.a(lib_a-reent.o)
                0x0000000020001bb4                errno
                0x0000000020001bb8                . = ALIGN (0x4)
                0x0000000020001bb8                _ebss = .
                0x0000000020001bb8                __bss_end__ = _ebss

._user_heap_stack
                0x0000000020001bb8     0x2400 load address 0x0000000008009d4c
                0x0000000020001bb8                . = ALIGN (0x8)
                [!provide]                        PROVIDE (end = .)
                0x0000000020001bb8                PROVIDE (_end = .)
                0x0000000020001fb8                . = (. + _Min_Heap_Size)
 *fill*         0x0000000020001bb8      0x400 
                0x0000000020003fb8                . = (. + _Min_Stack_Size)
 *fill*         0x0000000020001fb8     0x2000 
                0x0000000020003fb8                . = ALIGN (0x8)

/DISCARD/
 libc.a(*)
 libm.a(*)
 libgcc.a(*)

.ARM.attributes
                0x0000000000000000       0x29
 *(.ARM.attributes)
 .ARM.attributes
                0x0000000000000000       0x1d c:/st/stm32cubeide_1.5.1/stm32cubeide/plugins/com.st.stm32cube.ide.mcu.externaltools.gnu-tools-for-stm32.7-2018-q2-update.win32_1.5.0.202011040924/tools/bin/../lib/gcc/arm-none-eabi/7.3.1/thumb/v7-m/crti.o
 .ARM.attributes
                0x000000000000001d       0x2d c:/st/stm32cubeide_1.5.1/stm32cubeide/plugins/com.st.stm32cube.ide.mcu.externaltools.gnu-tools-for-stm32.7-2018-q2-update.win32_1.5.0.202011040924/tools/bin/../lib/gcc/arm-none-eabi/7.3.1/thumb/v7-m/crtbegin.o
 .ARM.attributes
                0x000000000000004a       0x33 Core/Src/animations.o
 .ARM.attributes
                0x000000000000007d       0x33 Core/Src/array_8x8.o
 .ARM.attributes
                0x00000000000000b0       0x33 Core/Src/bool_mask.o
 .ARM.attributes
                0x00000000000000e3       0x33 Core/Src/lcd20x4_i2c.o
 .ARM.attributes
                0x0000000000000116       0x33 Core/Src/lyrframe.o
 .ARM.attributes
                0x0000000000000149       0x33 Core/Src/main.o
 .ARM.attributes
                0x000000000000017c       0x33 Core/Src/menu_system.o
 .ARM.attributes
                0x00000000000001af       0x33 Core/Src/mpr121.o
 .ARM.attributes
                0x00000000000001e2       0x33 Core/Src/rng.o
 .ARM.attributes
                0x0000000000000215       0x33 Core/Src/stm32f1xx_hal_msp.o
 .ARM.attributes
                0x0000000000000248       0x33 Core/Src/stm32f1xx_it.o
 .ARM.attributes
                0x000000000000027b       0x33 Core/Src/sysmem.o
 .ARM.attributes
                0x00000000000002ae       0x33 Core/Src/system_stm32f1xx.o
 .ARM.attributes
                0x00000000000002e1       0x33 Core/Src/tlc5940.o
 .ARM.attributes
                0x0000000000000314       0x21 Core/Startup/startup_stm32f103c8tx.o
 .ARM.attributes
                0x0000000000000335       0x33 Drivers/STM32F1xx_HAL_Driver/Src/stm32f1xx_hal.o
 .ARM.attributes
                0x0000000000000368       0x33 Drivers/STM32F1xx_HAL_Driver/Src/stm32f1xx_hal_cortex.o
 .ARM.attributes
                0x000000000000039b       0x33 Drivers/STM32F1xx_HAL_Driver/Src/stm32f1xx_hal_gpio.o
 .ARM.attributes
                0x00000000000003ce       0x33 Drivers/STM32F1xx_HAL_Driver/Src/stm32f1xx_hal_i2c.o
 .ARM.attributes
                0x0000000000000401       0x33 Drivers/STM32F1xx_HAL_Driver/Src/stm32f1xx_hal_pwr.o
 .ARM.attributes
                0x0000000000000434       0x33 Drivers/STM32F1xx_HAL_Driver/Src/stm32f1xx_hal_rcc.o
 .ARM.attributes
                0x0000000000000467       0x33 Drivers/STM32F1xx_HAL_Driver/Src/stm32f1xx_hal_rcc_ex.o
 .ARM.attributes
                0x000000000000049a       0x33 Drivers/STM32F1xx_HAL_Driver/Src/stm32f1xx_hal_rtc.o
 .ARM.attributes
                0x00000000000004cd       0x33 Drivers/STM32F1xx_HAL_Driver/Src/stm32f1xx_hal_spi.o
 .ARM.attributes
                0x0000000000000500       0x33 Drivers/STM32F1xx_HAL_Driver/Src/stm32f1xx_hal_tim.o
 .ARM.attributes
                0x0000000000000533       0x33 Drivers/STM32F1xx_HAL_Driver/Src/stm32f1xx_hal_tim_ex.o
 .ARM.attributes
                0x0000000000000566       0x33 Drivers/STM32F1xx_HAL_Driver/Src/stm32f1xx_hal_uart.o
 .ARM.attributes
                0x0000000000000599       0x2d c:/st/stm32cubeide_1.5.1/stm32cubeide/plugins/com.st.stm32cube.ide.mcu.externaltools.gnu-tools-for-stm32.7-2018-q2-update.win32_1.5.0.202011040924/tools/bin/../lib/gcc/arm-none-eabi/7.3.1/../../../../arm-none-eabi/lib/thumb/v7-m\libc_nano.a(lib_a-errno.o)
 .ARM.attributes
                0x00000000000005c6       0x2d c:/st/stm32cubeide_1.5.1/stm32cubeide/plugins/com.st.stm32cube.ide.mcu.externaltools.gnu-tools-for-stm32.7-2018-q2-update.win32_1.5.0.202011040924/tools/bin/../lib/gcc/arm-none-eabi/7.3.1/../../../../arm-none-eabi/lib/thumb/v7-m\libc_nano.a(lib_a-impure.o)
 .ARM.attributes
                0x00000000000005f3       0x2d c:/st/stm32cubeide_1.5.1/stm32cubeide/plugins/com.st.stm32cube.ide.mcu.externaltools.gnu-tools-for-stm32.7-2018-q2-update.win32_1.5.0.202011040924/tools/bin/../lib/gcc/arm-none-eabi/7.3.1/../../../../arm-none-eabi/lib/thumb/v7-m\libc_nano.a(lib_a-init.o)
 .ARM.attributes
                0x0000000000000620       0x2d c:/st/stm32cubeide_1.5.1/stm32cubeide/plugins/com.st.stm32cube.ide.mcu.externaltools.gnu-tools-for-stm32.7-2018-q2-update.win32_1.5.0.202011040924/tools/bin/../lib/gcc/arm-none-eabi/7.3.1/../../../../arm-none-eabi/lib/thumb/v7-m\libc_nano.a(lib_a-memcpy-stub.o)
 .ARM.attributes
                0x000000000000064d       0x2d c:/st/stm32cubeide_1.5.1/stm32cubeide/plugins/com.st.stm32cube.ide.mcu.externaltools.gnu-tools-for-stm32.7-2018-q2-update.win32_1.5.0.202011040924/tools/bin/../lib/gcc/arm-none-eabi/7.3.1/../../../../arm-none-eabi/lib/thumb/v7-m\libc_nano.a(lib_a-memset.o)
 .ARM.attributes
                0x000000000000067a       0x17 c:/st/stm32cubeide_1.5.1/stm32cubeide/plugins/com.st.stm32cube.ide.mcu.externaltools.gnu-tools-for-stm32.7-2018-q2-update.win32_1.5.0.202011040924/tools/bin/../lib/gcc/arm-none-eabi/7.3.1/../../../../arm-none-eabi/lib/thumb/v7-m\libc_nano.a(lib_a-strlen.o)
 .ARM.attributes
                0x0000000000000691       0x2d c:/st/stm32cubeide_1.5.1/stm32cubeide/plugins/com.st.stm32cube.ide.mcu.externaltools.gnu-tools-for-stm32.7-2018-q2-update.win32_1.5.0.202011040924/tools/bin/../lib/gcc/arm-none-eabi/7.3.1/../../../../arm-none-eabi/lib/thumb/v7-m\libc_nano.a(lib_a-vsprintf.o)
 .ARM.attributes
                0x00000000000006be       0x2d c:/st/stm32cubeide_1.5.1/stm32cubeide/plugins/com.st.stm32cube.ide.mcu.externaltools.gnu-tools-for-stm32.7-2018-q2-update.win32_1.5.0.202011040924/tools/bin/../lib/gcc/arm-none-eabi/7.3.1/../../../../arm-none-eabi/lib/thumb/v7-m\libc_nano.a(lib_a-nano-svfprintf.o)
 .ARM.attributes
                0x00000000000006eb       0x2d c:/st/stm32cubeide_1.5.1/stm32cubeide/plugins/com.st.stm32cube.ide.mcu.externaltools.gnu-tools-for-stm32.7-2018-q2-update.win32_1.5.0.202011040924/tools/bin/../lib/gcc/arm-none-eabi/7.3.1/../../../../arm-none-eabi/lib/thumb/v7-m\libc_nano.a(lib_a-nano-vfprintf_i.o)
 .ARM.attributes
                0x0000000000000718       0x2d c:/st/stm32cubeide_1.5.1/stm32cubeide/plugins/com.st.stm32cube.ide.mcu.externaltools.gnu-tools-for-stm32.7-2018-q2-update.win32_1.5.0.202011040924/tools/bin/../lib/gcc/arm-none-eabi/7.3.1/../../../../arm-none-eabi/lib/thumb/v7-m\libc_nano.a(lib_a-memchr-stub.o)
 .ARM.attributes
                0x0000000000000745       0x2d c:/st/stm32cubeide_1.5.1/stm32cubeide/plugins/com.st.stm32cube.ide.mcu.externaltools.gnu-tools-for-stm32.7-2018-q2-update.win32_1.5.0.202011040924/tools/bin/../lib/gcc/arm-none-eabi/7.3.1/../../../../arm-none-eabi/lib/thumb/v7-m\libc_nano.a(lib_a-memmove.o)
 .ARM.attributes
                0x0000000000000772       0x2d c:/st/stm32cubeide_1.5.1/stm32cubeide/plugins/com.st.stm32cube.ide.mcu.externaltools.gnu-tools-for-stm32.7-2018-q2-update.win32_1.5.0.202011040924/tools/bin/../lib/gcc/arm-none-eabi/7.3.1/../../../../arm-none-eabi/lib/thumb/v7-m\libc_nano.a(lib_a-nano-freer.o)
 .ARM.attributes
                0x000000000000079f       0x2d c:/st/stm32cubeide_1.5.1/stm32cubeide/plugins/com.st.stm32cube.ide.mcu.externaltools.gnu-tools-for-stm32.7-2018-q2-update.win32_1.5.0.202011040924/tools/bin/../lib/gcc/arm-none-eabi/7.3.1/../../../../arm-none-eabi/lib/thumb/v7-m\libc_nano.a(lib_a-nano-mallocr.o)
 .ARM.attributes
                0x00000000000007cc       0x2d c:/st/stm32cubeide_1.5.1/stm32cubeide/plugins/com.st.stm32cube.ide.mcu.externaltools.gnu-tools-for-stm32.7-2018-q2-update.win32_1.5.0.202011040924/tools/bin/../lib/gcc/arm-none-eabi/7.3.1/../../../../arm-none-eabi/lib/thumb/v7-m\libc_nano.a(lib_a-nano-reallocr.o)
 .ARM.attributes
                0x00000000000007f9       0x2d c:/st/stm32cubeide_1.5.1/stm32cubeide/plugins/com.st.stm32cube.ide.mcu.externaltools.gnu-tools-for-stm32.7-2018-q2-update.win32_1.5.0.202011040924/tools/bin/../lib/gcc/arm-none-eabi/7.3.1/../../../../arm-none-eabi/lib/thumb/v7-m\libc_nano.a(lib_a-sbrkr.o)
 .ARM.attributes
                0x0000000000000826       0x2d c:/st/stm32cubeide_1.5.1/stm32cubeide/plugins/com.st.stm32cube.ide.mcu.externaltools.gnu-tools-for-stm32.7-2018-q2-update.win32_1.5.0.202011040924/tools/bin/../lib/gcc/arm-none-eabi/7.3.1/../../../../arm-none-eabi/lib/thumb/v7-m\libc_nano.a(lib_a-mlock.o)
 .ARM.attributes
                0x0000000000000853       0x2d c:/st/stm32cubeide_1.5.1/stm32cubeide/plugins/com.st.stm32cube.ide.mcu.externaltools.gnu-tools-for-stm32.7-2018-q2-update.win32_1.5.0.202011040924/tools/bin/../lib/gcc/arm-none-eabi/7.3.1/../../../../arm-none-eabi/lib/thumb/v7-m\libc_nano.a(lib_a-nano-msizer.o)
 .ARM.attributes
                0x0000000000000880       0x2d c:/st/stm32cubeide_1.5.1/stm32cubeide/plugins/com.st.stm32cube.ide.mcu.externaltools.gnu-tools-for-stm32.7-2018-q2-update.win32_1.5.0.202011040924/tools/bin/../lib/gcc/arm-none-eabi/7.3.1/../../../../arm-none-eabi/lib/thumb/v7-m\libc_nano.a(lib_a-reent.o)
 .ARM.attributes
                0x00000000000008ad       0x1d c:/st/stm32cubeide_1.5.1/stm32cubeide/plugins/com.st.stm32cube.ide.mcu.externaltools.gnu-tools-for-stm32.7-2018-q2-update.win32_1.5.0.202011040924/tools/bin/../lib/gcc/arm-none-eabi/7.3.1/thumb/v7-m/crtn.o
OUTPUT(RGB_Cube_App.elf elf32-littlearm)

.debug_info     0x0000000000000000    0x165b5
 .debug_info    0x0000000000000000      0xce9 Core/Src/animations.o
 .debug_info    0x0000000000000ce9      0x857 Core/Src/array_8x8.o
 .debug_info    0x0000000000001540      0x3fd Core/Src/bool_mask.o
 .debug_info    0x000000000000193d     0x1162 Core/Src/lcd20x4_i2c.o
 .debug_info    0x0000000000002a9f      0x5af Core/Src/lyrframe.o
 .debug_info    0x000000000000304e     0x229d Core/Src/main.o
 .debug_info    0x00000000000052eb     0x138a Core/Src/menu_system.o
 .debug_info    0x0000000000006675      0x85e Core/Src/mpr121.o
 .debug_info    0x0000000000006ed3       0xde Core/Src/rng.o
 .debug_info    0x0000000000006fb1     0x1524 Core/Src/stm32f1xx_hal_msp.o
 .debug_info    0x00000000000084d5      0x6d0 Core/Src/stm32f1xx_it.o
 .debug_info    0x0000000000008ba5      0x985 Core/Src/sysmem.o
 .debug_info    0x000000000000952a      0x433 Core/Src/system_stm32f1xx.o
 .debug_info    0x000000000000995d     0x126b Core/Src/tlc5940.o
 .debug_info    0x000000000000abc8       0x22 Core/Startup/startup_stm32f103c8tx.o
 .debug_info    0x000000000000abea      0x6fe Drivers/STM32F1xx_HAL_Driver/Src/stm32f1xx_hal.o
 .debug_info    0x000000000000b2e8      0xb46 Drivers/STM32F1xx_HAL_Driver/Src/stm32f1xx_hal_cortex.o
 .debug_info    0x000000000000be2e      0x681 Drivers/STM32F1xx_HAL_Driver/Src/stm32f1xx_hal_gpio.o
 .debug_info    0x000000000000c4af     0x2457 Drivers/STM32F1xx_HAL_Driver/Src/stm32f1xx_hal_i2c.o
 .debug_info    0x000000000000e906      0x6d7 Drivers/STM32F1xx_HAL_Driver/Src/stm32f1xx_hal_pwr.o
 .debug_info    0x000000000000efdd      0x804 Drivers/STM32F1xx_HAL_Driver/Src/stm32f1xx_hal_rcc.o
 .debug_info    0x000000000000f7e1      0x439 Drivers/STM32F1xx_HAL_Driver/Src/stm32f1xx_hal_rcc_ex.o
 .debug_info    0x000000000000fc1a      0xd24 Drivers/STM32F1xx_HAL_Driver/Src/stm32f1xx_hal_rtc.o
 .debug_info    0x000000000001093e     0x153a Drivers/STM32F1xx_HAL_Driver/Src/stm32f1xx_hal_spi.o
 .debug_info    0x0000000000011e78     0x2456 Drivers/STM32F1xx_HAL_Driver/Src/stm32f1xx_hal_tim.o
 .debug_info    0x00000000000142ce     0x1104 Drivers/STM32F1xx_HAL_Driver/Src/stm32f1xx_hal_tim_ex.o
 .debug_info    0x00000000000153d2     0x11e3 Drivers/STM32F1xx_HAL_Driver/Src/stm32f1xx_hal_uart.o

.debug_abbrev   0x0000000000000000     0x30f7
 .debug_abbrev  0x0000000000000000      0x1d4 Core/Src/animations.o
 .debug_abbrev  0x00000000000001d4      0x145 Core/Src/array_8x8.o
 .debug_abbrev  0x0000000000000319      0x102 Core/Src/bool_mask.o
 .debug_abbrev  0x000000000000041b      0x25d Core/Src/lcd20x4_i2c.o
 .debug_abbrev  0x0000000000000678      0x12f Core/Src/lyrframe.o
 .debug_abbrev  0x00000000000007a7      0x2a2 Core/Src/main.o
 .debug_abbrev  0x0000000000000a49      0x2a1 Core/Src/menu_system.o
 .debug_abbrev  0x0000000000000cea      0x1a3 Core/Src/mpr121.o
 .debug_abbrev  0x0000000000000e8d       0x90 Core/Src/rng.o
 .debug_abbrev  0x0000000000000f1d      0x212 Core/Src/stm32f1xx_hal_msp.o
 .debug_abbrev  0x000000000000112f      0x15a Core/Src/stm32f1xx_it.o
 .debug_abbrev  0x0000000000001289      0x19b Core/Src/sysmem.o
 .debug_abbrev  0x0000000000001424      0x134 Core/Src/system_stm32f1xx.o
 .debug_abbrev  0x0000000000001558      0x244 Core/Src/tlc5940.o
 .debug_abbrev  0x000000000000179c       0x12 Core/Startup/startup_stm32f103c8tx.o
 .debug_abbrev  0x00000000000017ae      0x1d8 Drivers/STM32F1xx_HAL_Driver/Src/stm32f1xx_hal.o
 .debug_abbrev  0x0000000000001986      0x2d5 Drivers/STM32F1xx_HAL_Driver/Src/stm32f1xx_hal_cortex.o
 .debug_abbrev  0x0000000000001c5b      0x1c0 Drivers/STM32F1xx_HAL_Driver/Src/stm32f1xx_hal_gpio.o
 .debug_abbrev  0x0000000000001e1b      0x258 Drivers/STM32F1xx_HAL_Driver/Src/stm32f1xx_hal_i2c.o
 .debug_abbrev  0x0000000000002073      0x1f2 Drivers/STM32F1xx_HAL_Driver/Src/stm32f1xx_hal_pwr.o
 .debug_abbrev  0x0000000000002265      0x243 Drivers/STM32F1xx_HAL_Driver/Src/stm32f1xx_hal_rcc.o
 .debug_abbrev  0x00000000000024a8      0x175 Drivers/STM32F1xx_HAL_Driver/Src/stm32f1xx_hal_rcc_ex.o
 .debug_abbrev  0x000000000000261d      0x20a Drivers/STM32F1xx_HAL_Driver/Src/stm32f1xx_hal_rtc.o
 .debug_abbrev  0x0000000000002827      0x240 Drivers/STM32F1xx_HAL_Driver/Src/stm32f1xx_hal_spi.o
 .debug_abbrev  0x0000000000002a67      0x230 Drivers/STM32F1xx_HAL_Driver/Src/stm32f1xx_hal_tim.o
 .debug_abbrev  0x0000000000002c97      0x21e Drivers/STM32F1xx_HAL_Driver/Src/stm32f1xx_hal_tim_ex.o
 .debug_abbrev  0x0000000000002eb5      0x242 Drivers/STM32F1xx_HAL_Driver/Src/stm32f1xx_hal_uart.o

.debug_aranges  0x0000000000000000     0x15b8
 .debug_aranges
                0x0000000000000000       0x98 Core/Src/animations.o
 .debug_aranges
                0x0000000000000098       0x90 Core/Src/array_8x8.o
 .debug_aranges
                0x0000000000000128       0x50 Core/Src/bool_mask.o
 .debug_aranges
                0x0000000000000178       0x98 Core/Src/lcd20x4_i2c.o
 .debug_aranges
                0x0000000000000210       0x88 Core/Src/lyrframe.o
 .debug_aranges
                0x0000000000000298       0x88 Core/Src/main.o
 .debug_aranges
                0x0000000000000320       0x80 Core/Src/menu_system.o
 .debug_aranges
                0x00000000000003a0       0x50 Core/Src/mpr121.o
 .debug_aranges
                0x00000000000003f0       0x20 Core/Src/rng.o
 .debug_aranges
                0x0000000000000410       0x88 Core/Src/stm32f1xx_hal_msp.o
 .debug_aranges
                0x0000000000000498       0x78 Core/Src/stm32f1xx_it.o
 .debug_aranges
                0x0000000000000510       0x20 Core/Src/sysmem.o
 .debug_aranges
                0x0000000000000530       0x28 Core/Src/system_stm32f1xx.o
 .debug_aranges
                0x0000000000000558       0x78 Core/Src/tlc5940.o
 .debug_aranges
                0x00000000000005d0       0x28 Core/Startup/startup_stm32f103c8tx.o
 .debug_aranges
                0x00000000000005f8       0xe0 Drivers/STM32F1xx_HAL_Driver/Src/stm32f1xx_hal.o
 .debug_aranges
                0x00000000000006d8      0x100 Drivers/STM32F1xx_HAL_Driver/Src/stm32f1xx_hal_cortex.o
 .debug_aranges
                0x00000000000007d8       0x58 Drivers/STM32F1xx_HAL_Driver/Src/stm32f1xx_hal_gpio.o
 .debug_aranges
                0x0000000000000830      0x290 Drivers/STM32F1xx_HAL_Driver/Src/stm32f1xx_hal_i2c.o
 .debug_aranges
                0x0000000000000ac0       0xa8 Drivers/STM32F1xx_HAL_Driver/Src/stm32f1xx_hal_pwr.o
 .debug_aranges
                0x0000000000000b68       0x90 Drivers/STM32F1xx_HAL_Driver/Src/stm32f1xx_hal_rcc.o
 .debug_aranges
                0x0000000000000bf8       0x30 Drivers/STM32F1xx_HAL_Driver/Src/stm32f1xx_hal_rcc_ex.o
 .debug_aranges
                0x0000000000000c28       0xf8 Drivers/STM32F1xx_HAL_Driver/Src/stm32f1xx_hal_rtc.o
 .debug_aranges
                0x0000000000000d20      0x1d0 Drivers/STM32F1xx_HAL_Driver/Src/stm32f1xx_hal_spi.o
 .debug_aranges
                0x0000000000000ef0      0x3a8 Drivers/STM32F1xx_HAL_Driver/Src/stm32f1xx_hal_tim.o
 .debug_aranges
                0x0000000000001298      0x150 Drivers/STM32F1xx_HAL_Driver/Src/stm32f1xx_hal_tim_ex.o
 .debug_aranges
                0x00000000000013e8      0x1d0 Drivers/STM32F1xx_HAL_Driver/Src/stm32f1xx_hal_uart.o

.debug_ranges   0x0000000000000000     0x1448
 .debug_ranges  0x0000000000000000       0xa0 Core/Src/animations.o
 .debug_ranges  0x00000000000000a0       0x80 Core/Src/array_8x8.o
 .debug_ranges  0x0000000000000120       0x40 Core/Src/bool_mask.o
 .debug_ranges  0x0000000000000160       0x88 Core/Src/lcd20x4_i2c.o
 .debug_ranges  0x00000000000001e8       0x78 Core/Src/lyrframe.o
 .debug_ranges  0x0000000000000260       0x78 Core/Src/main.o
 .debug_ranges  0x00000000000002d8       0x70 Core/Src/menu_system.o
 .debug_ranges  0x0000000000000348       0x40 Core/Src/mpr121.o
 .debug_ranges  0x0000000000000388       0x10 Core/Src/rng.o
 .debug_ranges  0x0000000000000398       0x78 Core/Src/stm32f1xx_hal_msp.o
 .debug_ranges  0x0000000000000410       0x68 Core/Src/stm32f1xx_it.o
 .debug_ranges  0x0000000000000478       0x10 Core/Src/sysmem.o
 .debug_ranges  0x0000000000000488       0x18 Core/Src/system_stm32f1xx.o
 .debug_ranges  0x00000000000004a0       0x68 Core/Src/tlc5940.o
 .debug_ranges  0x0000000000000508       0x20 Core/Startup/startup_stm32f103c8tx.o
 .debug_ranges  0x0000000000000528       0xd0 Drivers/STM32F1xx_HAL_Driver/Src/stm32f1xx_hal.o
 .debug_ranges  0x00000000000005f8       0xf0 Drivers/STM32F1xx_HAL_Driver/Src/stm32f1xx_hal_cortex.o
 .debug_ranges  0x00000000000006e8       0x48 Drivers/STM32F1xx_HAL_Driver/Src/stm32f1xx_hal_gpio.o
 .debug_ranges  0x0000000000000730      0x2a0 Drivers/STM32F1xx_HAL_Driver/Src/stm32f1xx_hal_i2c.o
 .debug_ranges  0x00000000000009d0       0x98 Drivers/STM32F1xx_HAL_Driver/Src/stm32f1xx_hal_pwr.o
 .debug_ranges  0x0000000000000a68       0x80 Drivers/STM32F1xx_HAL_Driver/Src/stm32f1xx_hal_rcc.o
 .debug_ranges  0x0000000000000ae8       0x20 Drivers/STM32F1xx_HAL_Driver/Src/stm32f1xx_hal_rcc_ex.o
 .debug_ranges  0x0000000000000b08       0xe8 Drivers/STM32F1xx_HAL_Driver/Src/stm32f1xx_hal_rtc.o
 .debug_ranges  0x0000000000000bf0      0x1c0 Drivers/STM32F1xx_HAL_Driver/Src/stm32f1xx_hal_spi.o
 .debug_ranges  0x0000000000000db0      0x398 Drivers/STM32F1xx_HAL_Driver/Src/stm32f1xx_hal_tim.o
 .debug_ranges  0x0000000000001148      0x140 Drivers/STM32F1xx_HAL_Driver/Src/stm32f1xx_hal_tim_ex.o
 .debug_ranges  0x0000000000001288      0x1c0 Drivers/STM32F1xx_HAL_Driver/Src/stm32f1xx_hal_uart.o

.debug_macro    0x0000000000000000    0x173ab
 .debug_macro   0x0000000000000000      0x20c Core/Src/animations.o
 .debug_macro   0x000000000000020c      0xa5a Core/Src/animations.o
 .debug_macro   0x0000000000000c66       0x22 Core/Src/animations.o
 .debug_macro   0x0000000000000c88       0x22 Core/Src/animations.o
 .debug_macro   0x0000000000000caa       0x8e Core/Src/animations.o
 .debug_macro   0x0000000000000d38       0x51 Core/Src/animations.o
 .debug_macro   0x0000000000000d89       0xef Core/Src/animations.o
 .debug_macro   0x0000000000000e78       0x6a Core/Src/animations.o
 .debug_macro   0x0000000000000ee2      0x1df Core/Src/animations.o
 .debug_macro   0x00000000000010c1       0x40 Core/Src/animations.o
 .debug_macro   0x0000000000001101      0x22d Core/Src/animations.o
 .debug_macro   0x000000000000132e       0x2e Core/Src/animations.o
 .debug_macro   0x000000000000135c       0x22 Core/Src/animations.o
 .debug_macro   0x000000000000137e       0x1c Core/Src/animations.o
 .debug_macro   0x000000000000139a       0x22 Core/Src/animations.o
 .debug_macro   0x00000000000013bc       0xc3 Core/Src/animations.o
 .debug_macro   0x000000000000147f      0xd23 Core/Src/animations.o
 .debug_macro   0x00000000000021a2     0xe09e Core/Src/animations.o
 .debug_macro   0x0000000000010240       0x43 Core/Src/animations.o
 .debug_macro   0x0000000000010283      0x174 Core/Src/animations.o
 .debug_macro   0x00000000000103f7       0x5a Core/Src/animations.o
 .debug_macro   0x0000000000010451      0x5be Core/Src/animations.o
 .debug_macro   0x0000000000010a0f      0x289 Core/Src/animations.o
 .debug_macro   0x0000000000010c98      0x1cb Core/Src/animations.o
 .debug_macro   0x0000000000010e63      0x114 Core/Src/animations.o
 .debug_macro   0x0000000000010f77      0x1b2 Core/Src/animations.o
 .debug_macro   0x0000000000011129       0x27 Core/Src/animations.o
 .debug_macro   0x0000000000011150      0x136 Core/Src/animations.o
 .debug_macro   0x0000000000011286      0x1bc Core/Src/animations.o
 .debug_macro   0x0000000000011442       0x34 Core/Src/animations.o
 .debug_macro   0x0000000000011476       0x3c Core/Src/animations.o
 .debug_macro   0x00000000000114b2       0x57 Core/Src/animations.o
 .debug_macro   0x0000000000011509       0x88 Core/Src/animations.o
 .debug_macro   0x0000000000011591      0x241 Core/Src/animations.o
 .debug_macro   0x00000000000117d2      0x280 Core/Src/animations.o
 .debug_macro   0x0000000000011a52      0x141 Core/Src/animations.o
 .debug_macro   0x0000000000011b93      0x1ef Core/Src/animations.o
 .debug_macro   0x0000000000011d82       0xec Core/Src/animations.o
 .debug_macro   0x0000000000011e6e      0x217 Core/Src/animations.o
 .debug_macro   0x0000000000012085      0x88b Core/Src/animations.o
 .debug_macro   0x0000000000012910      0x26b Core/Src/animations.o
 .debug_macro   0x0000000000012b7b       0x83 Core/Src/animations.o
 .debug_macro   0x0000000000012bfe       0x76 Core/Src/array_8x8.o
 .debug_macro   0x0000000000012c74       0x7c Core/Src/bool_mask.o
 .debug_macro   0x0000000000012cf0      0x369 Core/Src/lcd20x4_i2c.o
 .debug_macro   0x0000000000013059       0x46 Core/Src/lcd20x4_i2c.o
 .debug_macro   0x000000000001309f       0x18 Core/Src/lcd20x4_i2c.o
 .debug_macro   0x00000000000130b7       0x3c Core/Src/lcd20x4_i2c.o
 .debug_macro   0x00000000000130f3       0x34 Core/Src/lcd20x4_i2c.o
 .debug_macro   0x0000000000013127       0x16 Core/Src/lcd20x4_i2c.o
 .debug_macro   0x000000000001313d       0x97 Core/Src/lcd20x4_i2c.o
 .debug_macro   0x00000000000131d4      0x330 Core/Src/lcd20x4_i2c.o
 .debug_macro   0x0000000000013504       0xfd Core/Src/lcd20x4_i2c.o
 .debug_macro   0x0000000000013601       0x10 Core/Src/lcd20x4_i2c.o
 .debug_macro   0x0000000000013611       0x52 Core/Src/lcd20x4_i2c.o
 .debug_macro   0x0000000000013663       0x1f Core/Src/lcd20x4_i2c.o
 .debug_macro   0x0000000000013682       0x43 Core/Src/lcd20x4_i2c.o
 .debug_macro   0x00000000000136c5       0x20 Core/Src/lcd20x4_i2c.o
 .debug_macro   0x00000000000136e5      0x1a3 Core/Src/lcd20x4_i2c.o
 .debug_macro   0x0000000000013888       0x10 Core/Src/lcd20x4_i2c.o
 .debug_macro   0x0000000000013898       0x1c Core/Src/lcd20x4_i2c.o
 .debug_macro   0x00000000000138b4       0x52 Core/Src/lcd20x4_i2c.o
 .debug_macro   0x0000000000013906       0x40 Core/Src/lcd20x4_i2c.o
 .debug_macro   0x0000000000013946       0x10 Core/Src/lcd20x4_i2c.o
 .debug_macro   0x0000000000013956       0x40 Core/Src/lcd20x4_i2c.o
 .debug_macro   0x0000000000013996       0xd7 Core/Src/lcd20x4_i2c.o
 .debug_macro   0x0000000000013a6d       0x1c Core/Src/lcd20x4_i2c.o
 .debug_macro   0x0000000000013a89       0x3d Core/Src/lcd20x4_i2c.o
 .debug_macro   0x0000000000013ac6       0x16 Core/Src/lcd20x4_i2c.o
 .debug_macro   0x0000000000013adc      0x145 Core/Src/lcd20x4_i2c.o
 .debug_macro   0x0000000000013c21       0x16 Core/Src/lcd20x4_i2c.o
 .debug_macro   0x0000000000013c37       0x35 Core/Src/lcd20x4_i2c.o
 .debug_macro   0x0000000000013c6c       0x20 Core/Src/lcd20x4_i2c.o
 .debug_macro   0x0000000000013c8c       0x4c Core/Src/lcd20x4_i2c.o
 .debug_macro   0x0000000000013cd8       0xbd Core/Src/lcd20x4_i2c.o
 .debug_macro   0x0000000000013d95       0x54 Core/Src/lcd20x4_i2c.o
 .debug_macro   0x0000000000013de9       0x94 Core/Src/lcd20x4_i2c.o
 .debug_macro   0x0000000000013e7d       0x89 Core/Src/lyrframe.o
 .debug_macro   0x0000000000013f06      0x3d3 Core/Src/main.o
 .debug_macro   0x00000000000142d9      0x196 Core/Src/main.o
 .debug_macro   0x000000000001446f      0x32a Core/Src/main.o
 .debug_macro   0x0000000000014799       0x8e Core/Src/main.o
 .debug_macro   0x0000000000014827       0x10 Core/Src/main.o
 .debug_macro   0x0000000000014837       0x10 Core/Src/main.o
 .debug_macro   0x0000000000014847      0x11e Core/Src/main.o
 .debug_macro   0x0000000000014965      0x393 Core/Src/menu_system.o
 .debug_macro   0x0000000000014cf8      0x190 Core/Src/menu_system.o
 .debug_macro   0x0000000000014e88      0x1d1 Core/Src/mpr121.o
 .debug_macro   0x0000000000015059       0x6d Core/Src/rng.o
 .debug_macro   0x00000000000150c6      0x1d1 Core/Src/stm32f1xx_hal_msp.o
 .debug_macro   0x0000000000015297      0x118 Core/Src/stm32f1xx_hal_msp.o
 .debug_macro   0x00000000000153af      0x1db Core/Src/stm32f1xx_it.o
 .debug_macro   0x000000000001558a       0xee Core/Src/sysmem.o
 .debug_macro   0x0000000000015678      0x23b Core/Src/sysmem.o
 .debug_macro   0x00000000000158b3      0x1c8 Core/Src/system_stm32f1xx.o
 .debug_macro   0x0000000000015a7b      0x2ae Core/Src/tlc5940.o
 .debug_macro   0x0000000000015d29       0x10 Core/Src/tlc5940.o
 .debug_macro   0x0000000000015d39      0x1e6 Drivers/STM32F1xx_HAL_Driver/Src/stm32f1xx_hal.o
 .debug_macro   0x0000000000015f1f      0x1c2 Drivers/STM32F1xx_HAL_Driver/Src/stm32f1xx_hal_cortex.o
 .debug_macro   0x00000000000160e1      0x22d Drivers/STM32F1xx_HAL_Driver/Src/stm32f1xx_hal_gpio.o
 .debug_macro   0x000000000001630e      0x202 Drivers/STM32F1xx_HAL_Driver/Src/stm32f1xx_hal_i2c.o
 .debug_macro   0x0000000000016510      0x222 Drivers/STM32F1xx_HAL_Driver/Src/stm32f1xx_hal_pwr.o
 .debug_macro   0x0000000000016732      0x1d4 Drivers/STM32F1xx_HAL_Driver/Src/stm32f1xx_hal_rcc.o
 .debug_macro   0x0000000000016906      0x1c2 Drivers/STM32F1xx_HAL_Driver/Src/stm32f1xx_hal_rcc_ex.o
 .debug_macro   0x0000000000016ac8      0x1d1 Drivers/STM32F1xx_HAL_Driver/Src/stm32f1xx_hal_rtc.o
 .debug_macro   0x0000000000016c99      0x1ca Drivers/STM32F1xx_HAL_Driver/Src/stm32f1xx_hal_spi.o
 .debug_macro   0x0000000000016e63      0x1c3 Drivers/STM32F1xx_HAL_Driver/Src/stm32f1xx_hal_tim.o
 .debug_macro   0x0000000000017026      0x1c2 Drivers/STM32F1xx_HAL_Driver/Src/stm32f1xx_hal_tim_ex.o
 .debug_macro   0x00000000000171e8      0x1c3 Drivers/STM32F1xx_HAL_Driver/Src/stm32f1xx_hal_uart.o

.debug_line     0x0000000000000000    0x10a78
 .debug_line    0x0000000000000000      0xb96 Core/Src/animations.o
 .debug_line    0x0000000000000b96      0x75f Core/Src/array_8x8.o
 .debug_line    0x00000000000012f5      0x4f6 Core/Src/bool_mask.o
 .debug_line    0x00000000000017eb      0xa31 Core/Src/lcd20x4_i2c.o
 .debug_line    0x000000000000221c      0x523 Core/Src/lyrframe.o
 .debug_line    0x000000000000273f      0xba8 Core/Src/main.o
 .debug_line    0x00000000000032e7      0xafd Core/Src/menu_system.o
 .debug_line    0x0000000000003de4      0x7cc Core/Src/mpr121.o
 .debug_line    0x00000000000045b0      0x398 Core/Src/rng.o
 .debug_line    0x0000000000004948      0x7c0 Core/Src/stm32f1xx_hal_msp.o
 .debug_line    0x0000000000005108      0x76f Core/Src/stm32f1xx_it.o
 .debug_line    0x0000000000005877      0x4c7 Core/Src/sysmem.o
 .debug_line    0x0000000000005d3e      0x6c6 Core/Src/system_stm32f1xx.o
 .debug_line    0x0000000000006404      0x986 Core/Src/tlc5940.o
 .debug_line    0x0000000000006d8a       0x84 Core/Startup/startup_stm32f103c8tx.o
 .debug_line    0x0000000000006e0e      0x86e Drivers/STM32F1xx_HAL_Driver/Src/stm32f1xx_hal.o
 .debug_line    0x000000000000767c      0x947 Drivers/STM32F1xx_HAL_Driver/Src/stm32f1xx_hal_cortex.o
 .debug_line    0x0000000000007fc3      0x86e Drivers/STM32F1xx_HAL_Driver/Src/stm32f1xx_hal_gpio.o
 .debug_line    0x0000000000008831     0x1b31 Drivers/STM32F1xx_HAL_Driver/Src/stm32f1xx_hal_i2c.o
 .debug_line    0x000000000000a362      0x813 Drivers/STM32F1xx_HAL_Driver/Src/stm32f1xx_hal_pwr.o
 .debug_line    0x000000000000ab75      0x930 Drivers/STM32F1xx_HAL_Driver/Src/stm32f1xx_hal_rcc.o
 .debug_line    0x000000000000b4a5      0x74e Drivers/STM32F1xx_HAL_Driver/Src/stm32f1xx_hal_rcc_ex.o
 .debug_line    0x000000000000bbf3      0xb1b Drivers/STM32F1xx_HAL_Driver/Src/stm32f1xx_hal_rtc.o
 .debug_line    0x000000000000c70e     0x103c Drivers/STM32F1xx_HAL_Driver/Src/stm32f1xx_hal_spi.o
 .debug_line    0x000000000000d74a     0x1734 Drivers/STM32F1xx_HAL_Driver/Src/stm32f1xx_hal_tim.o
 .debug_line    0x000000000000ee7e      0xc81 Drivers/STM32F1xx_HAL_Driver/Src/stm32f1xx_hal_tim_ex.o
 .debug_line    0x000000000000faff      0xf79 Drivers/STM32F1xx_HAL_Driver/Src/stm32f1xx_hal_uart.o

.debug_str      0x0000000000000000    0x7a1bf
 .debug_str     0x0000000000000000    0x6f2e2 Core/Src/animations.o
                                      0x6f5ec (size before relaxing)
 .debug_str     0x000000000006f2e2      0x270 Core/Src/array_8x8.o
                                       0x3f56 (size before relaxing)
 .debug_str     0x000000000006f552       0xeb Core/Src/bool_mask.o
                                       0x3dc5 (size before relaxing)
 .debug_str     0x000000000006f63d     0x49d0 Core/Src/lcd20x4_i2c.o
                                      0x73b22 (size before relaxing)
 .debug_str     0x000000000007400d      0x152 Core/Src/lyrframe.o
                                       0x3f82 (size before relaxing)
 .debug_str     0x000000000007415f     0x17b6 Core/Src/main.o
                                      0x75450 (size before relaxing)
 .debug_str     0x0000000000075915      0x1d7 Core/Src/menu_system.o
                                      0x7420f (size before relaxing)
 .debug_str     0x0000000000075aec       0xb7 Core/Src/mpr121.o
                                      0x6f86f (size before relaxing)
 .debug_str     0x0000000000075ba3       0x34 Core/Src/rng.o
                                       0x3c1e (size before relaxing)
 .debug_str     0x0000000000075bd7      0x166 Core/Src/stm32f1xx_hal_msp.o
                                      0x703c7 (size before relaxing)
 .debug_str     0x0000000000075d3d       0xe1 Core/Src/stm32f1xx_it.o
                                      0x6f90e (size before relaxing)
 .debug_str     0x0000000000075e1e      0x4e9 Core/Src/sysmem.o
                                       0x5f45 (size before relaxing)
 .debug_str     0x0000000000076307       0xb7 Core/Src/system_stm32f1xx.o
                                      0x6f0d6 (size before relaxing)
 .debug_str     0x00000000000763be      0x163 Core/Src/tlc5940.o
                                      0x725e5 (size before relaxing)
 .debug_str     0x0000000000076521       0x36 Core/Startup/startup_stm32f103c8tx.o
                                         0x75 (size before relaxing)
 .debug_str     0x0000000000076557      0x3c5 Drivers/STM32F1xx_HAL_Driver/Src/stm32f1xx_hal.o
                                      0x6f6e7 (size before relaxing)
 .debug_str     0x000000000007691c      0x2c8 Drivers/STM32F1xx_HAL_Driver/Src/stm32f1xx_hal_cortex.o
                                      0x6f6f5 (size before relaxing)
 .debug_str     0x0000000000076be4      0x304 Drivers/STM32F1xx_HAL_Driver/Src/stm32f1xx_hal_gpio.o
                                      0x6f420 (size before relaxing)
 .debug_str     0x0000000000076ee8      0xb6d Drivers/STM32F1xx_HAL_Driver/Src/stm32f1xx_hal_i2c.o
                                      0x7004c (size before relaxing)