main.c:112:5:main	3448	static
main.c:259:6:SystemClock_Config	88	static
main.c:301:13:MX_I2C1_Init	8	static
main.c:335:13:MX_RTC_Init	8	static
main.c:365:13:MX_SPI1_Init	8	static
main.c:403:13:MX_TIM1_Init	80	static
main.c:467:13:MX_TIM2_Init	48	static
main.c:516:13:MX_USART1_UART_Init	8	static
main.c:549:13:MX_GPIO_Init	40	static
main.c:607:6:HAL_GPIO_EXTI_Callback	104	static
main.c:618:6:HAL_TIM_PeriodElapsedCallback	24	static
main.c:648:6:previous_lyr_off	16	static
main.c:660:10:current_lyr_on	16	static
main.c:681:6:Error_Handler	4	static
