menu_system.c:47:14:MenuScrollUp	272	static
menu_system.c:62:14:MenuScrollDown	272	static
menu_system.c:78:6:MenuDisplayUpdate	32	static
menu_system.c:108:6:MenuStrCpy	32	static
menu_system.c:119:6:MenuSetRowText	32	static
menu_system.c:134:6:MainMenuInit	16	static
menu_system.c:158:14:AnimationMenuInit	16	static
menu_system.c:195:14:PinMappingMenuInit	24	static
menu_system.c:228:14:ActiveAnimationMenuInit	16	static
menu_system.c:255:14:MenuButtonPressed	280	static
menu_system.c:306:6:MenuSystemInit	8	static
menu_system.c:356:6:Menu_Printf	96	static
menu_system.c:367:10:Menu_Read_MPR121	568	static
