14:24:15 **** Build of configuration Debug for project l3dcube ****
make all 
Building file: ../startup/startup_stm32f103xb.s
Invoking: MCU GCC Assembler
C:\Users\jmichael\OneDrive - Itron\Documents\8x8x8_RGB_LED_CUBE_MOTHERBOARD_FW\2020-05-12 STM32CubeMX\Debug
arm-none-eabi-as -mcpu=cortex-m3 -mthumb -mfloat-abi=soft -g -o "startup/startup_stm32f103xb.o" "../startup/startup_stm32f103xb.s"
Finished building: ../startup/startup_stm32f103xb.s
 
Building file: ../Src/main.c
Invoking: MCU GCC Compiler
C:\Users\jmichael\OneDrive - Itron\Documents\8x8x8_RGB_LED_CUBE_MOTHERBOARD_FW\2020-05-12 STM32CubeMX\Debug
arm-none-eabi-gcc -mcpu=cortex-m3 -mthumb -mfloat-abi=soft -DUSE_HAL_DRIVER -DSTM32F103xB -I"C:/Users/jmichael/OneDrive - Itron/Documents/8x8x8_RGB_LED_CUBE_MOTHERBOARD_FW/2020-05-12 STM32CubeMX/Inc" -I"C:/Users/jmichael/OneDrive - Itron/Documents/8x8x8_RGB_LED_CUBE_MOTHERBOARD_FW/2020-05-12 STM32CubeMX/Drivers/STM32F1xx_HAL_Driver/Inc" -I"C:/Users/jmichael/OneDrive - Itron/Documents/8x8x8_RGB_LED_CUBE_MOTHERBOARD_FW/2020-05-12 STM32CubeMX/Drivers/STM32F1xx_HAL_Driver/Inc/Legacy" -I"C:/Users/jmichael/OneDrive - Itron/Documents/8x8x8_RGB_LED_CUBE_MOTHERBOARD_FW/2020-05-12 STM32CubeMX/Drivers/CMSIS/Device/ST/STM32F1xx/Include" -I"C:/Users/jmichael/OneDrive - Itron/Documents/8x8x8_RGB_LED_CUBE_MOTHERBOARD_FW/2020-05-12 STM32CubeMX/Drivers/CMSIS/Include"  -Og -g3 -Wall -fmessage-length=0 -ffunction-sections -c -fmessage-length=0 -MMD -MP -MF"Src/main.d" -MT"Src/main.o" -o "Src/main.o" "../Src/main.c"
Finished building: ../Src/main.c
 
Building file: ../Src/stm32f1xx_hal_msp.c
Invoking: MCU GCC Compiler
C:\Users\jmichael\OneDrive - Itron\Documents\8x8x8_RGB_LED_CUBE_MOTHERBOARD_FW\2020-05-12 STM32CubeMX\Debug
arm-none-eabi-gcc -mcpu=cortex-m3 -mthumb -mfloat-abi=soft -DUSE_HAL_DRIVER -DSTM32F103xB -I"C:/Users/jmichael/OneDrive - Itron/Documents/8x8x8_RGB_LED_CUBE_MOTHERBOARD_FW/2020-05-12 STM32CubeMX/Inc" -I"C:/Users/jmichael/OneDrive - Itron/Documents/8x8x8_RGB_LED_CUBE_MOTHERBOARD_FW/2020-05-12 STM32CubeMX/Drivers/STM32F1xx_HAL_Driver/Inc" -I"C:/Users/jmichael/OneDrive - Itron/Documents/8x8x8_RGB_LED_CUBE_MOTHERBOARD_FW/2020-05-12 STM32CubeMX/Drivers/STM32F1xx_HAL_Driver/Inc/Legacy" -I"C:/Users/jmichael/OneDrive - Itron/Documents/8x8x8_RGB_LED_CUBE_MOTHERBOARD_FW/2020-05-12 STM32CubeMX/Drivers/CMSIS/Device/ST/STM32F1xx/Include" -I"C:/Users/jmichael/OneDrive - Itron/Documents/8x8x8_RGB_LED_CUBE_MOTHERBOARD_FW/2020-05-12 STM32CubeMX/Drivers/CMSIS/Include"  -Og -g3 -Wall -fmessage-length=0 -ffunction-sections -c -fmessage-length=0 -MMD -MP -MF"Src/stm32f1xx_hal_msp.d" -MT"Src/stm32f1xx_hal_msp.o" -o "Src/stm32f1xx_hal_msp.o" "../Src/stm32f1xx_hal_msp.c"
Finished building: ../Src/stm32f1xx_hal_msp.c
 
Building file: ../Src/stm32f1xx_it.c
Invoking: MCU GCC Compiler
C:\Users\jmichael\OneDrive - Itron\Documents\8x8x8_RGB_LED_CUBE_MOTHERBOARD_FW\2020-05-12 STM32CubeMX\Debug
arm-none-eabi-gcc -mcpu=cortex-m3 -mthumb -mfloat-abi=soft -DUSE_HAL_DRIVER -DSTM32F103xB -I"C:/Users/jmichael/OneDrive - Itron/Documents/8x8x8_RGB_LED_CUBE_MOTHERBOARD_FW/2020-05-12 STM32CubeMX/Inc" -I"C:/Users/jmichael/OneDrive - Itron/Documents/8x8x8_RGB_LED_CUBE_MOTHERBOARD_FW/2020-05-12 STM32CubeMX/Drivers/STM32F1xx_HAL_Driver/Inc" -I"C:/Users/jmichael/OneDrive - Itron/Documents/8x8x8_RGB_LED_CUBE_MOTHERBOARD_FW/2020-05-12 STM32CubeMX/Drivers/STM32F1xx_HAL_Driver/Inc/Legacy" -I"C:/Users/jmichael/OneDrive - Itron/Documents/8x8x8_RGB_LED_CUBE_MOTHERBOARD_FW/2020-05-12 STM32CubeMX/Drivers/CMSIS/Device/ST/STM32F1xx/Include" -I"C:/Users/jmichael/OneDrive - Itron/Documents/8x8x8_RGB_LED_CUBE_MOTHERBOARD_FW/2020-05-12 STM32CubeMX/Drivers/CMSIS/Include"  -Og -g3 -Wall -fmessage-length=0 -ffunction-sections -c -fmessage-length=0 -MMD -MP -MF"Src/stm32f1xx_it.d" -MT"Src/stm32f1xx_it.o" -o "Src/stm32f1xx_it.o" "../Src/stm32f1xx_it.c"
Finished building: ../Src/stm32f1xx_it.c
 
Building file: ../Src/syscalls.c
Invoking: MCU GCC Compiler
C:\Users\jmichael\OneDrive - Itron\Documents\8x8x8_RGB_LED_CUBE_MOTHERBOARD_FW\2020-05-12 STM32CubeMX\Debug
arm-none-eabi-gcc -mcpu=cortex-m3 -mthumb -mfloat-abi=soft -DUSE_HAL_DRIVER -DSTM32F103xB -I"C:/Users/jmichael/OneDrive - Itron/Documents/8x8x8_RGB_LED_CUBE_MOTHERBOARD_FW/2020-05-12 STM32CubeMX/Inc" -I"C:/Users/jmichael/OneDrive - Itron/Documents/8x8x8_RGB_LED_CUBE_MOTHERBOARD_FW/2020-05-12 STM32CubeMX/Drivers/STM32F1xx_HAL_Driver/Inc" -I"C:/Users/jmichael/OneDrive - Itron/Documents/8x8x8_RGB_LED_CUBE_MOTHERBOARD_FW/2020-05-12 STM32CubeMX/Drivers/STM32F1xx_HAL_Driver/Inc/Legacy" -I"C:/Users/jmichael/OneDrive - Itron/Documents/8x8x8_RGB_LED_CUBE_MOTHERBOARD_FW/2020-05-12 STM32CubeMX/Drivers/CMSIS/Device/ST/STM32F1xx/Include" -I"C:/Users/jmichael/OneDrive - Itron/Documents/8x8x8_RGB_LED_CUBE_MOTHERBOARD_FW/2020-05-12 STM32CubeMX/Drivers/CMSIS/Include"  -Og -g3 -Wall -fmessage-length=0 -ffunction-sections -c -fmessage-length=0 -MMD -MP -MF"Src/syscalls.d" -MT"Src/syscalls.o" -o "Src/syscalls.o" "../Src/syscalls.c"
Finished building: ../Src/syscalls.c
 
Building file: ../Src/system_stm32f1xx.c
Invoking: MCU GCC Compiler
C:\Users\jmichael\OneDrive - Itron\Documents\8x8x8_RGB_LED_CUBE_MOTHERBOARD_FW\2020-05-12 STM32CubeMX\Debug
arm-none-eabi-gcc -mcpu=cortex-m3 -mthumb -mfloat-abi=soft -DUSE_HAL_DRIVER -DSTM32F103xB -I"C:/Users/jmichael/OneDrive - Itron/Documents/8x8x8_RGB_LED_CUBE_MOTHERBOARD_FW/2020-05-12 STM32CubeMX/Inc" -I"C:/Users/jmichael/OneDrive - Itron/Documents/8x8x8_RGB_LED_CUBE_MOTHERBOARD_FW/2020-05-12 STM32CubeMX/Drivers/STM32F1xx_HAL_Driver/Inc" -I"C:/Users/jmichael/OneDrive - Itron/Documents/8x8x8_RGB_LED_CUBE_MOTHERBOARD_FW/2020-05-12 STM32CubeMX/Drivers/STM32F1xx_HAL_Driver/Inc/Legacy" -I"C:/Users/jmichael/OneDrive - Itron/Documents/8x8x8_RGB_LED_CUBE_MOTHERBOARD_FW/2020-05-12 STM32CubeMX/Drivers/CMSIS/Device/ST/STM32F1xx/Include" -I"C:/Users/jmichael/OneDrive - Itron/Documents/8x8x8_RGB_LED_CUBE_MOTHERBOARD_FW/2020-05-12 STM32CubeMX/Drivers/CMSIS/Include"  -Og -g3 -Wall -fmessage-length=0 -ffunction-sections -c -fmessage-length=0 -MMD -MP -MF"Src/system_stm32f1xx.d" -MT"Src/system_stm32f1xx.o" -o "Src/system_stm32f1xx.o" "../Src/system_stm32f1xx.c"
Finished building: ../Src/system_stm32f1xx.c
 
Building file: ../Drivers/STM32F1xx_HAL_Driver/Src/stm32f1xx_hal.c
Invoking: MCU GCC Compiler
C:\Users\jmichael\OneDrive - Itron\Documents\8x8x8_RGB_LED_CUBE_MOTHERBOARD_FW\2020-05-12 STM32CubeMX\Debug
arm-none-eabi-gcc -mcpu=cortex-m3 -mthumb -mfloat-abi=soft -DUSE_HAL_DRIVER -DSTM32F103xB -I"C:/Users/jmichael/OneDrive - Itron/Documents/8x8x8_RGB_LED_CUBE_MOTHERBOARD_FW/2020-05-12 STM32CubeMX/Inc" -I"C:/Users/jmichael/OneDrive - Itron/Documents/8x8x8_RGB_LED_CUBE_MOTHERBOARD_FW/2020-05-12 STM32CubeMX/Drivers/STM32F1xx_HAL_Driver/Inc" -I"C:/Users/jmichael/OneDrive - Itron/Documents/8x8x8_RGB_LED_CUBE_MOTHERBOARD_FW/2020-05-12 STM32CubeMX/Drivers/STM32F1xx_HAL_Driver/Inc/Legacy" -I"C:/Users/jmichael/OneDrive - Itron/Documents/8x8x8_RGB_LED_CUBE_MOTHERBOARD_FW/2020-05-12 STM32CubeMX/Drivers/CMSIS/Device/ST/STM32F1xx/Include" -I"C:/Users/jmichael/OneDrive - Itron/Documents/8x8x8_RGB_LED_CUBE_MOTHERBOARD_FW/2020-05-12 STM32CubeMX/Drivers/CMSIS/Include"  -Og -g3 -Wall -fmessage-length=0 -ffunction-sections -c -fmessage-length=0 -MMD -MP -MF"Drivers/STM32F1xx_HAL_Driver/Src/stm32f1xx_hal.d" -MT"Drivers/STM32F1xx_HAL_Driver/Src/stm32f1xx_hal.o" -o "Drivers/STM32F1xx_HAL_Driver/Src/stm32f1xx_hal.o" "../Drivers/STM32F1xx_HAL_Driver/Src/stm32f1xx_hal.c"
Finished building: ../Drivers/STM32F1xx_HAL_Driver/Src/stm32f1xx_hal.c
 
Building file: ../Drivers/STM32F1xx_HAL_Driver/Src/stm32f1xx_hal_cortex.c
Invoking: MCU GCC Compiler
C:\Users\jmichael\OneDrive - Itron\Documents\8x8x8_RGB_LED_CUBE_MOTHERBOARD_FW\2020-05-12 STM32CubeMX\Debug
arm-none-eabi-gcc -mcpu=cortex-m3 -mthumb -mfloat-abi=soft -DUSE_HAL_DRIVER -DSTM32F103xB -I"C:/Users/jmichael/OneDrive - Itron/Documents/8x8x8_RGB_LED_CUBE_MOTHERBOARD_FW/2020-05-12 STM32CubeMX/Inc" -I"C:/Users/jmichael/OneDrive - Itron/Documents/8x8x8_RGB_LED_CUBE_MOTHERBOARD_FW/2020-05-12 STM32CubeMX/Drivers/STM32F1xx_HAL_Driver/Inc" -I"C:/Users/jmichael/OneDrive - Itron/Documents/8x8x8_RGB_LED_CUBE_MOTHERBOARD_FW/2020-05-12 STM32CubeMX/Drivers/STM32F1xx_HAL_Driver/Inc/Legacy" -I"C:/Users/jmichael/OneDrive - Itron/Documents/8x8x8_RGB_LED_CUBE_MOTHERBOARD_FW/2020-05-12 STM32CubeMX/Drivers/CMSIS/Device/ST/STM32F1xx/Include" -I"C:/Users/jmichael/OneDrive - Itron/Documents/8x8x8_RGB_LED_CUBE_MOTHERBOARD_FW/2020-05-12 STM32CubeMX/Drivers/CMSIS/Include"  -Og -g3 -Wall -fmessage-length=0 -ffunction-sections -c -fmessage-length=0 -MMD -MP -MF"Drivers/STM32F1xx_HAL_Driver/Src/stm32f1xx_hal_cortex.d" -MT"Drivers/STM32F1xx_HAL_Driver/Src/stm32f1xx_hal_cortex.o" -o "Drivers/STM32F1xx_HAL_Driver/Src/stm32f1xx_hal_cortex.o" "../Drivers/STM32F1xx_HAL_Driver/Src/stm32f1xx_hal_cortex.c"
Finished building: ../Drivers/STM32F1xx_HAL_Driver/Src/stm32f1xx_hal_cortex.c
 
Building file: ../Drivers/STM32F1xx_HAL_Driver/Src/stm32f1xx_hal_dma.c
Invoking: MCU GCC Compiler
C:\Users\jmichael\OneDrive - Itron\Documents\8x8x8_RGB_LED_CUBE_MOTHERBOARD_FW\2020-05-12 STM32CubeMX\Debug
arm-none-eabi-gcc -mcpu=cortex-m3 -mthumb -mfloat-abi=soft -DUSE_HAL_DRIVER -DSTM32F103xB -I"C:/Users/jmichael/OneDrive - Itron/Documents/8x8x8_RGB_LED_CUBE_MOTHERBOARD_FW/2020-05-12 STM32CubeMX/Inc" -I"C:/Users/jmichael/OneDrive - Itron/Documents/8x8x8_RGB_LED_CUBE_MOTHERBOARD_FW/2020-05-12 STM32CubeMX/Drivers/STM32F1xx_HAL_Driver/Inc" -I"C:/Users/jmichael/OneDrive - Itron/Documents/8x8x8_RGB_LED_CUBE_MOTHERBOARD_FW/2020-05-12 STM32CubeMX/Drivers/STM32F1xx_HAL_Driver/Inc/Legacy" -I"C:/Users/jmichael/OneDrive - Itron/Documents/8x8x8_RGB_LED_CUBE_MOTHERBOARD_FW/2020-05-12 STM32CubeMX/Drivers/CMSIS/Device/ST/STM32F1xx/Include" -I"C:/Users/jmichael/OneDrive - Itron/Documents/8x8x8_RGB_LED_CUBE_MOTHERBOARD_FW/2020-05-12 STM32CubeMX/Drivers/CMSIS/Include"  -Og -g3 -Wall -fmessage-length=0 -ffunction-sections -c -fmessage-length=0 -MMD -MP -MF"Drivers/STM32F1xx_HAL_Driver/Src/stm32f1xx_hal_dma.d" -MT"Drivers/STM32F1xx_HAL_Driver/Src/stm32f1xx_hal_dma.o" -o "Drivers/STM32F1xx_HAL_Driver/Src/stm32f1xx_hal_dma.o" "../Drivers/STM32F1xx_HAL_Driver/Src/stm32f1xx_hal_dma.c"
Finished building: ../Drivers/STM32F1xx_HAL_Driver/Src/stm32f1xx_hal_dma.c
 
Building file: ../Drivers/STM32F1xx_HAL_Driver/Src/stm32f1xx_hal_exti.c
Invoking: MCU GCC Compiler
C:\Users\jmichael\OneDrive - Itron\Documents\8x8x8_RGB_LED_CUBE_MOTHERBOARD_FW\2020-05-12 STM32CubeMX\Debug
arm-none-eabi-gcc -mcpu=cortex-m3 -mthumb -mfloat-abi=soft -DUSE_HAL_DRIVER -DSTM32F103xB -I"C:/Users/jmichael/OneDrive - Itron/Documents/8x8x8_RGB_LED_CUBE_MOTHERBOARD_FW/2020-05-12 STM32CubeMX/Inc" -I"C:/Users/jmichael/OneDrive - Itron/Documents/8x8x8_RGB_LED_CUBE_MOTHERBOARD_FW/2020-05-12 STM32CubeMX/Drivers/STM32F1xx_HAL_Driver/Inc" -I"C:/Users/jmichael/OneDrive - Itron/Documents/8x8x8_RGB_LED_CUBE_MOTHERBOARD_FW/2020-05-12 STM32CubeMX/Drivers/STM32F1xx_HAL_Driver/Inc/Legacy" -I"C:/Users/jmichael/OneDrive - Itron/Documents/8x8x8_RGB_LED_CUBE_MOTHERBOARD_FW/2020-05-12 STM32CubeMX/Drivers/CMSIS/Device/ST/STM32F1xx/Include" -I"C:/Users/jmichael/OneDrive - Itron/Documents/8x8x8_RGB_LED_CUBE_MOTHERBOARD_FW/2020-05-12 STM32CubeMX/Drivers/CMSIS/Include"  -Og -g3 -Wall -fmessage-length=0 -ffunction-sections -c -fmessage-length=0 -MMD -MP -MF"Drivers/STM32F1xx_HAL_Driver/Src/stm32f1xx_hal_exti.d" -MT"Drivers/STM32F1xx_HAL_Driver/Src/stm32f1xx_hal_exti.o" -o "Drivers/STM32F1xx_HAL_Driver/Src/stm32f1xx_hal_exti.o" "../Drivers/STM32F1xx_HAL_Driver/Src/stm32f1xx_hal_exti.c"
Finished building: ../Drivers/STM32F1xx_HAL_Driver/Src/stm32f1xx_hal_exti.c
 
Building file: ../Drivers/STM32F1xx_HAL_Driver/Src/stm32f1xx_hal_flash.c
Invoking: MCU GCC Compiler
C:\Users\jmichael\OneDrive - Itron\Documents\8x8x8_RGB_LED_CUBE_MOTHERBOARD_FW\2020-05-12 STM32CubeMX\Debug
arm-none-eabi-gcc -mcpu=cortex-m3 -mthumb -mfloat-abi=soft -DUSE_HAL_DRIVER -DSTM32F103xB -I"C:/Users/jmichael/OneDrive - Itron/Documents/8x8x8_RGB_LED_CUBE_MOTHERBOARD_FW/2020-05-12 STM32CubeMX/Inc" -I"C:/Users/jmichael/OneDrive - Itron/Documents/8x8x8_RGB_LED_CUBE_MOTHERBOARD_FW/2020-05-12 STM32CubeMX/Drivers/STM32F1xx_HAL_Driver/Inc" -I"C:/Users/jmichael/OneDrive - Itron/Documents/8x8x8_RGB_LED_CUBE_MOTHERBOARD_FW/2020-05-12 STM32CubeMX/Drivers/STM32F1xx_HAL_Driver/Inc/Legacy" -I"C:/Users/jmichael/OneDrive - Itron/Documents/8x8x8_RGB_LED_CUBE_MOTHERBOARD_FW/2020-05-12 STM32CubeMX/Drivers/CMSIS/Device/ST/STM32F1xx/Include" -I"C:/Users/jmichael/OneDrive - Itron/Documents/8x8x8_RGB_LED_CUBE_MOTHERBOARD_FW/2020-05-12 STM32CubeMX/Drivers/CMSIS/Include"  -Og -g3 -Wall -fmessage-length=0 -ffunction-sections -c -fmessage-length=0 -MMD -MP -MF"Drivers/STM32F1xx_HAL_Driver/Src/stm32f1xx_hal_flash.d" -MT"Drivers/STM32F1xx_HAL_Driver/Src/stm32f1xx_hal_flash.o" -o "Drivers/STM32F1xx_HAL_Driver/Src/stm32f1xx_hal_flash.o" "../Drivers/STM32F1xx_HAL_Driver/Src/stm32f1xx_hal_flash.c"
Finished building: ../Drivers/STM32F1xx_HAL_Driver/Src/stm32f1xx_hal_flash.c
 
Building file: ../Drivers/STM32F1xx_HAL_Driver/Src/stm32f1xx_hal_flash_ex.c
Invoking: MCU GCC Compiler
C:\Users\jmichael\OneDrive - Itron\Documents\8x8x8_RGB_LED_CUBE_MOTHERBOARD_FW\2020-05-12 STM32CubeMX\Debug
arm-none-eabi-gcc -mcpu=cortex-m3 -mthumb -mfloat-abi=soft -DUSE_HAL_DRIVER -DSTM32F103xB -I"C:/Users/jmichael/OneDrive - Itron/Documents/8x8x8_RGB_LED_CUBE_MOTHERBOARD_FW/2020-05-12 STM32CubeMX/Inc" -I"C:/Users/jmichael/OneDrive - Itron/Documents/8x8x8_RGB_LED_CUBE_MOTHERBOARD_FW/2020-05-12 STM32CubeMX/Drivers/STM32F1xx_HAL_Driver/Inc" -I"C:/Users/jmichael/OneDrive - Itron/Documents/8x8x8_RGB_LED_CUBE_MOTHERBOARD_FW/2020-05-12 STM32CubeMX/Drivers/STM32F1xx_HAL_Driver/Inc/Legacy" -I"C:/Users/jmichael/OneDrive - Itron/Documents/8x8x8_RGB_LED_CUBE_MOTHERBOARD_FW/2020-05-12 STM32CubeMX/Drivers/CMSIS/Device/ST/STM32F1xx/Include" -I"C:/Users/jmichael/OneDrive - Itron/Documents/8x8x8_RGB_LED_CUBE_MOTHERBOARD_FW/2020-05-12 STM32CubeMX/Drivers/CMSIS/Include"  -Og -g3 -Wall -fmessage-length=0 -ffunction-sections -c -fmessage-length=0 -MMD -MP -MF"Drivers/STM32F1xx_HAL_Driver/Src/stm32f1xx_hal_flash_ex.d" -MT"Drivers/STM32F1xx_HAL_Driver/Src/stm32f1xx_hal_flash_ex.o" -o "Drivers/STM32F1xx_HAL_Driver/Src/stm32f1xx_hal_flash_ex.o" "../Drivers/STM32F1xx_HAL_Driver/Src/stm32f1xx_hal_flash_ex.c"
Finished building: ../Drivers/STM32F1xx_HAL_Driver/Src/stm32f1xx_hal_flash_ex.c
 
Building file: ../Drivers/STM32F1xx_HAL_Driver/Src/stm32f1xx_hal_gpio.c
Invoking: MCU GCC Compiler
C:\Users\jmichael\OneDrive - Itron\Documents\8x8x8_RGB_LED_CUBE_MOTHERBOARD_FW\2020-05-12 STM32CubeMX\Debug
arm-none-eabi-gcc -mcpu=cortex-m3 -mthumb -mfloat-abi=soft -DUSE_HAL_DRIVER -DSTM32F103xB -I"C:/Users/jmichael/OneDrive - Itron/Documents/8x8x8_RGB_LED_CUBE_MOTHERBOARD_FW/2020-05-12 STM32CubeMX/Inc" -I"C:/Users/jmichael/OneDrive - Itron/Documents/8x8x8_RGB_LED_CUBE_MOTHERBOARD_FW/2020-05-12 STM32CubeMX/Drivers/STM32F1xx_HAL_Driver/Inc" -I"C:/Users/jmichael/OneDrive - Itron/Documents/8x8x8_RGB_LED_CUBE_MOTHERBOARD_FW/2020-05-12 STM32CubeMX/Drivers/STM32F1xx_HAL_Driver/Inc/Legacy" -I"C:/Users/jmichael/OneDrive - Itron/Documents/8x8x8_RGB_LED_CUBE_MOTHERBOARD_FW/2020-05-12 STM32CubeMX/Drivers/CMSIS/Device/ST/STM32F1xx/Include" -I"C:/Users/jmichael/OneDrive - Itron/Documents/8x8x8_RGB_LED_CUBE_MOTHERBOARD_FW/2020-05-12 STM32CubeMX/Drivers/CMSIS/Include"  -Og -g3 -Wall -fmessage-length=0 -ffunction-sections -c -fmessage-length=0 -MMD -MP -MF"Drivers/STM32F1xx_HAL_Driver/Src/stm32f1xx_hal_gpio.d" -MT"Drivers/STM32F1xx_HAL_Driver/Src/stm32f1xx_hal_gpio.o" -o "Drivers/STM32F1xx_HAL_Driver/Src/stm32f1xx_hal_gpio.o" "../Drivers/STM32F1xx_HAL_Driver/Src/stm32f1xx_hal_gpio.c"
Finished building: ../Drivers/STM32F1xx_HAL_Driver/Src/stm32f1xx_hal_gpio.c
 
Building file: ../Drivers/STM32F1xx_HAL_Driver/Src/stm32f1xx_hal_gpio_ex.c
Invoking: MCU GCC Compiler
C:\Users\jmichael\OneDrive - Itron\Documents\8x8x8_RGB_LED_CUBE_MOTHERBOARD_FW\2020-05-12 STM32CubeMX\Debug
arm-none-eabi-gcc -mcpu=cortex-m3 -mthumb -mfloat-abi=soft -DUSE_HAL_DRIVER -DSTM32F103xB -I"C:/Users/jmichael/OneDrive - Itron/Documents/8x8x8_RGB_LED_CUBE_MOTHERBOARD_FW/2020-05-12 STM32CubeMX/Inc" -I"C:/Users/jmichael/OneDrive - Itron/Documents/8x8x8_RGB_LED_CUBE_MOTHERBOARD_FW/2020-05-12 STM32CubeMX/Drivers/STM32F1xx_HAL_Driver/Inc" -I"C:/Users/jmichael/OneDrive - Itron/Documents/8x8x8_RGB_LED_CUBE_MOTHERBOARD_FW/2020-05-12 STM32CubeMX/Drivers/STM32F1xx_HAL_Driver/Inc/Legacy" -I"C:/Users/jmichael/OneDrive - Itron/Documents/8x8x8_RGB_LED_CUBE_MOTHERBOARD_FW/2020-05-12 STM32CubeMX/Drivers/CMSIS/Device/ST/STM32F1xx/Include" -I"C:/Users/jmichael/OneDrive - Itron/Documents/8x8x8_RGB_LED_CUBE_MOTHERBOARD_FW/2020-05-12 STM32CubeMX/Drivers/CMSIS/Include"  -Og -g3 -Wall -fmessage-length=0 -ffunction-sections -c -fmessage-length=0 -MMD -MP -MF"Drivers/STM32F1xx_HAL_Driver/Src/stm32f1xx_hal_gpio_ex.d" -MT"Drivers/STM32F1xx_HAL_Driver/Src/stm32f1xx_hal_gpio_ex.o" -o "Drivers/STM32F1xx_HAL_Driver/Src/stm32f1xx_hal_gpio_ex.o" "../Drivers/STM32F1xx_HAL_Driver/Src/stm32f1xx_hal_gpio_ex.c"
Finished building: ../Drivers/STM32F1xx_HAL_Driver/Src/stm32f1xx_hal_gpio_ex.c
 
Building file: ../Drivers/STM32F1xx_HAL_Driver/Src/stm32f1xx_hal_i2c.c
Invoking: MCU GCC Compiler
C:\Users\jmichael\OneDrive - Itron\Documents\8x8x8_RGB_LED_CUBE_MOTHERBOARD_FW\2020-05-12 STM32CubeMX\Debug
arm-none-eabi-gcc -mcpu=cortex-m3 -mthumb -mfloat-abi=soft -DUSE_HAL_DRIVER -DSTM32F103xB -I"C:/Users/jmichael/OneDrive - Itron/Documents/8x8x8_RGB_LED_CUBE_MOTHERBOARD_FW/2020-05-12 STM32CubeMX/Inc" -I"C:/Users/jmichael/OneDrive - Itron/Documents/8x8x8_RGB_LED_CUBE_MOTHERBOARD_FW/2020-05-12 STM32CubeMX/Drivers/STM32F1xx_HAL_Driver/Inc" -I"C:/Users/jmichael/OneDrive - Itron/Documents/8x8x8_RGB_LED_CUBE_MOTHERBOARD_FW/2020-05-12 STM32CubeMX/Drivers/STM32F1xx_HAL_Driver/Inc/Legacy" -I"C:/Users/jmichael/OneDrive - Itron/Documents/8x8x8_RGB_LED_CUBE_MOTHERBOARD_FW/2020-05-12 STM32CubeMX/Drivers/CMSIS/Device/ST/STM32F1xx/Include" -I"C:/Users/jmichael/OneDrive - Itron/Documents/8x8x8_RGB_LED_CUBE_MOTHERBOARD_FW/2020-05-12 STM32CubeMX/Drivers/CMSIS/Include"  -Og -g3 -Wall -fmessage-length=0 -ffunction-sections -c -fmessage-length=0 -MMD -MP -MF"Drivers/STM32F1xx_HAL_Driver/Src/stm32f1xx_hal_i2c.d" -MT"Drivers/STM32F1xx_HAL_Driver/Src/stm32f1xx_hal_i2c.o" -o "Drivers/STM32F1xx_HAL_Driver/Src/stm32f1xx_hal_i2c.o" "../Drivers/STM32F1xx_HAL_Driver/Src/stm32f1xx_hal_i2c.c"
Finished building: ../Drivers/STM32F1xx_HAL_Driver/Src/stm32f1xx_hal_i2c.c
 
Building file: ../Drivers/STM32F1xx_HAL_Driver/Src/stm32f1xx_hal_pcd.c
Invoking: MCU GCC Compiler
C:\Users\jmichael\OneDrive - Itron\Documents\8x8x8_RGB_LED_CUBE_MOTHERBOARD_FW\2020-05-12 STM32CubeMX\Debug
arm-none-eabi-gcc -mcpu=cortex-m3 -mthumb -mfloat-abi=soft -DUSE_HAL_DRIVER -DSTM32F103xB -I"C:/Users/jmichael/OneDrive - Itron/Documents/8x8x8_RGB_LED_CUBE_MOTHERBOARD_FW/2020-05-12 STM32CubeMX/Inc" -I"C:/Users/jmichael/OneDrive - Itron/Documents/8x8x8_RGB_LED_CUBE_MOTHERBOARD_FW/2020-05-12 STM32CubeMX/Drivers/STM32F1xx_HAL_Driver/Inc" -I"C:/Users/jmichael/OneDrive - Itron/Documents/8x8x8_RGB_LED_CUBE_MOTHERBOARD_FW/2020-05-12 STM32CubeMX/Drivers/STM32F1xx_HAL_Driver/Inc/Legacy" -I"C:/Users/jmichael/OneDrive - Itron/Documents/8x8x8_RGB_LED_CUBE_MOTHERBOARD_FW/2020-05-12 STM32CubeMX/Drivers/CMSIS/Device/ST/STM32F1xx/Include" -I"C:/Users/jmichael/OneDrive - Itron/Documents/8x8x8_RGB_LED_CUBE_MOTHERBOARD_FW/2020-05-12 STM32CubeMX/Drivers/CMSIS/Include"  -Og -g3 -Wall -fmessage-length=0 -ffunction-sections -c -fmessage-length=0 -MMD -MP -MF"Drivers/STM32F1xx_HAL_Driver/Src/stm32f1xx_hal_pcd.d" -MT"Drivers/STM32F1xx_HAL_Driver/Src/stm32f1xx_hal_pcd.o" -o "Drivers/STM32F1xx_HAL_Driver/Src/stm32f1xx_hal_pcd.o" "../Drivers/STM32F1xx_HAL_Driver/Src/stm32f1xx_hal_pcd.c"
Finished building: ../Drivers/STM32F1xx_HAL_Driver/Src/stm32f1xx_hal_pcd.c
 
Building file: ../Drivers/STM32F1xx_HAL_Driver/Src/stm32f1xx_hal_pcd_ex.c
Invoking: MCU GCC Compiler
C:\Users\jmichael\OneDrive - Itron\Documents\8x8x8_RGB_LED_CUBE_MOTHERBOARD_FW\2020-05-12 STM32CubeMX\Debug
arm-none-eabi-gcc -mcpu=cortex-m3 -mthumb -mfloat-abi=soft -DUSE_HAL_DRIVER -DSTM32F103xB -I"C:/Users/jmichael/OneDrive - Itron/Documents/8x8x8_RGB_LED_CUBE_MOTHERBOARD_FW/2020-05-12 STM32CubeMX/Inc" -I"C:/Users/jmichael/OneDrive - Itron/Documents/8x8x8_RGB_LED_CUBE_MOTHERBOARD_FW/2020-05-12 STM32CubeMX/Drivers/STM32F1xx_HAL_Driver/Inc" -I"C:/Users/jmichael/OneDrive - Itron/Documents/8x8x8_RGB_LED_CUBE_MOTHERBOARD_FW/2020-05-12 STM32CubeMX/Drivers/STM32F1xx_HAL_Driver/Inc/Legacy" -I"C:/Users/jmichael/OneDrive - Itron/Documents/8x8x8_RGB_LED_CUBE_MOTHERBOARD_FW/2020-05-12 STM32CubeMX/Drivers/CMSIS/Device/ST/STM32F1xx/Include" -I"C:/Users/jmichael/OneDrive - Itron/Documents/8x8x8_RGB_LED_CUBE_MOTHERBOARD_FW/2020-05-12 STM32CubeMX/Drivers/CMSIS/Include"  -Og -g3 -Wall -fmessage-length=0 -ffunction-sections -c -fmessage-length=0 -MMD -MP -MF"Drivers/STM32F1xx_HAL_Driver/Src/stm32f1xx_hal_pcd_ex.d" -MT"Drivers/STM32F1xx_HAL_Driver/Src/stm32f1xx_hal_pcd_ex.o" -o "Drivers/STM32F1xx_HAL_Driver/Src/stm32f1xx_hal_pcd_ex.o" "../Drivers/STM32F1xx_HAL_Driver/Src/stm32f1xx_hal_pcd_ex.c"
Finished building: ../Drivers/STM32F1xx_HAL_Driver/Src/stm32f1xx_hal_pcd_ex.c
 
Building file: ../Drivers/STM32F1xx_HAL_Driver/Src/stm32f1xx_hal_pwr.c
Invoking: MCU GCC Compiler
C:\Users\jmichael\OneDrive - Itron\Documents\8x8x8_RGB_LED_CUBE_MOTHERBOARD_FW\2020-05-12 STM32CubeMX\Debug
arm-none-eabi-gcc -mcpu=cortex-m3 -mthumb -mfloat-abi=soft -DUSE_HAL_DRIVER -DSTM32F103xB -I"C:/Users/jmichael/OneDrive - Itron/Documents/8x8x8_RGB_LED_CUBE_MOTHERBOARD_FW/2020-05-12 STM32CubeMX/Inc" -I"C:/Users/jmichael/OneDrive - Itron/Documents/8x8x8_RGB_LED_CUBE_MOTHERBOARD_FW/2020-05-12 STM32CubeMX/Drivers/STM32F1xx_HAL_Driver/Inc" -I"C:/Users/jmichael/OneDrive - Itron/Documents/8x8x8_RGB_LED_CUBE_MOTHERBOARD_FW/2020-05-12 STM32CubeMX/Drivers/STM32F1xx_HAL_Driver/Inc/Legacy" -I"C:/Users/jmichael/OneDrive - Itron/Documents/8x8x8_RGB_LED_CUBE_MOTHERBOARD_FW/2020-05-12 STM32CubeMX/Drivers/CMSIS/Device/ST/STM32F1xx/Include" -I"C:/Users/jmichael/OneDrive - Itron/Documents/8x8x8_RGB_LED_CUBE_MOTHERBOARD_FW/2020-05-12 STM32CubeMX/Drivers/CMSIS/Include"  -Og -g3 -Wall -fmessage-length=0 -ffunction-sections -c -fmessage-length=0 -MMD -MP -MF"Drivers/STM32F1xx_HAL_Driver/Src/stm32f1xx_hal_pwr.d" -MT"Drivers/STM32F1xx_HAL_Driver/Src/stm32f1xx_hal_pwr.o" -o "Drivers/STM32F1xx_HAL_Driver/Src/stm32f1xx_hal_pwr.o" "../Drivers/STM32F1xx_HAL_Driver/Src/stm32f1xx_hal_pwr.c"
Finished building: ../Drivers/STM32F1xx_HAL_Driver/Src/stm32f1xx_hal_pwr.c
 
Building file: ../Drivers/STM32F1xx_HAL_Driver/Src/stm32f1xx_hal_rcc.c
Invoking: MCU GCC Compiler
C:\Users\jmichael\OneDrive - Itron\Documents\8x8x8_RGB_LED_CUBE_MOTHERBOARD_FW\2020-05-12 STM32CubeMX\Debug
arm-none-eabi-gcc -mcpu=cortex-m3 -mthumb -mfloat-abi=soft -DUSE_HAL_DRIVER -DSTM32F103xB -I"C:/Users/jmichael/OneDrive - Itron/Documents/8x8x8_RGB_LED_CUBE_MOTHERBOARD_FW/2020-05-12 STM32CubeMX/Inc" -I"C:/Users/jmichael/OneDrive - Itron/Documents/8x8x8_RGB_LED_CUBE_MOTHERBOARD_FW/2020-05-12 STM32CubeMX/Drivers/STM32F1xx_HAL_Driver/Inc" -I"C:/Users/jmichael/OneDrive - Itron/Documents/8x8x8_RGB_LED_CUBE_MOTHERBOARD_FW/2020-05-12 STM32CubeMX/Drivers/STM32F1xx_HAL_Driver/Inc/Legacy" -I"C:/Users/jmichael/OneDrive - Itron/Documents/8x8x8_RGB_LED_CUBE_MOTHERBOARD_FW/2020-05-12 STM32CubeMX/Drivers/CMSIS/Device/ST/STM32F1xx/Include" -I"C:/Users/jmichael/OneDrive - Itron/Documents/8x8x8_RGB_LED_CUBE_MOTHERBOARD_FW/2020-05-12 STM32CubeMX/Drivers/CMSIS/Include"  -Og -g3 -Wall -fmessage-length=0 -ffunction-sections -c -fmessage-length=0 -MMD -MP -MF"Drivers/STM32F1xx_HAL_Driver/Src/stm32f1xx_hal_rcc.d" -MT"Drivers/STM32F1xx_HAL_Driver/Src/stm32f1xx_hal_rcc.o" -o "Drivers/STM32F1xx_HAL_Driver/Src/stm32f1xx_hal_rcc.o" "../Drivers/STM32F1xx_HAL_Driver/Src/stm32f1xx_hal_rcc.c"
Finished building: ../Drivers/STM32F1xx_HAL_Driver/Src/stm32f1xx_hal_rcc.c
 
Building file: ../Drivers/STM32F1xx_HAL_Driver/Src/stm32f1xx_hal_rcc_ex.c
Invoking: MCU GCC Compiler
C:\Users\jmichael\OneDrive - Itron\Documents\8x8x8_RGB_LED_CUBE_MOTHERBOARD_FW\2020-05-12 STM32CubeMX\Debug
arm-none-eabi-gcc -mcpu=cortex-m3 -mthumb -mfloat-abi=soft -DUSE_HAL_DRIVER -DSTM32F103xB -I"C:/Users/jmichael/OneDrive - Itron/Documents/8x8x8_RGB_LED_CUBE_MOTHERBOARD_FW/2020-05-12 STM32CubeMX/Inc" -I"C:/Users/jmichael/OneDrive - Itron/Documents/8x8x8_RGB_LED_CUBE_MOTHERBOARD_FW/2020-05-12 STM32CubeMX/Drivers/STM32F1xx_HAL_Driver/Inc" -I"C:/Users/jmichael/OneDrive - Itron/Documents/8x8x8_RGB_LED_CUBE_MOTHERBOARD_FW/2020-05-12 STM32CubeMX/Drivers/STM32F1xx_HAL_Driver/Inc/Legacy" -I"C:/Users/jmichael/OneDrive - Itron/Documents/8x8x8_RGB_LED_CUBE_MOTHERBOARD_FW/2020-05-12 STM32CubeMX/Drivers/CMSIS/Device/ST/STM32F1xx/Include" -I"C:/Users/jmichael/OneDrive - Itron/Documents/8x8x8_RGB_LED_CUBE_MOTHERBOARD_FW/2020-05-12 STM32CubeMX/Drivers/CMSIS/Include"  -Og -g3 -Wall -fmessage-length=0 -ffunction-sections -c -fmessage-length=0 -MMD -MP -MF"Drivers/STM32F1xx_HAL_Driver/Src/stm32f1xx_hal_rcc_ex.d" -MT"Drivers/STM32F1xx_HAL_Driver/Src/stm32f1xx_hal_rcc_ex.o" -o "Drivers/STM32F1xx_HAL_Driver/Src/stm32f1xx_hal_rcc_ex.o" "../Drivers/STM32F1xx_HAL_Driver/Src/stm32f1xx_hal_rcc_ex.c"
Finished building: ../Drivers/STM32F1xx_HAL_Driver/Src/stm32f1xx_hal_rcc_ex.c
 
Building file: ../Drivers/STM32F1xx_HAL_Driver/Src/stm32f1xx_hal_rtc.c
Invoking: MCU GCC Compiler
C:\Users\jmichael\OneDrive - Itron\Documents\8x8x8_RGB_LED_CUBE_MOTHERBOARD_FW\2020-05-12 STM32CubeMX\Debug
arm-none-eabi-gcc -mcpu=cortex-m3 -mthumb -mfloat-abi=soft -DUSE_HAL_DRIVER -DSTM32F103xB -I"C:/Users/jmichael/OneDrive - Itron/Documents/8x8x8_RGB_LED_CUBE_MOTHERBOARD_FW/2020-05-12 STM32CubeMX/Inc" -I"C:/Users/jmichael/OneDrive - Itron/Documents/8x8x8_RGB_LED_CUBE_MOTHERBOARD_FW/2020-05-12 STM32CubeMX/Drivers/STM32F1xx_HAL_Driver/Inc" -I"C:/Users/jmichael/OneDrive - Itron/Documents/8x8x8_RGB_LED_CUBE_MOTHERBOARD_FW/2020-05-12 STM32CubeMX/Drivers/STM32F1xx_HAL_Driver/Inc/Legacy" -I"C:/Users/jmichael/OneDrive - Itron/Documents/8x8x8_RGB_LED_CUBE_MOTHERBOARD_FW/2020-05-12 STM32CubeMX/Drivers/CMSIS/Device/ST/STM32F1xx/Include" -I"C:/Users/jmichael/OneDrive - Itron/Documents/8x8x8_RGB_LED_CUBE_MOTHERBOARD_FW/2020-05-12 STM32CubeMX/Drivers/CMSIS/Include"  -Og -g3 -Wall -fmessage-length=0 -ffunction-sections -c -fmessage-length=0 -MMD -MP -MF"Drivers/STM32F1xx_HAL_Driver/Src/stm32f1xx_hal_rtc.d" -MT"Drivers/STM32F1xx_HAL_Driver/Src/stm32f1xx_hal_rtc.o" -o "Drivers/STM32F1xx_HAL_Driver/Src/stm32f1xx_hal_rtc.o" "../Drivers/STM32F1xx_HAL_Driver/Src/stm32f1xx_hal_rtc.c"
Finished building: ../Drivers/STM32F1xx_HAL_Driver/Src/stm32f1xx_hal_rtc.c
 
Building file: ../Drivers/STM32F1xx_HAL_Driver/Src/stm32f1xx_hal_rtc_ex.c
Invoking: MCU GCC Compiler
C:\Users\jmichael\OneDrive - Itron\Documents\8x8x8_RGB_LED_CUBE_MOTHERBOARD_FW\2020-05-12 STM32CubeMX\Debug
arm-none-eabi-gcc -mcpu=cortex-m3 -mthumb -mfloat-abi=soft -DUSE_HAL_DRIVER -DSTM32F103xB -I"C:/Users/jmichael/OneDrive - Itron/Documents/8x8x8_RGB_LED_CUBE_MOTHERBOARD_FW/2020-05-12 STM32CubeMX/Inc" -I"C:/Users/jmichael/OneDrive - Itron/Documents/8x8x8_RGB_LED_CUBE_MOTHERBOARD_FW/2020-05-12 STM32CubeMX/Drivers/STM32F1xx_HAL_Driver/Inc" -I"C:/Users/jmichael/OneDrive - Itron/Documents/8x8x8_RGB_LED_CUBE_MOTHERBOARD_FW/2020-05-12 STM32CubeMX/Drivers/STM32F1xx_HAL_Driver/Inc/Legacy" -I"C:/Users/jmichael/OneDrive - Itron/Documents/8x8x8_RGB_LED_CUBE_MOTHERBOARD_FW/2020-05-12 STM32CubeMX/Drivers/CMSIS/Device/ST/STM32F1xx/Include" -I"C:/Users/jmichael/OneDrive - Itron/Documents/8x8x8_RGB_LED_CUBE_MOTHERBOARD_FW/2020-05-12 STM32CubeMX/Drivers/CMSIS/Include"  -Og -g3 -Wall -fmessage-length=0 -ffunction-sections -c -fmessage-length=0 -MMD -MP -MF"Drivers/STM32F1xx_HAL_Driver/Src/stm32f1xx_hal_rtc_ex.d" -MT"Drivers/STM32F1xx_HAL_Driver/Src/stm32f1xx_hal_rtc_ex.o" -o "Drivers/STM32F1xx_HAL_Driver/Src/stm32f1xx_hal_rtc_ex.o" "../Drivers/STM32F1xx_HAL_Driver/Src/stm32f1xx_hal_rtc_ex.c"
Finished building: ../Drivers/STM32F1xx_HAL_Driver/Src/stm32f1xx_hal_rtc_ex.c
 
Building file: ../Drivers/STM32F1xx_HAL_Driver/Src/stm32f1xx_hal_spi.c
Invoking: MCU GCC Compiler
C:\Users\jmichael\OneDrive - Itron\Documents\8x8x8_RGB_LED_CUBE_MOTHERBOARD_FW\2020-05-12 STM32CubeMX\Debug
arm-none-eabi-gcc -mcpu=cortex-m3 -mthumb -mfloat-abi=soft -DUSE_HAL_DRIVER -DSTM32F103xB -I"C:/Users/jmichael/OneDrive - Itron/Documents/8x8x8_RGB_LED_CUBE_MOTHERBOARD_FW/2020-05-12 STM32CubeMX/Inc" -I"C:/Users/jmichael/OneDrive - Itron/Documents/8x8x8_RGB_LED_CUBE_MOTHERBOARD_FW/2020-05-12 STM32CubeMX/Drivers/STM32F1xx_HAL_Driver/Inc" -I"C:/Users/jmichael/OneDrive - Itron/Documents/8x8x8_RGB_LED_CUBE_MOTHERBOARD_FW/2020-05-12 STM32CubeMX/Drivers/STM32F1xx_HAL_Driver/Inc/Legacy" -I"C:/Users/jmichael/OneDrive - Itron/Documents/8x8x8_RGB_LED_CUBE_MOTHERBOARD_FW/2020-05-12 STM32CubeMX/Drivers/CMSIS/Device/ST/STM32F1xx/Include" -I"C:/Users/jmichael/OneDrive - Itron/Documents/8x8x8_RGB_LED_CUBE_MOTHERBOARD_FW/2020-05-12 STM32CubeMX/Drivers/CMSIS/Include"  -Og -g3 -Wall -fmessage-length=0 -ffunction-sections -c -fmessage-length=0 -MMD -MP -MF"Drivers/STM32F1xx_HAL_Driver/Src/stm32f1xx_hal_spi.d" -MT"Drivers/STM32F1xx_HAL_Driver/Src/stm32f1xx_hal_spi.o" -o "Drivers/STM32F1xx_HAL_Driver/Src/stm32f1xx_hal_spi.o" "../Drivers/STM32F1xx_HAL_Driver/Src/stm32f1xx_hal_spi.c"
Finished building: ../Drivers/STM32F1xx_HAL_Driver/Src/stm32f1xx_hal_spi.c
 
Building file: ../Drivers/STM32F1xx_HAL_Driver/Src/stm32f1xx_hal_tim.c
Invoking: MCU GCC Compiler
C:\Users\jmichael\OneDrive - Itron\Documents\8x8x8_RGB_LED_CUBE_MOTHERBOARD_FW\2020-05-12 STM32CubeMX\Debug
arm-none-eabi-gcc -mcpu=cortex-m3 -mthumb -mfloat-abi=soft -DUSE_HAL_DRIVER -DSTM32F103xB -I"C:/Users/jmichael/OneDrive - Itron/Documents/8x8x8_RGB_LED_CUBE_MOTHERBOARD_FW/2020-05-12 STM32CubeMX/Inc" -I"C:/Users/jmichael/OneDrive - Itron/Documents/8x8x8_RGB_LED_CUBE_MOTHERBOARD_FW/2020-05-12 STM32CubeMX/Drivers/STM32F1xx_HAL_Driver/Inc" -I"C:/Users/jmichael/OneDrive - Itron/Documents/8x8x8_RGB_LED_CUBE_MOTHERBOARD_FW/2020-05-12 STM32CubeMX/Drivers/STM32F1xx_HAL_Driver/Inc/Legacy" -I"C:/Users/jmichael/OneDrive - Itron/Documents/8x8x8_RGB_LED_CUBE_MOTHERBOARD_FW/2020-05-12 STM32CubeMX/Drivers/CMSIS/Device/ST/STM32F1xx/Include" -I"C:/Users/jmichael/OneDrive - Itron/Documents/8x8x8_RGB_LED_CUBE_MOTHERBOARD_FW/2020-05-12 STM32CubeMX/Drivers/CMSIS/Include"  -Og -g3 -Wall -fmessage-length=0 -ffunction-sections -c -fmessage-length=0 -MMD -MP -MF"Drivers/STM32F1xx_HAL_Driver/Src/stm32f1xx_hal_tim.d" -MT"Drivers/STM32F1xx_HAL_Driver/Src/stm32f1xx_hal_tim.o" -o "Drivers/STM32F1xx_HAL_Driver/Src/stm32f1xx_hal_tim.o" "../Drivers/STM32F1xx_HAL_Driver/Src/stm32f1xx_hal_tim.c"
Finished building: ../Drivers/STM32F1xx_HAL_Driver/Src/stm32f1xx_hal_tim.c
 
Building file: ../Drivers/STM32F1xx_HAL_Driver/Src/stm32f1xx_hal_tim_ex.c
Invoking: MCU GCC Compiler
C:\Users\jmichael\OneDrive - Itron\Documents\8x8x8_RGB_LED_CUBE_MOTHERBOARD_FW\2020-05-12 STM32CubeMX\Debug
arm-none-eabi-gcc -mcpu=cortex-m3 -mthumb -mfloat-abi=soft -DUSE_HAL_DRIVER -DSTM32F103xB -I"C:/Users/jmichael/OneDrive - Itron/Documents/8x8x8_RGB_LED_CUBE_MOTHERBOARD_FW/2020-05-12 STM32CubeMX/Inc" -I"C:/Users/jmichael/OneDrive - Itron/Documents/8x8x8_RGB_LED_CUBE_MOTHERBOARD_FW/2020-05-12 STM32CubeMX/Drivers/STM32F1xx_HAL_Driver/Inc" -I"C:/Users/jmichael/OneDrive - Itron/Documents/8x8x8_RGB_LED_CUBE_MOTHERBOARD_FW/2020-05-12 STM32CubeMX/Drivers/STM32F1xx_HAL_Driver/Inc/Legacy" -I"C:/Users/jmichael/OneDrive - Itron/Documents/8x8x8_RGB_LED_CUBE_MOTHERBOARD_FW/2020-05-12 STM32CubeMX/Drivers/CMSIS/Device/ST/STM32F1xx/Include" -I"C:/Users/jmichael/OneDrive - Itron/Documents/8x8x8_RGB_LED_CUBE_MOTHERBOARD_FW/2020-05-12 STM32CubeMX/Drivers/CMSIS/Include"  -Og -g3 -Wall -fmessage-length=0 -ffunction-sections -c -fmessage-length=0 -MMD -MP -MF"Drivers/STM32F1xx_HAL_Driver/Src/stm32f1xx_hal_tim_ex.d" -MT"Drivers/STM32F1xx_HAL_Driver/Src/stm32f1xx_hal_tim_ex.o" -o "Drivers/STM32F1xx_HAL_Driver/Src/stm32f1xx_hal_tim_ex.o" "../Drivers/STM32F1xx_HAL_Driver/Src/stm32f1xx_hal_tim_ex.c"
Finished building: ../Drivers/STM32F1xx_HAL_Driver/Src/stm32f1xx_hal_tim_ex.c
 
Building file: ../Drivers/STM32F1xx_HAL_Driver/Src/stm32f1xx_hal_uart.c
Invoking: MCU GCC Compiler
C:\Users\jmichael\OneDrive - Itron\Documents\8x8x8_RGB_LED_CUBE_MOTHERBOARD_FW\2020-05-12 STM32CubeMX\Debug
arm-none-eabi-gcc -mcpu=cortex-m3 -mthumb -mfloat-abi=soft -DUSE_HAL_DRIVER -DSTM32F103xB -I"C:/Users/jmichael/OneDrive - Itron/Documents/8x8x8_RGB_LED_CUBE_MOTHERBOARD_FW/2020-05-12 STM32CubeMX/Inc" -I"C:/Users/jmichael/OneDrive - Itron/Documents/8x8x8_RGB_LED_CUBE_MOTHERBOARD_FW/2020-05-12 STM32CubeMX/Drivers/STM32F1xx_HAL_Driver/Inc" -I"C:/Users/jmichael/OneDrive - Itron/Documents/8x8x8_RGB_LED_CUBE_MOTHERBOARD_FW/2020-05-12 STM32CubeMX/Drivers/STM32F1xx_HAL_Driver/Inc/Legacy" -I"C:/Users/jmichael/OneDrive - Itron/Documents/8x8x8_RGB_LED_CUBE_MOTHERBOARD_FW/2020-05-12 STM32CubeMX/Drivers/CMSIS/Device/ST/STM32F1xx/Include" -I"C:/Users/jmichael/OneDrive - Itron/Documents/8x8x8_RGB_LED_CUBE_MOTHERBOARD_FW/2020-05-12 STM32CubeMX/Drivers/CMSIS/Include"  -Og -g3 -Wall -fmessage-length=0 -ffunction-sections -c -fmessage-length=0 -MMD -MP -MF"Drivers/STM32F1xx_HAL_Driver/Src/stm32f1xx_hal_uart.d" -MT"Drivers/STM32F1xx_HAL_Driver/Src/stm32f1xx_hal_uart.o" -o "Drivers/STM32F1xx_HAL_Driver/Src/stm32f1xx_hal_uart.o" "../Drivers/STM32F1xx_HAL_Driver/Src/stm32f1xx_hal_uart.c"
Finished building: ../Drivers/STM32F1xx_HAL_Driver/Src/stm32f1xx_hal_uart.c
 
Building file: ../Drivers/STM32F1xx_HAL_Driver/Src/stm32f1xx_ll_usb.c
Invoking: MCU GCC Compiler
C:\Users\jmichael\OneDrive - Itron\Documents\8x8x8_RGB_LED_CUBE_MOTHERBOARD_FW\2020-05-12 STM32CubeMX\Debug
arm-none-eabi-gcc -mcpu=cortex-m3 -mthumb -mfloat-abi=soft -DUSE_HAL_DRIVER -DSTM32F103xB -I"C:/Users/jmichael/OneDrive - Itron/Documents/8x8x8_RGB_LED_CUBE_MOTHERBOARD_FW/2020-05-12 STM32CubeMX/Inc" -I"C:/Users/jmichael/OneDrive - Itron/Documents/8x8x8_RGB_LED_CUBE_MOTHERBOARD_FW/2020-05-12 STM32CubeMX/Drivers/STM32F1xx_HAL_Driver/Inc" -I"C:/Users/jmichael/OneDrive - Itron/Documents/8x8x8_RGB_LED_CUBE_MOTHERBOARD_FW/2020-05-12 STM32CubeMX/Drivers/STM32F1xx_HAL_Driver/Inc/Legacy" -I"C:/Users/jmichael/OneDrive - Itron/Documents/8x8x8_RGB_LED_CUBE_MOTHERBOARD_FW/2020-05-12 STM32CubeMX/Drivers/CMSIS/Device/ST/STM32F1xx/Include" -I"C:/Users/jmichael/OneDrive - Itron/Documents/8x8x8_RGB_LED_CUBE_MOTHERBOARD_FW/2020-05-12 STM32CubeMX/Drivers/CMSIS/Include"  -Og -g3 -Wall -fmessage-length=0 -ffunction-sections -c -fmessage-length=0 -MMD -MP -MF"Drivers/STM32F1xx_HAL_Driver/Src/stm32f1xx_ll_usb.d" -MT"Drivers/STM32F1xx_HAL_Driver/Src/stm32f1xx_ll_usb.o" -o "Drivers/STM32F1xx_HAL_Driver/Src/stm32f1xx_ll_usb.o" "../Drivers/STM32F1xx_HAL_Driver/Src/stm32f1xx_ll_usb.c"
Finished building: ../Drivers/STM32F1xx_HAL_Driver/Src/stm32f1xx_ll_usb.c
 
Building target: l3dcube.elf
Invoking: MCU GCC Linker
arm-none-eabi-gcc -mcpu=cortex-m3 -mthumb -mfloat-abi=soft -specs=nosys.specs -specs=nano.specs -T"../STM32F103C8Tx_FLASH.ld" -Wl,-Map=output.map -Wl,--gc-sections -o "l3dcube.elf" @"objects.list"   -lm
Finished building target: l3dcube.elf
 
make --no-print-directory post-build
Generating hex and Printing size information:
arm-none-eabi-objcopy -O ihex "l3dcube.elf" "l3dcube.hex"
arm-none-eabi-size "l3dcube.elf"
   text	   data	    bss	    dec	    hex	filename
   7536	     20	   2572	  10128	   2790	l3dcube.elf
 

14:24:38 Build Finished. 0 errors, 0 warnings. (took 23s.167ms)

