14:23:54 **** Rebuild of configuration Debug for project Motherboard Rev1 ****
Info: Internal Builder is used for build
arm-none-eabi-gcc -mcpu=cortex-m3 -mthumb -Og -fmessage-length=0 -fsigned-char -ffunction-sections -fdata-sections -ffreestanding -fno-move-loop-invariants -Wall -Wextra -g3 -DDEBUG -DSTM32F103xB "-IC:\\Users\\jmichael\\OneDrive - Itron\\Documents\\8x8x8_RGB_LED_CUBE_MOTHERBOARD_FW\\2020-05-12 Eclipse\\Motherboard Rev1\\Motherboard Rev1\\Drivers\\CMSIS\\Device\\ST\\STM32F1xx\\Include" "-IC:\\Users\\jmichael\\OneDrive - Itron\\Documents\\8x8x8_RGB_LED_CUBE_MOTHERBOARD_FW\\2020-05-12 Eclipse\\Motherboard Rev1\\Motherboard Rev1\\Drivers\\CMSIS\\Include" "-IC:\\Users\\jmichael\\OneDrive - Itron\\Documents\\8x8x8_RGB_LED_CUBE_MOTHERBOARD_FW\\2020-05-12 Eclipse\\Motherboard Rev1\\Motherboard Rev1\\Inc" "-IC:\\Users\\jmichael\\OneDrive - Itron\\Documents\\8x8x8_RGB_LED_CUBE_MOTHERBOARD_FW\\2020-05-12 Eclipse\\Motherboard Rev1\\Motherboard Rev1\\Drivers\\STM32F1xx_HAL_Driver\\Inc" -std=gnu11 -c -o "Drivers\\STM32F1xx_HAL_Driver\\Src\\stm32f1xx_hal_pcd_ex.o" "..\\Drivers\\STM32F1xx_HAL_Driver\\Src\\stm32f1xx_hal_pcd_ex.c" 
arm-none-eabi-gcc -mcpu=cortex-m3 -mthumb -Og -fmessage-length=0 -fsigned-char -ffunction-sections -fdata-sections -ffreestanding -fno-move-loop-invariants -Wall -Wextra -g3 -DDEBUG -DSTM32F103xB "-IC:\\Users\\jmichael\\OneDrive - Itron\\Documents\\8x8x8_RGB_LED_CUBE_MOTHERBOARD_FW\\2020-05-12 Eclipse\\Motherboard Rev1\\Motherboard Rev1\\Drivers\\CMSIS\\Device\\ST\\STM32F1xx\\Include" "-IC:\\Users\\jmichael\\OneDrive - Itron\\Documents\\8x8x8_RGB_LED_CUBE_MOTHERBOARD_FW\\2020-05-12 Eclipse\\Motherboard Rev1\\Motherboard Rev1\\Drivers\\CMSIS\\Include" "-IC:\\Users\\jmichael\\OneDrive - Itron\\Documents\\8x8x8_RGB_LED_CUBE_MOTHERBOARD_FW\\2020-05-12 Eclipse\\Motherboard Rev1\\Motherboard Rev1\\Inc" "-IC:\\Users\\jmichael\\OneDrive - Itron\\Documents\\8x8x8_RGB_LED_CUBE_MOTHERBOARD_FW\\2020-05-12 Eclipse\\Motherboard Rev1\\Motherboard Rev1\\Drivers\\STM32F1xx_HAL_Driver\\Inc" -std=gnu11 -c -o "Src\\syscalls.o" "..\\Src\\syscalls.c" 
..\Src\syscalls.c: In function '_kill':
..\Src\syscalls.c:82:15: warning: unused parameter 'pid' [-Wunused-parameter]
   82 | int _kill(int pid, int sig)
      |           ~~~~^~~
..\Src\syscalls.c:82:24: warning: unused parameter 'sig' [-Wunused-parameter]
   82 | int _kill(int pid, int sig)
      |                    ~~~~^~~
..\Src\syscalls.c: In function '_read':
..\Src\syscalls.c:94:37: warning: unused parameter 'file' [-Wunused-parameter]
   94 | __attribute__((weak)) int _read(int file, char *ptr, int len)
      |                                 ~~~~^~~~
..\Src\syscalls.c: In function '_write':
..\Src\syscalls.c:106:38: warning: unused parameter 'file' [-Wunused-parameter]
  106 | __attribute__((weak)) int _write(int file, char *ptr, int len)
      |                                  ~~~~^~~~
..\Src\syscalls.c: In function '_close':
..\Src\syscalls.c:140:16: warning: unused parameter 'file' [-Wunused-parameter]
  140 | int _close(int file)
      |            ~~~~^~~~
..\Src\syscalls.c: In function '_fstat':
..\Src\syscalls.c:146:16: warning: unused parameter 'file' [-Wunused-parameter]
  146 | int _fstat(int file, struct stat *st)
      |            ~~~~^~~~
..\Src\syscalls.c: In function '_isatty':
..\Src\syscalls.c:152:17: warning: unused parameter 'file' [-Wunused-parameter]
  152 | int _isatty(int file)
      |             ~~~~^~~~
..\Src\syscalls.c: In function '_lseek':
..\Src\syscalls.c:157:16: warning: unused parameter 'file' [-Wunused-parameter]
  157 | int _lseek(int file, int ptr, int dir)
      |            ~~~~^~~~
..\Src\syscalls.c:157:26: warning: unused parameter 'ptr' [-Wunused-parameter]
  157 | int _lseek(int file, int ptr, int dir)
      |                      ~~~~^~~
..\Src\syscalls.c:157:35: warning: unused parameter 'dir' [-Wunused-parameter]
  157 | int _lseek(int file, int ptr, int dir)
      |                               ~~~~^~~
..\Src\syscalls.c: In function '_open':
..\Src\syscalls.c:162:17: warning: unused parameter 'path' [-Wunused-parameter]
  162 | int _open(char *path, int flags, ...)
      |           ~~~~~~^~~~
..\Src\syscalls.c:162:27: warning: unused parameter 'flags' [-Wunused-parameter]
  162 | int _open(char *path, int flags, ...)
      |                       ~~~~^~~~~
..\Src\syscalls.c: In function '_wait':
..\Src\syscalls.c:168:16: warning: unused parameter 'status' [-Wunused-parameter]
  168 | int _wait(int *status)
      |           ~~~~~^~~~~~
..\Src\syscalls.c: In function '_unlink':
..\Src\syscalls.c:174:19: warning: unused parameter 'name' [-Wunused-parameter]
  174 | int _unlink(char *name)
      |             ~~~~~~^~~~
..\Src\syscalls.c: In function '_times':
..\Src\syscalls.c:180:24: warning: unused parameter 'buf' [-Wunused-parameter]
  180 | int _times(struct tms *buf)
      |            ~~~~~~~~~~~~^~~
..\Src\syscalls.c: In function '_stat':
..\Src\syscalls.c:185:17: warning: unused parameter 'file' [-Wunused-parameter]
  185 | int _stat(char *file, struct stat *st)
      |           ~~~~~~^~~~
..\Src\syscalls.c: In function '_link':
..\Src\syscalls.c:191:17: warning: unused parameter 'old' [-Wunused-parameter]
  191 | int _link(char *old, char *new)
      |           ~~~~~~^~~
..\Src\syscalls.c:191:28: warning: unused parameter 'new' [-Wunused-parameter]
  191 | int _link(char *old, char *new)
      |                      ~~~~~~^~~
..\Src\syscalls.c: In function '_execve':
..\Src\syscalls.c:203:19: warning: unused parameter 'name' [-Wunused-parameter]
  203 | int _execve(char *name, char **argv, char **env)
      |             ~~~~~~^~~~
..\Src\syscalls.c:203:32: warning: unused parameter 'argv' [-Wunused-parameter]
  203 | int _execve(char *name, char **argv, char **env)
      |                         ~~~~~~~^~~~
..\Src\syscalls.c:203:45: warning: unused parameter 'env' [-Wunused-parameter]
  203 | int _execve(char *name, char **argv, char **env)
      |                                      ~~~~~~~^~~
arm-none-eabi-gcc -mcpu=cortex-m3 -mthumb -Og -fmessage-length=0 -fsigned-char -ffunction-sections -fdata-sections -ffreestanding -fno-move-loop-invariants -Wall -Wextra -g3 -DDEBUG -DSTM32F103xB "-IC:\\Users\\jmichael\\OneDrive - Itron\\Documents\\8x8x8_RGB_LED_CUBE_MOTHERBOARD_FW\\2020-05-12 Eclipse\\Motherboard Rev1\\Motherboard Rev1\\Drivers\\CMSIS\\Device\\ST\\STM32F1xx\\Include" "-IC:\\Users\\jmichael\\OneDrive - Itron\\Documents\\8x8x8_RGB_LED_CUBE_MOTHERBOARD_FW\\2020-05-12 Eclipse\\Motherboard Rev1\\Motherboard Rev1\\Drivers\\CMSIS\\Include" "-IC:\\Users\\jmichael\\OneDrive - Itron\\Documents\\8x8x8_RGB_LED_CUBE_MOTHERBOARD_FW\\2020-05-12 Eclipse\\Motherboard Rev1\\Motherboard Rev1\\Inc" "-IC:\\Users\\jmichael\\OneDrive - Itron\\Documents\\8x8x8_RGB_LED_CUBE_MOTHERBOARD_FW\\2020-05-12 Eclipse\\Motherboard Rev1\\Motherboard Rev1\\Drivers\\STM32F1xx_HAL_Driver\\Inc" -std=gnu11 -c -o "Src\\main.o" "..\\Src\\main.c" 
arm-none-eabi-gcc -mcpu=cortex-m3 -mthumb -Og -fmessage-length=0 -fsigned-char -ffunction-sections -fdata-sections -ffreestanding -fno-move-loop-invariants -Wall -Wextra -g3 -x assembler-with-cpp -DDEBUG -DSTM32F103xB "-IC:\\Users\\jmichael\\OneDrive - Itron\\Documents\\8x8x8_RGB_LED_CUBE_MOTHERBOARD_FW\\2020-05-12 Eclipse\\Motherboard Rev1\\Motherboard Rev1\\Drivers\\CMSIS\\Device\\ST\\STM32F1xx\\Include" "-IC:\\Users\\jmichael\\OneDrive - Itron\\Documents\\8x8x8_RGB_LED_CUBE_MOTHERBOARD_FW\\2020-05-12 Eclipse\\Motherboard Rev1\\Motherboard Rev1\\Drivers\\CMSIS\\Include" "-IC:\\Users\\jmichael\\OneDrive - Itron\\Documents\\8x8x8_RGB_LED_CUBE_MOTHERBOARD_FW\\2020-05-12 Eclipse\\Motherboard Rev1\\Motherboard Rev1\\Inc" "-IC:\\Users\\jmichael\\OneDrive - Itron\\Documents\\8x8x8_RGB_LED_CUBE_MOTHERBOARD_FW\\2020-05-12 Eclipse\\Motherboard Rev1\\Motherboard Rev1\\Drivers\\STM32F1xx_HAL_Driver\\Inc" -c -o "startup\\startup_stm32f103xb.o" "..\\startup\\startup_stm32f103xb.S" 
arm-none-eabi-gcc -mcpu=cortex-m3 -mthumb -Og -fmessage-length=0 -fsigned-char -ffunction-sections -fdata-sections -ffreestanding -fno-move-loop-invariants -Wall -Wextra -g3 -DDEBUG -DSTM32F103xB "-IC:\\Users\\jmichael\\OneDrive - Itron\\Documents\\8x8x8_RGB_LED_CUBE_MOTHERBOARD_FW\\2020-05-12 Eclipse\\Motherboard Rev1\\Motherboard Rev1\\Drivers\\CMSIS\\Device\\ST\\STM32F1xx\\Include" "-IC:\\Users\\jmichael\\OneDrive - Itron\\Documents\\8x8x8_RGB_LED_CUBE_MOTHERBOARD_FW\\2020-05-12 Eclipse\\Motherboard Rev1\\Motherboard Rev1\\Drivers\\CMSIS\\Include" "-IC:\\Users\\jmichael\\OneDrive - Itron\\Documents\\8x8x8_RGB_LED_CUBE_MOTHERBOARD_FW\\2020-05-12 Eclipse\\Motherboard Rev1\\Motherboard Rev1\\Inc" "-IC:\\Users\\jmichael\\OneDrive - Itron\\Documents\\8x8x8_RGB_LED_CUBE_MOTHERBOARD_FW\\2020-05-12 Eclipse\\Motherboard Rev1\\Motherboard Rev1\\Drivers\\STM32F1xx_HAL_Driver\\Inc" -std=gnu11 -c -o "Src\\stm32f1xx_hal_msp.o" "..\\Src\\stm32f1xx_hal_msp.c" 
arm-none-eabi-gcc -mcpu=cortex-m3 -mthumb -Og -fmessage-length=0 -fsigned-char -ffunction-sections -fdata-sections -ffreestanding -fno-move-loop-invariants -Wall -Wextra -g3 -DDEBUG -DSTM32F103xB "-IC:\\Users\\jmichael\\OneDrive - Itron\\Documents\\8x8x8_RGB_LED_CUBE_MOTHERBOARD_FW\\2020-05-12 Eclipse\\Motherboard Rev1\\Motherboard Rev1\\Drivers\\CMSIS\\Device\\ST\\STM32F1xx\\Include" "-IC:\\Users\\jmichael\\OneDrive - Itron\\Documents\\8x8x8_RGB_LED_CUBE_MOTHERBOARD_FW\\2020-05-12 Eclipse\\Motherboard Rev1\\Motherboard Rev1\\Drivers\\CMSIS\\Include" "-IC:\\Users\\jmichael\\OneDrive - Itron\\Documents\\8x8x8_RGB_LED_CUBE_MOTHERBOARD_FW\\2020-05-12 Eclipse\\Motherboard Rev1\\Motherboard Rev1\\Inc" "-IC:\\Users\\jmichael\\OneDrive - Itron\\Documents\\8x8x8_RGB_LED_CUBE_MOTHERBOARD_FW\\2020-05-12 Eclipse\\Motherboard Rev1\\Motherboard Rev1\\Drivers\\STM32F1xx_HAL_Driver\\Inc" -std=gnu11 -c -o "Src\\stm32f1xx_it.o" "..\\Src\\stm32f1xx_it.c" 
arm-none-eabi-gcc -mcpu=cortex-m3 -mthumb -Og -fmessage-length=0 -fsigned-char -ffunction-sections -fdata-sections -ffreestanding -fno-move-loop-invariants -Wall -Wextra -g3 -DDEBUG -DSTM32F103xB "-IC:\\Users\\jmichael\\OneDrive - Itron\\Documents\\8x8x8_RGB_LED_CUBE_MOTHERBOARD_FW\\2020-05-12 Eclipse\\Motherboard Rev1\\Motherboard Rev1\\Drivers\\CMSIS\\Device\\ST\\STM32F1xx\\Include" "-IC:\\Users\\jmichael\\OneDrive - Itron\\Documents\\8x8x8_RGB_LED_CUBE_MOTHERBOARD_FW\\2020-05-12 Eclipse\\Motherboard Rev1\\Motherboard Rev1\\Drivers\\CMSIS\\Include" "-IC:\\Users\\jmichael\\OneDrive - Itron\\Documents\\8x8x8_RGB_LED_CUBE_MOTHERBOARD_FW\\2020-05-12 Eclipse\\Motherboard Rev1\\Motherboard Rev1\\Inc" "-IC:\\Users\\jmichael\\OneDrive - Itron\\Documents\\8x8x8_RGB_LED_CUBE_MOTHERBOARD_FW\\2020-05-12 Eclipse\\Motherboard Rev1\\Motherboard Rev1\\Drivers\\STM32F1xx_HAL_Driver\\Inc" -std=gnu11 -c -o "Drivers\\STM32F1xx_HAL_Driver\\Src\\stm32f1xx_hal_exti.o" "..\\Drivers\\STM32F1xx_HAL_Driver\\Src\\stm32f1xx_hal_exti.c" 
..\Drivers\STM32F1xx_HAL_Driver\Src\stm32f1xx_hal_exti.c: In function 'HAL_EXTI_GetPending':
..\Drivers\STM32F1xx_HAL_Driver\Src\stm32f1xx_hal_exti.c:477:66: warning: unused parameter 'Edge' [-Wunused-parameter]
  477 | uint32_t HAL_EXTI_GetPending(EXTI_HandleTypeDef *hexti, uint32_t Edge)
      |                                                         ~~~~~~~~~^~~~
..\Drivers\STM32F1xx_HAL_Driver\Src\stm32f1xx_hal_exti.c: In function 'HAL_EXTI_ClearPending':
..\Drivers\STM32F1xx_HAL_Driver\Src\stm32f1xx_hal_exti.c:506:64: warning: unused parameter 'Edge' [-Wunused-parameter]
  506 | void HAL_EXTI_ClearPending(EXTI_HandleTypeDef *hexti, uint32_t Edge)
      |                                                       ~~~~~~~~~^~~~
arm-none-eabi-gcc -mcpu=cortex-m3 -mthumb -Og -fmessage-length=0 -fsigned-char -ffunction-sections -fdata-sections -ffreestanding -fno-move-loop-invariants -Wall -Wextra -g3 -DDEBUG -DSTM32F103xB "-IC:\\Users\\jmichael\\OneDrive - Itron\\Documents\\8x8x8_RGB_LED_CUBE_MOTHERBOARD_FW\\2020-05-12 Eclipse\\Motherboard Rev1\\Motherboard Rev1\\Drivers\\CMSIS\\Device\\ST\\STM32F1xx\\Include" "-IC:\\Users\\jmichael\\OneDrive - Itron\\Documents\\8x8x8_RGB_LED_CUBE_MOTHERBOARD_FW\\2020-05-12 Eclipse\\Motherboard Rev1\\Motherboard Rev1\\Drivers\\CMSIS\\Include" "-IC:\\Users\\jmichael\\OneDrive - Itron\\Documents\\8x8x8_RGB_LED_CUBE_MOTHERBOARD_FW\\2020-05-12 Eclipse\\Motherboard Rev1\\Motherboard Rev1\\Inc" "-IC:\\Users\\jmichael\\OneDrive - Itron\\Documents\\8x8x8_RGB_LED_CUBE_MOTHERBOARD_FW\\2020-05-12 Eclipse\\Motherboard Rev1\\Motherboard Rev1\\Drivers\\STM32F1xx_HAL_Driver\\Inc" -std=gnu11 -c -o "Drivers\\STM32F1xx_HAL_Driver\\Src\\stm32f1xx_hal_rcc.o" "..\\Drivers\\STM32F1xx_HAL_Driver\\Src\\stm32f1xx_hal_rcc.c" 
arm-none-eabi-gcc -mcpu=cortex-m3 -mthumb -Og -fmessage-length=0 -fsigned-char -ffunction-sections -fdata-sections -ffreestanding -fno-move-loop-invariants -Wall -Wextra -g3 -DDEBUG -DSTM32F103xB "-IC:\\Users\\jmichael\\OneDrive - Itron\\Documents\\8x8x8_RGB_LED_CUBE_MOTHERBOARD_FW\\2020-05-12 Eclipse\\Motherboard Rev1\\Motherboard Rev1\\Drivers\\CMSIS\\Device\\ST\\STM32F1xx\\Include" "-IC:\\Users\\jmichael\\OneDrive - Itron\\Documents\\8x8x8_RGB_LED_CUBE_MOTHERBOARD_FW\\2020-05-12 Eclipse\\Motherboard Rev1\\Motherboard Rev1\\Drivers\\CMSIS\\Include" "-IC:\\Users\\jmichael\\OneDrive - Itron\\Documents\\8x8x8_RGB_LED_CUBE_MOTHERBOARD_FW\\2020-05-12 Eclipse\\Motherboard Rev1\\Motherboard Rev1\\Inc" "-IC:\\Users\\jmichael\\OneDrive - Itron\\Documents\\8x8x8_RGB_LED_CUBE_MOTHERBOARD_FW\\2020-05-12 Eclipse\\Motherboard Rev1\\Motherboard Rev1\\Drivers\\STM32F1xx_HAL_Driver\\Inc" -std=gnu11 -c -o "Drivers\\STM32F1xx_HAL_Driver\\Src\\stm32f1xx_hal_flash.o" "..\\Drivers\\STM32F1xx_HAL_Driver\\Src\\stm32f1xx_hal_flash.c" 
arm-none-eabi-gcc -mcpu=cortex-m3 -mthumb -Og -fmessage-length=0 -fsigned-char -ffunction-sections -fdata-sections -ffreestanding -fno-move-loop-invariants -Wall -Wextra -g3 -DDEBUG -DSTM32F103xB "-IC:\\Users\\jmichael\\OneDrive - Itron\\Documents\\8x8x8_RGB_LED_CUBE_MOTHERBOARD_FW\\2020-05-12 Eclipse\\Motherboard Rev1\\Motherboard Rev1\\Drivers\\CMSIS\\Device\\ST\\STM32F1xx\\Include" "-IC:\\Users\\jmichael\\OneDrive - Itron\\Documents\\8x8x8_RGB_LED_CUBE_MOTHERBOARD_FW\\2020-05-12 Eclipse\\Motherboard Rev1\\Motherboard Rev1\\Drivers\\CMSIS\\Include" "-IC:\\Users\\jmichael\\OneDrive - Itron\\Documents\\8x8x8_RGB_LED_CUBE_MOTHERBOARD_FW\\2020-05-12 Eclipse\\Motherboard Rev1\\Motherboard Rev1\\Inc" "-IC:\\Users\\jmichael\\OneDrive - Itron\\Documents\\8x8x8_RGB_LED_CUBE_MOTHERBOARD_FW\\2020-05-12 Eclipse\\Motherboard Rev1\\Motherboard Rev1\\Drivers\\STM32F1xx_HAL_Driver\\Inc" -std=gnu11 -c -o "Drivers\\STM32F1xx_HAL_Driver\\Src\\stm32f1xx_hal_spi.o" "..\\Drivers\\STM32F1xx_HAL_Driver\\Src\\stm32f1xx_hal_spi.c" 
arm-none-eabi-gcc -mcpu=cortex-m3 -mthumb -Og -fmessage-length=0 -fsigned-char -ffunction-sections -fdata-sections -ffreestanding -fno-move-loop-invariants -Wall -Wextra -g3 -DDEBUG -DSTM32F103xB "-IC:\\Users\\jmichael\\OneDrive - Itron\\Documents\\8x8x8_RGB_LED_CUBE_MOTHERBOARD_FW\\2020-05-12 Eclipse\\Motherboard Rev1\\Motherboard Rev1\\Drivers\\CMSIS\\Device\\ST\\STM32F1xx\\Include" "-IC:\\Users\\jmichael\\OneDrive - Itron\\Documents\\8x8x8_RGB_LED_CUBE_MOTHERBOARD_FW\\2020-05-12 Eclipse\\Motherboard Rev1\\Motherboard Rev1\\Drivers\\CMSIS\\Include" "-IC:\\Users\\jmichael\\OneDrive - Itron\\Documents\\8x8x8_RGB_LED_CUBE_MOTHERBOARD_FW\\2020-05-12 Eclipse\\Motherboard Rev1\\Motherboard Rev1\\Inc" "-IC:\\Users\\jmichael\\OneDrive - Itron\\Documents\\8x8x8_RGB_LED_CUBE_MOTHERBOARD_FW\\2020-05-12 Eclipse\\Motherboard Rev1\\Motherboard Rev1\\Drivers\\STM32F1xx_HAL_Driver\\Inc" -std=gnu11 -c -o "Drivers\\STM32F1xx_HAL_Driver\\Src\\stm32f1xx_hal_uart.o" "..\\Drivers\\STM32F1xx_HAL_Driver\\Src\\stm32f1xx_hal_uart.c" 
arm-none-eabi-gcc -mcpu=cortex-m3 -mthumb -Og -fmessage-length=0 -fsigned-char -ffunction-sections -fdata-sections -ffreestanding -fno-move-loop-invariants -Wall -Wextra -g3 -DDEBUG -DSTM32F103xB "-IC:\\Users\\jmichael\\OneDrive - Itron\\Documents\\8x8x8_RGB_LED_CUBE_MOTHERBOARD_FW\\2020-05-12 Eclipse\\Motherboard Rev1\\Motherboard Rev1\\Drivers\\CMSIS\\Device\\ST\\STM32F1xx\\Include" "-IC:\\Users\\jmichael\\OneDrive - Itron\\Documents\\8x8x8_RGB_LED_CUBE_MOTHERBOARD_FW\\2020-05-12 Eclipse\\Motherboard Rev1\\Motherboard Rev1\\Drivers\\CMSIS\\Include" "-IC:\\Users\\jmichael\\OneDrive - Itron\\Documents\\8x8x8_RGB_LED_CUBE_MOTHERBOARD_FW\\2020-05-12 Eclipse\\Motherboard Rev1\\Motherboard Rev1\\Inc" "-IC:\\Users\\jmichael\\OneDrive - Itron\\Documents\\8x8x8_RGB_LED_CUBE_MOTHERBOARD_FW\\2020-05-12 Eclipse\\Motherboard Rev1\\Motherboard Rev1\\Drivers\\STM32F1xx_HAL_Driver\\Inc" -std=gnu11 -c -o "Drivers\\STM32F1xx_HAL_Driver\\Src\\stm32f1xx_hal.o" "..\\Drivers\\STM32F1xx_HAL_Driver\\Src\\stm32f1xx_hal.c" 
arm-none-eabi-gcc -mcpu=cortex-m3 -mthumb -Og -fmessage-length=0 -fsigned-char -ffunction-sections -fdata-sections -ffreestanding -fno-move-loop-invariants -Wall -Wextra -g3 -DDEBUG -DSTM32F103xB "-IC:\\Users\\jmichael\\OneDrive - Itron\\Documents\\8x8x8_RGB_LED_CUBE_MOTHERBOARD_FW\\2020-05-12 Eclipse\\Motherboard Rev1\\Motherboard Rev1\\Drivers\\CMSIS\\Device\\ST\\STM32F1xx\\Include" "-IC:\\Users\\jmichael\\OneDrive - Itron\\Documents\\8x8x8_RGB_LED_CUBE_MOTHERBOARD_FW\\2020-05-12 Eclipse\\Motherboard Rev1\\Motherboard Rev1\\Drivers\\CMSIS\\Include" "-IC:\\Users\\jmichael\\OneDrive - Itron\\Documents\\8x8x8_RGB_LED_CUBE_MOTHERBOARD_FW\\2020-05-12 Eclipse\\Motherboard Rev1\\Motherboard Rev1\\Inc" "-IC:\\Users\\jmichael\\OneDrive - Itron\\Documents\\8x8x8_RGB_LED_CUBE_MOTHERBOARD_FW\\2020-05-12 Eclipse\\Motherboard Rev1\\Motherboard Rev1\\Drivers\\STM32F1xx_HAL_Driver\\Inc" -std=gnu11 -c -o "Drivers\\STM32F1xx_HAL_Driver\\Src\\stm32f1xx_hal_rtc_ex.o" "..\\Drivers\\STM32F1xx_HAL_Driver\\Src\\stm32f1xx_hal_rtc_ex.c" 
arm-none-eabi-gcc -mcpu=cortex-m3 -mthumb -Og -fmessage-length=0 -fsigned-char -ffunction-sections -fdata-sections -ffreestanding -fno-move-loop-invariants -Wall -Wextra -g3 -DDEBUG -DSTM32F103xB "-IC:\\Users\\jmichael\\OneDrive - Itron\\Documents\\8x8x8_RGB_LED_CUBE_MOTHERBOARD_FW\\2020-05-12 Eclipse\\Motherboard Rev1\\Motherboard Rev1\\Drivers\\CMSIS\\Device\\ST\\STM32F1xx\\Include" "-IC:\\Users\\jmichael\\OneDrive - Itron\\Documents\\8x8x8_RGB_LED_CUBE_MOTHERBOARD_FW\\2020-05-12 Eclipse\\Motherboard Rev1\\Motherboard Rev1\\Drivers\\CMSIS\\Include" "-IC:\\Users\\jmichael\\OneDrive - Itron\\Documents\\8x8x8_RGB_LED_CUBE_MOTHERBOARD_FW\\2020-05-12 Eclipse\\Motherboard Rev1\\Motherboard Rev1\\Inc" "-IC:\\Users\\jmichael\\OneDrive - Itron\\Documents\\8x8x8_RGB_LED_CUBE_MOTHERBOARD_FW\\2020-05-12 Eclipse\\Motherboard Rev1\\Motherboard Rev1\\Drivers\\STM32F1xx_HAL_Driver\\Inc" -std=gnu11 -c -o "Drivers\\STM32F1xx_HAL_Driver\\Src\\stm32f1xx_hal_cortex.o" "..\\Drivers\\STM32F1xx_HAL_Driver\\Src\\stm32f1xx_hal_cortex.c" 
arm-none-eabi-gcc -mcpu=cortex-m3 -mthumb -Og -fmessage-length=0 -fsigned-char -ffunction-sections -fdata-sections -ffreestanding -fno-move-loop-invariants -Wall -Wextra -g3 -DDEBUG -DSTM32F103xB "-IC:\\Users\\jmichael\\OneDrive - Itron\\Documents\\8x8x8_RGB_LED_CUBE_MOTHERBOARD_FW\\2020-05-12 Eclipse\\Motherboard Rev1\\Motherboard Rev1\\Drivers\\CMSIS\\Device\\ST\\STM32F1xx\\Include" "-IC:\\Users\\jmichael\\OneDrive - Itron\\Documents\\8x8x8_RGB_LED_CUBE_MOTHERBOARD_FW\\2020-05-12 Eclipse\\Motherboard Rev1\\Motherboard Rev1\\Drivers\\CMSIS\\Include" "-IC:\\Users\\jmichael\\OneDrive - Itron\\Documents\\8x8x8_RGB_LED_CUBE_MOTHERBOARD_FW\\2020-05-12 Eclipse\\Motherboard Rev1\\Motherboard Rev1\\Inc" "-IC:\\Users\\jmichael\\OneDrive - Itron\\Documents\\8x8x8_RGB_LED_CUBE_MOTHERBOARD_FW\\2020-05-12 Eclipse\\Motherboard Rev1\\Motherboard Rev1\\Drivers\\STM32F1xx_HAL_Driver\\Inc" -std=gnu11 -c -o "Drivers\\STM32F1xx_HAL_Driver\\Src\\stm32f1xx_hal_flash_ex.o" "..\\Drivers\\STM32F1xx_HAL_Driver\\Src\\stm32f1xx_hal_flash_ex.c" 
arm-none-eabi-gcc -mcpu=cortex-m3 -mthumb -Og -fmessage-length=0 -fsigned-char -ffunction-sections -fdata-sections -ffreestanding -fno-move-loop-invariants -Wall -Wextra -g3 -DDEBUG -DSTM32F103xB "-IC:\\Users\\jmichael\\OneDrive - Itron\\Documents\\8x8x8_RGB_LED_CUBE_MOTHERBOARD_FW\\2020-05-12 Eclipse\\Motherboard Rev1\\Motherboard Rev1\\Drivers\\CMSIS\\Device\\ST\\STM32F1xx\\Include" "-IC:\\Users\\jmichael\\OneDrive - Itron\\Documents\\8x8x8_RGB_LED_CUBE_MOTHERBOARD_FW\\2020-05-12 Eclipse\\Motherboard Rev1\\Motherboard Rev1\\Drivers\\CMSIS\\Include" "-IC:\\Users\\jmichael\\OneDrive - Itron\\Documents\\8x8x8_RGB_LED_CUBE_MOTHERBOARD_FW\\2020-05-12 Eclipse\\Motherboard Rev1\\Motherboard Rev1\\Inc" "-IC:\\Users\\jmichael\\OneDrive - Itron\\Documents\\8x8x8_RGB_LED_CUBE_MOTHERBOARD_FW\\2020-05-12 Eclipse\\Motherboard Rev1\\Motherboard Rev1\\Drivers\\STM32F1xx_HAL_Driver\\Inc" -std=gnu11 -c -o "Drivers\\STM32F1xx_HAL_Driver\\Src\\stm32f1xx_hal_tim_ex.o" "..\\Drivers\\STM32F1xx_HAL_Driver\\Src\\stm32f1xx_hal_tim_ex.c" 
..\Drivers\STM32F1xx_HAL_Driver\Src\stm32f1xx_hal_tim_ex.c: In function 'HAL_TIMEx_RemapConfig':
..\Drivers\STM32F1xx_HAL_Driver\Src\stm32f1xx_hal_tim_ex.c:1734:60: warning: unused parameter 'htim' [-Wunused-parameter]
 1734 | HAL_StatusTypeDef HAL_TIMEx_RemapConfig(TIM_HandleTypeDef *htim, uint32_t Remap)
      |                                         ~~~~~~~~~~~~~~~~~~~^~~~
..\Drivers\STM32F1xx_HAL_Driver\Src\stm32f1xx_hal_tim_ex.c:1734:75: warning: unused parameter 'Remap' [-Wunused-parameter]
 1734 | HAL_StatusTypeDef HAL_TIMEx_RemapConfig(TIM_HandleTypeDef *htim, uint32_t Remap)
      |                                                                  ~~~~~~~~~^~~~~
arm-none-eabi-gcc -mcpu=cortex-m3 -mthumb -Og -fmessage-length=0 -fsigned-char -ffunction-sections -fdata-sections -ffreestanding -fno-move-loop-invariants -Wall -Wextra -g3 -DDEBUG -DSTM32F103xB "-IC:\\Users\\jmichael\\OneDrive - Itron\\Documents\\8x8x8_RGB_LED_CUBE_MOTHERBOARD_FW\\2020-05-12 Eclipse\\Motherboard Rev1\\Motherboard Rev1\\Drivers\\CMSIS\\Device\\ST\\STM32F1xx\\Include" "-IC:\\Users\\jmichael\\OneDrive - Itron\\Documents\\8x8x8_RGB_LED_CUBE_MOTHERBOARD_FW\\2020-05-12 Eclipse\\Motherboard Rev1\\Motherboard Rev1\\Drivers\\CMSIS\\Include" "-IC:\\Users\\jmichael\\OneDrive - Itron\\Documents\\8x8x8_RGB_LED_CUBE_MOTHERBOARD_FW\\2020-05-12 Eclipse\\Motherboard Rev1\\Motherboard Rev1\\Inc" "-IC:\\Users\\jmichael\\OneDrive - Itron\\Documents\\8x8x8_RGB_LED_CUBE_MOTHERBOARD_FW\\2020-05-12 Eclipse\\Motherboard Rev1\\Motherboard Rev1\\Drivers\\STM32F1xx_HAL_Driver\\Inc" -std=gnu11 -c -o "Drivers\\STM32F1xx_HAL_Driver\\Src\\stm32f1xx_hal_rcc_ex.o" "..\\Drivers\\STM32F1xx_HAL_Driver\\Src\\stm32f1xx_hal_rcc_ex.c" 
arm-none-eabi-gcc -mcpu=cortex-m3 -mthumb -Og -fmessage-length=0 -fsigned-char -ffunction-sections -fdata-sections -ffreestanding -fno-move-loop-invariants -Wall -Wextra -g3 -DDEBUG -DSTM32F103xB "-IC:\\Users\\jmichael\\OneDrive - Itron\\Documents\\8x8x8_RGB_LED_CUBE_MOTHERBOARD_FW\\2020-05-12 Eclipse\\Motherboard Rev1\\Motherboard Rev1\\Drivers\\CMSIS\\Device\\ST\\STM32F1xx\\Include" "-IC:\\Users\\jmichael\\OneDrive - Itron\\Documents\\8x8x8_RGB_LED_CUBE_MOTHERBOARD_FW\\2020-05-12 Eclipse\\Motherboard Rev1\\Motherboard Rev1\\Drivers\\CMSIS\\Include" "-IC:\\Users\\jmichael\\OneDrive - Itron\\Documents\\8x8x8_RGB_LED_CUBE_MOTHERBOARD_FW\\2020-05-12 Eclipse\\Motherboard Rev1\\Motherboard Rev1\\Inc" "-IC:\\Users\\jmichael\\OneDrive - Itron\\Documents\\8x8x8_RGB_LED_CUBE_MOTHERBOARD_FW\\2020-05-12 Eclipse\\Motherboard Rev1\\Motherboard Rev1\\Drivers\\STM32F1xx_HAL_Driver\\Inc" -std=gnu11 -c -o "Drivers\\STM32F1xx_HAL_Driver\\Src\\stm32f1xx_hal_tim.o" "..\\Drivers\\STM32F1xx_HAL_Driver\\Src\\stm32f1xx_hal_tim.c" 
arm-none-eabi-gcc -mcpu=cortex-m3 -mthumb -Og -fmessage-length=0 -fsigned-char -ffunction-sections -fdata-sections -ffreestanding -fno-move-loop-invariants -Wall -Wextra -g3 -DDEBUG -DSTM32F103xB "-IC:\\Users\\jmichael\\OneDrive - Itron\\Documents\\8x8x8_RGB_LED_CUBE_MOTHERBOARD_FW\\2020-05-12 Eclipse\\Motherboard Rev1\\Motherboard Rev1\\Drivers\\CMSIS\\Device\\ST\\STM32F1xx\\Include" "-IC:\\Users\\jmichael\\OneDrive - Itron\\Documents\\8x8x8_RGB_LED_CUBE_MOTHERBOARD_FW\\2020-05-12 Eclipse\\Motherboard Rev1\\Motherboard Rev1\\Drivers\\CMSIS\\Include" "-IC:\\Users\\jmichael\\OneDrive - Itron\\Documents\\8x8x8_RGB_LED_CUBE_MOTHERBOARD_FW\\2020-05-12 Eclipse\\Motherboard Rev1\\Motherboard Rev1\\Inc" "-IC:\\Users\\jmichael\\OneDrive - Itron\\Documents\\8x8x8_RGB_LED_CUBE_MOTHERBOARD_FW\\2020-05-12 Eclipse\\Motherboard Rev1\\Motherboard Rev1\\Drivers\\STM32F1xx_HAL_Driver\\Inc" -std=gnu11 -c -o "Src\\system_stm32f1xx.o" "..\\Src\\system_stm32f1xx.c" 
arm-none-eabi-gcc -mcpu=cortex-m3 -mthumb -Og -fmessage-length=0 -fsigned-char -ffunction-sections -fdata-sections -ffreestanding -fno-move-loop-invariants -Wall -Wextra -g3 -DDEBUG -DSTM32F103xB "-IC:\\Users\\jmichael\\OneDrive - Itron\\Documents\\8x8x8_RGB_LED_CUBE_MOTHERBOARD_FW\\2020-05-12 Eclipse\\Motherboard Rev1\\Motherboard Rev1\\Drivers\\CMSIS\\Device\\ST\\STM32F1xx\\Include" "-IC:\\Users\\jmichael\\OneDrive - Itron\\Documents\\8x8x8_RGB_LED_CUBE_MOTHERBOARD_FW\\2020-05-12 Eclipse\\Motherboard Rev1\\Motherboard Rev1\\Drivers\\CMSIS\\Include" "-IC:\\Users\\jmichael\\OneDrive - Itron\\Documents\\8x8x8_RGB_LED_CUBE_MOTHERBOARD_FW\\2020-05-12 Eclipse\\Motherboard Rev1\\Motherboard Rev1\\Inc" "-IC:\\Users\\jmichael\\OneDrive - Itron\\Documents\\8x8x8_RGB_LED_CUBE_MOTHERBOARD_FW\\2020-05-12 Eclipse\\Motherboard Rev1\\Motherboard Rev1\\Drivers\\STM32F1xx_HAL_Driver\\Inc" -std=gnu11 -c -o "Drivers\\STM32F1xx_HAL_Driver\\Src\\stm32f1xx_hal_rtc.o" "..\\Drivers\\STM32F1xx_HAL_Driver\\Src\\stm32f1xx_hal_rtc.c" 
arm-none-eabi-gcc -mcpu=cortex-m3 -mthumb -Og -fmessage-length=0 -fsigned-char -ffunction-sections -fdata-sections -ffreestanding -fno-move-loop-invariants -Wall -Wextra -g3 -DDEBUG -DSTM32F103xB "-IC:\\Users\\jmichael\\OneDrive - Itron\\Documents\\8x8x8_RGB_LED_CUBE_MOTHERBOARD_FW\\2020-05-12 Eclipse\\Motherboard Rev1\\Motherboard Rev1\\Drivers\\CMSIS\\Device\\ST\\STM32F1xx\\Include" "-IC:\\Users\\jmichael\\OneDrive - Itron\\Documents\\8x8x8_RGB_LED_CUBE_MOTHERBOARD_FW\\2020-05-12 Eclipse\\Motherboard Rev1\\Motherboard Rev1\\Drivers\\CMSIS\\Include" "-IC:\\Users\\jmichael\\OneDrive - Itron\\Documents\\8x8x8_RGB_LED_CUBE_MOTHERBOARD_FW\\2020-05-12 Eclipse\\Motherboard Rev1\\Motherboard Rev1\\Inc" "-IC:\\Users\\jmichael\\OneDrive - Itron\\Documents\\8x8x8_RGB_LED_CUBE_MOTHERBOARD_FW\\2020-05-12 Eclipse\\Motherboard Rev1\\Motherboard Rev1\\Drivers\\STM32F1xx_HAL_Driver\\Inc" -std=gnu11 -c -o "Drivers\\STM32F1xx_HAL_Driver\\Src\\stm32f1xx_hal_gpio_ex.o" "..\\Drivers\\STM32F1xx_HAL_Driver\\Src\\stm32f1xx_hal_gpio_ex.c" 
arm-none-eabi-gcc -mcpu=cortex-m3 -mthumb -Og -fmessage-length=0 -fsigned-char -ffunction-sections -fdata-sections -ffreestanding -fno-move-loop-invariants -Wall -Wextra -g3 -DDEBUG -DSTM32F103xB "-IC:\\Users\\jmichael\\OneDrive - Itron\\Documents\\8x8x8_RGB_LED_CUBE_MOTHERBOARD_FW\\2020-05-12 Eclipse\\Motherboard Rev1\\Motherboard Rev1\\Drivers\\CMSIS\\Device\\ST\\STM32F1xx\\Include" "-IC:\\Users\\jmichael\\OneDrive - Itron\\Documents\\8x8x8_RGB_LED_CUBE_MOTHERBOARD_FW\\2020-05-12 Eclipse\\Motherboard Rev1\\Motherboard Rev1\\Drivers\\CMSIS\\Include" "-IC:\\Users\\jmichael\\OneDrive - Itron\\Documents\\8x8x8_RGB_LED_CUBE_MOTHERBOARD_FW\\2020-05-12 Eclipse\\Motherboard Rev1\\Motherboard Rev1\\Inc" "-IC:\\Users\\jmichael\\OneDrive - Itron\\Documents\\8x8x8_RGB_LED_CUBE_MOTHERBOARD_FW\\2020-05-12 Eclipse\\Motherboard Rev1\\Motherboard Rev1\\Drivers\\STM32F1xx_HAL_Driver\\Inc" -std=gnu11 -c -o "Drivers\\STM32F1xx_HAL_Driver\\Src\\stm32f1xx_hal_pcd.o" "..\\Drivers\\STM32F1xx_HAL_Driver\\Src\\stm32f1xx_hal_pcd.c" 
arm-none-eabi-gcc -mcpu=cortex-m3 -mthumb -Og -fmessage-length=0 -fsigned-char -ffunction-sections -fdata-sections -ffreestanding -fno-move-loop-invariants -Wall -Wextra -g3 -DDEBUG -DSTM32F103xB "-IC:\\Users\\jmichael\\OneDrive - Itron\\Documents\\8x8x8_RGB_LED_CUBE_MOTHERBOARD_FW\\2020-05-12 Eclipse\\Motherboard Rev1\\Motherboard Rev1\\Drivers\\CMSIS\\Device\\ST\\STM32F1xx\\Include" "-IC:\\Users\\jmichael\\OneDrive - Itron\\Documents\\8x8x8_RGB_LED_CUBE_MOTHERBOARD_FW\\2020-05-12 Eclipse\\Motherboard Rev1\\Motherboard Rev1\\Drivers\\CMSIS\\Include" "-IC:\\Users\\jmichael\\OneDrive - Itron\\Documents\\8x8x8_RGB_LED_CUBE_MOTHERBOARD_FW\\2020-05-12 Eclipse\\Motherboard Rev1\\Motherboard Rev1\\Inc" "-IC:\\Users\\jmichael\\OneDrive - Itron\\Documents\\8x8x8_RGB_LED_CUBE_MOTHERBOARD_FW\\2020-05-12 Eclipse\\Motherboard Rev1\\Motherboard Rev1\\Drivers\\STM32F1xx_HAL_Driver\\Inc" -std=gnu11 -c -o "Drivers\\STM32F1xx_HAL_Driver\\Src\\stm32f1xx_hal_gpio.o" "..\\Drivers\\STM32F1xx_HAL_Driver\\Src\\stm32f1xx_hal_gpio.c" 
arm-none-eabi-gcc -mcpu=cortex-m3 -mthumb -Og -fmessage-length=0 -fsigned-char -ffunction-sections -fdata-sections -ffreestanding -fno-move-loop-invariants -Wall -Wextra -g3 -DDEBUG -DSTM32F103xB "-IC:\\Users\\jmichael\\OneDrive - Itron\\Documents\\8x8x8_RGB_LED_CUBE_MOTHERBOARD_FW\\2020-05-12 Eclipse\\Motherboard Rev1\\Motherboard Rev1\\Drivers\\CMSIS\\Device\\ST\\STM32F1xx\\Include" "-IC:\\Users\\jmichael\\OneDrive - Itron\\Documents\\8x8x8_RGB_LED_CUBE_MOTHERBOARD_FW\\2020-05-12 Eclipse\\Motherboard Rev1\\Motherboard Rev1\\Drivers\\CMSIS\\Include" "-IC:\\Users\\jmichael\\OneDrive - Itron\\Documents\\8x8x8_RGB_LED_CUBE_MOTHERBOARD_FW\\2020-05-12 Eclipse\\Motherboard Rev1\\Motherboard Rev1\\Inc" "-IC:\\Users\\jmichael\\OneDrive - Itron\\Documents\\8x8x8_RGB_LED_CUBE_MOTHERBOARD_FW\\2020-05-12 Eclipse\\Motherboard Rev1\\Motherboard Rev1\\Drivers\\STM32F1xx_HAL_Driver\\Inc" -std=gnu11 -c -o "Drivers\\STM32F1xx_HAL_Driver\\Src\\stm32f1xx_hal_i2c.o" "..\\Drivers\\STM32F1xx_HAL_Driver\\Src\\stm32f1xx_hal_i2c.c" 
arm-none-eabi-gcc -mcpu=cortex-m3 -mthumb -Og -fmessage-length=0 -fsigned-char -ffunction-sections -fdata-sections -ffreestanding -fno-move-loop-invariants -Wall -Wextra -g3 -DDEBUG -DSTM32F103xB "-IC:\\Users\\jmichael\\OneDrive - Itron\\Documents\\8x8x8_RGB_LED_CUBE_MOTHERBOARD_FW\\2020-05-12 Eclipse\\Motherboard Rev1\\Motherboard Rev1\\Drivers\\CMSIS\\Device\\ST\\STM32F1xx\\Include" "-IC:\\Users\\jmichael\\OneDrive - Itron\\Documents\\8x8x8_RGB_LED_CUBE_MOTHERBOARD_FW\\2020-05-12 Eclipse\\Motherboard Rev1\\Motherboard Rev1\\Drivers\\CMSIS\\Include" "-IC:\\Users\\jmichael\\OneDrive - Itron\\Documents\\8x8x8_RGB_LED_CUBE_MOTHERBOARD_FW\\2020-05-12 Eclipse\\Motherboard Rev1\\Motherboard Rev1\\Inc" "-IC:\\Users\\jmichael\\OneDrive - Itron\\Documents\\8x8x8_RGB_LED_CUBE_MOTHERBOARD_FW\\2020-05-12 Eclipse\\Motherboard Rev1\\Motherboard Rev1\\Drivers\\STM32F1xx_HAL_Driver\\Inc" -std=gnu11 -c -o "Drivers\\STM32F1xx_HAL_Driver\\Src\\stm32f1xx_hal_dma.o" "..\\Drivers\\STM32F1xx_HAL_Driver\\Src\\stm32f1xx_hal_dma.c" 
arm-none-eabi-gcc -mcpu=cortex-m3 -mthumb -Og -fmessage-length=0 -fsigned-char -ffunction-sections -fdata-sections -ffreestanding -fno-move-loop-invariants -Wall -Wextra -g3 -DDEBUG -DSTM32F103xB "-IC:\\Users\\jmichael\\OneDrive - Itron\\Documents\\8x8x8_RGB_LED_CUBE_MOTHERBOARD_FW\\2020-05-12 Eclipse\\Motherboard Rev1\\Motherboard Rev1\\Drivers\\CMSIS\\Device\\ST\\STM32F1xx\\Include" "-IC:\\Users\\jmichael\\OneDrive - Itron\\Documents\\8x8x8_RGB_LED_CUBE_MOTHERBOARD_FW\\2020-05-12 Eclipse\\Motherboard Rev1\\Motherboard Rev1\\Drivers\\CMSIS\\Include" "-IC:\\Users\\jmichael\\OneDrive - Itron\\Documents\\8x8x8_RGB_LED_CUBE_MOTHERBOARD_FW\\2020-05-12 Eclipse\\Motherboard Rev1\\Motherboard Rev1\\Inc" "-IC:\\Users\\jmichael\\OneDrive - Itron\\Documents\\8x8x8_RGB_LED_CUBE_MOTHERBOARD_FW\\2020-05-12 Eclipse\\Motherboard Rev1\\Motherboard Rev1\\Drivers\\STM32F1xx_HAL_Driver\\Inc" -std=gnu11 -c -o "Drivers\\STM32F1xx_HAL_Driver\\Src\\stm32f1xx_hal_pwr.o" "..\\Drivers\\STM32F1xx_HAL_Driver\\Src\\stm32f1xx_hal_pwr.c" 
arm-none-eabi-gcc -mcpu=cortex-m3 -mthumb -Og -fmessage-length=0 -fsigned-char -ffunction-sections -fdata-sections -ffreestanding -fno-move-loop-invariants -Wall -Wextra -g3 -DDEBUG -DSTM32F103xB "-IC:\\Users\\jmichael\\OneDrive - Itron\\Documents\\8x8x8_RGB_LED_CUBE_MOTHERBOARD_FW\\2020-05-12 Eclipse\\Motherboard Rev1\\Motherboard Rev1\\Drivers\\CMSIS\\Device\\ST\\STM32F1xx\\Include" "-IC:\\Users\\jmichael\\OneDrive - Itron\\Documents\\8x8x8_RGB_LED_CUBE_MOTHERBOARD_FW\\2020-05-12 Eclipse\\Motherboard Rev1\\Motherboard Rev1\\Drivers\\CMSIS\\Include" "-IC:\\Users\\jmichael\\OneDrive - Itron\\Documents\\8x8x8_RGB_LED_CUBE_MOTHERBOARD_FW\\2020-05-12 Eclipse\\Motherboard Rev1\\Motherboard Rev1\\Inc" "-IC:\\Users\\jmichael\\OneDrive - Itron\\Documents\\8x8x8_RGB_LED_CUBE_MOTHERBOARD_FW\\2020-05-12 Eclipse\\Motherboard Rev1\\Motherboard Rev1\\Drivers\\STM32F1xx_HAL_Driver\\Inc" -std=gnu11 -c -o "Drivers\\STM32F1xx_HAL_Driver\\Src\\stm32f1xx_ll_usb.o" "..\\Drivers\\STM32F1xx_HAL_Driver\\Src\\stm32f1xx_ll_usb.c" 
arm-none-eabi-g++ -mcpu=cortex-m3 -mthumb -Og -fmessage-length=0 -fsigned-char -ffunction-sections -fdata-sections -ffreestanding -fno-move-loop-invariants -Wall -Wextra -g3 -T "C:\\Users\\jmichael\\OneDrive - Itron\\Documents\\8x8x8_RGB_LED_CUBE_MOTHERBOARD_FW\\2020-05-12 Eclipse\\Motherboard Rev1\\Motherboard Rev1\\startup\\STM32F103C8Tx_FLASH.ld" -Xlinker --gc-sections "-Wl,-Map,Motherboard Rev1.map" --specs=nano.specs -o "Motherboard Rev1.elf" "Drivers\\STM32F1xx_HAL_Driver\\Src\\stm32f1xx_hal.o" "Drivers\\STM32F1xx_HAL_Driver\\Src\\stm32f1xx_hal_cortex.o" "Drivers\\STM32F1xx_HAL_Driver\\Src\\stm32f1xx_hal_dma.o" "Drivers\\STM32F1xx_HAL_Driver\\Src\\stm32f1xx_hal_exti.o" "Drivers\\STM32F1xx_HAL_Driver\\Src\\stm32f1xx_hal_flash.o" "Drivers\\STM32F1xx_HAL_Driver\\Src\\stm32f1xx_hal_flash_ex.o" "Drivers\\STM32F1xx_HAL_Driver\\Src\\stm32f1xx_hal_gpio.o" "Drivers\\STM32F1xx_HAL_Driver\\Src\\stm32f1xx_hal_gpio_ex.o" "Drivers\\STM32F1xx_HAL_Driver\\Src\\stm32f1xx_hal_i2c.o" "Drivers\\STM32F1xx_HAL_Driver\\Src\\stm32f1xx_hal_pcd.o" "Drivers\\STM32F1xx_HAL_Driver\\Src\\stm32f1xx_hal_pcd_ex.o" "Drivers\\STM32F1xx_HAL_Driver\\Src\\stm32f1xx_hal_pwr.o" "Drivers\\STM32F1xx_HAL_Driver\\Src\\stm32f1xx_hal_rcc.o" "Drivers\\STM32F1xx_HAL_Driver\\Src\\stm32f1xx_hal_rcc_ex.o" "Drivers\\STM32F1xx_HAL_Driver\\Src\\stm32f1xx_hal_rtc.o" "Drivers\\STM32F1xx_HAL_Driver\\Src\\stm32f1xx_hal_rtc_ex.o" "Drivers\\STM32F1xx_HAL_Driver\\Src\\stm32f1xx_hal_spi.o" "Drivers\\STM32F1xx_HAL_Driver\\Src\\stm32f1xx_hal_tim.o" "Drivers\\STM32F1xx_HAL_Driver\\Src\\stm32f1xx_hal_tim_ex.o" "Drivers\\STM32F1xx_HAL_Driver\\Src\\stm32f1xx_hal_uart.o" "Drivers\\STM32F1xx_HAL_Driver\\Src\\stm32f1xx_ll_usb.o" "Src\\main.o" "Src\\stm32f1xx_hal_msp.o" "Src\\stm32f1xx_it.o" "Src\\syscalls.o" "Src\\system_stm32f1xx.o" "startup\\startup_stm32f103xb.o" 
arm-none-eabi-size --format=berkeley "Motherboard Rev1.elf" 
   text	   data	    bss	    dec	    hex	filename
   7588	     20	   2572	  10180	   27c4	Motherboard Rev1.elf
arm-none-eabi-objcopy -O ihex "Motherboard Rev1.elf" "Motherboard Rev1.hex" 

14:24:13 Build Finished. 0 errors, 25 warnings. (took 19s.786ms)

